[0.074s] Invoking command in '/home/rospi/aug_2024/build/pigpio': /usr/bin/cmake /home/rospi/aug_2024/pigpio-master -DCMAKE_INSTALL_PREFIX=/home/rospi/aug_2024/install/pigpio
[0.390s] -- The C compiler identification is GNU 11.4.0
[0.428s] -- Detecting C compiler ABI info
[0.814s] -- Detecting C compiler ABI info - done
[0.860s] -- Check for working C compiler: /usr/bin/cc - skipped
[0.862s] -- Detecting C compile features
[0.865s] -- Detecting C compile features - done
[0.893s] -- Looking for pthread.h
[1.408s] -- Looking for pthread.h - found
[1.409s] -- Performing Test CMAKE_HAVE_LIBC_PTHREAD
[1.807s] -- Performing Test CMAKE_HAVE_LIBC_PTHREAD - Success
[1.811s] -- Found Threads: TRUE  
[1.909s] [33mCMake Warning (dev) at /usr/share/cmake-3.22/Modules/FindPackageHandleStandardArgs.cmake:438 (message):
[1.910s]   The package name passed to `find_package_handle_standard_args` (rt) does
[1.910s]   not match the name of the calling package (RT).  This can lead to problems
[1.911s]   in calling code that expects `find_package` result variables (e.g.,
[1.912s]   `_FOUND`) to follow a certain pattern.
[1.912s] Call Stack (most recent call first):
[1.912s] -- Found rt: /usr/lib/aarch64-linux-gnu/librt.a  
[1.913s]   cmake/FindRT.cmake:28 (FIND_PACKAGE_HANDLE_STANDARD_ARGS)
[1.913s]   CMakeLists.txt:8 (find_package)
[1.914s] This warning is for project developers.  Use -Wno-dev to suppress it.
[1.914s] [0m
[1.924s] -- Performing Test COMPILER_HAS_HIDDEN_VISIBILITY
[2.313s] -- Performing Test COMPILER_HAS_HIDDEN_VISIBILITY - Success
[2.318s] -- Performing Test COMPILER_HAS_HIDDEN_INLINE_VISIBILITY
[2.751s] -- Performing Test COMPILER_HAS_HIDDEN_INLINE_VISIBILITY - Failed
[2.760s] -- Performing Test COMPILER_HAS_DEPRECATED_ATTR
[3.215s] -- Performing Test COMPILER_HAS_DEPRECATED_ATTR - Success
[4.207s] -- Configuring done
[4.277s] -- Generating done
[4.298s] -- Build files have been written to: /home/rospi/aug_2024/build/pigpio
[4.324s] Invoked command in '/home/rospi/aug_2024/build/pigpio' returned '0': /usr/bin/cmake /home/rospi/aug_2024/pigpio-master -DCMAKE_INSTALL_PREFIX=/home/rospi/aug_2024/install/pigpio
[4.326s] Invoking command in '/home/rospi/aug_2024/build/pigpio': /usr/bin/cmake --build /home/rospi/aug_2024/build/pigpio -- -j4 -l4
[4.571s] [  4%] [32mBuilding C object CMakeFiles/pigpio.dir/pigpio.c.o[0m
[4.596s] [  8%] [32mBuilding C object CMakeFiles/pigpiod_if.dir/pigpiod_if.c.o[0m
[4.614s] [ 13%] [32mBuilding C object CMakeFiles/pigpiod_if2.dir/pigpiod_if2.c.o[0m
[4.679s] [ 17%] [32mBuilding C object CMakeFiles/pigs.dir/pigs.c.o[0m
[5.392s] [ 21%] [32mBuilding C object CMakeFiles/pigs.dir/command.c.o[0m
[5.725s] [ 26%] [32mBuilding C object CMakeFiles/pigpiod_if.dir/command.c.o[0m
[5.858s] [ 30%] [32mBuilding C object CMakeFiles/pigpiod_if2.dir/command.c.o[0m
[6.055s] [ 34%] [32m[1mLinking C executable pigs[0m
[6.327s] [ 39%] [32m[1mLinking C shared library libpigpiod_if.so[0m
[6.356s] [ 43%] [32m[1mLinking C shared library libpigpiod_if2.so[0m
[6.381s] [ 43%] Built target pigs
[6.539s] [ 47%] [32mBuilding C object CMakeFiles/pig2vcd.dir/pig2vcd.c.o[0m
[6.598s] [ 47%] Built target pigpiod_if
[6.602s] [ 47%] Built target pigpiod_if2
[6.731s] [ 52%] [32mBuilding C object CMakeFiles/x_pigpiod_if2.dir/x_pigpiod_if2.c.o[0m
[6.768s] [ 56%] [32mBuilding C object CMakeFiles/x_pigpiod_if.dir/x_pigpiod_if.c.o[0m
[6.942s] [ 60%] [32mBuilding C object CMakeFiles/pig2vcd.dir/command.c.o[0m
[7.471s] [ 65%] [32m[1mLinking C executable x_pigpiod_if[0m
[7.481s] [ 69%] [32m[1mLinking C executable x_pigpiod_if2[0m
[7.574s] [ 73%] [32m[1mLinking C executable pig2vcd[0m
[7.772s] [ 73%] Built target x_pigpiod_if2
[7.804s] [ 73%] Built target x_pigpiod_if
[7.841s] [ 78%] [32mBuilding C object CMakeFiles/pigpio.dir/command.c.o[0m
[7.849s] [ 78%] Built target pig2vcd
[10.078s] [ 82%] [32m[1mLinking C shared library libpigpio.so[0m
[10.269s] [ 82%] Built target pigpio
[10.482s] [ 86%] [32mBuilding C object CMakeFiles/x_pigpio.dir/x_pigpio.c.o[0m
[10.513s] [ 91%] [32mBuilding C object CMakeFiles/pigpiod.dir/pigpiod.c.o[0m
[11.249s] [ 95%] [32m[1mLinking C executable pigpiod[0m
[11.358s] [100%] [32m[1mLinking C executable x_pigpio[0m
[11.659s] [100%] Built target pigpiod
[11.742s] [100%] Built target x_pigpio
[11.863s] Invoked command in '/home/rospi/aug_2024/build/pigpio' returned '0': /usr/bin/cmake --build /home/rospi/aug_2024/build/pigpio -- -j4 -l4
[11.879s] Invoking command in '/home/rospi/aug_2024/build/pigpio': /usr/bin/cmake --install /home/rospi/aug_2024/build/pigpio
[11.945s] -- Install configuration: ""
[11.948s] -- Installing: /home/rospi/aug_2024/install/pigpio/lib/libpigpio.so
[11.954s] -- Installing: /home/rospi/aug_2024/install/pigpio/lib/libpigpiod_if.so
[11.957s] -- Installing: /home/rospi/aug_2024/install/pigpio/lib/libpigpiod_if2.so
[11.960s] -- Installing: /home/rospi/aug_2024/install/pigpio/bin/pig2vcd
[11.963s] -- Installing: /home/rospi/aug_2024/install/pigpio/bin/pigpiod
[11.967s] -- Set runtime path of "/home/rospi/aug_2024/install/pigpio/bin/pigpiod" to ""
[11.969s] -- Installing: /home/rospi/aug_2024/install/pigpio/bin/pigs
[11.972s] -- Installing: /home/rospi/aug_2024/install/pigpio/lib/cmake/pigpio/pigpioTargets.cmake
[11.974s] -- Installing: /home/rospi/aug_2024/install/pigpio/lib/cmake/pigpio/pigpioTargets-noconfig.cmake
[11.977s] -- Installing: /home/rospi/aug_2024/install/pigpio/lib/cmake/pigpio/pigpioConfig.cmake
[11.979s] -- Installing: /home/rospi/aug_2024/install/pigpio/lib/cmake/pigpio/pigpioConfigVersion.cmake
[11.981s] -- Installing: /home/rospi/aug_2024/install/pigpio/include/pigpio.h
[11.985s] -- Installing: /home/rospi/aug_2024/install/pigpio/include/pigpiod_if.h
[11.987s] -- Installing: /home/rospi/aug_2024/install/pigpio/include/pigpiod_if2.h
[11.991s] -- Installing: /home/rospi/aug_2024/install/pigpio/man/man1/pig2vcd.1
[11.993s] -- Installing: /home/rospi/aug_2024/install/pigpio/man/man1/pigpiod.1
[11.996s] -- Installing: /home/rospi/aug_2024/install/pigpio/man/man1/pigs.1
[11.999s] -- Installing: /home/rospi/aug_2024/install/pigpio/man/man3/pigpio.3
[12.003s] -- Installing: /home/rospi/aug_2024/install/pigpio/man/man3/pigpiod_if.3
[12.006s] -- Installing: /home/rospi/aug_2024/install/pigpio/man/man3/pigpiod_if2.3
[12.256s] /home/rospi/aug_2024/build/pigpio/setup.py:3: DeprecationWarning: The distutils package is deprecated and slated for removal in Python 3.12. Use setuptools or check PEP 632 for potential alternatives
[12.256s]   from distutils.core import setup
[12.382s] running install
[12.385s] running build
[12.386s] running build_py
[12.390s] creating build
[12.391s] creating build/lib
[12.391s] copying /home/rospi/aug_2024/pigpio-master/pigpio.py -> build/lib
[12.394s] running install_lib
[12.397s] copying build/lib/pigpio.py -> /usr/local/lib/python3.10/dist-packages
[12.399s] error: could not create '/usr/local/lib/python3.10/dist-packages/pigpio.py': Permission denied
[12.455s] Invoked command in '/home/rospi/aug_2024/build/pigpio' returned '0': /usr/bin/cmake --install /home/rospi/aug_2024/build/pigpio
