[0.069s] Invoking command in '/home/rospi/aug_2024/build/my_robot_nav2': CMAKE_PREFIX_PATH=${CMAKE_PREFIX_PATH}:/opt/ros/humble /usr/bin/cmake --build /home/rospi/aug_2024/build/my_robot_nav2 -- -j4 -l4
[0.276s] Invoked command in '/home/rospi/aug_2024/build/my_robot_nav2' returned '0': CMAKE_PREFIX_PATH=${CMAKE_PREFIX_PATH}:/opt/ros/humble /usr/bin/cmake --build /home/rospi/aug_2024/build/my_robot_nav2 -- -j4 -l4
[0.351s] Invoking command in '/home/rospi/aug_2024/build/my_robot_nav2': CMAKE_PREFIX_PATH=${CMAKE_PREFIX_PATH}:/opt/ros/humble /usr/bin/cmake --install /home/rospi/aug_2024/build/my_robot_nav2
[0.408s] -- Install configuration: ""
[0.410s] -- Up-to-date: /home/rospi/aug_2024/install/my_robot_nav2/share/my_robot_nav2//config
[0.419s] -- Up-to-date: /home/rospi/aug_2024/install/my_robot_nav2/share/my_robot_nav2//config/slam_toolbox_params.yaml
[0.420s] -- Up-to-date: /home/rospi/aug_2024/install/my_robot_nav2/share/my_robot_nav2//config/nav2_params.yaml
[0.421s] -- Up-to-date: /home/rospi/aug_2024/install/my_robot_nav2/share/my_robot_nav2//include
[0.427s] -- Up-to-date: /home/rospi/aug_2024/install/my_robot_nav2/share/my_robot_nav2//launch
[0.432s] -- Up-to-date: /home/rospi/aug_2024/install/my_robot_nav2/share/my_robot_nav2//launch/slam_toolbox.launch.py
[0.432s] -- Up-to-date: /home/rospi/aug_2024/install/my_robot_nav2/share/my_robot_nav2//maps
[0.435s] -- Up-to-date: /home/rospi/aug_2024/install/my_robot_nav2/share/my_robot_nav2//maps/simple_map.yaml
[0.436s] -- Up-to-date: /home/rospi/aug_2024/install/my_robot_nav2/share/my_robot_nav2//maps/simple_map.pgm
[0.437s] -- Up-to-date: /home/rospi/aug_2024/install/my_robot_nav2/share/ament_index/resource_index/package_run_dependencies/my_robot_nav2
[0.441s] -- Up-to-date: /home/rospi/aug_2024/install/my_robot_nav2/share/ament_index/resource_index/parent_prefix_path/my_robot_nav2
[0.443s] -- Up-to-date: /home/rospi/aug_2024/install/my_robot_nav2/share/my_robot_nav2/environment/ament_prefix_path.sh
[0.444s] -- Up-to-date: /home/rospi/aug_2024/install/my_robot_nav2/share/my_robot_nav2/environment/ament_prefix_path.dsv
[0.447s] -- Up-to-date: /home/rospi/aug_2024/install/my_robot_nav2/share/my_robot_nav2/environment/path.sh
[0.449s] -- Up-to-date: /home/rospi/aug_2024/install/my_robot_nav2/share/my_robot_nav2/environment/path.dsv
[0.452s] -- Up-to-date: /home/rospi/aug_2024/install/my_robot_nav2/share/my_robot_nav2/local_setup.bash
[0.453s] -- Up-to-date: /home/rospi/aug_2024/install/my_robot_nav2/share/my_robot_nav2/local_setup.sh
[0.454s] -- Up-to-date: /home/rospi/aug_2024/install/my_robot_nav2/share/my_robot_nav2/local_setup.zsh
[0.455s] -- Up-to-date: /home/rospi/aug_2024/install/my_robot_nav2/share/my_robot_nav2/local_setup.dsv
[0.455s] -- Installing: /home/rospi/aug_2024/install/my_robot_nav2/share/my_robot_nav2/package.dsv
[0.460s] -- Up-to-date: /home/rospi/aug_2024/install/my_robot_nav2/share/ament_index/resource_index/packages/my_robot_nav2
[0.463s] -- Up-to-date: /home/rospi/aug_2024/install/my_robot_nav2/share/my_robot_nav2/cmake/my_robot_nav2Config.cmake
[0.464s] -- Up-to-date: /home/rospi/aug_2024/install/my_robot_nav2/share/my_robot_nav2/cmake/my_robot_nav2Config-version.cmake
[0.464s] -- Up-to-date: /home/rospi/aug_2024/install/my_robot_nav2/share/my_robot_nav2/package.xml
[0.479s] Invoked command in '/home/rospi/aug_2024/build/my_robot_nav2' returned '0': CMAKE_PREFIX_PATH=${CMAKE_PREFIX_PATH}:/opt/ros/humble /usr/bin/cmake --install /home/rospi/aug_2024/build/my_robot_nav2
