[0.054s] Invoking command in '/home/rospi/aug_2024/build/aug_2024': CMAKE_PREFIX_PATH=/home/rospi/aug_2024/install/BMC_2024:/home/rospi/aug_2024/install/sllidar_ros2:/home/rospi/aug_2024/install/aug_2024:/home/rospi/aug_2024/install/pigpio:/home/rospi/aug_2024/install/my_robot_nav2:/opt/ros/humble /usr/bin/cmake /home/rospi/aug_2024/src/aug_2024 -DCMAKE_INSTALL_PREFIX=/home/rospi/aug_2024/install/aug_2024
[0.320s] -- The C compiler identification is GNU 11.4.0
[0.589s] -- The CXX compiler identification is GNU 11.4.0
[0.619s] -- Detecting C compiler ABI info
[0.955s] -- Detecting C compiler ABI info - done
[0.992s] -- Check for working C compiler: /usr/bin/cc - skipped
[0.993s] -- Detecting C compile features
[0.995s] -- Detecting C compile features - done
[1.011s] -- Detecting CXX compiler ABI info
[1.421s] -- Detecting CXX compiler ABI info - done
[1.450s] -- Check for working CXX compiler: /usr/bin/c++ - skipped
[1.451s] -- Detecting CXX compile features
[1.453s] -- Detecting CXX compile features - done
[1.491s] -- Found ament_cmake: 1.3.11 (/opt/ros/humble/share/ament_cmake/cmake)
[2.314s] -- Found Python3: /usr/bin/python3 (found version "3.10.12") found components: Interpreter 
[3.070s] -- Found rclcpp: 16.0.12 (/opt/ros/humble/share/rclcpp/cmake)
[3.553s] -- Found rosidl_generator_c: 3.1.6 (/opt/ros/humble/share/rosidl_generator_c/cmake)
[3.620s] -- Found rosidl_adapter: 3.1.6 (/opt/ros/humble/share/rosidl_adapter/cmake)
[3.702s] -- Found rosidl_generator_cpp: 3.1.6 (/opt/ros/humble/share/rosidl_generator_cpp/cmake)
[3.802s] -- Using all available rosidl_typesupport_c: rosidl_typesupport_fastrtps_c;rosidl_typesupport_introspection_c
[3.942s] -- Using all available rosidl_typesupport_cpp: rosidl_typesupport_fastrtps_cpp;rosidl_typesupport_introspection_cpp
[4.339s] -- Found rmw_implementation_cmake: 6.1.2 (/opt/ros/humble/share/rmw_implementation_cmake/cmake)
[4.373s] -- Found rmw_fastrtps_cpp: 6.2.7 (/opt/ros/humble/share/rmw_fastrtps_cpp/cmake)
[5.024s] -- Found OpenSSL: /usr/lib/aarch64-linux-gnu/libcrypto.so (found version "3.0.2")  
[5.340s] -- Found FastRTPS: /opt/ros/humble/include  
[5.818s] -- Using RMW implementation 'rmw_fastrtps_cpp' as default
[5.925s] -- Looking for pthread.h
[6.270s] -- Looking for pthread.h - found
[6.272s] -- Performing Test CMAKE_HAVE_LIBC_PTHREAD
[6.623s] -- Performing Test CMAKE_HAVE_LIBC_PTHREAD - Success
[6.632s] -- Found Threads: TRUE  
[6.993s] -- Found sensor_msgs: 4.8.0 (/opt/ros/humble/share/sensor_msgs/cmake)
[7.177s] -- Found robot_state_publisher: 3.0.3 (/opt/ros/humble/share/robot_state_publisher/cmake)
[7.428s] -- Found eigen3_cmake_module: 0.1.1 (/opt/ros/humble/share/eigen3_cmake_module/cmake)
[7.434s] -- Found Eigen3: TRUE (found version "3.4.0") 
[7.434s] -- Ensuring Eigen3 include directory is part of orocos-kdl CMake target
[8.626s] -- Found xacro: 2.0.13 (/opt/ros/humble/share/xacro/cmake)
[8.655s] -- Found controller_manager: 2.49.0 (/opt/ros/humble/share/controller_manager/cmake)
[9.364s] -- Found joint_state_broadcaster: 2.43.0 (/opt/ros/humble/share/joint_state_broadcaster/cmake)
[9.625s] -- Found diff_drive_controller: 2.43.0 (/opt/ros/humble/share/diff_drive_controller/cmake)
[9.808s] -- Found ros2_control: 2.49.0 (/opt/ros/humble/share/ros2_control/cmake)
[9.836s] -- Found ros2_controllers: 2.43.0 (/opt/ros/humble/share/ros2_controllers/cmake)
[9.866s] -- Found BMC_2024: 0.0.0 (/home/rospi/aug_2024/install/BMC_2024/share/BMC_2024/cmake)
[9.930s] [33mCMake Warning at /home/rospi/aug_2024/install/sllidar_ros2/share/sllidar_ros2/cmake/ament_cmake_export_include_directories-extras.cmake:11 (message):
[9.930s]   Package 'sllidar_ros2' exports the include directory
[9.930s]   '/home/rospi/aug_2024/install/sllidar_ros2/share/sllidar_ros2/cmake/../../../include'
[9.931s]   which doesn't exist
[9.931s] Call Stack (most recent call first):
[9.931s]   /home/rospi/aug_2024/install/sllidar_ros2/share/sllidar_ros2/cmake/sllidar_ros2Config.cmake:41 (include)
[9.932s]   /home/rospi/aug_2024/install/BMC_2024/share/BMC_2024/cmake/ament_cmake_export_dependencies-extras.cmake:21 (find_package)
[9.932s]   /home/rospi/aug_2024/install/BMC_2024/share/BMC_2024/cmake/BMC_2024Config.cmake:41 (include)
[9.933s]   CMakeLists.txt:31 (find_package)
[9.933s] 
[9.933s] [0m
[10.254s] -- Configuring done
[10.311s] -- Generating done
[10.323s] -- Build files have been written to: /home/rospi/aug_2024/build/aug_2024
[10.372s] Invoked command in '/home/rospi/aug_2024/build/aug_2024' returned '0': CMAKE_PREFIX_PATH=/home/rospi/aug_2024/install/BMC_2024:/home/rospi/aug_2024/install/sllidar_ros2:/home/rospi/aug_2024/install/aug_2024:/home/rospi/aug_2024/install/pigpio:/home/rospi/aug_2024/install/my_robot_nav2:/opt/ros/humble /usr/bin/cmake /home/rospi/aug_2024/src/aug_2024 -DCMAKE_INSTALL_PREFIX=/home/rospi/aug_2024/install/aug_2024
[10.381s] Invoking command in '/home/rospi/aug_2024/build/aug_2024': CMAKE_PREFIX_PATH=/home/rospi/aug_2024/install/BMC_2024:/home/rospi/aug_2024/install/sllidar_ros2:/home/rospi/aug_2024/install/aug_2024:/home/rospi/aug_2024/install/pigpio:/home/rospi/aug_2024/install/my_robot_nav2:/opt/ros/humble /usr/bin/cmake --build /home/rospi/aug_2024/build/aug_2024 -- -j4 -l4
[10.565s] Invoked command in '/home/rospi/aug_2024/build/aug_2024' returned '0': CMAKE_PREFIX_PATH=/home/rospi/aug_2024/install/BMC_2024:/home/rospi/aug_2024/install/sllidar_ros2:/home/rospi/aug_2024/install/aug_2024:/home/rospi/aug_2024/install/pigpio:/home/rospi/aug_2024/install/my_robot_nav2:/opt/ros/humble /usr/bin/cmake --build /home/rospi/aug_2024/build/aug_2024 -- -j4 -l4
[10.580s] Invoking command in '/home/rospi/aug_2024/build/aug_2024': CMAKE_PREFIX_PATH=/home/rospi/aug_2024/install/BMC_2024:/home/rospi/aug_2024/install/sllidar_ros2:/home/rospi/aug_2024/install/aug_2024:/home/rospi/aug_2024/install/pigpio:/home/rospi/aug_2024/install/my_robot_nav2:/opt/ros/humble /usr/bin/cmake --install /home/rospi/aug_2024/build/aug_2024
[10.615s] -- Install configuration: ""
[10.615s] -- Installing: /home/rospi/aug_2024/install/aug_2024/share/aug_2024//config
[10.616s] -- Installing: /home/rospi/aug_2024/install/aug_2024/share/aug_2024//config/ekf.yaml
[10.617s] -- Installing: /home/rospi/aug_2024/install/aug_2024/share/aug_2024//config/backup
[10.617s] -- Installing: /home/rospi/aug_2024/install/aug_2024/share/aug_2024//config/backup/map1.pgm
[10.622s] -- Installing: /home/rospi/aug_2024/install/aug_2024/share/aug_2024//config/backup/map1.yaml
[10.623s] -- Installing: /home/rospi/aug_2024/install/aug_2024/share/aug_2024//config/twist_mux.yaml
[10.624s] -- Installing: /home/rospi/aug_2024/install/aug_2024/share/aug_2024//config/nav2_params.yaml
[10.625s] -- Installing: /home/rospi/aug_2024/install/aug_2024/share/aug_2024//config/test_controllers.yaml
[10.626s] -- Installing: /home/rospi/aug_2024/install/aug_2024/share/aug_2024//config/map1.pgm
[10.629s] -- Installing: /home/rospi/aug_2024/install/aug_2024/share/aug_2024//config/validate_yaml.py
[10.630s] -- Installing: /home/rospi/aug_2024/install/aug_2024/share/aug_2024//config/direct_controllers.yaml
[10.631s] -- Installing: /home/rospi/aug_2024/install/aug_2024/share/aug_2024//config/map1.yaml
[10.632s] -- Installing: /home/rospi/aug_2024/install/aug_2024/share/aug_2024//config/gazebo_ros2_control_params.yaml
[10.633s] -- Installing: /home/rospi/aug_2024/install/aug_2024/share/aug_2024//config/amcl_config.yaml
[10.634s] -- Installing: /home/rospi/aug_2024/install/aug_2024/share/aug_2024//config/flippo_controllers.yaml
[10.635s] -- Installing: /home/rospi/aug_2024/install/aug_2024/share/aug_2024//description
[10.635s] -- Installing: /home/rospi/aug_2024/install/aug_2024/share/aug_2024//description/meshes
[10.636s] -- Installing: /home/rospi/aug_2024/install/aug_2024/share/aug_2024//description/meshes/rear_right_wheel_link.STL
[10.639s] -- Installing: /home/rospi/aug_2024/install/aug_2024/share/aug_2024//description/meshes/front_right_wheel_link.STL
[10.641s] -- Installing: /home/rospi/aug_2024/install/aug_2024/share/aug_2024//description/meshes/chassis_link.STL
[10.649s] -- Installing: /home/rospi/aug_2024/install/aug_2024/share/aug_2024//description/meshes/rear_left_wheel_link.STL
[10.652s] -- Installing: /home/rospi/aug_2024/install/aug_2024/share/aug_2024//description/meshes/front_left_wheel_link.STL
[10.654s] -- Installing: /home/rospi/aug_2024/install/aug_2024/share/aug_2024//description/rviz
[10.655s] -- Installing: /home/rospi/aug_2024/install/aug_2024/share/aug_2024//description/rviz/urdf_config.rviz
[10.656s] -- Installing: /home/rospi/aug_2024/install/aug_2024/share/aug_2024//description/config
[10.656s] -- Installing: /home/rospi/aug_2024/install/aug_2024/share/aug_2024//description/config/ekf.yaml
[10.657s] -- Installing: /home/rospi/aug_2024/install/aug_2024/share/aug_2024//description/config/aug_2024_joint_names.yaml
[10.658s] -- Installing: /home/rospi/aug_2024/install/aug_2024/share/aug_2024//description/urdf
[10.659s] -- Installing: /home/rospi/aug_2024/install/aug_2024/share/aug_2024//description/urdf/aug_2024.urdf
[10.660s] -- Installing: /home/rospi/aug_2024/install/aug_2024/share/aug_2024//description/urdf/aug_2024-cast.urdf
[10.661s] -- Installing: /home/rospi/aug_2024/install/aug_2024/share/aug_2024//description/urdf/aug_2024_old.xacro
[10.663s] -- Installing: /home/rospi/aug_2024/install/aug_2024/share/aug_2024//description/urdf/aug_2024 _no_caster.xacro
[10.664s] -- Installing: /home/rospi/aug_2024/install/aug_2024/share/aug_2024//description/urdf/aug_2024-1.xacro
[10.665s] -- Installing: /home/rospi/aug_2024/install/aug_2024/share/aug_2024//description/urdf/aug_2024-nocaster.urdf
[10.666s] -- Installing: /home/rospi/aug_2024/install/aug_2024/share/aug_2024//launch
[10.667s] -- Installing: /home/rospi/aug_2024/install/aug_2024/share/aug_2024//launch/sllidar_a2m12_launch .py
[10.668s] -- Installing: /home/rospi/aug_2024/install/aug_2024/share/aug_2024//launch/simple_test.py
[10.669s] -- Installing: /home/rospi/aug_2024/install/aug_2024/share/aug_2024//launch/min_launch.py
[10.670s] -- Installing: /home/rospi/aug_2024/install/aug_2024/share/aug_2024//launch/test_launch.py
[10.671s] -- Installing: /home/rospi/aug_2024/install/aug_2024/share/aug_2024//launch/aug_2024_launch.py
[10.672s] -- Installing: /home/rospi/aug_2024/install/aug_2024/share/aug_2024//launch/aug_2024_rospi_launch.py
[10.673s] -- Installing: /home/rospi/aug_2024/install/aug_2024/share/aug_2024//launch/ros2_control_debug.launch.py
[10.674s] -- Installing: /home/rospi/aug_2024/install/aug_2024/share/aug_2024//launch/controller_test.py
[10.675s] -- Installing: /home/rospi/aug_2024/install/aug_2024/share/aug_2024//launch/direct_test.py
[10.676s] -- Installing: /home/rospi/aug_2024/install/aug_2024/share/aug_2024//launch/aug_2024_sim_launch.py
[10.677s] -- Installing: /home/rospi/aug_2024/install/aug_2024/share/aug_2024//launch/aug_2024_sim_launch1.py
[10.678s] -- Installing: /home/rospi/aug_2024/install/aug_2024/share/aug_2024//launch/simple.py
[10.679s] -- Installing: /home/rospi/aug_2024/install/aug_2024/share/aug_2024//worlds
[10.680s] -- Installing: /home/rospi/aug_2024/install/aug_2024/share/aug_2024//worlds/usda_rough_dim.sdf
[10.682s] -- Installing: /home/rospi/aug_2024/install/aug_2024/share/aug_2024//worlds/usda_build_full
[10.682s] -- Installing: /home/rospi/aug_2024/install/aug_2024/share/aug_2024//worlds/usda_build_full/model.sdf
[10.684s] -- Installing: /home/rospi/aug_2024/install/aug_2024/share/aug_2024//worlds/usda_build_full/model.config
[10.685s] -- Installing: /home/rospi/aug_2024/install/aug_2024/share/aug_2024//worlds/gaz_goof_001
[10.688s] -- Installing: /home/rospi/aug_2024/install/aug_2024/share/ament_index/resource_index/package_run_dependencies/aug_2024
[10.689s] -- Installing: /home/rospi/aug_2024/install/aug_2024/share/ament_index/resource_index/parent_prefix_path/aug_2024
[10.691s] -- Installing: /home/rospi/aug_2024/install/aug_2024/share/aug_2024/environment/ament_prefix_path.sh
[10.692s] -- Installing: /home/rospi/aug_2024/install/aug_2024/share/aug_2024/environment/ament_prefix_path.dsv
[10.693s] -- Installing: /home/rospi/aug_2024/install/aug_2024/share/aug_2024/environment/path.sh
[10.695s] -- Installing: /home/rospi/aug_2024/install/aug_2024/share/aug_2024/environment/path.dsv
[10.696s] -- Installing: /home/rospi/aug_2024/install/aug_2024/share/aug_2024/local_setup.bash
[10.697s] -- Installing: /home/rospi/aug_2024/install/aug_2024/share/aug_2024/local_setup.sh
[10.698s] -- Installing: /home/rospi/aug_2024/install/aug_2024/share/aug_2024/local_setup.zsh
[10.699s] -- Installing: /home/rospi/aug_2024/install/aug_2024/share/aug_2024/local_setup.dsv
[10.700s] -- Installing: /home/rospi/aug_2024/install/aug_2024/share/aug_2024/package.dsv
[10.702s] -- Installing: /home/rospi/aug_2024/install/aug_2024/share/ament_index/resource_index/packages/aug_2024
[10.704s] -- Installing: /home/rospi/aug_2024/install/aug_2024/share/aug_2024/cmake/aug_2024Config.cmake
[10.705s] -- Installing: /home/rospi/aug_2024/install/aug_2024/share/aug_2024/cmake/aug_2024Config-version.cmake
[10.706s] -- Installing: /home/rospi/aug_2024/install/aug_2024/share/aug_2024/package.xml
[10.714s] Invoked command in '/home/rospi/aug_2024/build/aug_2024' returned '0': CMAKE_PREFIX_PATH=/home/rospi/aug_2024/install/BMC_2024:/home/rospi/aug_2024/install/sllidar_ros2:/home/rospi/aug_2024/install/aug_2024:/home/rospi/aug_2024/install/pigpio:/home/rospi/aug_2024/install/my_robot_nav2:/opt/ros/humble /usr/bin/cmake --install /home/rospi/aug_2024/build/aug_2024
