[0.069s] Invoking command in '/home/rospi/aug_2024/build/pigpio': /usr/bin/cmake /home/rospi/aug_2024/pigpio-master -DCMAKE_INSTALL_PREFIX=/home/rospi/aug_2024/install/pigpio
[0.451s] -- The C compiler identification is GNU 11.4.0
[0.496s] -- Detecting C compiler ABI info
[0.877s] -- Detecting C compiler ABI info - done
[0.910s] -- Check for working C compiler: /usr/bin/cc - skipped
[0.913s] -- Detecting C compile features
[0.916s] -- Detecting C compile features - done
[0.926s] -- Looking for pthread.h
[1.350s] -- Looking for pthread.h - found
[1.353s] -- Performing Test CMAKE_HAVE_LIBC_PTHREAD
[1.769s] -- Performing Test CMAKE_HAVE_LIBC_PTHREAD - Success
[1.774s] -- Found Threads: TRUE  
[1.881s] [33mCMake Warning (dev) at /usr/share/cmake-3.22/Modules/FindPackageHandleStandardArgs.cmake:438 (message):
[1.881s]   The package name passed to `find_package_handle_standard_args` (rt) does
[1.882s]   not match the name of the calling package (RT).  This can lead to problems
[1.882s]   in calling code that expects `find_package` result variables (e.g.,
[1.883s]   `_FOUND`) to follow a certain pattern.
[1.883s] Call Stack (most recent call first):
[1.883s]   cmake/FindRT.cmake:28 (FIND_PACKAGE_HANDLE_STANDARD_ARGS)
[1.884s]   CMakeLists.txt:8 (find_package)
[1.884s] This warning is for project developers.  Use -Wno-dev to suppress it.
[1.884s] [0m
[1.885s] -- Found rt: /usr/lib/aarch64-linux-gnu/librt.a  
[1.896s] -- Performing Test COMPILER_HAS_HIDDEN_VISIBILITY
[2.410s] -- Performing Test COMPILER_HAS_HIDDEN_VISIBILITY - Success
[2.415s] -- Performing Test COMPILER_HAS_HIDDEN_INLINE_VISIBILITY
[2.831s] -- Performing Test COMPILER_HAS_HIDDEN_INLINE_VISIBILITY - Failed
[2.834s] -- Performing Test COMPILER_HAS_DEPRECATED_ATTR
[3.245s] -- Performing Test COMPILER_HAS_DEPRECATED_ATTR - Success
[4.384s] -- Configuring done
[4.449s] -- Generating done
[4.470s] -- Build files have been written to: /home/rospi/aug_2024/build/pigpio
[4.487s] Invoked command in '/home/rospi/aug_2024/build/pigpio' returned '0': /usr/bin/cmake /home/rospi/aug_2024/pigpio-master -DCMAKE_INSTALL_PREFIX=/home/rospi/aug_2024/install/pigpio
[4.497s] Invoking command in '/home/rospi/aug_2024/build/pigpio': /usr/bin/cmake --build /home/rospi/aug_2024/build/pigpio -- -j4 -l4
[4.748s] [  4%] [32mBuilding C object CMakeFiles/pigpiod_if2.dir/pigpiod_if2.c.o[0m
[4.759s] [  8%] [32mBuilding C object CMakeFiles/pigpiod_if.dir/pigpiod_if.c.o[0m
[4.792s] [ 13%] [32mBuilding C object CMakeFiles/pigs.dir/pigs.c.o[0m
[4.811s] [ 17%] [32mBuilding C object CMakeFiles/pigpio.dir/pigpio.c.o[0m
[5.332s] [ 21%] [32mBuilding C object CMakeFiles/pigs.dir/command.c.o[0m
[5.750s] [ 26%] [32mBuilding C object CMakeFiles/pigpiod_if.dir/command.c.o[0m
[5.900s] [ 30%] [32m[1mLinking C executable pigs[0m
[5.910s] [ 34%] [32mBuilding C object CMakeFiles/pigpiod_if2.dir/command.c.o[0m
[6.327s] [ 34%] Built target pigs
[6.401s] [ 39%] [32mBuilding C object CMakeFiles/pigpio.dir/command.c.o[0m
[6.478s] [ 43%] [32m[1mLinking C shared library libpigpiod_if.so[0m
[6.675s] [ 47%] [32m[1mLinking C shared library libpigpiod_if2.so[0m
[6.720s] [ 47%] Built target pigpiod_if
[6.849s] [ 52%] [32mBuilding C object CMakeFiles/pig2vcd.dir/pig2vcd.c.o[0m
[6.986s] [ 52%] Built target pigpiod_if2
[6.993s] [ 56%] [32mBuilding C object CMakeFiles/pig2vcd.dir/command.c.o[0m
[7.201s] [ 60%] [32mBuilding C object CMakeFiles/x_pigpiod_if.dir/x_pigpiod_if.c.o[0m
[7.205s] [ 65%] [32mBuilding C object CMakeFiles/x_pigpiod_if2.dir/x_pigpiod_if2.c.o[0m
[7.644s] [ 69%] [32m[1mLinking C executable pig2vcd[0m
[7.915s] [ 73%] [32m[1mLinking C executable x_pigpiod_if[0m
[7.979s] [ 78%] [32m[1mLinking C executable x_pigpiod_if2[0m
[7.990s] [ 78%] Built target pig2vcd
[8.168s] [ 78%] Built target x_pigpiod_if
[8.201s] [ 78%] Built target x_pigpiod_if2
[10.391s] [ 82%] [32m[1mLinking C shared library libpigpio.so[0m
[10.595s] [ 82%] Built target pigpio
[10.742s] [ 86%] [32mBuilding C object CMakeFiles/x_pigpio.dir/x_pigpio.c.o[0m
[10.774s] [ 91%] [32mBuilding C object CMakeFiles/pigpiod.dir/pigpiod.c.o[0m
[11.209s] [ 95%] [32m[1mLinking C executable pigpiod[0m
[11.387s] [100%] [32m[1mLinking C executable x_pigpio[0m
[11.494s] [100%] Built target pigpiod
[11.589s] [100%] Built target x_pigpio
[11.654s] Invoked command in '/home/rospi/aug_2024/build/pigpio' returned '0': /usr/bin/cmake --build /home/rospi/aug_2024/build/pigpio -- -j4 -l4
[11.656s] Invoking command in '/home/rospi/aug_2024/build/pigpio': /usr/bin/cmake --install /home/rospi/aug_2024/build/pigpio
[11.694s] -- Install configuration: ""
[11.695s] -- Installing: /home/rospi/aug_2024/install/pigpio/lib/libpigpio.so
[11.700s] -- Installing: /home/rospi/aug_2024/install/pigpio/lib/libpigpiod_if.so
[11.703s] -- Installing: /home/rospi/aug_2024/install/pigpio/lib/libpigpiod_if2.so
[11.706s] -- Installing: /home/rospi/aug_2024/install/pigpio/bin/pig2vcd
[11.708s] -- Installing: /home/rospi/aug_2024/install/pigpio/bin/pigpiod
[11.711s] -- Set runtime path of "/home/rospi/aug_2024/install/pigpio/bin/pigpiod" to ""
[11.712s] -- Installing: /home/rospi/aug_2024/install/pigpio/bin/pigs
[11.714s] -- Installing: /home/rospi/aug_2024/install/pigpio/lib/cmake/pigpio/pigpioTargets.cmake
[11.715s] -- Installing: /home/rospi/aug_2024/install/pigpio/lib/cmake/pigpio/pigpioTargets-noconfig.cmake
[11.717s] -- Installing: /home/rospi/aug_2024/install/pigpio/lib/cmake/pigpio/pigpioConfig.cmake
[11.718s] -- Installing: /home/rospi/aug_2024/install/pigpio/lib/cmake/pigpio/pigpioConfigVersion.cmake
[11.719s] -- Installing: /home/rospi/aug_2024/install/pigpio/include/pigpio.h
[11.722s] -- Installing: /home/rospi/aug_2024/install/pigpio/include/pigpiod_if.h
[11.724s] -- Installing: /home/rospi/aug_2024/install/pigpio/include/pigpiod_if2.h
[11.726s] -- Installing: /home/rospi/aug_2024/install/pigpio/man/man1/pig2vcd.1
[11.729s] -- Installing: /home/rospi/aug_2024/install/pigpio/man/man1/pigpiod.1
[11.732s] -- Installing: /home/rospi/aug_2024/install/pigpio/man/man1/pigs.1
[11.745s] -- Installing: /home/rospi/aug_2024/install/pigpio/man/man3/pigpio.3
[11.750s] -- Installing: /home/rospi/aug_2024/install/pigpio/man/man3/pigpiod_if.3
[11.756s] -- Installing: /home/rospi/aug_2024/install/pigpio/man/man3/pigpiod_if2.3
[12.011s] /home/rospi/aug_2024/build/pigpio/setup.py:3: DeprecationWarning: The distutils package is deprecated and slated for removal in Python 3.12. Use setuptools or check PEP 632 for potential alternatives
[12.012s]   from distutils.core import setup
[12.121s] running install
[12.123s] running build
[12.124s] running build_py
[12.127s] creating build
[12.128s] creating build/lib
[12.128s] copying /home/rospi/aug_2024/pigpio-master/pigpio.py -> build/lib
[12.134s] running install_lib
[12.136s] copying build/lib/pigpio.py -> /usr/local/lib/python3.10/dist-packages
[12.139s] error: could not create '/usr/local/lib/python3.10/dist-packages/pigpio.py': Permission denied
[12.195s] Invoked command in '/home/rospi/aug_2024/build/pigpio' returned '0': /usr/bin/cmake --install /home/rospi/aug_2024/build/pigpio
