[0.064s] Invoking command in '/home/rospi/aug_2024/build/my_robot_nav2': CMAKE_PREFIX_PATH=${CMAKE_PREFIX_PATH}:/opt/ros/humble /usr/bin/cmake /home/rospi/aug_2024/src/my_robot_nav2 -DCMAKE_INSTALL_PREFIX=/home/rospi/aug_2024/install/my_robot_nav2
[0.409s] -- The C compiler identification is GNU 11.4.0
[0.702s] -- The CXX compiler identification is GNU 11.4.0
[0.733s] -- Detecting C compiler ABI info
[1.078s] -- Detecting C compiler ABI info - done
[1.107s] -- Check for working C compiler: /usr/bin/cc - skipped
[1.108s] -- Detecting C compile features
[1.110s] -- Detecting C compile features - done
[1.123s] -- Detecting CXX compiler ABI info
[1.508s] -- Detecting CXX compiler ABI info - done
[1.541s] -- Check for working CXX compiler: /usr/bin/c++ - skipped
[1.542s] -- Detecting CXX compile features
[1.544s] -- Detecting CXX compile features - done
[1.586s] -- Found ament_cmake: 1.3.11 (/opt/ros/humble/share/ament_cmake/cmake)
[2.571s] -- Found Python3: /usr/bin/python3 (found version "3.10.12") found components: Interpreter 
[3.371s] -- Found ament_lint_auto: 0.12.12 (/opt/ros/humble/share/ament_lint_auto/cmake)
[3.960s] -- Added test 'flake8' to check Python code syntax and style conventions
[3.974s] -- Added test 'lint_cmake' to check CMake code style
[3.983s] -- Added test 'pep257' to check Python code against some of the docstring style conventions in PEP 257
[4.040s] -- Added test 'xmllint' to check XML markup files
[4.048s] -- Configuring done
[4.070s] -- Generating done
[4.079s] -- Build files have been written to: /home/rospi/aug_2024/build/my_robot_nav2
[4.096s] Invoked command in '/home/rospi/aug_2024/build/my_robot_nav2' returned '0': CMAKE_PREFIX_PATH=${CMAKE_PREFIX_PATH}:/opt/ros/humble /usr/bin/cmake /home/rospi/aug_2024/src/my_robot_nav2 -DCMAKE_INSTALL_PREFIX=/home/rospi/aug_2024/install/my_robot_nav2
[4.115s] Invoking command in '/home/rospi/aug_2024/build/my_robot_nav2': CMAKE_PREFIX_PATH=${CMAKE_PREFIX_PATH}:/opt/ros/humble /usr/bin/cmake --build /home/rospi/aug_2024/build/my_robot_nav2 -- -j4 -l4
[4.296s] Invoked command in '/home/rospi/aug_2024/build/my_robot_nav2' returned '0': CMAKE_PREFIX_PATH=${CMAKE_PREFIX_PATH}:/opt/ros/humble /usr/bin/cmake --build /home/rospi/aug_2024/build/my_robot_nav2 -- -j4 -l4
[4.356s] Invoking command in '/home/rospi/aug_2024/build/my_robot_nav2': CMAKE_PREFIX_PATH=${CMAKE_PREFIX_PATH}:/opt/ros/humble /usr/bin/cmake --install /home/rospi/aug_2024/build/my_robot_nav2
[4.406s] -- Install configuration: ""
[4.407s] -- Installing: /home/rospi/aug_2024/install/my_robot_nav2/share/my_robot_nav2//config
[4.410s] -- Installing: /home/rospi/aug_2024/install/my_robot_nav2/share/my_robot_nav2//config/slam_toolbox_params.yaml
[4.410s] -- Installing: /home/rospi/aug_2024/install/my_robot_nav2/share/my_robot_nav2//config/nav2_params.yaml
[4.411s] -- Installing: /home/rospi/aug_2024/install/my_robot_nav2/share/my_robot_nav2//include
[4.416s] -- Installing: /home/rospi/aug_2024/install/my_robot_nav2/share/my_robot_nav2//launch
[4.416s] -- Installing: /home/rospi/aug_2024/install/my_robot_nav2/share/my_robot_nav2//launch/slam_toolbox.launch.py
[4.418s] -- Installing: /home/rospi/aug_2024/install/my_robot_nav2/share/my_robot_nav2//maps
[4.418s] -- Installing: /home/rospi/aug_2024/install/my_robot_nav2/share/my_robot_nav2//maps/simple_map.yaml
[4.419s] -- Installing: /home/rospi/aug_2024/install/my_robot_nav2/share/my_robot_nav2//maps/simple_map.pgm
[4.420s] -- Installing: /home/rospi/aug_2024/install/my_robot_nav2/share/ament_index/resource_index/package_run_dependencies/my_robot_nav2
[4.421s] -- Installing: /home/rospi/aug_2024/install/my_robot_nav2/share/ament_index/resource_index/parent_prefix_path/my_robot_nav2
[4.421s] -- Installing: /home/rospi/aug_2024/install/my_robot_nav2/share/my_robot_nav2/environment/ament_prefix_path.sh
[4.422s] -- Installing: /home/rospi/aug_2024/install/my_robot_nav2/share/my_robot_nav2/environment/ament_prefix_path.dsv
[4.423s] -- Installing: /home/rospi/aug_2024/install/my_robot_nav2/share/my_robot_nav2/environment/path.sh
[4.425s] -- Installing: /home/rospi/aug_2024/install/my_robot_nav2/share/my_robot_nav2/environment/path.dsv
[4.425s] -- Installing: /home/rospi/aug_2024/install/my_robot_nav2/share/my_robot_nav2/local_setup.bash
[4.426s] -- Installing: /home/rospi/aug_2024/install/my_robot_nav2/share/my_robot_nav2/local_setup.sh
[4.427s] -- Installing: /home/rospi/aug_2024/install/my_robot_nav2/share/my_robot_nav2/local_setup.zsh
[4.428s] -- Installing: /home/rospi/aug_2024/install/my_robot_nav2/share/my_robot_nav2/local_setup.dsv
[4.428s] -- Installing: /home/rospi/aug_2024/install/my_robot_nav2/share/my_robot_nav2/package.dsv
[4.429s] -- Installing: /home/rospi/aug_2024/install/my_robot_nav2/share/ament_index/resource_index/packages/my_robot_nav2
[4.431s] -- Installing: /home/rospi/aug_2024/install/my_robot_nav2/share/my_robot_nav2/cmake/my_robot_nav2Config.cmake
[4.433s] -- Installing: /home/rospi/aug_2024/install/my_robot_nav2/share/my_robot_nav2/cmake/my_robot_nav2Config-version.cmake
[4.434s] -- Installing: /home/rospi/aug_2024/install/my_robot_nav2/share/my_robot_nav2/package.xml
[4.446s] Invoked command in '/home/rospi/aug_2024/build/my_robot_nav2' returned '0': CMAKE_PREFIX_PATH=${CMAKE_PREFIX_PATH}:/opt/ros/humble /usr/bin/cmake --install /home/rospi/aug_2024/build/my_robot_nav2
