[0.053s] Invoking command in '/home/rospi/aug_2024/build/aug_2024': CMAKE_PREFIX_PATH=/home/rospi/aug_2024/install/BMC_2024:/home/rospi/aug_2024/install/sllidar_ros2:/home/rospi/aug_2024/install/aug_2024:/home/rospi/aug_2024/install/pigpio:/home/rospi/aug_2024/install/my_robot_nav2:/opt/ros/humble /usr/bin/cmake /home/rospi/aug_2024/src/aug_2024 -DCMAKE_INSTALL_PREFIX=/home/rospi/aug_2024/install/aug_2024
[0.324s] -- The C compiler identification is GNU 11.4.0
[0.596s] -- The CXX compiler identification is GNU 11.4.0
[0.627s] -- Detecting C compiler ABI info
[0.970s] -- Detecting C compiler ABI info - done
[0.998s] -- Check for working C compiler: /usr/bin/cc - skipped
[0.999s] -- Detecting C compile features
[1.000s] -- Detecting C compile features - done
[1.013s] -- Detecting CXX compiler ABI info
[1.405s] -- Detecting CXX compiler ABI info - done
[1.434s] -- Check for working CXX compiler: /usr/bin/c++ - skipped
[1.435s] -- Detecting CXX compile features
[1.437s] -- Detecting CXX compile features - done
[1.474s] -- Found ament_cmake: 1.3.11 (/opt/ros/humble/share/ament_cmake/cmake)
[2.287s] -- Found Python3: /usr/bin/python3 (found version "3.10.12") found components: Interpreter 
[3.032s] -- Found rclcpp: 16.0.12 (/opt/ros/humble/share/rclcpp/cmake)
[3.516s] -- Found rosidl_generator_c: 3.1.6 (/opt/ros/humble/share/rosidl_generator_c/cmake)
[3.584s] -- Found rosidl_adapter: 3.1.6 (/opt/ros/humble/share/rosidl_adapter/cmake)
[3.665s] -- Found rosidl_generator_cpp: 3.1.6 (/opt/ros/humble/share/rosidl_generator_cpp/cmake)
[3.765s] -- Using all available rosidl_typesupport_c: rosidl_typesupport_fastrtps_c;rosidl_typesupport_introspection_c
[3.904s] -- Using all available rosidl_typesupport_cpp: rosidl_typesupport_fastrtps_cpp;rosidl_typesupport_introspection_cpp
[4.297s] -- Found rmw_implementation_cmake: 6.1.2 (/opt/ros/humble/share/rmw_implementation_cmake/cmake)
[4.330s] -- Found rmw_fastrtps_cpp: 6.2.7 (/opt/ros/humble/share/rmw_fastrtps_cpp/cmake)
[4.987s] -- Found OpenSSL: /usr/lib/aarch64-linux-gnu/libcrypto.so (found version "3.0.2")  
[5.310s] -- Found FastRTPS: /opt/ros/humble/include  
[5.796s] -- Using RMW implementation 'rmw_fastrtps_cpp' as default
[5.904s] -- Looking for pthread.h
[6.260s] -- Looking for pthread.h - found
[6.262s] -- Performing Test CMAKE_HAVE_LIBC_PTHREAD
[6.622s] -- Performing Test CMAKE_HAVE_LIBC_PTHREAD - Success
[6.626s] -- Found Threads: TRUE  
[6.972s] -- Found sensor_msgs: 4.8.0 (/opt/ros/humble/share/sensor_msgs/cmake)
[7.157s] -- Found robot_state_publisher: 3.0.3 (/opt/ros/humble/share/robot_state_publisher/cmake)
[7.412s] -- Found eigen3_cmake_module: 0.1.1 (/opt/ros/humble/share/eigen3_cmake_module/cmake)
[7.419s] -- Found Eigen3: TRUE (found version "3.4.0") 
[7.420s] -- Ensuring Eigen3 include directory is part of orocos-kdl CMake target
[8.634s] -- Found xacro: 2.0.13 (/opt/ros/humble/share/xacro/cmake)
[8.663s] -- Found controller_manager: 2.49.0 (/opt/ros/humble/share/controller_manager/cmake)
[9.367s] -- Found joint_state_broadcaster: 2.43.0 (/opt/ros/humble/share/joint_state_broadcaster/cmake)
[9.626s] -- Found diff_drive_controller: 2.43.0 (/opt/ros/humble/share/diff_drive_controller/cmake)
[9.807s] -- Found ros2_control: 2.49.0 (/opt/ros/humble/share/ros2_control/cmake)
[9.835s] -- Found ros2_controllers: 2.43.0 (/opt/ros/humble/share/ros2_controllers/cmake)
[9.865s] -- Found BMC_2024: 0.0.0 (/home/rospi/aug_2024/install/BMC_2024/share/BMC_2024/cmake)
[9.917s] -- Found sllidar_ros2: 1.0.1 (/home/rospi/aug_2024/install/sllidar_ros2/share/sllidar_ros2/cmake)
[9.929s] [33mCMake Warning at /home/rospi/aug_2024/install/sllidar_ros2/share/sllidar_ros2/cmake/ament_cmake_export_include_directories-extras.cmake:11 (message):
[9.929s]   Package 'sllidar_ros2' exports the include directory
[9.930s]   '/home/rospi/aug_2024/install/sllidar_ros2/share/sllidar_ros2/cmake/../../../include'
[9.930s]   which doesn't exist
[9.931s] Call Stack (most recent call first):
[9.931s]   /home/rospi/aug_2024/install/sllidar_ros2/share/sllidar_ros2/cmake/sllidar_ros2Config.cmake:41 (include)
[9.931s]   CMakeLists.txt:32 (find_package)
[9.932s] 
[9.932s] [0m
[10.263s] -- Configuring done
[10.341s] -- Generating done
[10.359s] -- Build files have been written to: /home/rospi/aug_2024/build/aug_2024
[10.410s] Invoked command in '/home/rospi/aug_2024/build/aug_2024' returned '0': CMAKE_PREFIX_PATH=/home/rospi/aug_2024/install/BMC_2024:/home/rospi/aug_2024/install/sllidar_ros2:/home/rospi/aug_2024/install/aug_2024:/home/rospi/aug_2024/install/pigpio:/home/rospi/aug_2024/install/my_robot_nav2:/opt/ros/humble /usr/bin/cmake /home/rospi/aug_2024/src/aug_2024 -DCMAKE_INSTALL_PREFIX=/home/rospi/aug_2024/install/aug_2024
[10.418s] Invoking command in '/home/rospi/aug_2024/build/aug_2024': CMAKE_PREFIX_PATH=/home/rospi/aug_2024/install/BMC_2024:/home/rospi/aug_2024/install/sllidar_ros2:/home/rospi/aug_2024/install/aug_2024:/home/rospi/aug_2024/install/pigpio:/home/rospi/aug_2024/install/my_robot_nav2:/opt/ros/humble /usr/bin/cmake --build /home/rospi/aug_2024/build/aug_2024 -- -j4 -l4
[10.657s] [ 50%] [32mBuilding CXX object CMakeFiles/gpio_controller.dir/src/gpio_controller.cpp.o[0m
[46.021s] [100%] [32m[1mLinking CXX executable gpio_controller[0m
[47.873s] [100%] Built target gpio_controller
[47.931s] Invoked command in '/home/rospi/aug_2024/build/aug_2024' returned '0': CMAKE_PREFIX_PATH=/home/rospi/aug_2024/install/BMC_2024:/home/rospi/aug_2024/install/sllidar_ros2:/home/rospi/aug_2024/install/aug_2024:/home/rospi/aug_2024/install/pigpio:/home/rospi/aug_2024/install/my_robot_nav2:/opt/ros/humble /usr/bin/cmake --build /home/rospi/aug_2024/build/aug_2024 -- -j4 -l4
[47.933s] Invoking command in '/home/rospi/aug_2024/build/aug_2024': CMAKE_PREFIX_PATH=/home/rospi/aug_2024/install/BMC_2024:/home/rospi/aug_2024/install/sllidar_ros2:/home/rospi/aug_2024/install/aug_2024:/home/rospi/aug_2024/install/pigpio:/home/rospi/aug_2024/install/my_robot_nav2:/opt/ros/humble /usr/bin/cmake --install /home/rospi/aug_2024/build/aug_2024
[47.972s] -- Install configuration: ""
[47.976s] -- Installing: /home/rospi/aug_2024/install/aug_2024/share/aug_2024//config
[47.976s] -- Installing: /home/rospi/aug_2024/install/aug_2024/share/aug_2024//config/ekf.yaml
[47.977s] -- Installing: /home/rospi/aug_2024/install/aug_2024/share/aug_2024//config/backup
[47.978s] -- Installing: /home/rospi/aug_2024/install/aug_2024/share/aug_2024//config/backup/map1.pgm
[47.981s] -- Installing: /home/rospi/aug_2024/install/aug_2024/share/aug_2024//config/backup/map1.yaml
[47.983s] -- Installing: /home/rospi/aug_2024/install/aug_2024/share/aug_2024//config/twist_mux.yaml
[47.983s] -- Installing: /home/rospi/aug_2024/install/aug_2024/share/aug_2024//config/nav2_params.yaml
[47.985s] -- Installing: /home/rospi/aug_2024/install/aug_2024/share/aug_2024//config/map1.pgm
[47.989s] -- Installing: /home/rospi/aug_2024/install/aug_2024/share/aug_2024//config/validate_yaml.py
[47.990s] -- Installing: /home/rospi/aug_2024/install/aug_2024/share/aug_2024//config/direct_controllers.yaml
[47.991s] -- Installing: /home/rospi/aug_2024/install/aug_2024/share/aug_2024//config/map1.yaml
[47.992s] -- Installing: /home/rospi/aug_2024/install/aug_2024/share/aug_2024//config/gazebo_ros2_control_params.yaml
[47.993s] -- Installing: /home/rospi/aug_2024/install/aug_2024/share/aug_2024//config/amcl_config.yaml
[47.996s] -- Installing: /home/rospi/aug_2024/install/aug_2024/share/aug_2024//config/updated_controllers.yaml
[47.999s] -- Installing: /home/rospi/aug_2024/install/aug_2024/share/aug_2024//config/flippo_controllers.yaml
[48.000s] -- Installing: /home/rospi/aug_2024/install/aug_2024/share/aug_2024//description
[48.001s] -- Installing: /home/rospi/aug_2024/install/aug_2024/share/aug_2024//description/meshes
[48.001s] -- Installing: /home/rospi/aug_2024/install/aug_2024/share/aug_2024//description/meshes/rear_right_wheel_link.STL
[48.003s] -- Installing: /home/rospi/aug_2024/install/aug_2024/share/aug_2024//description/meshes/front_right_wheel_link.STL
[48.006s] -- Installing: /home/rospi/aug_2024/install/aug_2024/share/aug_2024//description/meshes/chassis_link.STL
[48.014s] -- Installing: /home/rospi/aug_2024/install/aug_2024/share/aug_2024//description/meshes/rear_left_wheel_link.STL
[48.017s] -- Installing: /home/rospi/aug_2024/install/aug_2024/share/aug_2024//description/meshes/front_left_wheel_link.STL
[48.020s] -- Installing: /home/rospi/aug_2024/install/aug_2024/share/aug_2024//description/rviz
[48.025s] -- Installing: /home/rospi/aug_2024/install/aug_2024/share/aug_2024//description/rviz/urdf_config.rviz
[48.026s] -- Installing: /home/rospi/aug_2024/install/aug_2024/share/aug_2024//description/config
[48.027s] -- Installing: /home/rospi/aug_2024/install/aug_2024/share/aug_2024//description/config/ekf.yaml
[48.028s] -- Installing: /home/rospi/aug_2024/install/aug_2024/share/aug_2024//description/config/aug_2024_joint_names.yaml
[48.029s] -- Installing: /home/rospi/aug_2024/install/aug_2024/share/aug_2024//description/urdf
[48.030s] -- Installing: /home/rospi/aug_2024/install/aug_2024/share/aug_2024//description/urdf/aug_2024.urdf
[48.030s] -- Installing: /home/rospi/aug_2024/install/aug_2024/share/aug_2024//description/urdf/aug_2024-cast.urdf
[48.035s] -- Installing: /home/rospi/aug_2024/install/aug_2024/share/aug_2024//description/urdf/aug_2024_old.xacro
[48.036s] -- Installing: /home/rospi/aug_2024/install/aug_2024/share/aug_2024//description/urdf/aug_2024 _no_caster.xacro
[48.039s] -- Installing: /home/rospi/aug_2024/install/aug_2024/share/aug_2024//description/urdf/aug_2024-1.xacro
[48.040s] -- Installing: /home/rospi/aug_2024/install/aug_2024/share/aug_2024//description/urdf/aug_2024-nocaster.urdf
[48.044s] -- Installing: /home/rospi/aug_2024/install/aug_2024/share/aug_2024//launch
[48.046s] -- Installing: /home/rospi/aug_2024/install/aug_2024/share/aug_2024//launch/sllidar_a2m12_launch .py
[48.047s] -- Installing: /home/rospi/aug_2024/install/aug_2024/share/aug_2024//launch/working_copy_version2.py
[48.049s] -- Installing: /home/rospi/aug_2024/install/aug_2024/share/aug_2024//launch/min_launch.py
[48.050s] -- Installing: /home/rospi/aug_2024/install/aug_2024/share/aug_2024//launch/aug_2024_launch.py
[48.051s] -- Installing: /home/rospi/aug_2024/install/aug_2024/share/aug_2024//launch/aug_2024_rospi_launch.py
[48.052s] -- Installing: /home/rospi/aug_2024/install/aug_2024/share/aug_2024//launch/ros2_control_debug.launch.py
[48.055s] -- Installing: /home/rospi/aug_2024/install/aug_2024/share/aug_2024//launch/aug_2024_sim_launch.py
[48.056s] -- Installing: /home/rospi/aug_2024/install/aug_2024/share/aug_2024//launch/aug_2024_sim_launch1.py
[48.057s] -- Installing: /home/rospi/aug_2024/install/aug_2024/share/aug_2024//launch/joy.py
[48.057s] -- Installing: /home/rospi/aug_2024/install/aug_2024/share/aug_2024//launch/aug_2024_rospi_launch_broken.py
[48.059s] -- Installing: /home/rospi/aug_2024/install/aug_2024/share/aug_2024//launch/simple.py
[48.059s] -- Installing: /home/rospi/aug_2024/install/aug_2024/share/aug_2024//worlds
[48.060s] -- Installing: /home/rospi/aug_2024/install/aug_2024/share/aug_2024//worlds/usda_rough_dim.sdf
[48.064s] -- Installing: /home/rospi/aug_2024/install/aug_2024/share/aug_2024//worlds/usda_build_full
[48.064s] -- Installing: /home/rospi/aug_2024/install/aug_2024/share/aug_2024//worlds/usda_build_full/model.sdf
[48.065s] -- Installing: /home/rospi/aug_2024/install/aug_2024/share/aug_2024//worlds/usda_build_full/model.config
[48.066s] -- Installing: /home/rospi/aug_2024/install/aug_2024/share/aug_2024//worlds/gaz_goof_001
[48.066s] -- Installing: /home/rospi/aug_2024/install/aug_2024/lib/aug_2024/gpio_controller
[48.095s] -- Set runtime path of "/home/rospi/aug_2024/install/aug_2024/lib/aug_2024/gpio_controller" to ""
[48.096s] -- Installing: /home/rospi/aug_2024/install/aug_2024/share/ament_index/resource_index/package_run_dependencies/aug_2024
[48.098s] -- Installing: /home/rospi/aug_2024/install/aug_2024/share/ament_index/resource_index/parent_prefix_path/aug_2024
[48.100s] -- Installing: /home/rospi/aug_2024/install/aug_2024/share/aug_2024/environment/ament_prefix_path.sh
[48.101s] -- Installing: /home/rospi/aug_2024/install/aug_2024/share/aug_2024/environment/ament_prefix_path.dsv
[48.103s] -- Installing: /home/rospi/aug_2024/install/aug_2024/share/aug_2024/environment/path.sh
[48.104s] -- Installing: /home/rospi/aug_2024/install/aug_2024/share/aug_2024/environment/path.dsv
[48.106s] -- Installing: /home/rospi/aug_2024/install/aug_2024/share/aug_2024/local_setup.bash
[48.107s] -- Installing: /home/rospi/aug_2024/install/aug_2024/share/aug_2024/local_setup.sh
[48.108s] -- Installing: /home/rospi/aug_2024/install/aug_2024/share/aug_2024/local_setup.zsh
[48.110s] -- Installing: /home/rospi/aug_2024/install/aug_2024/share/aug_2024/local_setup.dsv
[48.111s] -- Installing: /home/rospi/aug_2024/install/aug_2024/share/aug_2024/package.dsv
[48.112s] -- Installing: /home/rospi/aug_2024/install/aug_2024/share/ament_index/resource_index/packages/aug_2024
[48.114s] -- Installing: /home/rospi/aug_2024/install/aug_2024/share/aug_2024/cmake/aug_2024Config.cmake
[48.115s] -- Installing: /home/rospi/aug_2024/install/aug_2024/share/aug_2024/cmake/aug_2024Config-version.cmake
[48.116s] -- Installing: /home/rospi/aug_2024/install/aug_2024/share/aug_2024/package.xml
[48.125s] Invoked command in '/home/rospi/aug_2024/build/aug_2024' returned '0': CMAKE_PREFIX_PATH=/home/rospi/aug_2024/install/BMC_2024:/home/rospi/aug_2024/install/sllidar_ros2:/home/rospi/aug_2024/install/aug_2024:/home/rospi/aug_2024/install/pigpio:/home/rospi/aug_2024/install/my_robot_nav2:/opt/ros/humble /usr/bin/cmake --install /home/rospi/aug_2024/build/aug_2024
