[0.068s] Invoking command in '/home/rospi/aug_2024/build/aug_2024': CMAKE_PREFIX_PATH=/home/rospi/aug_2024/install/BMC_2024:/home/rospi/aug_2024/install/my_robot_nav2:/home/rospi/aug_2024/install/aug_2024:/opt/ros/humble /usr/bin/cmake /home/rospi/aug_2024/src/aug_2024 -DCMAKE_INSTALL_PREFIX=/home/rospi/aug_2024/install/aug_2024
[0.346s] -- The C compiler identification is GNU 11.4.0
[0.612s] -- The CXX compiler identification is GNU 11.4.0
[0.642s] -- Detecting C compiler ABI info
[0.967s] -- Detecting C compiler ABI info - done
[0.995s] -- Check for working C compiler: /usr/bin/cc - skipped
[0.996s] -- Detecting C compile features
[0.998s] -- Detecting C compile features - done
[1.010s] -- Detecting CXX compiler ABI info
[1.372s] -- Detecting CXX compiler ABI info - done
[1.401s] -- Check for working CXX compiler: /usr/bin/c++ - skipped
[1.402s] -- Detecting CXX compile features
[1.403s] -- Detecting CXX compile features - done
[1.442s] -- Found ament_cmake: 1.3.11 (/opt/ros/humble/share/ament_cmake/cmake)
[2.262s] -- Found Python3: /usr/bin/python3 (found version "3.10.12") found components: Interpreter 
[3.056s] -- Found rclcpp: 16.0.12 (/opt/ros/humble/share/rclcpp/cmake)
[3.524s] -- Found rosidl_generator_c: 3.1.6 (/opt/ros/humble/share/rosidl_generator_c/cmake)
[3.591s] -- Found rosidl_adapter: 3.1.6 (/opt/ros/humble/share/rosidl_adapter/cmake)
[3.672s] -- Found rosidl_generator_cpp: 3.1.6 (/opt/ros/humble/share/rosidl_generator_cpp/cmake)
[3.771s] -- Using all available rosidl_typesupport_c: rosidl_typesupport_fastrtps_c;rosidl_typesupport_introspection_c
[3.910s] -- Using all available rosidl_typesupport_cpp: rosidl_typesupport_fastrtps_cpp;rosidl_typesupport_introspection_cpp
[4.332s] -- Found rmw_implementation_cmake: 6.1.2 (/opt/ros/humble/share/rmw_implementation_cmake/cmake)
[4.366s] -- Found rmw_fastrtps_cpp: 6.2.7 (/opt/ros/humble/share/rmw_fastrtps_cpp/cmake)
[5.005s] -- Found OpenSSL: /usr/lib/aarch64-linux-gnu/libcrypto.so (found version "3.0.2")  
[5.299s] -- Found FastRTPS: /opt/ros/humble/include  
[5.773s] -- Using RMW implementation 'rmw_fastrtps_cpp' as default
[5.881s] -- Looking for pthread.h
[6.224s] -- Looking for pthread.h - found
[6.226s] -- Performing Test CMAKE_HAVE_LIBC_PTHREAD
[6.571s] -- Performing Test CMAKE_HAVE_LIBC_PTHREAD - Success
[6.575s] -- Found Threads: TRUE  
[6.964s] -- Found sensor_msgs: 4.8.0 (/opt/ros/humble/share/sensor_msgs/cmake)
[7.149s] -- Found robot_state_publisher: 3.0.3 (/opt/ros/humble/share/robot_state_publisher/cmake)
[7.400s] -- Found eigen3_cmake_module: 0.1.1 (/opt/ros/humble/share/eigen3_cmake_module/cmake)
[7.406s] -- Found Eigen3: TRUE (found version "3.4.0") 
[7.406s] -- Ensuring Eigen3 include directory is part of orocos-kdl CMake target
[8.629s] -- Found xacro: 2.0.13 (/opt/ros/humble/share/xacro/cmake)
[8.658s] -- Found controller_manager: 2.49.0 (/opt/ros/humble/share/controller_manager/cmake)
[9.324s] -- Found joint_state_broadcaster: 2.43.0 (/opt/ros/humble/share/joint_state_broadcaster/cmake)
[9.583s] -- Found diff_drive_controller: 2.43.0 (/opt/ros/humble/share/diff_drive_controller/cmake)
[9.764s] -- Found ros2_control: 2.49.0 (/opt/ros/humble/share/ros2_control/cmake)
[9.792s] -- Found ros2_controllers: 2.43.0 (/opt/ros/humble/share/ros2_controllers/cmake)
[9.822s] -- Found BMC_2024: 0.0.0 (/home/rospi/aug_2024/install/BMC_2024/share/BMC_2024/cmake)
[10.039s] [31mCMake Error at /home/rospi/aug_2024/install/BMC_2024/share/BMC_2024/cmake/ament_cmake_export_dependencies-extras.cmake:21 (find_package):
[10.040s]   By not providing "Findgazebo_ros2_control.cmake" in CMAKE_MODULE_PATH this
[10.040s]   project has asked CMake to find a package configuration file provided by
[10.041s]   "gazebo_ros2_control", but CMake did not find one.
[10.041s] 
[10.041s]   Could not find a package configuration file provided by
[10.042s]   "gazebo_ros2_control" with any of the following names:
[10.042s] 
[10.043s]     gazebo_ros2_controlConfig.cmake
[10.043s]     gazebo_ros2_control-config.cmake
[10.044s] 
[10.044s]   Add the installation prefix of "gazebo_ros2_control" to CMAKE_PREFIX_PATH
[10.045s]   or set "gazebo_ros2_control_DIR" to a directory containing one of the above
[10.046s]   files.  If "gazebo_ros2_control" provides a separate development package or
[10.046s]   SDK, be sure it has been installed.
[10.047s] Call Stack (most recent call first):
[10.047s]   /home/rospi/aug_2024/install/BMC_2024/share/BMC_2024/cmake/BMC_2024Config.cmake:41 (include)
[10.047s]   CMakeLists.txt:31 (find_package)
[10.048s] 
[10.048s] [0m
[10.049s] -- Configuring incomplete, errors occurred!
[10.050s] See also "/home/rospi/aug_2024/build/aug_2024/CMakeFiles/CMakeOutput.log".
[10.086s] Invoked command in '/home/rospi/aug_2024/build/aug_2024' returned '1': CMAKE_PREFIX_PATH=/home/rospi/aug_2024/install/BMC_2024:/home/rospi/aug_2024/install/my_robot_nav2:/home/rospi/aug_2024/install/aug_2024:/opt/ros/humble /usr/bin/cmake /home/rospi/aug_2024/src/aug_2024 -DCMAKE_INSTALL_PREFIX=/home/rospi/aug_2024/install/aug_2024
