[0.058s] Invoking command in '/home/dkflippo/aug2024/src/build/imu_sensor_broadcaster': CMAKE_PREFIX_PATH=/opt/ros/humble /usr/bin/cmake /home/dkflippo/aug2024/src/ros2_controllers/imu_sensor_broadcaster -DCMAKE_INSTALL_PREFIX=/home/dkflippo/aug2024/src/install/imu_sensor_broadcaster
[0.215s] -- The C compiler identification is GNU 11.4.0
[0.402s] -- The CXX compiler identification is GNU 11.4.0
[0.417s] -- Detecting C compiler ABI info
[0.622s] -- Detecting C compiler ABI info - done
[0.637s] -- Check for working C compiler: /usr/bin/cc - skipped
[0.637s] -- Detecting C compile features
[0.641s] -- Detecting C compile features - done
[0.643s] -- Detecting CXX compiler ABI info
[0.913s] -- Detecting CXX compiler ABI info - done
[0.933s] -- Check for working CXX compiler: /usr/bin/c++ - skipped
[0.938s] -- Detecting CXX compile features
[0.938s] -- Detecting CXX compile features - done
[0.947s] [31mCMake Error at CMakeLists.txt:4 (find_package):
[0.947s]   By not providing "Findros2_control_cmake.cmake" in CMAKE_MODULE_PATH this
[0.947s]   project has asked CMake to find a package configuration file provided by
[0.947s]   "ros2_control_cmake", but CMake did not find one.
[0.947s] 
[0.947s]   Could not find a package configuration file provided by
[0.947s]   "ros2_control_cmake" with any of the following names:
[0.947s] 
[0.947s]     ros2_control_cmakeConfig.cmake
[0.947s]     ros2_control_cmake-config.cmake
[0.947s] 
[0.948s]   Add the installation prefix of "ros2_control_cmake" to CMAKE_PREFIX_PATH or
[0.948s]   set "ros2_control_cmake_DIR" to a directory containing one of the above
[0.948s]   files.  If "ros2_control_cmake" provides a separate development package or
[0.948s]   SDK, be sure it has been installed.
[0.948s] 
[0.948s] [0m
[0.948s] -- Configuring incomplete, errors occurred!
[0.948s] See also "/home/dkflippo/aug2024/src/build/imu_sensor_broadcaster/CMakeFiles/CMakeOutput.log".
