[0.046s] Invoking command in '/home/rospi/aug_2024/build/aug_2024': AMENT_PREFIX_PATH=/home/rospi/aug_2024/install/BMC_2024:${AMENT_PREFIX_PATH} CMAKE_PREFIX_PATH=/home/rospi/aug_2024/install/BMC_2024:/opt/ros/humble LD_LIBRARY_PATH=/home/rospi/aug_2024/install/BMC_2024/lib:${LD_LIBRARY_PATH} /usr/bin/cmake /home/rospi/aug_2024/src/aug_2024 -DCMAKE_INSTALL_PREFIX=/home/rospi/aug_2024/install/aug_2024
[0.301s] -- The C compiler identification is GNU 11.4.0
[0.563s] -- The CXX compiler identification is GNU 11.4.0
[0.593s] -- Detecting C compiler ABI info
[0.920s] -- Detecting C compiler ABI info - done
[0.948s] -- Check for working C compiler: /usr/bin/cc - skipped
[0.949s] -- Detecting C compile features
[0.951s] -- Detecting C compile features - done
[0.963s] -- Detecting CXX compiler ABI info
[1.333s] -- Detecting CXX compiler ABI info - done
[1.364s] -- Check for working CXX compiler: /usr/bin/c++ - skipped
[1.365s] -- Detecting CXX compile features
[1.366s] -- Detecting CXX compile features - done
[1.405s] -- Found ament_cmake: 1.3.11 (/opt/ros/humble/share/ament_cmake/cmake)
[2.213s] -- Found Python3: /usr/bin/python3 (found version "3.10.12") found components: Interpreter 
[2.934s] -- Found rclcpp: 16.0.11 (/opt/ros/humble/share/rclcpp/cmake)
[3.425s] -- Found rosidl_generator_c: 3.1.6 (/opt/ros/humble/share/rosidl_generator_c/cmake)
[3.499s] -- Found rosidl_adapter: 3.1.6 (/opt/ros/humble/share/rosidl_adapter/cmake)
[3.588s] -- Found rosidl_generator_cpp: 3.1.6 (/opt/ros/humble/share/rosidl_generator_cpp/cmake)
[3.690s] -- Using all available rosidl_typesupport_c: rosidl_typesupport_fastrtps_c;rosidl_typesupport_introspection_c
[3.831s] -- Using all available rosidl_typesupport_cpp: rosidl_typesupport_fastrtps_cpp;rosidl_typesupport_introspection_cpp
[4.233s] -- Found rmw_implementation_cmake: 6.1.2 (/opt/ros/humble/share/rmw_implementation_cmake/cmake)
[4.269s] -- Found rmw_fastrtps_cpp: 6.2.7 (/opt/ros/humble/share/rmw_fastrtps_cpp/cmake)
[4.948s] -- Found OpenSSL: /usr/lib/aarch64-linux-gnu/libcrypto.so (found version "3.0.2")  
[5.241s] -- Found FastRTPS: /opt/ros/humble/include  
[5.717s] -- Using RMW implementation 'rmw_fastrtps_cpp' as default
[5.824s] -- Looking for pthread.h
[6.164s] -- Looking for pthread.h - found
[6.166s] -- Performing Test CMAKE_HAVE_LIBC_PTHREAD
[6.504s] -- Performing Test CMAKE_HAVE_LIBC_PTHREAD - Success
[6.508s] -- Found Threads: TRUE  
[6.844s] -- Found sensor_msgs: 4.2.4 (/opt/ros/humble/share/sensor_msgs/cmake)
[7.025s] -- Found robot_state_publisher: 3.0.3 (/opt/ros/humble/share/robot_state_publisher/cmake)
[7.263s] -- Found eigen3_cmake_module: 0.1.1 (/opt/ros/humble/share/eigen3_cmake_module/cmake)
[7.269s] -- Found Eigen3: TRUE (found version "3.4.0") 
[7.270s] -- Ensuring Eigen3 include directory is part of orocos-kdl CMake target
[8.489s] -- Found xacro: 2.0.8 (/opt/ros/humble/share/xacro/cmake)
[8.517s] -- Found controller_manager: 2.48.0 (/opt/ros/humble/share/controller_manager/cmake)
[9.208s] -- Found joint_state_broadcaster: 2.41.0 (/opt/ros/humble/share/joint_state_broadcaster/cmake)
[9.480s] -- Found diff_drive_controller: 2.41.0 (/opt/ros/humble/share/diff_drive_controller/cmake)
[9.666s] -- Found ros2_control: 2.48.0 (/opt/ros/humble/share/ros2_control/cmake)
[9.695s] -- Found ros2_controllers: 2.41.0 (/opt/ros/humble/share/ros2_controllers/cmake)
[9.726s] -- Found BMC_2024: 0.0.0 (/home/rospi/aug_2024/install/BMC_2024/share/BMC_2024/cmake)
[9.945s] [31mCMake Error at /home/rospi/aug_2024/install/BMC_2024/share/BMC_2024/cmake/ament_cmake_export_dependencies-extras.cmake:21 (find_package):
[9.946s]   By not providing "Findgazebo_ros2_control.cmake" in CMAKE_MODULE_PATH this
[9.946s]   project has asked CMake to find a package configuration file provided by
[9.946s]   "gazebo_ros2_control", but CMake did not find one.
[9.947s] 
[9.947s]   Could not find a package configuration file provided by
[9.947s]   "gazebo_ros2_control" with any of the following names:
[9.948s] 
[9.949s]     gazebo_ros2_controlConfig.cmake
[9.949s]     gazebo_ros2_control-config.cmake
[9.949s] 
[9.950s]   Add the installation prefix of "gazebo_ros2_control" to CMAKE_PREFIX_PATH
[9.951s]   or set "gazebo_ros2_control_DIR" to a directory containing one of the above
[9.952s]   files.  If "gazebo_ros2_control" provides a separate development package or
[9.952s]   SDK, be sure it has been installed.
[9.953s] Call Stack (most recent call first):
[9.953s]   /home/rospi/aug_2024/install/BMC_2024/share/BMC_2024/cmake/BMC_2024Config.cmake:41 (include)
[9.953s]   CMakeLists.txt:31 (find_package)
[9.954s] 
[9.954s] [0m
[9.955s] -- Configuring incomplete, errors occurred!
[9.956s] See also "/home/rospi/aug_2024/build/aug_2024/CMakeFiles/CMakeOutput.log".
[9.993s] Invoked command in '/home/rospi/aug_2024/build/aug_2024' returned '1': AMENT_PREFIX_PATH=/home/rospi/aug_2024/install/BMC_2024:${AMENT_PREFIX_PATH} CMAKE_PREFIX_PATH=/home/rospi/aug_2024/install/BMC_2024:/opt/ros/humble LD_LIBRARY_PATH=/home/rospi/aug_2024/install/BMC_2024/lib:${LD_LIBRARY_PATH} /usr/bin/cmake /home/rospi/aug_2024/src/aug_2024 -DCMAKE_INSTALL_PREFIX=/home/rospi/aug_2024/install/aug_2024
