[0.028s] Invoking command in '/home/dkflippo/aug2024/build/pigpio': /usr/bin/cmake --build /home/dkflippo/aug2024/build/pigpio -- -j12 -l12
[0.153s] [ 13%] Built target pigpiod_if2
[0.153s] [ 30%] Built target pigpiod_if
[0.153s] [ 39%] Built target pig2vcd
[0.157s] [ 52%] Built target pigs
[0.159s] [ 65%] Built target pigpio
[0.202s] [ 73%] Built target x_pigpiod_if2
[0.210s] [ 82%] Built target x_pigpio
[0.216s] [ 91%] Built target pigpiod
[0.216s] [100%] Built target x_pigpiod_if
[0.248s] Invoked command in '/home/dkflippo/aug2024/build/pigpio' returned '0': /usr/bin/cmake --build /home/dkflippo/aug2024/build/pigpio -- -j12 -l12
[0.249s] Invoking command in '/home/dkflippo/aug2024/build/pigpio': /usr/bin/cmake --install /home/dkflippo/aug2024/build/pigpio
[0.271s] -- Install configuration: ""
[0.271s] -- Up-to-date: /home/dkflippo/aug2024/install/pigpio/lib/libpigpio.so
[0.271s] -- Up-to-date: /home/dkflippo/aug2024/install/pigpio/lib/libpigpiod_if.so
[0.271s] -- Up-to-date: /home/dkflippo/aug2024/install/pigpio/lib/libpigpiod_if2.so
[0.271s] -- Up-to-date: /home/dkflippo/aug2024/install/pigpio/bin/pig2vcd
[0.272s] -- Up-to-date: /home/dkflippo/aug2024/install/pigpio/bin/pigpiod
[0.272s] -- Up-to-date: /home/dkflippo/aug2024/install/pigpio/bin/pigs
[0.272s] -- Up-to-date: /home/dkflippo/aug2024/install/pigpio/lib/cmake/pigpio/pigpioTargets.cmake
[0.272s] -- Up-to-date: /home/dkflippo/aug2024/install/pigpio/lib/cmake/pigpio/pigpioTargets-noconfig.cmake
[0.272s] -- Up-to-date: /home/dkflippo/aug2024/install/pigpio/lib/cmake/pigpio/pigpioConfig.cmake
[0.272s] -- Up-to-date: /home/dkflippo/aug2024/install/pigpio/lib/cmake/pigpio/pigpioConfigVersion.cmake
[0.272s] -- Up-to-date: /home/dkflippo/aug2024/install/pigpio/include/pigpio.h
[0.272s] -- Up-to-date: /home/dkflippo/aug2024/install/pigpio/include/pigpiod_if.h
[0.272s] -- Up-to-date: /home/dkflippo/aug2024/install/pigpio/include/pigpiod_if2.h
[0.272s] -- Up-to-date: /home/dkflippo/aug2024/install/pigpio/man/man1/libpigpio.so.1
[0.272s] -- Up-to-date: /home/dkflippo/aug2024/install/pigpio/man/man1/libpigpiod_if.so.1
[0.273s] -- Up-to-date: /home/dkflippo/aug2024/install/pigpio/man/man1/libpigpiod_if2.so.1
[0.273s] -- Up-to-date: /home/dkflippo/aug2024/install/pigpio/man/man1/pig2vcd.1
[0.273s] -- Up-to-date: /home/dkflippo/aug2024/install/pigpio/man/man1/pigpiod.1
[0.273s] -- Up-to-date: /home/dkflippo/aug2024/install/pigpio/man/man1/pigs.1
[0.273s] -- Up-to-date: /home/dkflippo/aug2024/install/pigpio/man/man3/pigpio.3
[0.273s] -- Up-to-date: /home/dkflippo/aug2024/install/pigpio/man/man3/pigpiod_if.3
[0.273s] -- Up-to-date: /home/dkflippo/aug2024/install/pigpio/man/man3/pigpiod_if2.3
[0.298s] /home/dkflippo/aug2024/build/pigpio/setup.py:3: DeprecationWarning: The distutils package is deprecated and slated for removal in Python 3.12. Use setuptools or check PEP 632 for potential alternatives
[0.299s]   from distutils.core import setup
[0.324s] running install
[0.324s] running build
[0.324s] running build_py
[0.325s] running install_lib
[0.326s] running install_egg_info
[0.326s] Writing /usr/local/lib/python3.10/dist-packages/pigpio-1.44.egg-info
[0.327s] error: [Errno 13] Permission denied: '/usr/local/lib/python3.10/dist-packages/pigpio-1.44.egg-info'
[0.337s] Invoked command in '/home/dkflippo/aug2024/build/pigpio' returned '0': /usr/bin/cmake --install /home/dkflippo/aug2024/build/pigpio
