[0.042s] Invoking command in '/home/dkflippo/aug2024/build/aug_2024': CMAKE_PREFIX_PATH=/home/dkflippo/aug2024/install/BMC_2024:/home/dkflippo/aug2024/install/gazebo_ros2_control:/home/dkflippo/aug2024/install/sllidar_ros2:/home/dkflippo/aug2024/install/my_robot_nav2:/home/dkflippo/aug2024/install/gazebo_ros2_control_demos:/home/dkflippo/aug2024/install/aug_2024:/home/dkflippo/ros2_control_ws/install/ros2_controllers:/home/dkflippo/ros2_control_ws/install/velocity_controllers:/home/dkflippo/ros2_control_ws/install/tricycle_steering_controller:/home/dkflippo/ros2_control_ws/install/tricycle_controller:/home/dkflippo/ros2_control_ws/install/ros2_control:/home/dkflippo/ros2_control_ws/install/transmission_interface:/home/dkflippo/ros2_control_ws/install/bicycle_steering_controller:/home/dkflippo/ros2_control_ws/install/ackermann_steering_controller:/home/dkflippo/ros2_control_ws/install/steering_controllers_library:/home/dkflippo/ros2_control_ws/install/hardware_interface_testing:/home/dkflippo/ros2_control_ws/install/controller_manager:/home/dkflippo/ros2_control_ws/install/ros2_control_test_assets:/home/dkflippo/ros2_control_ws/install/range_sensor_broadcaster:/home/dkflippo/ros2_control_ws/install/position_controllers:/home/dkflippo/ros2_control_ws/install/pose_broadcaster:/home/dkflippo/ros2_control_ws/install/pid_controller:/home/dkflippo/ros2_control_ws/install/mecanum_drive_controller:/home/dkflippo/ros2_control_ws/install/joint_trajectory_controller:/home/dkflippo/ros2_control_ws/install/joint_state_broadcaster:/home/dkflippo/ros2_control_ws/install/joint_limits:/home/dkflippo/ros2_control_ws/install/imu_sensor_broadcaster:/home/dkflippo/ros2_control_ws/install/gripper_controllers:/home/dkflippo/ros2_control_ws/install/gpio_controllers:/home/dkflippo/ros2_control_ws/install/effort_controllers:/home/dkflippo/ros2_control_ws/install/forward_command_controller:/home/dkflippo/ros2_control_ws/install/force_torque_sensor_broadcaster:/home/dkflippo/ros2_control_ws/install/diff_drive_controller:/home/dkflippo/ros2_control_ws/install/admittance_controller:/home/dkflippo/ros2_control_ws/install/controller_interface:/home/dkflippo/ros2_control_ws/install/hardware_interface:/home/dkflippo/ros2_control_ws/install/controller_manager_msgs:/home/dkflippo/ros2_control_ws/install/rqt_joint_trajectory_controller:/home/dkflippo/ros2_control_ws/install/rqt_controller_manager:/home/dkflippo/ros2_control_ws/install/ros2controlcli:/home/dkflippo/ros2_control_ws/install/ros2_controllers_test_nodes:/opt/ros/humble LD_LIBRARY_PATH=/home/dkflippo/aug2024/install/BMC_2024/lib:/home/dkflippo/aug2024/install/gazebo_ros2_control/lib:/home/dkflippo/ros2_control_ws/install/velocity_controllers/lib:/home/dkflippo/ros2_control_ws/install/tricycle_steering_controller/lib:/home/dkflippo/ros2_control_ws/install/tricycle_controller/lib:/home/dkflippo/ros2_control_ws/install/transmission_interface/lib:/home/dkflippo/ros2_control_ws/install/bicycle_steering_controller/lib:/home/dkflippo/ros2_control_ws/install/ackermann_steering_controller/lib:/home/dkflippo/ros2_control_ws/install/steering_controllers_library/lib:/home/dkflippo/ros2_control_ws/install/hardware_interface_testing/lib:/home/dkflippo/ros2_control_ws/install/controller_manager/lib:/home/dkflippo/ros2_control_ws/install/range_sensor_broadcaster/lib:/home/dkflippo/ros2_control_ws/install/position_controllers/lib:/home/dkflippo/ros2_control_ws/install/pose_broadcaster/lib:/home/dkflippo/ros2_control_ws/install/pid_controller/lib:/home/dkflippo/ros2_control_ws/install/mecanum_drive_controller/lib:/home/dkflippo/ros2_control_ws/install/joint_trajectory_controller/lib:/home/dkflippo/ros2_control_ws/install/joint_state_broadcaster/lib:/home/dkflippo/ros2_control_ws/install/joint_limits/lib:/home/dkflippo/ros2_control_ws/install/imu_sensor_broadcaster/lib:/home/dkflippo/ros2_control_ws/install/gripper_controllers/lib:/home/dkflippo/ros2_control_ws/install/gpio_controllers/lib:/home/dkflippo/ros2_control_ws/install/effort_controllers/lib:/home/dkflippo/ros2_control_ws/install/forward_command_controller/lib:/home/dkflippo/ros2_control_ws/install/force_torque_sensor_broadcaster/lib:/home/dkflippo/ros2_control_ws/install/diff_drive_controller/lib:/home/dkflippo/ros2_control_ws/install/admittance_controller/lib:/home/dkflippo/ros2_control_ws/install/controller_interface/lib:/home/dkflippo/ros2_control_ws/install/hardware_interface/lib:/home/dkflippo/ros2_control_ws/install/controller_manager_msgs/lib:/usr/lib/x86_64-linux-gnu/gazebo-11/plugins:/opt/ros/humble/opt/rviz_ogre_vendor/lib:/opt/ros/humble/lib/x86_64-linux-gnu:/opt/ros/humble/lib /usr/bin/cmake --build /home/dkflippo/aug2024/build/aug_2024 -- -j12 -l12
[0.098s] -- Found ament_cmake: 1.3.11 (/opt/ros/humble/share/ament_cmake/cmake)
[0.275s] -- Found rclcpp: 16.0.12 (/opt/ros/humble/share/rclcpp/cmake)
[0.310s] -- Found rosidl_generator_c: 3.1.6 (/opt/ros/humble/share/rosidl_generator_c/cmake)
[0.313s] -- Found rosidl_adapter: 3.1.6 (/opt/ros/humble/share/rosidl_adapter/cmake)
[0.319s] -- Found rosidl_generator_cpp: 3.1.6 (/opt/ros/humble/share/rosidl_generator_cpp/cmake)
[0.331s] -- Using all available rosidl_typesupport_c: rosidl_typesupport_fastrtps_c;rosidl_typesupport_introspection_c
[0.345s] -- Using all available rosidl_typesupport_cpp: rosidl_typesupport_fastrtps_cpp;rosidl_typesupport_introspection_cpp
[0.379s] -- Found rmw_implementation_cmake: 6.1.2 (/opt/ros/humble/share/rmw_implementation_cmake/cmake)
[0.381s] -- Found rmw_fastrtps_cpp: 6.2.7 (/opt/ros/humble/share/rmw_fastrtps_cpp/cmake)
[0.567s] -- Using RMW implementation 'rmw_fastrtps_cpp' as default
[0.622s] -- Found sensor_msgs: 4.8.0 (/opt/ros/humble/share/sensor_msgs/cmake)
[0.655s] -- Found robot_state_publisher: 3.0.3 (/opt/ros/humble/share/robot_state_publisher/cmake)
[0.659s] -- Found eigen3_cmake_module: 0.1.1 (/opt/ros/humble/share/eigen3_cmake_module/cmake)
[0.660s] -- Ensuring Eigen3 include directory is part of orocos-kdl CMake target
[0.779s] -- Found xacro: 2.0.13 (/opt/ros/humble/share/xacro/cmake)
[0.780s] -- Found controller_manager: 2.49.0 (/home/dkflippo/ros2_control_ws/install/controller_manager/share/controller_manager/cmake)
[0.874s] -- Found joint_state_broadcaster: 2.43.0 (/home/dkflippo/ros2_control_ws/install/joint_state_broadcaster/share/joint_state_broadcaster/cmake)
[0.897s] -- Found diff_drive_controller: 2.43.0 (/home/dkflippo/ros2_control_ws/install/diff_drive_controller/share/diff_drive_controller/cmake)
[0.930s] -- Found ros2_control: 2.49.0 (/home/dkflippo/ros2_control_ws/install/ros2_control/share/ros2_control/cmake)
[0.930s] -- Found ros2_controllers: 2.43.0 (/home/dkflippo/ros2_control_ws/install/ros2_controllers/share/ros2_controllers/cmake)
[0.930s] -- Found BMC_2024: 0.0.0 (/home/dkflippo/aug2024/install/BMC_2024/share/BMC_2024/cmake)
[0.975s] -- Found DART: /usr/include (Required is at least version "6.6") found components: dart 
[1.011s] -- Found Protobuf: /usr/lib/x86_64-linux-gnu/libprotobuf.so (found version "3.12.4") 
[1.014s] -- Looking for ignition-math6 -- found version 6.15.1
[1.021s] -- Searching for dependencies of ignition-math6
[1.024s] -- Looking for OGRE...
[1.035s] -- Found Ogre Ghadamon (1.9.0)
[1.035s] -- Found OGRE: optimized;/usr/lib/x86_64-linux-gnu/libOgreMain.so;debug;/usr/lib/x86_64-linux-gnu/libOgreMain.so
[1.045s] -- Looking for OGRE_Paging...
[1.045s] -- Found OGRE_Paging: optimized;/usr/lib/x86_64-linux-gnu/libOgrePaging.so;debug;/usr/lib/x86_64-linux-gnu/libOgrePaging.so
[1.045s] -- Looking for OGRE_Terrain...
[1.045s] -- Found OGRE_Terrain: optimized;/usr/lib/x86_64-linux-gnu/libOgreTerrain.so;debug;/usr/lib/x86_64-linux-gnu/libOgreTerrain.so
[1.045s] -- Looking for OGRE_Property...
[1.045s] -- Found OGRE_Property: optimized;/usr/lib/x86_64-linux-gnu/libOgreProperty.so;debug;/usr/lib/x86_64-linux-gnu/libOgreProperty.so
[1.045s] -- Looking for OGRE_RTShaderSystem...
[1.045s] -- Found OGRE_RTShaderSystem: optimized;/usr/lib/x86_64-linux-gnu/libOgreRTShaderSystem.so;debug;/usr/lib/x86_64-linux-gnu/libOgreRTShaderSystem.so
[1.046s] -- Looking for OGRE_Volume...
[1.046s] -- Found OGRE_Volume: optimized;/usr/lib/x86_64-linux-gnu/libOgreVolume.so;debug;/usr/lib/x86_64-linux-gnu/libOgreVolume.so
[1.046s] -- Looking for OGRE_Overlay...
[1.046s] -- Found OGRE_Overlay: optimized;/usr/lib/x86_64-linux-gnu/libOgreOverlay.so;debug;/usr/lib/x86_64-linux-gnu/libOgreOverlay.so
[1.282s] -- Looking for ignition-math6 -- found version 6.15.1
[1.282s] -- Looking for ignition-transport8 -- found version 8.2.1
[1.282s] -- Searching for dependencies of ignition-transport8
[1.314s] -- Found Protobuf: /usr/lib/x86_64-linux-gnu/libprotobuf.so (found suitable version "3.12.4", minimum required is "3") 
[1.335s] -- Config-file not installed for ZeroMQ -- checking for pkg-config
[1.342s] -- Checking for module 'libzmq >= 4'
[1.368s] --   Found libzmq , version 4.3.4
[1.449s] -- Checking for module 'uuid'
[1.475s] --   Found uuid, version 2.37.2
[1.548s] -- Looking for ignition-msgs5 -- found version 5.8.1
[1.548s] -- Searching for dependencies of ignition-msgs5
[1.589s] -- Looking for ignition-math6 -- found version 6.15.1
[1.599s] -- Looking for ignition-msgs5 -- found version 5.8.1
[1.600s] -- Looking for ignition-common3 -- found version 3.14.0
[1.600s] -- Searching for dependencies of ignition-common3
[1.600s] -- Looking for dlfcn.h - found
[1.600s] -- Looking for libdl - found
[1.620s] -- Searching for <ignition-common3> component [graphics]
[1.620s] -- Looking for ignition-common3-graphics -- found version 3.14.0
[1.621s] -- Searching for dependencies of ignition-common3-graphics
[1.621s] -- Looking for ignition-math6 -- found version 6.15.1
[1.622s] -- Looking for ignition-fuel_tools4 -- found version 4.4.0
[1.623s] -- Searching for dependencies of ignition-fuel_tools4
[1.684s] -- Checking for module 'jsoncpp'
[1.716s] --   Found jsoncpp, version 1.9.5
[1.791s] -- Checking for module 'libzip'
[1.823s] --   Found libzip, version 1.7.3
[1.888s] -- Looking for ignition-common3 -- found version 3.14.0
[1.889s] -- Looking for ignition-math6 -- found version 6.15.1
[1.889s] -- Looking for ignition-msgs5 -- found version 5.8.1
[1.891s] -- Gazebo version: 11.10
[1.999s] -- Configuring done
[2.012s] -- Generating done
[2.020s] -- Build files have been written to: /home/dkflippo/aug2024/build/aug_2024
[2.077s] Invoked command in '/home/dkflippo/aug2024/build/aug_2024' returned '0': CMAKE_PREFIX_PATH=/home/dkflippo/aug2024/install/BMC_2024:/home/dkflippo/aug2024/install/gazebo_ros2_control:/home/dkflippo/aug2024/install/sllidar_ros2:/home/dkflippo/aug2024/install/my_robot_nav2:/home/dkflippo/aug2024/install/gazebo_ros2_control_demos:/home/dkflippo/aug2024/install/aug_2024:/home/dkflippo/ros2_control_ws/install/ros2_controllers:/home/dkflippo/ros2_control_ws/install/velocity_controllers:/home/dkflippo/ros2_control_ws/install/tricycle_steering_controller:/home/dkflippo/ros2_control_ws/install/tricycle_controller:/home/dkflippo/ros2_control_ws/install/ros2_control:/home/dkflippo/ros2_control_ws/install/transmission_interface:/home/dkflippo/ros2_control_ws/install/bicycle_steering_controller:/home/dkflippo/ros2_control_ws/install/ackermann_steering_controller:/home/dkflippo/ros2_control_ws/install/steering_controllers_library:/home/dkflippo/ros2_control_ws/install/hardware_interface_testing:/home/dkflippo/ros2_control_ws/install/controller_manager:/home/dkflippo/ros2_control_ws/install/ros2_control_test_assets:/home/dkflippo/ros2_control_ws/install/range_sensor_broadcaster:/home/dkflippo/ros2_control_ws/install/position_controllers:/home/dkflippo/ros2_control_ws/install/pose_broadcaster:/home/dkflippo/ros2_control_ws/install/pid_controller:/home/dkflippo/ros2_control_ws/install/mecanum_drive_controller:/home/dkflippo/ros2_control_ws/install/joint_trajectory_controller:/home/dkflippo/ros2_control_ws/install/joint_state_broadcaster:/home/dkflippo/ros2_control_ws/install/joint_limits:/home/dkflippo/ros2_control_ws/install/imu_sensor_broadcaster:/home/dkflippo/ros2_control_ws/install/gripper_controllers:/home/dkflippo/ros2_control_ws/install/gpio_controllers:/home/dkflippo/ros2_control_ws/install/effort_controllers:/home/dkflippo/ros2_control_ws/install/forward_command_controller:/home/dkflippo/ros2_control_ws/install/force_torque_sensor_broadcaster:/home/dkflippo/ros2_control_ws/install/diff_drive_controller:/home/dkflippo/ros2_control_ws/install/admittance_controller:/home/dkflippo/ros2_control_ws/install/controller_interface:/home/dkflippo/ros2_control_ws/install/hardware_interface:/home/dkflippo/ros2_control_ws/install/controller_manager_msgs:/home/dkflippo/ros2_control_ws/install/rqt_joint_trajectory_controller:/home/dkflippo/ros2_control_ws/install/rqt_controller_manager:/home/dkflippo/ros2_control_ws/install/ros2controlcli:/home/dkflippo/ros2_control_ws/install/ros2_controllers_test_nodes:/opt/ros/humble LD_LIBRARY_PATH=/home/dkflippo/aug2024/install/BMC_2024/lib:/home/dkflippo/aug2024/install/gazebo_ros2_control/lib:/home/dkflippo/ros2_control_ws/install/velocity_controllers/lib:/home/dkflippo/ros2_control_ws/install/tricycle_steering_controller/lib:/home/dkflippo/ros2_control_ws/install/tricycle_controller/lib:/home/dkflippo/ros2_control_ws/install/transmission_interface/lib:/home/dkflippo/ros2_control_ws/install/bicycle_steering_controller/lib:/home/dkflippo/ros2_control_ws/install/ackermann_steering_controller/lib:/home/dkflippo/ros2_control_ws/install/steering_controllers_library/lib:/home/dkflippo/ros2_control_ws/install/hardware_interface_testing/lib:/home/dkflippo/ros2_control_ws/install/controller_manager/lib:/home/dkflippo/ros2_control_ws/install/range_sensor_broadcaster/lib:/home/dkflippo/ros2_control_ws/install/position_controllers/lib:/home/dkflippo/ros2_control_ws/install/pose_broadcaster/lib:/home/dkflippo/ros2_control_ws/install/pid_controller/lib:/home/dkflippo/ros2_control_ws/install/mecanum_drive_controller/lib:/home/dkflippo/ros2_control_ws/install/joint_trajectory_controller/lib:/home/dkflippo/ros2_control_ws/install/joint_state_broadcaster/lib:/home/dkflippo/ros2_control_ws/install/joint_limits/lib:/home/dkflippo/ros2_control_ws/install/imu_sensor_broadcaster/lib:/home/dkflippo/ros2_control_ws/install/gripper_controllers/lib:/home/dkflippo/ros2_control_ws/install/gpio_controllers/lib:/home/dkflippo/ros2_control_ws/install/effort_controllers/lib:/home/dkflippo/ros2_control_ws/install/forward_command_controller/lib:/home/dkflippo/ros2_control_ws/install/force_torque_sensor_broadcaster/lib:/home/dkflippo/ros2_control_ws/install/diff_drive_controller/lib:/home/dkflippo/ros2_control_ws/install/admittance_controller/lib:/home/dkflippo/ros2_control_ws/install/controller_interface/lib:/home/dkflippo/ros2_control_ws/install/hardware_interface/lib:/home/dkflippo/ros2_control_ws/install/controller_manager_msgs/lib:/usr/lib/x86_64-linux-gnu/gazebo-11/plugins:/opt/ros/humble/opt/rviz_ogre_vendor/lib:/opt/ros/humble/lib/x86_64-linux-gnu:/opt/ros/humble/lib /usr/bin/cmake --build /home/dkflippo/aug2024/build/aug_2024 -- -j12 -l12
[2.079s] Invoking command in '/home/dkflippo/aug2024/build/aug_2024': CMAKE_PREFIX_PATH=/home/dkflippo/aug2024/install/BMC_2024:/home/dkflippo/aug2024/install/gazebo_ros2_control:/home/dkflippo/aug2024/install/sllidar_ros2:/home/dkflippo/aug2024/install/my_robot_nav2:/home/dkflippo/aug2024/install/gazebo_ros2_control_demos:/home/dkflippo/aug2024/install/aug_2024:/home/dkflippo/ros2_control_ws/install/ros2_controllers:/home/dkflippo/ros2_control_ws/install/velocity_controllers:/home/dkflippo/ros2_control_ws/install/tricycle_steering_controller:/home/dkflippo/ros2_control_ws/install/tricycle_controller:/home/dkflippo/ros2_control_ws/install/ros2_control:/home/dkflippo/ros2_control_ws/install/transmission_interface:/home/dkflippo/ros2_control_ws/install/bicycle_steering_controller:/home/dkflippo/ros2_control_ws/install/ackermann_steering_controller:/home/dkflippo/ros2_control_ws/install/steering_controllers_library:/home/dkflippo/ros2_control_ws/install/hardware_interface_testing:/home/dkflippo/ros2_control_ws/install/controller_manager:/home/dkflippo/ros2_control_ws/install/ros2_control_test_assets:/home/dkflippo/ros2_control_ws/install/range_sensor_broadcaster:/home/dkflippo/ros2_control_ws/install/position_controllers:/home/dkflippo/ros2_control_ws/install/pose_broadcaster:/home/dkflippo/ros2_control_ws/install/pid_controller:/home/dkflippo/ros2_control_ws/install/mecanum_drive_controller:/home/dkflippo/ros2_control_ws/install/joint_trajectory_controller:/home/dkflippo/ros2_control_ws/install/joint_state_broadcaster:/home/dkflippo/ros2_control_ws/install/joint_limits:/home/dkflippo/ros2_control_ws/install/imu_sensor_broadcaster:/home/dkflippo/ros2_control_ws/install/gripper_controllers:/home/dkflippo/ros2_control_ws/install/gpio_controllers:/home/dkflippo/ros2_control_ws/install/effort_controllers:/home/dkflippo/ros2_control_ws/install/forward_command_controller:/home/dkflippo/ros2_control_ws/install/force_torque_sensor_broadcaster:/home/dkflippo/ros2_control_ws/install/diff_drive_controller:/home/dkflippo/ros2_control_ws/install/admittance_controller:/home/dkflippo/ros2_control_ws/install/controller_interface:/home/dkflippo/ros2_control_ws/install/hardware_interface:/home/dkflippo/ros2_control_ws/install/controller_manager_msgs:/home/dkflippo/ros2_control_ws/install/rqt_joint_trajectory_controller:/home/dkflippo/ros2_control_ws/install/rqt_controller_manager:/home/dkflippo/ros2_control_ws/install/ros2controlcli:/home/dkflippo/ros2_control_ws/install/ros2_controllers_test_nodes:/opt/ros/humble LD_LIBRARY_PATH=/home/dkflippo/aug2024/install/BMC_2024/lib:/home/dkflippo/aug2024/install/gazebo_ros2_control/lib:/home/dkflippo/ros2_control_ws/install/velocity_controllers/lib:/home/dkflippo/ros2_control_ws/install/tricycle_steering_controller/lib:/home/dkflippo/ros2_control_ws/install/tricycle_controller/lib:/home/dkflippo/ros2_control_ws/install/transmission_interface/lib:/home/dkflippo/ros2_control_ws/install/bicycle_steering_controller/lib:/home/dkflippo/ros2_control_ws/install/ackermann_steering_controller/lib:/home/dkflippo/ros2_control_ws/install/steering_controllers_library/lib:/home/dkflippo/ros2_control_ws/install/hardware_interface_testing/lib:/home/dkflippo/ros2_control_ws/install/controller_manager/lib:/home/dkflippo/ros2_control_ws/install/range_sensor_broadcaster/lib:/home/dkflippo/ros2_control_ws/install/position_controllers/lib:/home/dkflippo/ros2_control_ws/install/pose_broadcaster/lib:/home/dkflippo/ros2_control_ws/install/pid_controller/lib:/home/dkflippo/ros2_control_ws/install/mecanum_drive_controller/lib:/home/dkflippo/ros2_control_ws/install/joint_trajectory_controller/lib:/home/dkflippo/ros2_control_ws/install/joint_state_broadcaster/lib:/home/dkflippo/ros2_control_ws/install/joint_limits/lib:/home/dkflippo/ros2_control_ws/install/imu_sensor_broadcaster/lib:/home/dkflippo/ros2_control_ws/install/gripper_controllers/lib:/home/dkflippo/ros2_control_ws/install/gpio_controllers/lib:/home/dkflippo/ros2_control_ws/install/effort_controllers/lib:/home/dkflippo/ros2_control_ws/install/forward_command_controller/lib:/home/dkflippo/ros2_control_ws/install/force_torque_sensor_broadcaster/lib:/home/dkflippo/ros2_control_ws/install/diff_drive_controller/lib:/home/dkflippo/ros2_control_ws/install/admittance_controller/lib:/home/dkflippo/ros2_control_ws/install/controller_interface/lib:/home/dkflippo/ros2_control_ws/install/hardware_interface/lib:/home/dkflippo/ros2_control_ws/install/controller_manager_msgs/lib:/usr/lib/x86_64-linux-gnu/gazebo-11/plugins:/opt/ros/humble/opt/rviz_ogre_vendor/lib:/opt/ros/humble/lib/x86_64-linux-gnu:/opt/ros/humble/lib /usr/bin/cmake --install /home/dkflippo/aug2024/build/aug_2024
[2.093s] -- Install configuration: ""
[2.093s] -- Up-to-date: /home/dkflippo/aug2024/install/aug_2024/share/aug_2024//config
[2.093s] -- Up-to-date: /home/dkflippo/aug2024/install/aug_2024/share/aug_2024//config/nav2_params.yaml
[2.093s] -- Up-to-date: /home/dkflippo/aug2024/install/aug_2024/share/aug_2024//config/backup
[2.093s] -- Up-to-date: /home/dkflippo/aug2024/install/aug_2024/share/aug_2024//config/backup/map1.pgm
[2.093s] -- Up-to-date: /home/dkflippo/aug2024/install/aug_2024/share/aug_2024//config/backup/map1.yaml
[2.093s] -- Up-to-date: /home/dkflippo/aug2024/install/aug_2024/share/aug_2024//config/amcl_config.yaml
[2.094s] -- Up-to-date: /home/dkflippo/aug2024/install/aug_2024/share/aug_2024//config/map1.pgm
[2.094s] -- Up-to-date: /home/dkflippo/aug2024/install/aug_2024/share/aug_2024//config/twist_mux.yaml
[2.094s] -- Up-to-date: /home/dkflippo/aug2024/install/aug_2024/share/aug_2024//config/map1.yaml
[2.094s] -- Up-to-date: /home/dkflippo/aug2024/install/aug_2024/share/aug_2024//config/gazebo_ros2_control_params.yaml
[2.094s] -- Installing: /home/dkflippo/aug2024/install/aug_2024/share/aug_2024//config/flippo_controllers.yaml
[2.094s] -- Up-to-date: /home/dkflippo/aug2024/install/aug_2024/share/aug_2024//config/ekf.yaml
[2.095s] -- Up-to-date: /home/dkflippo/aug2024/install/aug_2024/share/aug_2024//description
[2.095s] -- Up-to-date: /home/dkflippo/aug2024/install/aug_2024/share/aug_2024//description/launch
[2.095s] -- Up-to-date: /home/dkflippo/aug2024/install/aug_2024/share/aug_2024//description/config
[2.095s] -- Up-to-date: /home/dkflippo/aug2024/install/aug_2024/share/aug_2024//description/config/aug_2024_joint_names.yaml
[2.095s] -- Up-to-date: /home/dkflippo/aug2024/install/aug_2024/share/aug_2024//description/config/ekf.yaml
[2.095s] -- Up-to-date: /home/dkflippo/aug2024/install/aug_2024/share/aug_2024//description/urdf
[2.095s] -- Up-to-date: /home/dkflippo/aug2024/install/aug_2024/share/aug_2024//description/urdf/aug_2024-cast.urdf
[2.095s] -- Installing: /home/dkflippo/aug2024/install/aug_2024/share/aug_2024//description/urdf/aug_2024-nocaster.urdf
[2.096s] -- Up-to-date: /home/dkflippo/aug2024/install/aug_2024/share/aug_2024//description/urdf/aug_2024-1.xacro
[2.096s] -- Up-to-date: /home/dkflippo/aug2024/install/aug_2024/share/aug_2024//description/urdf/aug_2024_old.xacro
[2.096s] -- Up-to-date: /home/dkflippo/aug2024/install/aug_2024/share/aug_2024//description/urdf/aug_2024.urdf
[2.096s] -- Up-to-date: /home/dkflippo/aug2024/install/aug_2024/share/aug_2024//description/urdf/aug_2024 _no_caster.xacro
[2.096s] -- Up-to-date: /home/dkflippo/aug2024/install/aug_2024/share/aug_2024//description/rviz
[2.096s] -- Up-to-date: /home/dkflippo/aug2024/install/aug_2024/share/aug_2024//description/rviz/urdf_config.rviz
[2.097s] -- Up-to-date: /home/dkflippo/aug2024/install/aug_2024/share/aug_2024//description/meshes
[2.097s] -- Up-to-date: /home/dkflippo/aug2024/install/aug_2024/share/aug_2024//description/meshes/rear_right_wheel_link.STL
[2.097s] -- Up-to-date: /home/dkflippo/aug2024/install/aug_2024/share/aug_2024//description/meshes/front_right_wheel_link.STL
[2.097s] -- Up-to-date: /home/dkflippo/aug2024/install/aug_2024/share/aug_2024//description/meshes/rear_left_wheel_link.STL
[2.097s] -- Up-to-date: /home/dkflippo/aug2024/install/aug_2024/share/aug_2024//description/meshes/front_left_wheel_link.STL
[2.097s] -- Up-to-date: /home/dkflippo/aug2024/install/aug_2024/share/aug_2024//description/meshes/chassis_link.STL
[2.097s] -- Up-to-date: /home/dkflippo/aug2024/install/aug_2024/share/aug_2024//launch
[2.098s] -- Up-to-date: /home/dkflippo/aug2024/install/aug_2024/share/aug_2024//launch/aug_2024_launch.py
[2.098s] -- Up-to-date: /home/dkflippo/aug2024/install/aug_2024/share/aug_2024//launch/aug_2024_sim_launch.py
[2.098s] -- Up-to-date: /home/dkflippo/aug2024/install/aug_2024/share/aug_2024//launch/aug_2024_rospi_launch.py
[2.098s] -- Up-to-date: /home/dkflippo/aug2024/install/aug_2024/share/aug_2024//launch/sllidar_a2m12_launch .py
[2.098s] -- Up-to-date: /home/dkflippo/aug2024/install/aug_2024/share/aug_2024//launch/aug_2024_sim_launch1.py
[2.098s] -- Up-to-date: /home/dkflippo/aug2024/install/aug_2024/share/aug_2024//launch/ros2_control_debug.launch.py
[2.098s] -- Up-to-date: /home/dkflippo/aug2024/install/aug_2024/share/aug_2024//worlds
[2.098s] -- Up-to-date: /home/dkflippo/aug2024/install/aug_2024/share/aug_2024//worlds/usda_rough_dim.sdf
[2.099s] -- Up-to-date: /home/dkflippo/aug2024/install/aug_2024/share/aug_2024//worlds/gaz_goof_001
[2.099s] -- Up-to-date: /home/dkflippo/aug2024/install/aug_2024/share/aug_2024//worlds/usda_build_full
[2.099s] -- Up-to-date: /home/dkflippo/aug2024/install/aug_2024/share/aug_2024//worlds/usda_build_full/model.config
[2.099s] -- Up-to-date: /home/dkflippo/aug2024/install/aug_2024/share/aug_2024//worlds/usda_build_full/model.sdf
[2.099s] -- Installing: /home/dkflippo/aug2024/install/aug_2024/share/ament_index/resource_index/package_run_dependencies/aug_2024
[2.099s] -- Up-to-date: /home/dkflippo/aug2024/install/aug_2024/share/ament_index/resource_index/parent_prefix_path/aug_2024
[2.099s] -- Up-to-date: /home/dkflippo/aug2024/install/aug_2024/share/aug_2024/environment/ament_prefix_path.sh
[2.099s] -- Installing: /home/dkflippo/aug2024/install/aug_2024/share/aug_2024/environment/ament_prefix_path.dsv
[2.100s] -- Up-to-date: /home/dkflippo/aug2024/install/aug_2024/share/aug_2024/environment/path.sh
[2.101s] -- Installing: /home/dkflippo/aug2024/install/aug_2024/share/aug_2024/environment/path.dsv
[2.101s] -- Up-to-date: /home/dkflippo/aug2024/install/aug_2024/share/aug_2024/local_setup.bash
[2.101s] -- Up-to-date: /home/dkflippo/aug2024/install/aug_2024/share/aug_2024/local_setup.sh
[2.101s] -- Up-to-date: /home/dkflippo/aug2024/install/aug_2024/share/aug_2024/local_setup.zsh
[2.101s] -- Installing: /home/dkflippo/aug2024/install/aug_2024/share/aug_2024/local_setup.dsv
[2.101s] -- Installing: /home/dkflippo/aug2024/install/aug_2024/share/aug_2024/package.dsv
[2.102s] -- Up-to-date: /home/dkflippo/aug2024/install/aug_2024/share/ament_index/resource_index/packages/aug_2024
[2.102s] -- Up-to-date: /home/dkflippo/aug2024/install/aug_2024/share/aug_2024/cmake/aug_2024Config.cmake
[2.102s] -- Up-to-date: /home/dkflippo/aug2024/install/aug_2024/share/aug_2024/cmake/aug_2024Config-version.cmake
[2.102s] -- Installing: /home/dkflippo/aug2024/install/aug_2024/share/aug_2024/package.xml
[2.102s] Invoked command in '/home/dkflippo/aug2024/build/aug_2024' returned '0': CMAKE_PREFIX_PATH=/home/dkflippo/aug2024/install/BMC_2024:/home/dkflippo/aug2024/install/gazebo_ros2_control:/home/dkflippo/aug2024/install/sllidar_ros2:/home/dkflippo/aug2024/install/my_robot_nav2:/home/dkflippo/aug2024/install/gazebo_ros2_control_demos:/home/dkflippo/aug2024/install/aug_2024:/home/dkflippo/ros2_control_ws/install/ros2_controllers:/home/dkflippo/ros2_control_ws/install/velocity_controllers:/home/dkflippo/ros2_control_ws/install/tricycle_steering_controller:/home/dkflippo/ros2_control_ws/install/tricycle_controller:/home/dkflippo/ros2_control_ws/install/ros2_control:/home/dkflippo/ros2_control_ws/install/transmission_interface:/home/dkflippo/ros2_control_ws/install/bicycle_steering_controller:/home/dkflippo/ros2_control_ws/install/ackermann_steering_controller:/home/dkflippo/ros2_control_ws/install/steering_controllers_library:/home/dkflippo/ros2_control_ws/install/hardware_interface_testing:/home/dkflippo/ros2_control_ws/install/controller_manager:/home/dkflippo/ros2_control_ws/install/ros2_control_test_assets:/home/dkflippo/ros2_control_ws/install/range_sensor_broadcaster:/home/dkflippo/ros2_control_ws/install/position_controllers:/home/dkflippo/ros2_control_ws/install/pose_broadcaster:/home/dkflippo/ros2_control_ws/install/pid_controller:/home/dkflippo/ros2_control_ws/install/mecanum_drive_controller:/home/dkflippo/ros2_control_ws/install/joint_trajectory_controller:/home/dkflippo/ros2_control_ws/install/joint_state_broadcaster:/home/dkflippo/ros2_control_ws/install/joint_limits:/home/dkflippo/ros2_control_ws/install/imu_sensor_broadcaster:/home/dkflippo/ros2_control_ws/install/gripper_controllers:/home/dkflippo/ros2_control_ws/install/gpio_controllers:/home/dkflippo/ros2_control_ws/install/effort_controllers:/home/dkflippo/ros2_control_ws/install/forward_command_controller:/home/dkflippo/ros2_control_ws/install/force_torque_sensor_broadcaster:/home/dkflippo/ros2_control_ws/install/diff_drive_controller:/home/dkflippo/ros2_control_ws/install/admittance_controller:/home/dkflippo/ros2_control_ws/install/controller_interface:/home/dkflippo/ros2_control_ws/install/hardware_interface:/home/dkflippo/ros2_control_ws/install/controller_manager_msgs:/home/dkflippo/ros2_control_ws/install/rqt_joint_trajectory_controller:/home/dkflippo/ros2_control_ws/install/rqt_controller_manager:/home/dkflippo/ros2_control_ws/install/ros2controlcli:/home/dkflippo/ros2_control_ws/install/ros2_controllers_test_nodes:/opt/ros/humble LD_LIBRARY_PATH=/home/dkflippo/aug2024/install/BMC_2024/lib:/home/dkflippo/aug2024/install/gazebo_ros2_control/lib:/home/dkflippo/ros2_control_ws/install/velocity_controllers/lib:/home/dkflippo/ros2_control_ws/install/tricycle_steering_controller/lib:/home/dkflippo/ros2_control_ws/install/tricycle_controller/lib:/home/dkflippo/ros2_control_ws/install/transmission_interface/lib:/home/dkflippo/ros2_control_ws/install/bicycle_steering_controller/lib:/home/dkflippo/ros2_control_ws/install/ackermann_steering_controller/lib:/home/dkflippo/ros2_control_ws/install/steering_controllers_library/lib:/home/dkflippo/ros2_control_ws/install/hardware_interface_testing/lib:/home/dkflippo/ros2_control_ws/install/controller_manager/lib:/home/dkflippo/ros2_control_ws/install/range_sensor_broadcaster/lib:/home/dkflippo/ros2_control_ws/install/position_controllers/lib:/home/dkflippo/ros2_control_ws/install/pose_broadcaster/lib:/home/dkflippo/ros2_control_ws/install/pid_controller/lib:/home/dkflippo/ros2_control_ws/install/mecanum_drive_controller/lib:/home/dkflippo/ros2_control_ws/install/joint_trajectory_controller/lib:/home/dkflippo/ros2_control_ws/install/joint_state_broadcaster/lib:/home/dkflippo/ros2_control_ws/install/joint_limits/lib:/home/dkflippo/ros2_control_ws/install/imu_sensor_broadcaster/lib:/home/dkflippo/ros2_control_ws/install/gripper_controllers/lib:/home/dkflippo/ros2_control_ws/install/gpio_controllers/lib:/home/dkflippo/ros2_control_ws/install/effort_controllers/lib:/home/dkflippo/ros2_control_ws/install/forward_command_controller/lib:/home/dkflippo/ros2_control_ws/install/force_torque_sensor_broadcaster/lib:/home/dkflippo/ros2_control_ws/install/diff_drive_controller/lib:/home/dkflippo/ros2_control_ws/install/admittance_controller/lib:/home/dkflippo/ros2_control_ws/install/controller_interface/lib:/home/dkflippo/ros2_control_ws/install/hardware_interface/lib:/home/dkflippo/ros2_control_ws/install/controller_manager_msgs/lib:/usr/lib/x86_64-linux-gnu/gazebo-11/plugins:/opt/ros/humble/opt/rviz_ogre_vendor/lib:/opt/ros/humble/lib/x86_64-linux-gnu:/opt/ros/humble/lib /usr/bin/cmake --install /home/dkflippo/aug2024/build/aug_2024
