[0.043s] Invoking command in '/home/dkflippo/aug2024/build/BMC_2024': CMAKE_PREFIX_PATH=${CMAKE_PREFIX_PATH}:/home/dkflippo/ros2_control_ws/install/rqt_joint_trajectory_controller:/home/dkflippo/ros2_control_ws/install/rqt_controller_manager:/home/dkflippo/ros2_control_ws/install/ros2controlcli:/home/dkflippo/ros2_control_ws/install/ros2_controllers_test_nodes:/opt/ros/humble /usr/bin/cmake --build /home/dkflippo/aug2024/build/BMC_2024 -- -j12 -l12
[0.096s] -- Found ament_cmake: 1.3.11 (/opt/ros/humble/share/ament_cmake/cmake)
[0.319s] -- Found hardware_interface: 2.49.0 (/home/dkflippo/ros2_control_ws/install/hardware_interface/share/hardware_interface/cmake)
[0.371s] -- Found rosidl_generator_c: 3.1.6 (/opt/ros/humble/share/rosidl_generator_c/cmake)
[0.374s] -- Found rosidl_adapter: 3.1.6 (/opt/ros/humble/share/rosidl_adapter/cmake)
[0.385s] -- Found rosidl_generator_cpp: 3.1.6 (/opt/ros/humble/share/rosidl_generator_cpp/cmake)
[0.418s] -- Using all available rosidl_typesupport_c: rosidl_typesupport_fastrtps_c;rosidl_typesupport_introspection_c
[0.458s] -- Using all available rosidl_typesupport_cpp: rosidl_typesupport_fastrtps_cpp;rosidl_typesupport_introspection_cpp
[0.730s] -- Found rmw_implementation_cmake: 6.1.2 (/opt/ros/humble/share/rmw_implementation_cmake/cmake)
[0.735s] -- Found rmw_fastrtps_cpp: 6.2.7 (/opt/ros/humble/share/rmw_fastrtps_cpp/cmake)
[0.762s] -- Found TinyXML2 via Config file: TinyXML2_DIR-NOTFOUND
[0.773s] -- Found TinyXML2 via Config file: TinyXML2_DIR-NOTFOUND
[0.791s] -- Found TinyXML2 via Config file: TinyXML2_DIR-NOTFOUND
[0.800s] -- Found TinyXML2 via Config file: TinyXML2_DIR-NOTFOUND
[0.812s] -- Using RMW implementation 'rmw_fastrtps_cpp' as default
[0.939s] WARNING: Package name "BMC_2024" does not follow the naming conventions. It should start with a lower case letter and only contain lower case letters, digits, underscores, and dashes.
[0.955s] -- Configuring done
[1.001s] -- Generating done
[1.007s] -- Build files have been written to: /home/dkflippo/aug2024/build/BMC_2024
[1.054s] [35m[1mConsolidate compiler generated dependencies of target BMC_2024[0m
[1.086s] [ 66%] [32mBuilding CXX object CMakeFiles/BMC_2024.dir/src/bmc_comms.cpp.o[0m
[1.086s] [ 66%] [32mBuilding CXX object CMakeFiles/BMC_2024.dir/src/aug_2024_system.cpp.o[0m
[3.621s] [01m[K/home/dkflippo/aug2024/src/BMC_2024/src/aug_2024_system.cpp:[m[K In member function ‘[01m[Kvirtual hardware_interface::return_type BMC_2024::AUG2024Hardware::read(const rclcpp::Time&, const rclcpp::Duration&)[m[K’:
[3.621s] [01m[K/home/dkflippo/aug2024/src/BMC_2024/src/aug_2024_system.cpp:278:59:[m[K [01;35m[Kwarning: [m[Kunused parameter ‘[01m[Kperiod[m[K’ [[01;35m[K]8;;https://gcc.gnu.org/onlinedocs/gcc/Warning-Options.html#index-Wunused-parameter-Wunused-parameter]8;;[m[K]
[3.621s]   278 |   const rclcpp::Time & /*time*/, [01;35m[Kconst rclcpp::Duration & period[m[K)
[3.621s]       |                                  [01;35m[K~~~~~~~~~~~~~~~~~~~~~~~~~^~~~~~[m[K
[4.623s] [100%] [32m[1mLinking CXX shared library libBMC_2024.so[0m
[4.827s] [100%] Built target BMC_2024
[4.845s] Invoked command in '/home/dkflippo/aug2024/build/BMC_2024' returned '0': CMAKE_PREFIX_PATH=${CMAKE_PREFIX_PATH}:/home/dkflippo/ros2_control_ws/install/rqt_joint_trajectory_controller:/home/dkflippo/ros2_control_ws/install/rqt_controller_manager:/home/dkflippo/ros2_control_ws/install/ros2controlcli:/home/dkflippo/ros2_control_ws/install/ros2_controllers_test_nodes:/opt/ros/humble /usr/bin/cmake --build /home/dkflippo/aug2024/build/BMC_2024 -- -j12 -l12
[4.846s] Invoking command in '/home/dkflippo/aug2024/build/BMC_2024': CMAKE_PREFIX_PATH=${CMAKE_PREFIX_PATH}:/home/dkflippo/ros2_control_ws/install/rqt_joint_trajectory_controller:/home/dkflippo/ros2_control_ws/install/rqt_controller_manager:/home/dkflippo/ros2_control_ws/install/ros2controlcli:/home/dkflippo/ros2_control_ws/install/ros2_controllers_test_nodes:/opt/ros/humble /usr/bin/cmake --install /home/dkflippo/aug2024/build/BMC_2024
[4.862s] -- Install configuration: ""
[4.862s] -- Installing: /home/dkflippo/aug2024/install/BMC_2024/lib/libBMC_2024.so
[4.864s] -- Set runtime path of "/home/dkflippo/aug2024/install/BMC_2024/lib/libBMC_2024.so" to ""
[4.864s] -- Up-to-date: /home/dkflippo/aug2024/install/BMC_2024/include
[4.864s] -- Up-to-date: /home/dkflippo/aug2024/install/BMC_2024/include/BMC_2024
[4.864s] -- Up-to-date: /home/dkflippo/aug2024/install/BMC_2024/include/BMC_2024/aug_2024_system.hpp
[4.864s] -- Up-to-date: /home/dkflippo/aug2024/install/BMC_2024/include/BMC_2024/visibility_control.h
[4.864s] -- Up-to-date: /home/dkflippo/aug2024/install/BMC_2024/include/BMC_2024/bmc_comms.hpp
[4.864s] -- Up-to-date: /home/dkflippo/aug2024/install/BMC_2024/share/BMC_2024/aug_2024_hardware.xml
[4.864s] -- Up-to-date: /home/dkflippo/aug2024/install/BMC_2024/lib/libBMC_2024.so
[4.864s] -- Up-to-date: /home/dkflippo/aug2024/install/BMC_2024/share/BMC_2024/environment/library_path.sh
[4.865s] -- Installing: /home/dkflippo/aug2024/install/BMC_2024/share/BMC_2024/environment/library_path.dsv
[4.865s] -- Installing: /home/dkflippo/aug2024/install/BMC_2024/share/ament_index/resource_index/package_run_dependencies/BMC_2024
[4.865s] -- Up-to-date: /home/dkflippo/aug2024/install/BMC_2024/share/ament_index/resource_index/parent_prefix_path/BMC_2024
[4.865s] -- Up-to-date: /home/dkflippo/aug2024/install/BMC_2024/share/BMC_2024/environment/ament_prefix_path.sh
[4.865s] -- Installing: /home/dkflippo/aug2024/install/BMC_2024/share/BMC_2024/environment/ament_prefix_path.dsv
[4.865s] -- Up-to-date: /home/dkflippo/aug2024/install/BMC_2024/share/BMC_2024/environment/path.sh
[4.865s] -- Installing: /home/dkflippo/aug2024/install/BMC_2024/share/BMC_2024/environment/path.dsv
[4.866s] -- Up-to-date: /home/dkflippo/aug2024/install/BMC_2024/share/BMC_2024/local_setup.bash
[4.866s] -- Up-to-date: /home/dkflippo/aug2024/install/BMC_2024/share/BMC_2024/local_setup.sh
[4.866s] -- Up-to-date: /home/dkflippo/aug2024/install/BMC_2024/share/BMC_2024/local_setup.zsh
[4.866s] -- Installing: /home/dkflippo/aug2024/install/BMC_2024/share/BMC_2024/local_setup.dsv
[4.866s] -- Installing: /home/dkflippo/aug2024/install/BMC_2024/share/BMC_2024/package.dsv
[4.866s] -- Up-to-date: /home/dkflippo/aug2024/install/BMC_2024/share/ament_index/resource_index/packages/BMC_2024
[4.866s] -- Up-to-date: /home/dkflippo/aug2024/install/BMC_2024/share/ament_index/resource_index/hardware_interface__pluginlib__plugin/BMC_2024
[4.867s] -- Up-to-date: /home/dkflippo/aug2024/install/BMC_2024/share/BMC_2024/cmake/ament_cmake_export_include_directories-extras.cmake
[4.867s] -- Up-to-date: /home/dkflippo/aug2024/install/BMC_2024/share/BMC_2024/cmake/ament_cmake_export_libraries-extras.cmake
[4.867s] -- Up-to-date: /home/dkflippo/aug2024/install/BMC_2024/share/BMC_2024/cmake/ament_cmake_export_dependencies-extras.cmake
[4.867s] -- Up-to-date: /home/dkflippo/aug2024/install/BMC_2024/share/BMC_2024/cmake/BMC_2024Config.cmake
[4.867s] -- Up-to-date: /home/dkflippo/aug2024/install/BMC_2024/share/BMC_2024/cmake/BMC_2024Config-version.cmake
[4.867s] -- Installing: /home/dkflippo/aug2024/install/BMC_2024/share/BMC_2024/package.xml
[4.870s] Invoked command in '/home/dkflippo/aug2024/build/BMC_2024' returned '0': CMAKE_PREFIX_PATH=${CMAKE_PREFIX_PATH}:/home/dkflippo/ros2_control_ws/install/rqt_joint_trajectory_controller:/home/dkflippo/ros2_control_ws/install/rqt_controller_manager:/home/dkflippo/ros2_control_ws/install/ros2controlcli:/home/dkflippo/ros2_control_ws/install/ros2_controllers_test_nodes:/opt/ros/humble /usr/bin/cmake --install /home/dkflippo/aug2024/build/BMC_2024
