-- Found ament_cmake: 1.3.11 (/opt/ros/humble/share/ament_cmake/cmake)
-- Found rclcpp: 16.0.12 (/opt/ros/humble/share/rclcpp/cmake)
-- Found rosidl_generator_c: 3.1.6 (/opt/ros/humble/share/rosidl_generator_c/cmake)
-- Found rosidl_adapter: 3.1.6 (/opt/ros/humble/share/rosidl_adapter/cmake)
-- Found rosidl_generator_cpp: 3.1.6 (/opt/ros/humble/share/rosidl_generator_cpp/cmake)
-- Using all available rosidl_typesupport_c: rosidl_typesupport_fastrtps_c;rosidl_typesupport_introspection_c
-- Using all available rosidl_typesupport_cpp: rosidl_typesupport_fastrtps_cpp;rosidl_typesupport_introspection_cpp
-- Found rmw_implementation_cmake: 6.1.2 (/opt/ros/humble/share/rmw_implementation_cmake/cmake)
-- Found rmw_fastrtps_cpp: 6.2.7 (/opt/ros/humble/share/rmw_fastrtps_cpp/cmake)
-- Using RMW implementation 'rmw_fastrtps_cpp' as default
-- Found sensor_msgs: 4.8.0 (/opt/ros/humble/share/sensor_msgs/cmake)
-- Found robot_state_publisher: 3.0.3 (/opt/ros/humble/share/robot_state_publisher/cmake)
-- Found eigen3_cmake_module: 0.1.1 (/opt/ros/humble/share/eigen3_cmake_module/cmake)
-- Ensuring Eigen3 include directory is part of orocos-kdl CMake target
-- Found xacro: 2.0.13 (/opt/ros/humble/share/xacro/cmake)
-- Found controller_manager: 2.49.0 (/opt/ros/humble/share/controller_manager/cmake)
-- Found joint_state_broadcaster: 2.43.0 (/opt/ros/humble/share/joint_state_broadcaster/cmake)
-- Found diff_drive_controller: 2.43.0 (/opt/ros/humble/share/diff_drive_controller/cmake)
-- Found ros2_control: 2.49.0 (/opt/ros/humble/share/ros2_control/cmake)
-- Found ros2_controllers: 2.43.0 (/opt/ros/humble/share/ros2_controllers/cmake)
-- Found BMC_2024: 0.0.0 (/home/rospi/aug_2024/install/BMC_2024/share/BMC_2024/cmake)
[31mCMake Error at /home/rospi/aug_2024/install/BMC_2024/share/BMC_2024/cmake/ament_cmake_export_dependencies-extras.cmake:21 (find_package):
  By not providing "Findgazebo_ros2_control.cmake" in CMAKE_MODULE_PATH this
  project has asked CMake to find a package configuration file provided by
  "gazebo_ros2_control", but CMake did not find one.

  Could not find a package configuration file provided by
  "gazebo_ros2_control" with any of the following names:

    gazebo_ros2_controlConfig.cmake
    gazebo_ros2_control-config.cmake

  Add the installation prefix of "gazebo_ros2_control" to CMAKE_PREFIX_PATH
  or set "gazebo_ros2_control_DIR" to a directory containing one of the above
  files.  If "gazebo_ros2_control" provides a separate development package or
  SDK, be sure it has been installed.
Call Stack (most recent call first):
  /home/rospi/aug_2024/install/BMC_2024/share/BMC_2024/cmake/BMC_2024Config.cmake:41 (include)
  CMakeLists.txt:31 (find_package)

[0m
-- Configuring incomplete, errors occurred!
See also "/home/rospi/aug_2024/build/aug_2024/CMakeFiles/CMakeOutput.log".
gmake: *** [Makefile:226: cmake_check_build_system] Error 1
