[0.140s] Invoking command in '/home/rospi/aug_2024/build/BMC_2024': CMAKE_PREFIX_PATH=${CMAKE_PREFIX_PATH}:/opt/ros/humble /usr/bin/cmake /home/rospi/aug_2024/src/BMC_2024 -DCMAKE_INSTALL_PREFIX=/home/rospi/aug_2024/install/BMC_2024
[0.212s] -- Found ament_cmake: 1.3.11 (/opt/ros/humble/share/ament_cmake/cmake)
[0.963s] -- Found hardware_interface: 2.49.0 (/opt/ros/humble/share/hardware_interface/cmake)
[1.158s] -- Found rosidl_generator_c: 3.1.6 (/opt/ros/humble/share/rosidl_generator_c/cmake)
[1.171s] -- Found rosidl_adapter: 3.1.6 (/opt/ros/humble/share/rosidl_adapter/cmake)
[1.200s] -- Found rosidl_generator_cpp: 3.1.6 (/opt/ros/humble/share/rosidl_generator_cpp/cmake)
[1.247s] -- Using all available rosidl_typesupport_c: rosidl_typesupport_fastrtps_c;rosidl_typesupport_introspection_c
[1.308s] -- Using all available rosidl_typesupport_cpp: rosidl_typesupport_fastrtps_cpp;rosidl_typesupport_introspection_cpp
[2.314s] -- Found rmw_implementation_cmake: 6.1.2 (/opt/ros/humble/share/rmw_implementation_cmake/cmake)
[2.321s] -- Found rmw_fastrtps_cpp: 6.2.7 (/opt/ros/humble/share/rmw_fastrtps_cpp/cmake)
[2.411s] -- Found TinyXML2 via Config file: TinyXML2_DIR-NOTFOUND
[2.446s] -- Found TinyXML2 via Config file: TinyXML2_DIR-NOTFOUND
[2.539s] -- Found TinyXML2 via Config file: TinyXML2_DIR-NOTFOUND
[2.573s] -- Found TinyXML2 via Config file: TinyXML2_DIR-NOTFOUND
[2.612s] -- Using RMW implementation 'rmw_fastrtps_cpp' as default
[2.819s] -- Found sllidar_ros2: 1.0.1 (/home/rospi/aug_2024/install/sllidar_ros2/share/sllidar_ros2/cmake)
[2.832s] [33mCMake Warning at /home/rospi/aug_2024/install/sllidar_ros2/share/sllidar_ros2/cmake/ament_cmake_export_include_directories-extras.cmake:11 (message):
[2.832s]   Package 'sllidar_ros2' exports the include directory
[2.832s]   '/home/rospi/aug_2024/install/sllidar_ros2/share/sllidar_ros2/cmake/../../../include'
[2.833s]   which doesn't exist
[2.833s] Call Stack (most recent call first):
[2.833s]   /home/rospi/aug_2024/install/sllidar_ros2/share/sllidar_ros2/cmake/sllidar_ros2Config.cmake:41 (include)
[2.834s]   CMakeLists.txt:19 (find_package)
[2.834s] 
[2.835s] [0m
[3.133s] WARNING: Package name "BMC_2024" does not follow the naming conventions. It should start with a lower case letter and only contain lower case letters, digits, underscores, and dashes.
[3.214s] -- Configuring done
[3.405s] -- Generating done
[3.428s] -- Build files have been written to: /home/rospi/aug_2024/build/BMC_2024
[3.462s] Invoked command in '/home/rospi/aug_2024/build/BMC_2024' returned '0': CMAKE_PREFIX_PATH=${CMAKE_PREFIX_PATH}:/opt/ros/humble /usr/bin/cmake /home/rospi/aug_2024/src/BMC_2024 -DCMAKE_INSTALL_PREFIX=/home/rospi/aug_2024/install/BMC_2024
[3.471s] Invoking command in '/home/rospi/aug_2024/build/BMC_2024': CMAKE_PREFIX_PATH=${CMAKE_PREFIX_PATH}:/opt/ros/humble /usr/bin/cmake --build /home/rospi/aug_2024/build/BMC_2024 -- -j4 -l4
[3.692s] [ 33%] [32mBuilding CXX object CMakeFiles/BMC_2024.dir/src/aug_2024_system.cpp.o[0m
[3.694s] [ 66%] [32mBuilding CXX object CMakeFiles/BMC_2024.dir/src/bmc_comms.cpp.o[0m
[17.264s] [01m[K/home/rospi/aug_2024/src/BMC_2024/src/aug_2024_system.cpp:[m[K In member function ‘[01m[Kvirtual hardware_interface::return_type BMC_2024::AUG2024Hardware::read(const rclcpp::Time&, const rclcpp::Duration&)[m[K’:
[17.265s] [01m[K/home/rospi/aug_2024/src/BMC_2024/src/aug_2024_system.cpp:278:59:[m[K [01;35m[Kwarning: [m[Kunused parameter ‘[01m[Kperiod[m[K’ [[01;35m[K]8;;https://gcc.gnu.org/onlinedocs/gcc/Warning-Options.html#index-Wunused-parameter-Wunused-parameter]8;;[m[K]
[17.265s]   278 |   const rclcpp::Time & /*time*/, [01;35m[Kconst rclcpp::Duration & period[m[K)
[17.266s]       |                                  [01;35m[K~~~~~~~~~~~~~~~~~~~~~~~~~^~~~~~[m[K
[22.219s] [100%] [32m[1mLinking CXX shared library libBMC_2024.so[0m
[23.272s] [100%] Built target BMC_2024
[23.314s] Invoked command in '/home/rospi/aug_2024/build/BMC_2024' returned '0': CMAKE_PREFIX_PATH=${CMAKE_PREFIX_PATH}:/opt/ros/humble /usr/bin/cmake --build /home/rospi/aug_2024/build/BMC_2024 -- -j4 -l4
[23.323s] Invoking command in '/home/rospi/aug_2024/build/BMC_2024': CMAKE_PREFIX_PATH=${CMAKE_PREFIX_PATH}:/opt/ros/humble /usr/bin/cmake --install /home/rospi/aug_2024/build/BMC_2024
[23.351s] -- Install configuration: ""
[23.351s] -- Installing: /home/rospi/aug_2024/install/BMC_2024/lib/libBMC_2024.so
[23.360s] -- Set runtime path of "/home/rospi/aug_2024/install/BMC_2024/lib/libBMC_2024.so" to ""
[23.360s] -- Installing: /home/rospi/aug_2024/install/BMC_2024/include
[23.361s] -- Installing: /home/rospi/aug_2024/install/BMC_2024/include/BMC_2024
[23.362s] -- Installing: /home/rospi/aug_2024/install/BMC_2024/include/BMC_2024/aug_2024_system.hpp
[23.363s] -- Installing: /home/rospi/aug_2024/install/BMC_2024/include/BMC_2024/bmc_comms.hpp
[23.364s] -- Installing: /home/rospi/aug_2024/install/BMC_2024/include/BMC_2024/visibility_control.h
[23.365s] -- Installing: /home/rospi/aug_2024/install/BMC_2024/share/BMC_2024/aug_2024_hardware.xml
[23.367s] -- Up-to-date: /home/rospi/aug_2024/install/BMC_2024/lib/libBMC_2024.so
[23.369s] -- Installing: /home/rospi/aug_2024/install/BMC_2024/share/BMC_2024/environment/library_path.sh
[23.370s] -- Installing: /home/rospi/aug_2024/install/BMC_2024/share/BMC_2024/environment/library_path.dsv
[23.372s] -- Installing: /home/rospi/aug_2024/install/BMC_2024/share/ament_index/resource_index/package_run_dependencies/BMC_2024
[23.374s] -- Installing: /home/rospi/aug_2024/install/BMC_2024/share/ament_index/resource_index/parent_prefix_path/BMC_2024
[23.375s] -- Installing: /home/rospi/aug_2024/install/BMC_2024/share/BMC_2024/environment/ament_prefix_path.sh
[23.376s] -- Installing: /home/rospi/aug_2024/install/BMC_2024/share/BMC_2024/environment/ament_prefix_path.dsv
[23.377s] -- Installing: /home/rospi/aug_2024/install/BMC_2024/share/BMC_2024/environment/path.sh
[23.379s] -- Installing: /home/rospi/aug_2024/install/BMC_2024/share/BMC_2024/environment/path.dsv
[23.380s] -- Installing: /home/rospi/aug_2024/install/BMC_2024/share/BMC_2024/local_setup.bash
[23.381s] -- Installing: /home/rospi/aug_2024/install/BMC_2024/share/BMC_2024/local_setup.sh
[23.382s] -- Installing: /home/rospi/aug_2024/install/BMC_2024/share/BMC_2024/local_setup.zsh
[23.383s] -- Installing: /home/rospi/aug_2024/install/BMC_2024/share/BMC_2024/local_setup.dsv
[23.385s] -- Installing: /home/rospi/aug_2024/install/BMC_2024/share/BMC_2024/package.dsv
[23.386s] -- Installing: /home/rospi/aug_2024/install/BMC_2024/share/ament_index/resource_index/packages/BMC_2024
[23.388s] -- Installing: /home/rospi/aug_2024/install/BMC_2024/share/ament_index/resource_index/hardware_interface__pluginlib__plugin/BMC_2024
[23.390s] -- Installing: /home/rospi/aug_2024/install/BMC_2024/share/BMC_2024/cmake/ament_cmake_export_include_directories-extras.cmake
[23.391s] -- Installing: /home/rospi/aug_2024/install/BMC_2024/share/BMC_2024/cmake/ament_cmake_export_libraries-extras.cmake
[23.392s] -- Installing: /home/rospi/aug_2024/install/BMC_2024/share/BMC_2024/cmake/ament_cmake_export_dependencies-extras.cmake
[23.394s] -- Installing: /home/rospi/aug_2024/install/BMC_2024/share/BMC_2024/cmake/BMC_2024Config.cmake
[23.395s] -- Installing: /home/rospi/aug_2024/install/BMC_2024/share/BMC_2024/cmake/BMC_2024Config-version.cmake
[23.396s] -- Installing: /home/rospi/aug_2024/install/BMC_2024/share/BMC_2024/package.xml
[23.404s] Invoked command in '/home/rospi/aug_2024/build/BMC_2024' returned '0': CMAKE_PREFIX_PATH=${CMAKE_PREFIX_PATH}:/opt/ros/humble /usr/bin/cmake --install /home/rospi/aug_2024/build/BMC_2024
