[0.094s] Invoking command in '/home/rospi/aug_2024/build/BMC_2024': CMAKE_PREFIX_PATH=/opt/ros/humble /usr/bin/cmake --build /home/rospi/aug_2024/build/BMC_2024 -- -j4 -l4
[0.423s] [100%] Built target BMC_2024
[0.588s] Invoked command in '/home/rospi/aug_2024/build/BMC_2024' returned '0': CMAKE_PREFIX_PATH=/opt/ros/humble /usr/bin/cmake --build /home/rospi/aug_2024/build/BMC_2024 -- -j4 -l4
[0.598s] Invoking command in '/home/rospi/aug_2024/build/BMC_2024': CMAKE_PREFIX_PATH=/opt/ros/humble /usr/bin/cmake --install /home/rospi/aug_2024/build/BMC_2024
[0.633s] -- Install configuration: ""
[0.635s] -- Up-to-date: /home/rospi/aug_2024/install/BMC_2024/lib/libBMC_2024.so
[0.637s] -- Up-to-date: /home/rospi/aug_2024/install/BMC_2024/include
[0.638s] -- Up-to-date: /home/rospi/aug_2024/install/BMC_2024/include/BMC_2024
[0.639s] -- Up-to-date: /home/rospi/aug_2024/install/BMC_2024/include/BMC_2024/aug_2024_system.hpp
[0.641s] -- Up-to-date: /home/rospi/aug_2024/install/BMC_2024/include/BMC_2024/bmc_comms.hpp
[0.642s] -- Up-to-date: /home/rospi/aug_2024/install/BMC_2024/include/BMC_2024/visibility_control.h
[0.643s] -- Up-to-date: /home/rospi/aug_2024/install/BMC_2024/share/BMC_2024/aug_2024_hardware.xml
[0.644s] -- Up-to-date: /home/rospi/aug_2024/install/BMC_2024/lib/libBMC_2024.so
[0.645s] -- Up-to-date: /home/rospi/aug_2024/install/BMC_2024/share/BMC_2024/environment/library_path.sh
[0.646s] -- Up-to-date: /home/rospi/aug_2024/install/BMC_2024/share/BMC_2024/environment/library_path.dsv
[0.647s] -- Up-to-date: /home/rospi/aug_2024/install/BMC_2024/share/ament_index/resource_index/package_run_dependencies/BMC_2024
[0.648s] -- Up-to-date: /home/rospi/aug_2024/install/BMC_2024/share/ament_index/resource_index/parent_prefix_path/BMC_2024
[0.649s] -- Up-to-date: /home/rospi/aug_2024/install/BMC_2024/share/BMC_2024/environment/ament_prefix_path.sh
[0.650s] -- Up-to-date: /home/rospi/aug_2024/install/BMC_2024/share/BMC_2024/environment/ament_prefix_path.dsv
[0.650s] -- Up-to-date: /home/rospi/aug_2024/install/BMC_2024/share/BMC_2024/environment/path.sh
[0.651s] -- Up-to-date: /home/rospi/aug_2024/install/BMC_2024/share/BMC_2024/environment/path.dsv
[0.652s] -- Up-to-date: /home/rospi/aug_2024/install/BMC_2024/share/BMC_2024/local_setup.bash
[0.653s] -- Up-to-date: /home/rospi/aug_2024/install/BMC_2024/share/BMC_2024/local_setup.sh
[0.654s] -- Up-to-date: /home/rospi/aug_2024/install/BMC_2024/share/BMC_2024/local_setup.zsh
[0.655s] -- Up-to-date: /home/rospi/aug_2024/install/BMC_2024/share/BMC_2024/local_setup.dsv
[0.655s] -- Installing: /home/rospi/aug_2024/install/BMC_2024/share/BMC_2024/package.dsv
[0.656s] -- Up-to-date: /home/rospi/aug_2024/install/BMC_2024/share/ament_index/resource_index/packages/BMC_2024
[0.662s] -- Up-to-date: /home/rospi/aug_2024/install/BMC_2024/share/ament_index/resource_index/hardware_interface__pluginlib__plugin/BMC_2024
[0.666s] -- Up-to-date: /home/rospi/aug_2024/install/BMC_2024/share/BMC_2024/cmake/ament_cmake_export_include_directories-extras.cmake
[0.668s] -- Up-to-date: /home/rospi/aug_2024/install/BMC_2024/share/BMC_2024/cmake/ament_cmake_export_libraries-extras.cmake
[0.668s] -- Up-to-date: /home/rospi/aug_2024/install/BMC_2024/share/BMC_2024/cmake/ament_cmake_export_dependencies-extras.cmake
[0.669s] -- Up-to-date: /home/rospi/aug_2024/install/BMC_2024/share/BMC_2024/cmake/BMC_2024Config.cmake
[0.670s] -- Up-to-date: /home/rospi/aug_2024/install/BMC_2024/share/BMC_2024/cmake/BMC_2024Config-version.cmake
[0.671s] -- Up-to-date: /home/rospi/aug_2024/install/BMC_2024/share/BMC_2024/package.xml
[0.693s] Invoked command in '/home/rospi/aug_2024/build/BMC_2024' returned '0': CMAKE_PREFIX_PATH=/opt/ros/humble /usr/bin/cmake --install /home/rospi/aug_2024/build/BMC_2024
