[0.077s] Invoking command in '/home/rospi/aug_2024/build/my_robot_nav2': CMAKE_PREFIX_PATH=${CMAKE_PREFIX_PATH}:/opt/ros/humble /usr/bin/cmake /home/rospi/aug_2024/src/my_robot_nav2 -DCMAKE_INSTALL_PREFIX=/home/rospi/aug_2024/install/my_robot_nav2
[0.398s] -- The C compiler identification is GNU 11.4.0
[0.838s] -- The CXX compiler identification is GNU 11.4.0
[0.884s] -- Detecting C compiler ABI info
[1.270s] -- Detecting C compiler ABI info - done
[1.300s] -- Check for working C compiler: /usr/bin/cc - skipped
[1.301s] -- Detecting C compile features
[1.303s] -- Detecting C compile features - done
[1.316s] -- Detecting CXX compiler ABI info
[1.747s] -- Detecting CXX compiler ABI info - done
[1.779s] -- Check for working CXX compiler: /usr/bin/c++ - skipped
[1.780s] -- Detecting CXX compile features
[1.783s] -- Detecting CXX compile features - done
[1.824s] -- Found ament_cmake: 1.3.11 (/opt/ros/humble/share/ament_cmake/cmake)
[2.927s] -- Found Python3: /usr/bin/python3 (found version "3.10.12") found components: Interpreter 
[3.766s] -- Found ament_lint_auto: 0.12.12 (/opt/ros/humble/share/ament_lint_auto/cmake)
[4.431s] -- Added test 'flake8' to check Python code syntax and style conventions
[4.447s] -- Added test 'lint_cmake' to check CMake code style
[4.456s] -- Added test 'pep257' to check Python code against some of the docstring style conventions in PEP 257
[4.528s] -- Added test 'xmllint' to check XML markup files
[4.540s] -- Configuring done
[4.567s] -- Generating done
[4.584s] -- Build files have been written to: /home/rospi/aug_2024/build/my_robot_nav2
[4.623s] Invoked command in '/home/rospi/aug_2024/build/my_robot_nav2' returned '0': CMAKE_PREFIX_PATH=${CMAKE_PREFIX_PATH}:/opt/ros/humble /usr/bin/cmake /home/rospi/aug_2024/src/my_robot_nav2 -DCMAKE_INSTALL_PREFIX=/home/rospi/aug_2024/install/my_robot_nav2
[4.625s] Invoking command in '/home/rospi/aug_2024/build/my_robot_nav2': CMAKE_PREFIX_PATH=${CMAKE_PREFIX_PATH}:/opt/ros/humble /usr/bin/cmake --build /home/rospi/aug_2024/build/my_robot_nav2 -- -j4 -l4
[5.111s] Invoked command in '/home/rospi/aug_2024/build/my_robot_nav2' returned '0': CMAKE_PREFIX_PATH=${CMAKE_PREFIX_PATH}:/opt/ros/humble /usr/bin/cmake --build /home/rospi/aug_2024/build/my_robot_nav2 -- -j4 -l4
[5.199s] Invoking command in '/home/rospi/aug_2024/build/my_robot_nav2': CMAKE_PREFIX_PATH=${CMAKE_PREFIX_PATH}:/opt/ros/humble /usr/bin/cmake --install /home/rospi/aug_2024/build/my_robot_nav2
[5.274s] -- Install configuration: ""
[5.275s] -- Installing: /home/rospi/aug_2024/install/my_robot_nav2/share/my_robot_nav2//config
[5.276s] -- Installing: /home/rospi/aug_2024/install/my_robot_nav2/share/my_robot_nav2//config/slam_toolbox_params.yaml
[5.277s] -- Installing: /home/rospi/aug_2024/install/my_robot_nav2/share/my_robot_nav2//config/nav2_params.yaml
[5.279s] -- Installing: /home/rospi/aug_2024/install/my_robot_nav2/share/my_robot_nav2//include
[5.280s] -- Installing: /home/rospi/aug_2024/install/my_robot_nav2/share/my_robot_nav2//launch
[5.292s] -- Installing: /home/rospi/aug_2024/install/my_robot_nav2/share/my_robot_nav2//launch/slam_toolbox.launch.py
[5.293s] -- Installing: /home/rospi/aug_2024/install/my_robot_nav2/share/my_robot_nav2//maps
[5.294s] -- Installing: /home/rospi/aug_2024/install/my_robot_nav2/share/my_robot_nav2//maps/simple_map.yaml
[5.296s] -- Installing: /home/rospi/aug_2024/install/my_robot_nav2/share/my_robot_nav2//maps/simple_map.pgm
[5.299s] -- Installing: /home/rospi/aug_2024/install/my_robot_nav2/share/ament_index/resource_index/package_run_dependencies/my_robot_nav2
[5.302s] -- Installing: /home/rospi/aug_2024/install/my_robot_nav2/share/ament_index/resource_index/parent_prefix_path/my_robot_nav2
[5.305s] -- Installing: /home/rospi/aug_2024/install/my_robot_nav2/share/my_robot_nav2/environment/ament_prefix_path.sh
[5.317s] -- Installing: /home/rospi/aug_2024/install/my_robot_nav2/share/my_robot_nav2/environment/ament_prefix_path.dsv
[5.319s] -- Installing: /home/rospi/aug_2024/install/my_robot_nav2/share/my_robot_nav2/environment/path.sh
[5.321s] -- Installing: /home/rospi/aug_2024/install/my_robot_nav2/share/my_robot_nav2/environment/path.dsv
[5.323s] -- Installing: /home/rospi/aug_2024/install/my_robot_nav2/share/my_robot_nav2/local_setup.bash
[5.325s] -- Installing: /home/rospi/aug_2024/install/my_robot_nav2/share/my_robot_nav2/local_setup.sh
[5.333s] -- Installing: /home/rospi/aug_2024/install/my_robot_nav2/share/my_robot_nav2/local_setup.zsh
[5.334s] -- Installing: /home/rospi/aug_2024/install/my_robot_nav2/share/my_robot_nav2/local_setup.dsv
[5.337s] -- Installing: /home/rospi/aug_2024/install/my_robot_nav2/share/my_robot_nav2/package.dsv
[5.339s] -- Installing: /home/rospi/aug_2024/install/my_robot_nav2/share/ament_index/resource_index/packages/my_robot_nav2
[5.345s] -- Installing: /home/rospi/aug_2024/install/my_robot_nav2/share/my_robot_nav2/cmake/my_robot_nav2Config.cmake
[5.346s] -- Installing: /home/rospi/aug_2024/install/my_robot_nav2/share/my_robot_nav2/cmake/my_robot_nav2Config-version.cmake
[5.348s] -- Installing: /home/rospi/aug_2024/install/my_robot_nav2/share/my_robot_nav2/package.xml
[5.371s] Invoked command in '/home/rospi/aug_2024/build/my_robot_nav2' returned '0': CMAKE_PREFIX_PATH=${CMAKE_PREFIX_PATH}:/opt/ros/humble /usr/bin/cmake --install /home/rospi/aug_2024/build/my_robot_nav2
