[0.556s] DEBUG:colcon:Command line arguments: ['/usr/bin/colcon', 'build']
[0.556s] DEBUG:colcon:Parsed command line arguments: Namespace(log_base=None, log_level=None, verb_name='build', build_base='build', install_base='install', merge_install=False, symlink_install=False, test_result_base=None, continue_on_error=False, executor='parallel', parallel_workers=4, event_handlers=None, ignore_user_meta=False, metas=['./colcon.meta'], base_paths=['.'], packages_ignore=None, packages_ignore_regex=None, paths=None, packages_up_to=None, packages_up_to_regex=None, packages_above=None, packages_above_and_dependencies=None, packages_above_depth=None, packages_select_by_dep=None, packages_skip_by_dep=None, packages_skip_up_to=None, packages_select_build_failed=False, packages_skip_build_finished=False, packages_select_test_failures=False, packages_skip_test_passed=False, packages_select=None, packages_skip=None, packages_select_regex=None, packages_skip_regex=None, packages_start=None, packages_end=None, allow_overriding=[], cmake_args=None, cmake_target=None, cmake_target_skip_unavailable=False, cmake_clean_cache=False, cmake_clean_first=False, cmake_force_configure=False, ament_cmake_args=None, catkin_cmake_args=None, catkin_skip_building_tests=False, mixin_files=None, mixin=None, verb_parser=<colcon_mixin.mixin.mixin_argument.MixinArgumentDecorator object at 0xffffad9599c0>, verb_extension=<colcon_core.verb.build.BuildVerb object at 0xffffadb12950>, main=<bound method BuildVerb.main of <colcon_core.verb.build.BuildVerb object at 0xffffadb12950>>, mixin_verb=('build',))
[1.684s] Level 1:colcon.colcon_core.package_discovery:discover_packages(colcon_meta) check parameters
[1.684s] Level 1:colcon.colcon_core.package_discovery:discover_packages(recursive) check parameters
[1.685s] Level 1:colcon.colcon_core.package_discovery:discover_packages(ignore) check parameters
[1.685s] Level 1:colcon.colcon_core.package_discovery:discover_packages(path) check parameters
[1.685s] Level 1:colcon.colcon_core.package_discovery:discover_packages(colcon_meta) discover
[1.685s] Level 1:colcon.colcon_core.package_discovery:discover_packages(recursive) discover
[1.685s] INFO:colcon.colcon_core.package_discovery:Crawling recursively for packages in '/home/rospi/aug_2024'
[1.686s] Level 1:colcon.colcon_core.package_identification:_identify(.) by extensions ['ignore', 'ignore_ament_install']
[1.686s] Level 1:colcon.colcon_core.package_identification:_identify(.) by extension 'ignore'
[1.687s] Level 1:colcon.colcon_core.package_identification:_identify(.) by extension 'ignore_ament_install'
[1.687s] Level 1:colcon.colcon_core.package_identification:_identify(.) by extensions ['colcon_pkg']
[1.687s] Level 1:colcon.colcon_core.package_identification:_identify(.) by extension 'colcon_pkg'
[1.687s] Level 1:colcon.colcon_core.package_identification:_identify(.) by extensions ['colcon_meta']
[1.687s] Level 1:colcon.colcon_core.package_identification:_identify(.) by extension 'colcon_meta'
[1.688s] Level 1:colcon.colcon_core.package_identification:_identify(.) by extensions ['ros']
[1.688s] Level 1:colcon.colcon_core.package_identification:_identify(.) by extension 'ros'
[1.740s] Level 1:colcon.colcon_core.package_identification:_identify(.) by extensions ['cmake', 'python']
[1.740s] Level 1:colcon.colcon_core.package_identification:_identify(.) by extension 'cmake'
[1.741s] Level 1:colcon.colcon_core.package_identification:_identify(.) by extension 'python'
[1.741s] Level 1:colcon.colcon_core.package_identification:_identify(.) by extensions ['python_setup_py']
[1.741s] Level 1:colcon.colcon_core.package_identification:_identify(.) by extension 'python_setup_py'
[1.742s] Level 1:colcon.colcon_core.package_identification:_identify(build) by extensions ['ignore', 'ignore_ament_install']
[1.742s] Level 1:colcon.colcon_core.package_identification:_identify(build) by extension 'ignore'
[1.742s] Level 1:colcon.colcon_core.package_identification:_identify(build) ignored
[1.743s] Level 1:colcon.colcon_core.package_identification:_identify(install) by extensions ['ignore', 'ignore_ament_install']
[1.744s] Level 1:colcon.colcon_core.package_identification:_identify(install) by extension 'ignore'
[1.744s] Level 1:colcon.colcon_core.package_identification:_identify(install) ignored
[1.746s] Level 1:colcon.colcon_core.package_identification:_identify(log) by extensions ['ignore', 'ignore_ament_install']
[1.747s] Level 1:colcon.colcon_core.package_identification:_identify(log) by extension 'ignore'
[1.747s] Level 1:colcon.colcon_core.package_identification:_identify(log) ignored
[1.748s] Level 1:colcon.colcon_core.package_identification:_identify(pigpio-master) by extensions ['ignore', 'ignore_ament_install']
[1.749s] Level 1:colcon.colcon_core.package_identification:_identify(pigpio-master) by extension 'ignore'
[1.749s] Level 1:colcon.colcon_core.package_identification:_identify(pigpio-master) by extension 'ignore_ament_install'
[1.749s] Level 1:colcon.colcon_core.package_identification:_identify(pigpio-master) by extensions ['colcon_pkg']
[1.750s] Level 1:colcon.colcon_core.package_identification:_identify(pigpio-master) by extension 'colcon_pkg'
[1.750s] Level 1:colcon.colcon_core.package_identification:_identify(pigpio-master) by extensions ['colcon_meta']
[1.750s] Level 1:colcon.colcon_core.package_identification:_identify(pigpio-master) by extension 'colcon_meta'
[1.750s] Level 1:colcon.colcon_core.package_identification:_identify(pigpio-master) by extensions ['ros']
[1.750s] Level 1:colcon.colcon_core.package_identification:_identify(pigpio-master) by extension 'ros'
[1.751s] Level 1:colcon.colcon_core.package_identification:_identify(pigpio-master) by extensions ['cmake', 'python']
[1.751s] Level 1:colcon.colcon_core.package_identification:_identify(pigpio-master) by extension 'cmake'
[1.768s] Level 1:colcon.colcon_core.package_identification:_identify(pigpio-master) by extension 'python'
[1.768s] DEBUG:colcon.colcon_core.package_identification:Package 'pigpio-master' with type 'cmake' and name 'pigpio'
[1.769s] Level 1:colcon.colcon_core.package_identification:_identify(src) by extensions ['ignore', 'ignore_ament_install']
[1.769s] Level 1:colcon.colcon_core.package_identification:_identify(src) by extension 'ignore'
[1.770s] Level 1:colcon.colcon_core.package_identification:_identify(src) by extension 'ignore_ament_install'
[1.770s] Level 1:colcon.colcon_core.package_identification:_identify(src) by extensions ['colcon_pkg']
[1.770s] Level 1:colcon.colcon_core.package_identification:_identify(src) by extension 'colcon_pkg'
[1.770s] Level 1:colcon.colcon_core.package_identification:_identify(src) by extensions ['colcon_meta']
[1.771s] Level 1:colcon.colcon_core.package_identification:_identify(src) by extension 'colcon_meta'
[1.771s] Level 1:colcon.colcon_core.package_identification:_identify(src) by extensions ['ros']
[1.771s] Level 1:colcon.colcon_core.package_identification:_identify(src) by extension 'ros'
[1.771s] Level 1:colcon.colcon_core.package_identification:_identify(src) by extensions ['cmake', 'python']
[1.771s] Level 1:colcon.colcon_core.package_identification:_identify(src) by extension 'cmake'
[1.772s] Level 1:colcon.colcon_core.package_identification:_identify(src) by extension 'python'
[1.772s] Level 1:colcon.colcon_core.package_identification:_identify(src) by extensions ['python_setup_py']
[1.772s] Level 1:colcon.colcon_core.package_identification:_identify(src) by extension 'python_setup_py'
[1.773s] Level 1:colcon.colcon_core.package_identification:_identify(src/BMC_2024) by extensions ['ignore', 'ignore_ament_install']
[1.773s] Level 1:colcon.colcon_core.package_identification:_identify(src/BMC_2024) by extension 'ignore'
[1.773s] Level 1:colcon.colcon_core.package_identification:_identify(src/BMC_2024) by extension 'ignore_ament_install'
[1.774s] Level 1:colcon.colcon_core.package_identification:_identify(src/BMC_2024) by extensions ['colcon_pkg']
[1.774s] Level 1:colcon.colcon_core.package_identification:_identify(src/BMC_2024) by extension 'colcon_pkg'
[1.774s] Level 1:colcon.colcon_core.package_identification:_identify(src/BMC_2024) by extensions ['colcon_meta']
[1.774s] Level 1:colcon.colcon_core.package_identification:_identify(src/BMC_2024) by extension 'colcon_meta'
[1.774s] Level 1:colcon.colcon_core.package_identification:_identify(src/BMC_2024) by extensions ['ros']
[1.775s] Level 1:colcon.colcon_core.package_identification:_identify(src/BMC_2024) by extension 'ros'
[1.788s] DEBUG:colcon.colcon_core.package_identification:Package 'src/BMC_2024' with type 'ros.ament_cmake' and name 'BMC_2024'
[1.789s] Level 1:colcon.colcon_core.package_identification:_identify(src/aug_2024) by extensions ['ignore', 'ignore_ament_install']
[1.789s] Level 1:colcon.colcon_core.package_identification:_identify(src/aug_2024) by extension 'ignore'
[1.789s] Level 1:colcon.colcon_core.package_identification:_identify(src/aug_2024) by extension 'ignore_ament_install'
[1.790s] Level 1:colcon.colcon_core.package_identification:_identify(src/aug_2024) by extensions ['colcon_pkg']
[1.790s] Level 1:colcon.colcon_core.package_identification:_identify(src/aug_2024) by extension 'colcon_pkg'
[1.790s] Level 1:colcon.colcon_core.package_identification:_identify(src/aug_2024) by extensions ['colcon_meta']
[1.790s] Level 1:colcon.colcon_core.package_identification:_identify(src/aug_2024) by extension 'colcon_meta'
[1.790s] Level 1:colcon.colcon_core.package_identification:_identify(src/aug_2024) by extensions ['ros']
[1.791s] Level 1:colcon.colcon_core.package_identification:_identify(src/aug_2024) by extension 'ros'
[1.801s] DEBUG:colcon.colcon_core.package_identification:Package 'src/aug_2024' with type 'ros.ament_cmake' and name 'aug_2024'
[1.802s] Level 1:colcon.colcon_core.package_identification:_identify(src/build) by extensions ['ignore', 'ignore_ament_install']
[1.803s] Level 1:colcon.colcon_core.package_identification:_identify(src/build) by extension 'ignore'
[1.803s] Level 1:colcon.colcon_core.package_identification:_identify(src/build) ignored
[1.803s] Level 1:colcon.colcon_core.package_identification:_identify(src/gazebo_ros2_control) by extensions ['ignore', 'ignore_ament_install']
[1.804s] Level 1:colcon.colcon_core.package_identification:_identify(src/gazebo_ros2_control) by extension 'ignore'
[1.804s] Level 1:colcon.colcon_core.package_identification:_identify(src/gazebo_ros2_control) by extension 'ignore_ament_install'
[1.804s] Level 1:colcon.colcon_core.package_identification:_identify(src/gazebo_ros2_control) by extensions ['colcon_pkg']
[1.805s] Level 1:colcon.colcon_core.package_identification:_identify(src/gazebo_ros2_control) by extension 'colcon_pkg'
[1.805s] Level 1:colcon.colcon_core.package_identification:_identify(src/gazebo_ros2_control) by extensions ['colcon_meta']
[1.805s] Level 1:colcon.colcon_core.package_identification:_identify(src/gazebo_ros2_control) by extension 'colcon_meta'
[1.805s] Level 1:colcon.colcon_core.package_identification:_identify(src/gazebo_ros2_control) by extensions ['ros']
[1.805s] Level 1:colcon.colcon_core.package_identification:_identify(src/gazebo_ros2_control) by extension 'ros'
[1.806s] Level 1:colcon.colcon_core.package_identification:_identify(src/gazebo_ros2_control) by extensions ['cmake', 'python']
[1.806s] Level 1:colcon.colcon_core.package_identification:_identify(src/gazebo_ros2_control) by extension 'cmake'
[1.806s] Level 1:colcon.colcon_core.package_identification:_identify(src/gazebo_ros2_control) by extension 'python'
[1.806s] Level 1:colcon.colcon_core.package_identification:_identify(src/gazebo_ros2_control) by extensions ['python_setup_py']
[1.807s] Level 1:colcon.colcon_core.package_identification:_identify(src/gazebo_ros2_control) by extension 'python_setup_py'
[1.807s] Level 1:colcon.colcon_core.package_identification:_identify(src/install) by extensions ['ignore', 'ignore_ament_install']
[1.808s] Level 1:colcon.colcon_core.package_identification:_identify(src/install) by extension 'ignore'
[1.808s] Level 1:colcon.colcon_core.package_identification:_identify(src/install) ignored
[1.808s] Level 1:colcon.colcon_core.package_identification:_identify(src/log) by extensions ['ignore', 'ignore_ament_install']
[1.809s] Level 1:colcon.colcon_core.package_identification:_identify(src/log) by extension 'ignore'
[1.809s] Level 1:colcon.colcon_core.package_identification:_identify(src/log) ignored
[1.810s] Level 1:colcon.colcon_core.package_identification:_identify(src/my_robot_nav2) by extensions ['ignore', 'ignore_ament_install']
[1.810s] Level 1:colcon.colcon_core.package_identification:_identify(src/my_robot_nav2) by extension 'ignore'
[1.810s] Level 1:colcon.colcon_core.package_identification:_identify(src/my_robot_nav2) by extension 'ignore_ament_install'
[1.811s] Level 1:colcon.colcon_core.package_identification:_identify(src/my_robot_nav2) by extensions ['colcon_pkg']
[1.811s] Level 1:colcon.colcon_core.package_identification:_identify(src/my_robot_nav2) by extension 'colcon_pkg'
[1.811s] Level 1:colcon.colcon_core.package_identification:_identify(src/my_robot_nav2) by extensions ['colcon_meta']
[1.811s] Level 1:colcon.colcon_core.package_identification:_identify(src/my_robot_nav2) by extension 'colcon_meta'
[1.811s] Level 1:colcon.colcon_core.package_identification:_identify(src/my_robot_nav2) by extensions ['ros']
[1.812s] Level 1:colcon.colcon_core.package_identification:_identify(src/my_robot_nav2) by extension 'ros'
[1.814s] DEBUG:colcon.colcon_core.package_identification:Package 'src/my_robot_nav2' with type 'ros.ament_cmake' and name 'my_robot_nav2'
[1.815s] Level 1:colcon.colcon_core.package_identification:_identify(src/sllidar_ros2) by extensions ['ignore', 'ignore_ament_install']
[1.815s] Level 1:colcon.colcon_core.package_identification:_identify(src/sllidar_ros2) by extension 'ignore'
[1.815s] Level 1:colcon.colcon_core.package_identification:_identify(src/sllidar_ros2) by extension 'ignore_ament_install'
[1.816s] Level 1:colcon.colcon_core.package_identification:_identify(src/sllidar_ros2) by extensions ['colcon_pkg']
[1.816s] Level 1:colcon.colcon_core.package_identification:_identify(src/sllidar_ros2) by extension 'colcon_pkg'
[1.816s] Level 1:colcon.colcon_core.package_identification:_identify(src/sllidar_ros2) by extensions ['colcon_meta']
[1.816s] Level 1:colcon.colcon_core.package_identification:_identify(src/sllidar_ros2) by extension 'colcon_meta'
[1.816s] Level 1:colcon.colcon_core.package_identification:_identify(src/sllidar_ros2) by extensions ['ros']
[1.816s] Level 1:colcon.colcon_core.package_identification:_identify(src/sllidar_ros2) by extension 'ros'
[1.819s] DEBUG:colcon.colcon_core.package_identification:Package 'src/sllidar_ros2' with type 'ros.ament_cmake' and name 'sllidar_ros2'
[1.820s] Level 1:colcon.colcon_core.package_discovery:discover_packages(recursive) using defaults
[1.820s] Level 1:colcon.colcon_core.package_discovery:discover_packages(ignore) discover
[1.820s] Level 1:colcon.colcon_core.package_discovery:discover_packages(ignore) using defaults
[1.820s] Level 1:colcon.colcon_core.package_discovery:discover_packages(path) discover
[1.820s] Level 1:colcon.colcon_core.package_discovery:discover_packages(path) using defaults
[1.956s] Level 1:colcon.colcon_core.package_discovery:discover_packages(prefix_path) check parameters
[1.956s] Level 1:colcon.colcon_core.package_discovery:discover_packages(prefix_path) discover
[1.967s] DEBUG:colcon.colcon_installed_package_information.package_discovery:Found 5 installed packages in /home/rospi/aug_2024/install
[1.981s] DEBUG:colcon.colcon_installed_package_information.package_discovery:Found 374 installed packages in /opt/ros/humble
[1.991s] Level 1:colcon.colcon_core.package_discovery:discover_packages(prefix_path) using defaults
[2.249s] Level 5:colcon.colcon_core.verb:set package 'my_robot_nav2' build argument 'cmake_args' from command line to 'None'
[2.249s] Level 5:colcon.colcon_core.verb:set package 'my_robot_nav2' build argument 'cmake_target' from command line to 'None'
[2.249s] Level 5:colcon.colcon_core.verb:set package 'my_robot_nav2' build argument 'cmake_target_skip_unavailable' from command line to 'False'
[2.249s] Level 5:colcon.colcon_core.verb:set package 'my_robot_nav2' build argument 'cmake_clean_cache' from command line to 'False'
[2.249s] Level 5:colcon.colcon_core.verb:set package 'my_robot_nav2' build argument 'cmake_clean_first' from command line to 'False'
[2.250s] Level 5:colcon.colcon_core.verb:set package 'my_robot_nav2' build argument 'cmake_force_configure' from command line to 'False'
[2.250s] Level 5:colcon.colcon_core.verb:set package 'my_robot_nav2' build argument 'ament_cmake_args' from command line to 'None'
[2.250s] Level 5:colcon.colcon_core.verb:set package 'my_robot_nav2' build argument 'catkin_cmake_args' from command line to 'None'
[2.250s] Level 5:colcon.colcon_core.verb:set package 'my_robot_nav2' build argument 'catkin_skip_building_tests' from command line to 'False'
[2.250s] DEBUG:colcon.colcon_core.verb:Building package 'my_robot_nav2' with the following arguments: {'ament_cmake_args': None, 'build_base': '/home/rospi/aug_2024/build/my_robot_nav2', 'catkin_cmake_args': None, 'catkin_skip_building_tests': False, 'cmake_args': None, 'cmake_clean_cache': False, 'cmake_clean_first': False, 'cmake_force_configure': False, 'cmake_target': None, 'cmake_target_skip_unavailable': False, 'install_base': '/home/rospi/aug_2024/install/my_robot_nav2', 'merge_install': False, 'path': '/home/rospi/aug_2024/src/my_robot_nav2', 'symlink_install': False, 'test_result_base': None}
[2.252s] Level 5:colcon.colcon_core.verb:set package 'pigpio' build argument 'cmake_args' from command line to 'None'
[2.252s] Level 5:colcon.colcon_core.verb:set package 'pigpio' build argument 'cmake_target' from command line to 'None'
[2.252s] Level 5:colcon.colcon_core.verb:set package 'pigpio' build argument 'cmake_target_skip_unavailable' from command line to 'False'
[2.252s] Level 5:colcon.colcon_core.verb:set package 'pigpio' build argument 'cmake_clean_cache' from command line to 'False'
[2.253s] Level 5:colcon.colcon_core.verb:set package 'pigpio' build argument 'cmake_clean_first' from command line to 'False'
[2.253s] Level 5:colcon.colcon_core.verb:set package 'pigpio' build argument 'cmake_force_configure' from command line to 'False'
[2.253s] Level 5:colcon.colcon_core.verb:set package 'pigpio' build argument 'ament_cmake_args' from command line to 'None'
[2.253s] Level 5:colcon.colcon_core.verb:set package 'pigpio' build argument 'catkin_cmake_args' from command line to 'None'
[2.253s] Level 5:colcon.colcon_core.verb:set package 'pigpio' build argument 'catkin_skip_building_tests' from command line to 'False'
[2.253s] DEBUG:colcon.colcon_core.verb:Building package 'pigpio' with the following arguments: {'ament_cmake_args': None, 'build_base': '/home/rospi/aug_2024/build/pigpio', 'catkin_cmake_args': None, 'catkin_skip_building_tests': False, 'cmake_args': None, 'cmake_clean_cache': False, 'cmake_clean_first': False, 'cmake_force_configure': False, 'cmake_target': None, 'cmake_target_skip_unavailable': False, 'install_base': '/home/rospi/aug_2024/install/pigpio', 'merge_install': False, 'path': '/home/rospi/aug_2024/pigpio-master', 'symlink_install': False, 'test_result_base': None}
[2.255s] Level 5:colcon.colcon_core.verb:set package 'sllidar_ros2' build argument 'cmake_args' from command line to 'None'
[2.255s] Level 5:colcon.colcon_core.verb:set package 'sllidar_ros2' build argument 'cmake_target' from command line to 'None'
[2.255s] Level 5:colcon.colcon_core.verb:set package 'sllidar_ros2' build argument 'cmake_target_skip_unavailable' from command line to 'False'
[2.255s] Level 5:colcon.colcon_core.verb:set package 'sllidar_ros2' build argument 'cmake_clean_cache' from command line to 'False'
[2.256s] Level 5:colcon.colcon_core.verb:set package 'sllidar_ros2' build argument 'cmake_clean_first' from command line to 'False'
[2.256s] Level 5:colcon.colcon_core.verb:set package 'sllidar_ros2' build argument 'cmake_force_configure' from command line to 'False'
[2.256s] Level 5:colcon.colcon_core.verb:set package 'sllidar_ros2' build argument 'ament_cmake_args' from command line to 'None'
[2.256s] Level 5:colcon.colcon_core.verb:set package 'sllidar_ros2' build argument 'catkin_cmake_args' from command line to 'None'
[2.256s] Level 5:colcon.colcon_core.verb:set package 'sllidar_ros2' build argument 'catkin_skip_building_tests' from command line to 'False'
[2.256s] DEBUG:colcon.colcon_core.verb:Building package 'sllidar_ros2' with the following arguments: {'ament_cmake_args': None, 'build_base': '/home/rospi/aug_2024/build/sllidar_ros2', 'catkin_cmake_args': None, 'catkin_skip_building_tests': False, 'cmake_args': None, 'cmake_clean_cache': False, 'cmake_clean_first': False, 'cmake_force_configure': False, 'cmake_target': None, 'cmake_target_skip_unavailable': False, 'install_base': '/home/rospi/aug_2024/install/sllidar_ros2', 'merge_install': False, 'path': '/home/rospi/aug_2024/src/sllidar_ros2', 'symlink_install': False, 'test_result_base': None}
[2.258s] Level 5:colcon.colcon_core.verb:set package 'BMC_2024' build argument 'cmake_args' from command line to 'None'
[2.258s] Level 5:colcon.colcon_core.verb:set package 'BMC_2024' build argument 'cmake_target' from command line to 'None'
[2.258s] Level 5:colcon.colcon_core.verb:set package 'BMC_2024' build argument 'cmake_target_skip_unavailable' from command line to 'False'
[2.258s] Level 5:colcon.colcon_core.verb:set package 'BMC_2024' build argument 'cmake_clean_cache' from command line to 'False'
[2.259s] Level 5:colcon.colcon_core.verb:set package 'BMC_2024' build argument 'cmake_clean_first' from command line to 'False'
[2.259s] Level 5:colcon.colcon_core.verb:set package 'BMC_2024' build argument 'cmake_force_configure' from command line to 'False'
[2.259s] Level 5:colcon.colcon_core.verb:set package 'BMC_2024' build argument 'ament_cmake_args' from command line to 'None'
[2.259s] Level 5:colcon.colcon_core.verb:set package 'BMC_2024' build argument 'catkin_cmake_args' from command line to 'None'
[2.259s] Level 5:colcon.colcon_core.verb:set package 'BMC_2024' build argument 'catkin_skip_building_tests' from command line to 'False'
[2.259s] DEBUG:colcon.colcon_core.verb:Building package 'BMC_2024' with the following arguments: {'ament_cmake_args': None, 'build_base': '/home/rospi/aug_2024/build/BMC_2024', 'catkin_cmake_args': None, 'catkin_skip_building_tests': False, 'cmake_args': None, 'cmake_clean_cache': False, 'cmake_clean_first': False, 'cmake_force_configure': False, 'cmake_target': None, 'cmake_target_skip_unavailable': False, 'install_base': '/home/rospi/aug_2024/install/BMC_2024', 'merge_install': False, 'path': '/home/rospi/aug_2024/src/BMC_2024', 'symlink_install': False, 'test_result_base': None}
[2.261s] Level 5:colcon.colcon_core.verb:set package 'aug_2024' build argument 'cmake_args' from command line to 'None'
[2.261s] Level 5:colcon.colcon_core.verb:set package 'aug_2024' build argument 'cmake_target' from command line to 'None'
[2.261s] Level 5:colcon.colcon_core.verb:set package 'aug_2024' build argument 'cmake_target_skip_unavailable' from command line to 'False'
[2.261s] Level 5:colcon.colcon_core.verb:set package 'aug_2024' build argument 'cmake_clean_cache' from command line to 'False'
[2.262s] Level 5:colcon.colcon_core.verb:set package 'aug_2024' build argument 'cmake_clean_first' from command line to 'False'
[2.262s] Level 5:colcon.colcon_core.verb:set package 'aug_2024' build argument 'cmake_force_configure' from command line to 'False'
[2.262s] Level 5:colcon.colcon_core.verb:set package 'aug_2024' build argument 'ament_cmake_args' from command line to 'None'
[2.262s] Level 5:colcon.colcon_core.verb:set package 'aug_2024' build argument 'catkin_cmake_args' from command line to 'None'
[2.262s] Level 5:colcon.colcon_core.verb:set package 'aug_2024' build argument 'catkin_skip_building_tests' from command line to 'False'
[2.262s] DEBUG:colcon.colcon_core.verb:Building package 'aug_2024' with the following arguments: {'ament_cmake_args': None, 'build_base': '/home/rospi/aug_2024/build/aug_2024', 'catkin_cmake_args': None, 'catkin_skip_building_tests': False, 'cmake_args': None, 'cmake_clean_cache': False, 'cmake_clean_first': False, 'cmake_force_configure': False, 'cmake_target': None, 'cmake_target_skip_unavailable': False, 'install_base': '/home/rospi/aug_2024/install/aug_2024', 'merge_install': False, 'path': '/home/rospi/aug_2024/src/aug_2024', 'symlink_install': False, 'test_result_base': None}
[2.263s] INFO:colcon.colcon_core.executor:Executing jobs using 'parallel' executor
[2.267s] DEBUG:colcon.colcon_parallel_executor.executor.parallel:run_until_complete
[2.268s] INFO:colcon.colcon_ros.task.ament_cmake.build:Building ROS package in '/home/rospi/aug_2024/src/sllidar_ros2' with build type 'ament_cmake'
[2.269s] INFO:colcon.colcon_cmake.task.cmake.build:Building CMake package in '/home/rospi/aug_2024/src/sllidar_ros2'
[2.279s] INFO:colcon.colcon_core.plugin_system:Skipping extension 'colcon_core.shell.bat': Not used on non-Windows systems
[2.280s] INFO:colcon.colcon_core.shell:Skip shell extension 'powershell' for command environment: Not usable outside of PowerShell
[2.280s] DEBUG:colcon.colcon_core.shell:Skip shell extension 'dsv' for command environment
[2.307s] INFO:colcon.colcon_ros.task.ament_cmake.build:Building ROS package in '/home/rospi/aug_2024/src/my_robot_nav2' with build type 'ament_cmake'
[2.307s] INFO:colcon.colcon_cmake.task.cmake.build:Building CMake package in '/home/rospi/aug_2024/src/my_robot_nav2'
[2.308s] INFO:colcon.colcon_core.shell:Skip shell extension 'powershell' for command environment: Not usable outside of PowerShell
[2.309s] DEBUG:colcon.colcon_core.shell:Skip shell extension 'dsv' for command environment
[2.334s] INFO:colcon.colcon_cmake.task.cmake.build:Building CMake package in '/home/rospi/aug_2024/pigpio-master'
[2.336s] INFO:colcon.colcon_core.shell:Skip shell extension 'powershell' for command environment: Not usable outside of PowerShell
[2.336s] DEBUG:colcon.colcon_core.shell:Skip shell extension 'dsv' for command environment
[2.387s] DEBUG:colcon.colcon_core.event_handler.log_command:Invoking command in '/home/rospi/aug_2024/build/sllidar_ros2': CMAKE_PREFIX_PATH=${CMAKE_PREFIX_PATH}:/opt/ros/humble /usr/bin/cmake --build /home/rospi/aug_2024/build/sllidar_ros2 -- -j4 -l4
[2.401s] DEBUG:colcon.colcon_core.event_handler.log_command:Invoking command in '/home/rospi/aug_2024/build/my_robot_nav2': CMAKE_PREFIX_PATH=${CMAKE_PREFIX_PATH}:/opt/ros/humble /usr/bin/cmake --build /home/rospi/aug_2024/build/my_robot_nav2 -- -j4 -l4
[2.432s] DEBUG:colcon.colcon_core.event_handler.log_command:Invoking command in '/home/rospi/aug_2024/build/pigpio': /usr/bin/cmake --build /home/rospi/aug_2024/build/pigpio -- -j4 -l4
[2.666s] DEBUG:colcon.colcon_core.event_handler.log_command:Invoked command in '/home/rospi/aug_2024/build/my_robot_nav2' returned '0': CMAKE_PREFIX_PATH=${CMAKE_PREFIX_PATH}:/opt/ros/humble /usr/bin/cmake --build /home/rospi/aug_2024/build/my_robot_nav2 -- -j4 -l4
[2.749s] DEBUG:colcon.colcon_core.event_handler.log_command:Invoking command in '/home/rospi/aug_2024/build/my_robot_nav2': CMAKE_PREFIX_PATH=${CMAKE_PREFIX_PATH}:/opt/ros/humble /usr/bin/cmake --install /home/rospi/aug_2024/build/my_robot_nav2
[2.863s] Level 1:colcon.colcon_core.environment:create_environment_scripts_only(my_robot_nav2)
[2.896s] Level 1:colcon.colcon_core.environment:checking '/home/rospi/aug_2024/install/my_robot_nav2' for CMake module files
[2.905s] DEBUG:colcon.colcon_core.event_handler.log_command:Invoked command in '/home/rospi/aug_2024/build/my_robot_nav2' returned '0': CMAKE_PREFIX_PATH=${CMAKE_PREFIX_PATH}:/opt/ros/humble /usr/bin/cmake --install /home/rospi/aug_2024/build/my_robot_nav2
[2.908s] Level 1:colcon.colcon_core.environment:checking '/home/rospi/aug_2024/install/my_robot_nav2' for CMake config files
[2.910s] Level 1:colcon.colcon_core.shell:create_environment_hook('my_robot_nav2', 'cmake_prefix_path')
[2.912s] INFO:colcon.colcon_core.shell:Creating environment hook '/home/rospi/aug_2024/install/my_robot_nav2/share/my_robot_nav2/hook/cmake_prefix_path.ps1'
[2.916s] INFO:colcon.colcon_core.shell:Creating environment descriptor '/home/rospi/aug_2024/install/my_robot_nav2/share/my_robot_nav2/hook/cmake_prefix_path.dsv'
[2.920s] INFO:colcon.colcon_core.shell:Creating environment hook '/home/rospi/aug_2024/install/my_robot_nav2/share/my_robot_nav2/hook/cmake_prefix_path.sh'
[2.928s] Level 1:colcon.colcon_core.environment:checking '/home/rospi/aug_2024/install/my_robot_nav2/bin'
[2.929s] Level 1:colcon.colcon_core.environment:checking '/home/rospi/aug_2024/install/my_robot_nav2/lib/pkgconfig/my_robot_nav2.pc'
[2.932s] Level 1:colcon.colcon_core.environment:checking '/home/rospi/aug_2024/install/my_robot_nav2/lib/python3.10/site-packages'
[2.934s] Level 1:colcon.colcon_core.environment:checking '/home/rospi/aug_2024/install/my_robot_nav2/bin'
[2.936s] INFO:colcon.colcon_core.shell:Creating package script '/home/rospi/aug_2024/install/my_robot_nav2/share/my_robot_nav2/package.ps1'
[2.942s] INFO:colcon.colcon_core.shell:Creating package descriptor '/home/rospi/aug_2024/install/my_robot_nav2/share/my_robot_nav2/package.dsv'
[2.949s] INFO:colcon.colcon_core.shell:Creating package script '/home/rospi/aug_2024/install/my_robot_nav2/share/my_robot_nav2/package.sh'
[2.957s] INFO:colcon.colcon_core.shell:Creating package script '/home/rospi/aug_2024/install/my_robot_nav2/share/my_robot_nav2/package.bash'
[2.964s] INFO:colcon.colcon_core.shell:Creating package script '/home/rospi/aug_2024/install/my_robot_nav2/share/my_robot_nav2/package.zsh'
[2.969s] Level 1:colcon.colcon_core.environment:create_file_with_runtime_dependencies(/home/rospi/aug_2024/install/my_robot_nav2/share/colcon-core/packages/my_robot_nav2)
[2.974s] Level 1:colcon.colcon_core.environment:create_environment_scripts_only(my_robot_nav2)
[2.977s] Level 1:colcon.colcon_core.environment:checking '/home/rospi/aug_2024/install/my_robot_nav2' for CMake module files
[2.981s] Level 1:colcon.colcon_core.environment:checking '/home/rospi/aug_2024/install/my_robot_nav2' for CMake config files
[2.991s] Level 1:colcon.colcon_core.shell:create_environment_hook('my_robot_nav2', 'cmake_prefix_path')
[2.993s] INFO:colcon.colcon_core.shell:Creating environment hook '/home/rospi/aug_2024/install/my_robot_nav2/share/my_robot_nav2/hook/cmake_prefix_path.ps1'
[2.995s] INFO:colcon.colcon_core.shell:Creating environment descriptor '/home/rospi/aug_2024/install/my_robot_nav2/share/my_robot_nav2/hook/cmake_prefix_path.dsv'
[3.004s] INFO:colcon.colcon_core.shell:Creating environment hook '/home/rospi/aug_2024/install/my_robot_nav2/share/my_robot_nav2/hook/cmake_prefix_path.sh'
[3.009s] Level 1:colcon.colcon_core.environment:checking '/home/rospi/aug_2024/install/my_robot_nav2/bin'
[3.009s] Level 1:colcon.colcon_core.environment:checking '/home/rospi/aug_2024/install/my_robot_nav2/lib/pkgconfig/my_robot_nav2.pc'
[3.011s] Level 1:colcon.colcon_core.environment:checking '/home/rospi/aug_2024/install/my_robot_nav2/lib/python3.10/site-packages'
[3.012s] Level 1:colcon.colcon_core.environment:checking '/home/rospi/aug_2024/install/my_robot_nav2/bin'
[3.014s] INFO:colcon.colcon_core.shell:Creating package script '/home/rospi/aug_2024/install/my_robot_nav2/share/my_robot_nav2/package.ps1'
[3.017s] INFO:colcon.colcon_core.shell:Creating package descriptor '/home/rospi/aug_2024/install/my_robot_nav2/share/my_robot_nav2/package.dsv'
[3.021s] INFO:colcon.colcon_core.shell:Creating package script '/home/rospi/aug_2024/install/my_robot_nav2/share/my_robot_nav2/package.sh'
[3.025s] INFO:colcon.colcon_core.shell:Creating package script '/home/rospi/aug_2024/install/my_robot_nav2/share/my_robot_nav2/package.bash'
[3.028s] INFO:colcon.colcon_core.shell:Creating package script '/home/rospi/aug_2024/install/my_robot_nav2/share/my_robot_nav2/package.zsh'
[3.031s] Level 1:colcon.colcon_core.environment:create_file_with_runtime_dependencies(/home/rospi/aug_2024/install/my_robot_nav2/share/colcon-core/packages/my_robot_nav2)
[3.083s] DEBUG:colcon.colcon_core.event_handler.log_command:Invoked command in '/home/rospi/aug_2024/build/sllidar_ros2' returned '0': CMAKE_PREFIX_PATH=${CMAKE_PREFIX_PATH}:/opt/ros/humble /usr/bin/cmake --build /home/rospi/aug_2024/build/sllidar_ros2 -- -j4 -l4
[3.097s] DEBUG:colcon.colcon_core.event_handler.log_command:Invoking command in '/home/rospi/aug_2024/build/sllidar_ros2': CMAKE_PREFIX_PATH=${CMAKE_PREFIX_PATH}:/opt/ros/humble /usr/bin/cmake --install /home/rospi/aug_2024/build/sllidar_ros2
[3.162s] Level 1:colcon.colcon_core.environment:create_environment_scripts_only(sllidar_ros2)
[3.163s] Level 1:colcon.colcon_core.environment:checking '/home/rospi/aug_2024/install/sllidar_ros2' for CMake module files
[3.173s] DEBUG:colcon.colcon_core.event_handler.log_command:Invoked command in '/home/rospi/aug_2024/build/pigpio' returned '0': /usr/bin/cmake --build /home/rospi/aug_2024/build/pigpio -- -j4 -l4
[3.178s] Level 1:colcon.colcon_core.environment:checking '/home/rospi/aug_2024/install/sllidar_ros2' for CMake config files
[3.188s] Level 1:colcon.colcon_core.shell:create_environment_hook('sllidar_ros2', 'cmake_prefix_path')
[3.190s] INFO:colcon.colcon_core.shell:Creating environment hook '/home/rospi/aug_2024/install/sllidar_ros2/share/sllidar_ros2/hook/cmake_prefix_path.ps1'
[3.193s] DEBUG:colcon.colcon_core.event_handler.log_command:Invoking command in '/home/rospi/aug_2024/build/pigpio': /usr/bin/cmake --install /home/rospi/aug_2024/build/pigpio
[3.196s] DEBUG:colcon.colcon_core.event_handler.log_command:Invoked command in '/home/rospi/aug_2024/build/sllidar_ros2' returned '0': CMAKE_PREFIX_PATH=${CMAKE_PREFIX_PATH}:/opt/ros/humble /usr/bin/cmake --install /home/rospi/aug_2024/build/sllidar_ros2
[3.197s] INFO:colcon.colcon_core.shell:Creating environment descriptor '/home/rospi/aug_2024/install/sllidar_ros2/share/sllidar_ros2/hook/cmake_prefix_path.dsv'
[3.203s] INFO:colcon.colcon_core.shell:Creating environment hook '/home/rospi/aug_2024/install/sllidar_ros2/share/sllidar_ros2/hook/cmake_prefix_path.sh'
[3.210s] Level 1:colcon.colcon_core.environment:checking '/home/rospi/aug_2024/install/sllidar_ros2/lib'
[3.213s] Level 1:colcon.colcon_core.environment:checking '/home/rospi/aug_2024/install/sllidar_ros2/bin'
[3.214s] Level 1:colcon.colcon_core.environment:checking '/home/rospi/aug_2024/install/sllidar_ros2/lib/pkgconfig/sllidar_ros2.pc'
[3.216s] Level 1:colcon.colcon_core.environment:checking '/home/rospi/aug_2024/install/sllidar_ros2/lib/python3.10/site-packages'
[3.217s] Level 1:colcon.colcon_core.environment:checking '/home/rospi/aug_2024/install/sllidar_ros2/bin'
[3.219s] INFO:colcon.colcon_core.shell:Creating package script '/home/rospi/aug_2024/install/sllidar_ros2/share/sllidar_ros2/package.ps1'
[3.223s] INFO:colcon.colcon_core.shell:Creating package descriptor '/home/rospi/aug_2024/install/sllidar_ros2/share/sllidar_ros2/package.dsv'
[3.229s] INFO:colcon.colcon_core.shell:Creating package script '/home/rospi/aug_2024/install/sllidar_ros2/share/sllidar_ros2/package.sh'
[3.231s] INFO:colcon.colcon_core.shell:Creating package script '/home/rospi/aug_2024/install/sllidar_ros2/share/sllidar_ros2/package.bash'
[3.233s] INFO:colcon.colcon_core.shell:Creating package script '/home/rospi/aug_2024/install/sllidar_ros2/share/sllidar_ros2/package.zsh'
[3.235s] Level 1:colcon.colcon_core.environment:create_file_with_runtime_dependencies(/home/rospi/aug_2024/install/sllidar_ros2/share/colcon-core/packages/sllidar_ros2)
[3.238s] Level 1:colcon.colcon_core.environment:create_environment_scripts_only(sllidar_ros2)
[3.240s] Level 1:colcon.colcon_core.environment:checking '/home/rospi/aug_2024/install/sllidar_ros2' for CMake module files
[3.243s] Level 1:colcon.colcon_core.environment:checking '/home/rospi/aug_2024/install/sllidar_ros2' for CMake config files
[3.245s] Level 1:colcon.colcon_core.shell:create_environment_hook('sllidar_ros2', 'cmake_prefix_path')
[3.246s] INFO:colcon.colcon_core.shell:Creating environment hook '/home/rospi/aug_2024/install/sllidar_ros2/share/sllidar_ros2/hook/cmake_prefix_path.ps1'
[3.249s] INFO:colcon.colcon_core.shell:Creating environment descriptor '/home/rospi/aug_2024/install/sllidar_ros2/share/sllidar_ros2/hook/cmake_prefix_path.dsv'
[3.251s] INFO:colcon.colcon_core.shell:Creating environment hook '/home/rospi/aug_2024/install/sllidar_ros2/share/sllidar_ros2/hook/cmake_prefix_path.sh'
[3.254s] Level 1:colcon.colcon_core.environment:checking '/home/rospi/aug_2024/install/sllidar_ros2/lib'
[3.255s] Level 1:colcon.colcon_core.environment:checking '/home/rospi/aug_2024/install/sllidar_ros2/bin'
[3.255s] Level 1:colcon.colcon_core.environment:checking '/home/rospi/aug_2024/install/sllidar_ros2/lib/pkgconfig/sllidar_ros2.pc'
[3.256s] Level 1:colcon.colcon_core.environment:checking '/home/rospi/aug_2024/install/sllidar_ros2/lib/python3.10/site-packages'
[3.257s] Level 1:colcon.colcon_core.environment:checking '/home/rospi/aug_2024/install/sllidar_ros2/bin'
[3.259s] INFO:colcon.colcon_core.shell:Creating package script '/home/rospi/aug_2024/install/sllidar_ros2/share/sllidar_ros2/package.ps1'
[3.262s] INFO:colcon.colcon_core.shell:Creating package descriptor '/home/rospi/aug_2024/install/sllidar_ros2/share/sllidar_ros2/package.dsv'
[3.265s] INFO:colcon.colcon_core.shell:Creating package script '/home/rospi/aug_2024/install/sllidar_ros2/share/sllidar_ros2/package.sh'
[3.267s] INFO:colcon.colcon_core.shell:Creating package script '/home/rospi/aug_2024/install/sllidar_ros2/share/sllidar_ros2/package.bash'
[3.270s] INFO:colcon.colcon_core.shell:Creating package script '/home/rospi/aug_2024/install/sllidar_ros2/share/sllidar_ros2/package.zsh'
[3.272s] Level 1:colcon.colcon_core.environment:create_file_with_runtime_dependencies(/home/rospi/aug_2024/install/sllidar_ros2/share/colcon-core/packages/sllidar_ros2)
[3.274s] INFO:colcon.colcon_ros.task.ament_cmake.build:Building ROS package in '/home/rospi/aug_2024/src/BMC_2024' with build type 'ament_cmake'
[3.274s] INFO:colcon.colcon_cmake.task.cmake.build:Building CMake package in '/home/rospi/aug_2024/src/BMC_2024'
[3.276s] INFO:colcon.colcon_core.shell:Skip shell extension 'powershell' for command environment: Not usable outside of PowerShell
[3.276s] DEBUG:colcon.colcon_core.shell:Skip shell extension 'dsv' for command environment
[3.331s] DEBUG:colcon.colcon_core.event_handler.log_command:Invoking command in '/home/rospi/aug_2024/build/BMC_2024': CMAKE_PREFIX_PATH=/home/rospi/aug_2024/install/sllidar_ros2:/home/rospi/aug_2024/install/aug_2024:/home/rospi/aug_2024/install/BMC_2024:/home/rospi/aug_2024/install/pigpio:/home/rospi/aug_2024/install/my_robot_nav2:/opt/ros/humble /usr/bin/cmake --build /home/rospi/aug_2024/build/BMC_2024 -- -j4 -l4
[3.544s] Level 1:colcon.colcon_core.environment:create_environment_scripts_only(pigpio)
[3.546s] Level 1:colcon.colcon_core.environment:checking '/home/rospi/aug_2024/install/pigpio' for CMake module files
[3.548s] DEBUG:colcon.colcon_core.event_handler.log_command:Invoked command in '/home/rospi/aug_2024/build/pigpio' returned '0': /usr/bin/cmake --install /home/rospi/aug_2024/build/pigpio
[3.550s] Level 1:colcon.colcon_core.environment:checking '/home/rospi/aug_2024/install/pigpio' for CMake config files
[3.551s] Level 1:colcon.colcon_core.shell:create_environment_hook('pigpio', 'cmake_prefix_path')
[3.553s] INFO:colcon.colcon_core.shell:Creating environment hook '/home/rospi/aug_2024/install/pigpio/share/pigpio/hook/cmake_prefix_path.ps1'
[3.556s] INFO:colcon.colcon_core.shell:Creating environment descriptor '/home/rospi/aug_2024/install/pigpio/share/pigpio/hook/cmake_prefix_path.dsv'
[3.558s] INFO:colcon.colcon_core.shell:Creating environment hook '/home/rospi/aug_2024/install/pigpio/share/pigpio/hook/cmake_prefix_path.sh'
[3.561s] Level 1:colcon.colcon_core.environment:checking '/home/rospi/aug_2024/install/pigpio/lib'
[3.562s] Level 1:colcon.colcon_core.shell:create_environment_hook('pigpio', 'ld_library_path_lib')
[3.563s] INFO:colcon.colcon_core.shell:Creating environment hook '/home/rospi/aug_2024/install/pigpio/share/pigpio/hook/ld_library_path_lib.ps1'
[3.565s] INFO:colcon.colcon_core.shell:Creating environment descriptor '/home/rospi/aug_2024/install/pigpio/share/pigpio/hook/ld_library_path_lib.dsv'
[3.568s] INFO:colcon.colcon_core.shell:Creating environment hook '/home/rospi/aug_2024/install/pigpio/share/pigpio/hook/ld_library_path_lib.sh'
[3.570s] Level 1:colcon.colcon_core.environment:checking '/home/rospi/aug_2024/install/pigpio/bin'
[3.571s] Level 1:colcon.colcon_core.shell:create_environment_hook('pigpio', 'path')
[3.572s] INFO:colcon.colcon_core.shell:Creating environment hook '/home/rospi/aug_2024/install/pigpio/share/pigpio/hook/path.ps1'
[3.574s] INFO:colcon.colcon_core.shell:Creating environment descriptor '/home/rospi/aug_2024/install/pigpio/share/pigpio/hook/path.dsv'
[3.576s] INFO:colcon.colcon_core.shell:Creating environment hook '/home/rospi/aug_2024/install/pigpio/share/pigpio/hook/path.sh'
[3.578s] Level 1:colcon.colcon_core.environment:checking '/home/rospi/aug_2024/install/pigpio/lib/pkgconfig/pigpio.pc'
[3.580s] Level 1:colcon.colcon_core.environment:checking '/home/rospi/aug_2024/install/pigpio/lib/python3.10/site-packages'
[3.581s] Level 1:colcon.colcon_core.environment:checking '/home/rospi/aug_2024/install/pigpio/bin'
[3.582s] Level 1:colcon.colcon_core.shell:create_environment_hook('pigpio', 'pythonscriptspath')
[3.584s] INFO:colcon.colcon_core.shell:Creating environment hook '/home/rospi/aug_2024/install/pigpio/share/pigpio/hook/pythonscriptspath.ps1'
[3.588s] INFO:colcon.colcon_core.shell:Creating environment descriptor '/home/rospi/aug_2024/install/pigpio/share/pigpio/hook/pythonscriptspath.dsv'
[3.592s] INFO:colcon.colcon_core.shell:Creating environment hook '/home/rospi/aug_2024/install/pigpio/share/pigpio/hook/pythonscriptspath.sh'
[3.597s] INFO:colcon.colcon_core.shell:Creating package script '/home/rospi/aug_2024/install/pigpio/share/pigpio/package.ps1'
[3.600s] INFO:colcon.colcon_core.shell:Creating package descriptor '/home/rospi/aug_2024/install/pigpio/share/pigpio/package.dsv'
[3.604s] INFO:colcon.colcon_core.shell:Creating package script '/home/rospi/aug_2024/install/pigpio/share/pigpio/package.sh'
[3.607s] INFO:colcon.colcon_core.shell:Creating package script '/home/rospi/aug_2024/install/pigpio/share/pigpio/package.bash'
[3.609s] INFO:colcon.colcon_core.shell:Creating package script '/home/rospi/aug_2024/install/pigpio/share/pigpio/package.zsh'
[3.612s] Level 1:colcon.colcon_core.environment:create_file_with_runtime_dependencies(/home/rospi/aug_2024/install/pigpio/share/colcon-core/packages/pigpio)
[3.689s] DEBUG:colcon.colcon_core.event_handler.log_command:Invoked command in '/home/rospi/aug_2024/build/BMC_2024' returned '0': CMAKE_PREFIX_PATH=/home/rospi/aug_2024/install/sllidar_ros2:/home/rospi/aug_2024/install/aug_2024:/home/rospi/aug_2024/install/BMC_2024:/home/rospi/aug_2024/install/pigpio:/home/rospi/aug_2024/install/my_robot_nav2:/opt/ros/humble /usr/bin/cmake --build /home/rospi/aug_2024/build/BMC_2024 -- -j4 -l4
[3.695s] DEBUG:colcon.colcon_core.event_handler.log_command:Invoking command in '/home/rospi/aug_2024/build/BMC_2024': CMAKE_PREFIX_PATH=/home/rospi/aug_2024/install/sllidar_ros2:/home/rospi/aug_2024/install/aug_2024:/home/rospi/aug_2024/install/BMC_2024:/home/rospi/aug_2024/install/pigpio:/home/rospi/aug_2024/install/my_robot_nav2:/opt/ros/humble /usr/bin/cmake --install /home/rospi/aug_2024/build/BMC_2024
[3.763s] Level 1:colcon.colcon_core.environment:create_environment_scripts_only(BMC_2024)
[3.767s] DEBUG:colcon.colcon_core.event_handler.log_command:Invoked command in '/home/rospi/aug_2024/build/BMC_2024' returned '0': CMAKE_PREFIX_PATH=/home/rospi/aug_2024/install/sllidar_ros2:/home/rospi/aug_2024/install/aug_2024:/home/rospi/aug_2024/install/BMC_2024:/home/rospi/aug_2024/install/pigpio:/home/rospi/aug_2024/install/my_robot_nav2:/opt/ros/humble /usr/bin/cmake --install /home/rospi/aug_2024/build/BMC_2024
[3.769s] Level 1:colcon.colcon_core.environment:checking '/home/rospi/aug_2024/install/BMC_2024' for CMake module files
[3.773s] Level 1:colcon.colcon_core.environment:checking '/home/rospi/aug_2024/install/BMC_2024' for CMake config files
[3.775s] Level 1:colcon.colcon_core.shell:create_environment_hook('BMC_2024', 'cmake_prefix_path')
[3.776s] INFO:colcon.colcon_core.shell:Creating environment hook '/home/rospi/aug_2024/install/BMC_2024/share/BMC_2024/hook/cmake_prefix_path.ps1'
[3.779s] INFO:colcon.colcon_core.shell:Creating environment descriptor '/home/rospi/aug_2024/install/BMC_2024/share/BMC_2024/hook/cmake_prefix_path.dsv'
[3.782s] INFO:colcon.colcon_core.shell:Creating environment hook '/home/rospi/aug_2024/install/BMC_2024/share/BMC_2024/hook/cmake_prefix_path.sh'
[3.785s] Level 1:colcon.colcon_core.environment:checking '/home/rospi/aug_2024/install/BMC_2024/lib'
[3.786s] Level 1:colcon.colcon_core.shell:create_environment_hook('BMC_2024', 'ld_library_path_lib')
[3.788s] INFO:colcon.colcon_core.shell:Creating environment hook '/home/rospi/aug_2024/install/BMC_2024/share/BMC_2024/hook/ld_library_path_lib.ps1'
[3.791s] INFO:colcon.colcon_core.shell:Creating environment descriptor '/home/rospi/aug_2024/install/BMC_2024/share/BMC_2024/hook/ld_library_path_lib.dsv'
[3.795s] INFO:colcon.colcon_core.shell:Creating environment hook '/home/rospi/aug_2024/install/BMC_2024/share/BMC_2024/hook/ld_library_path_lib.sh'
[3.798s] Level 1:colcon.colcon_core.environment:checking '/home/rospi/aug_2024/install/BMC_2024/bin'
[3.798s] Level 1:colcon.colcon_core.environment:checking '/home/rospi/aug_2024/install/BMC_2024/lib/pkgconfig/BMC_2024.pc'
[3.800s] Level 1:colcon.colcon_core.environment:checking '/home/rospi/aug_2024/install/BMC_2024/lib/python3.10/site-packages'
[3.801s] Level 1:colcon.colcon_core.environment:checking '/home/rospi/aug_2024/install/BMC_2024/bin'
[3.803s] INFO:colcon.colcon_core.shell:Creating package script '/home/rospi/aug_2024/install/BMC_2024/share/BMC_2024/package.ps1'
[3.807s] INFO:colcon.colcon_core.shell:Creating package descriptor '/home/rospi/aug_2024/install/BMC_2024/share/BMC_2024/package.dsv'
[3.809s] INFO:colcon.colcon_core.shell:Creating package script '/home/rospi/aug_2024/install/BMC_2024/share/BMC_2024/package.sh'
[3.813s] INFO:colcon.colcon_core.shell:Creating package script '/home/rospi/aug_2024/install/BMC_2024/share/BMC_2024/package.bash'
[3.816s] INFO:colcon.colcon_core.shell:Creating package script '/home/rospi/aug_2024/install/BMC_2024/share/BMC_2024/package.zsh'
[3.819s] Level 1:colcon.colcon_core.environment:create_file_with_runtime_dependencies(/home/rospi/aug_2024/install/BMC_2024/share/colcon-core/packages/BMC_2024)
[3.822s] Level 1:colcon.colcon_core.environment:create_environment_scripts_only(BMC_2024)
[3.823s] Level 1:colcon.colcon_core.environment:checking '/home/rospi/aug_2024/install/BMC_2024' for CMake module files
[3.827s] Level 1:colcon.colcon_core.environment:checking '/home/rospi/aug_2024/install/BMC_2024' for CMake config files
[3.829s] Level 1:colcon.colcon_core.shell:create_environment_hook('BMC_2024', 'cmake_prefix_path')
[3.830s] INFO:colcon.colcon_core.shell:Creating environment hook '/home/rospi/aug_2024/install/BMC_2024/share/BMC_2024/hook/cmake_prefix_path.ps1'
[3.833s] INFO:colcon.colcon_core.shell:Creating environment descriptor '/home/rospi/aug_2024/install/BMC_2024/share/BMC_2024/hook/cmake_prefix_path.dsv'
[3.835s] INFO:colcon.colcon_core.shell:Creating environment hook '/home/rospi/aug_2024/install/BMC_2024/share/BMC_2024/hook/cmake_prefix_path.sh'
[3.839s] Level 1:colcon.colcon_core.environment:checking '/home/rospi/aug_2024/install/BMC_2024/lib'
[3.840s] Level 1:colcon.colcon_core.shell:create_environment_hook('BMC_2024', 'ld_library_path_lib')
[3.841s] INFO:colcon.colcon_core.shell:Creating environment hook '/home/rospi/aug_2024/install/BMC_2024/share/BMC_2024/hook/ld_library_path_lib.ps1'
[3.843s] INFO:colcon.colcon_core.shell:Creating environment descriptor '/home/rospi/aug_2024/install/BMC_2024/share/BMC_2024/hook/ld_library_path_lib.dsv'
[3.846s] INFO:colcon.colcon_core.shell:Creating environment hook '/home/rospi/aug_2024/install/BMC_2024/share/BMC_2024/hook/ld_library_path_lib.sh'
[3.849s] Level 1:colcon.colcon_core.environment:checking '/home/rospi/aug_2024/install/BMC_2024/bin'
[3.849s] Level 1:colcon.colcon_core.environment:checking '/home/rospi/aug_2024/install/BMC_2024/lib/pkgconfig/BMC_2024.pc'
[3.850s] Level 1:colcon.colcon_core.environment:checking '/home/rospi/aug_2024/install/BMC_2024/lib/python3.10/site-packages'
[3.852s] Level 1:colcon.colcon_core.environment:checking '/home/rospi/aug_2024/install/BMC_2024/bin'
[3.853s] INFO:colcon.colcon_core.shell:Creating package script '/home/rospi/aug_2024/install/BMC_2024/share/BMC_2024/package.ps1'
[3.858s] INFO:colcon.colcon_core.shell:Creating package descriptor '/home/rospi/aug_2024/install/BMC_2024/share/BMC_2024/package.dsv'
[3.861s] INFO:colcon.colcon_core.shell:Creating package script '/home/rospi/aug_2024/install/BMC_2024/share/BMC_2024/package.sh'
[3.865s] INFO:colcon.colcon_core.shell:Creating package script '/home/rospi/aug_2024/install/BMC_2024/share/BMC_2024/package.bash'
[3.867s] INFO:colcon.colcon_core.shell:Creating package script '/home/rospi/aug_2024/install/BMC_2024/share/BMC_2024/package.zsh'
[3.871s] Level 1:colcon.colcon_core.environment:create_file_with_runtime_dependencies(/home/rospi/aug_2024/install/BMC_2024/share/colcon-core/packages/BMC_2024)
[3.876s] INFO:colcon.colcon_ros.task.ament_cmake.build:Building ROS package in '/home/rospi/aug_2024/src/aug_2024' with build type 'ament_cmake'
[3.877s] INFO:colcon.colcon_cmake.task.cmake.build:Building CMake package in '/home/rospi/aug_2024/src/aug_2024'
[3.879s] INFO:colcon.colcon_core.shell:Skip shell extension 'powershell' for command environment: Not usable outside of PowerShell
[3.879s] DEBUG:colcon.colcon_core.shell:Skip shell extension 'dsv' for command environment
[3.954s] DEBUG:colcon.colcon_core.event_handler.log_command:Invoking command in '/home/rospi/aug_2024/build/aug_2024': CMAKE_PREFIX_PATH=/home/rospi/aug_2024/install/BMC_2024:/home/rospi/aug_2024/install/sllidar_ros2:/home/rospi/aug_2024/install/aug_2024:/home/rospi/aug_2024/install/pigpio:/home/rospi/aug_2024/install/my_robot_nav2:/opt/ros/humble /usr/bin/cmake --build /home/rospi/aug_2024/build/aug_2024 -- -j4 -l4
[4.289s] DEBUG:colcon.colcon_core.event_handler.log_command:Invoked command in '/home/rospi/aug_2024/build/aug_2024' returned '0': CMAKE_PREFIX_PATH=/home/rospi/aug_2024/install/BMC_2024:/home/rospi/aug_2024/install/sllidar_ros2:/home/rospi/aug_2024/install/aug_2024:/home/rospi/aug_2024/install/pigpio:/home/rospi/aug_2024/install/my_robot_nav2:/opt/ros/humble /usr/bin/cmake --build /home/rospi/aug_2024/build/aug_2024 -- -j4 -l4
[4.300s] DEBUG:colcon.colcon_core.event_handler.log_command:Invoking command in '/home/rospi/aug_2024/build/aug_2024': CMAKE_PREFIX_PATH=/home/rospi/aug_2024/install/BMC_2024:/home/rospi/aug_2024/install/sllidar_ros2:/home/rospi/aug_2024/install/aug_2024:/home/rospi/aug_2024/install/pigpio:/home/rospi/aug_2024/install/my_robot_nav2:/opt/ros/humble /usr/bin/cmake --install /home/rospi/aug_2024/build/aug_2024
[4.363s] Level 1:colcon.colcon_core.environment:create_environment_scripts_only(aug_2024)
[4.365s] Level 1:colcon.colcon_core.environment:checking '/home/rospi/aug_2024/install/aug_2024' for CMake module files
[4.377s] Level 1:colcon.colcon_core.environment:checking '/home/rospi/aug_2024/install/aug_2024' for CMake config files
[4.383s] DEBUG:colcon.colcon_core.event_handler.log_command:Invoked command in '/home/rospi/aug_2024/build/aug_2024' returned '0': CMAKE_PREFIX_PATH=/home/rospi/aug_2024/install/BMC_2024:/home/rospi/aug_2024/install/sllidar_ros2:/home/rospi/aug_2024/install/aug_2024:/home/rospi/aug_2024/install/pigpio:/home/rospi/aug_2024/install/my_robot_nav2:/opt/ros/humble /usr/bin/cmake --install /home/rospi/aug_2024/build/aug_2024
[4.385s] Level 1:colcon.colcon_core.shell:create_environment_hook('aug_2024', 'cmake_prefix_path')
[4.387s] INFO:colcon.colcon_core.shell:Creating environment hook '/home/rospi/aug_2024/install/aug_2024/share/aug_2024/hook/cmake_prefix_path.ps1'
[4.389s] INFO:colcon.colcon_core.shell:Creating environment descriptor '/home/rospi/aug_2024/install/aug_2024/share/aug_2024/hook/cmake_prefix_path.dsv'
[4.392s] INFO:colcon.colcon_core.shell:Creating environment hook '/home/rospi/aug_2024/install/aug_2024/share/aug_2024/hook/cmake_prefix_path.sh'
[4.395s] Level 1:colcon.colcon_core.environment:checking '/home/rospi/aug_2024/install/aug_2024/lib'
[4.396s] Level 1:colcon.colcon_core.environment:checking '/home/rospi/aug_2024/install/aug_2024/bin'
[4.396s] Level 1:colcon.colcon_core.environment:checking '/home/rospi/aug_2024/install/aug_2024/lib/pkgconfig/aug_2024.pc'
[4.397s] Level 1:colcon.colcon_core.environment:checking '/home/rospi/aug_2024/install/aug_2024/lib/python3.10/site-packages'
[4.398s] Level 1:colcon.colcon_core.environment:checking '/home/rospi/aug_2024/install/aug_2024/bin'
[4.400s] INFO:colcon.colcon_core.shell:Creating package script '/home/rospi/aug_2024/install/aug_2024/share/aug_2024/package.ps1'
[4.404s] INFO:colcon.colcon_core.shell:Creating package descriptor '/home/rospi/aug_2024/install/aug_2024/share/aug_2024/package.dsv'
[4.406s] INFO:colcon.colcon_core.shell:Creating package script '/home/rospi/aug_2024/install/aug_2024/share/aug_2024/package.sh'
[4.409s] INFO:colcon.colcon_core.shell:Creating package script '/home/rospi/aug_2024/install/aug_2024/share/aug_2024/package.bash'
[4.411s] INFO:colcon.colcon_core.shell:Creating package script '/home/rospi/aug_2024/install/aug_2024/share/aug_2024/package.zsh'
[4.414s] Level 1:colcon.colcon_core.environment:create_file_with_runtime_dependencies(/home/rospi/aug_2024/install/aug_2024/share/colcon-core/packages/aug_2024)
[4.417s] Level 1:colcon.colcon_core.environment:create_environment_scripts_only(aug_2024)
[4.419s] Level 1:colcon.colcon_core.environment:checking '/home/rospi/aug_2024/install/aug_2024' for CMake module files
[4.422s] Level 1:colcon.colcon_core.environment:checking '/home/rospi/aug_2024/install/aug_2024' for CMake config files
[4.426s] Level 1:colcon.colcon_core.shell:create_environment_hook('aug_2024', 'cmake_prefix_path')
[4.428s] INFO:colcon.colcon_core.shell:Creating environment hook '/home/rospi/aug_2024/install/aug_2024/share/aug_2024/hook/cmake_prefix_path.ps1'
[4.430s] INFO:colcon.colcon_core.shell:Creating environment descriptor '/home/rospi/aug_2024/install/aug_2024/share/aug_2024/hook/cmake_prefix_path.dsv'
[4.433s] INFO:colcon.colcon_core.shell:Creating environment hook '/home/rospi/aug_2024/install/aug_2024/share/aug_2024/hook/cmake_prefix_path.sh'
[4.436s] Level 1:colcon.colcon_core.environment:checking '/home/rospi/aug_2024/install/aug_2024/lib'
[4.437s] Level 1:colcon.colcon_core.environment:checking '/home/rospi/aug_2024/install/aug_2024/bin'
[4.437s] Level 1:colcon.colcon_core.environment:checking '/home/rospi/aug_2024/install/aug_2024/lib/pkgconfig/aug_2024.pc'
[4.439s] Level 1:colcon.colcon_core.environment:checking '/home/rospi/aug_2024/install/aug_2024/lib/python3.10/site-packages'
[4.440s] Level 1:colcon.colcon_core.environment:checking '/home/rospi/aug_2024/install/aug_2024/bin'
[4.441s] INFO:colcon.colcon_core.shell:Creating package script '/home/rospi/aug_2024/install/aug_2024/share/aug_2024/package.ps1'
[4.444s] INFO:colcon.colcon_core.shell:Creating package descriptor '/home/rospi/aug_2024/install/aug_2024/share/aug_2024/package.dsv'
[4.448s] INFO:colcon.colcon_core.shell:Creating package script '/home/rospi/aug_2024/install/aug_2024/share/aug_2024/package.sh'
[4.450s] INFO:colcon.colcon_core.shell:Creating package script '/home/rospi/aug_2024/install/aug_2024/share/aug_2024/package.bash'
[4.453s] INFO:colcon.colcon_core.shell:Creating package script '/home/rospi/aug_2024/install/aug_2024/share/aug_2024/package.zsh'
[4.456s] Level 1:colcon.colcon_core.environment:create_file_with_runtime_dependencies(/home/rospi/aug_2024/install/aug_2024/share/colcon-core/packages/aug_2024)
[4.458s] DEBUG:colcon.colcon_parallel_executor.executor.parallel:closing loop
[4.459s] DEBUG:colcon.colcon_parallel_executor.executor.parallel:loop closed
[4.460s] DEBUG:colcon.colcon_parallel_executor.executor.parallel:run_until_complete finished with '0'
[4.460s] DEBUG:colcon.colcon_core.event_reactor:joining thread
[4.483s] INFO:colcon.colcon_core.plugin_system:Skipping extension 'colcon_notification.desktop_notification.notify_send': Could not find 'notify-send'
[4.483s] INFO:colcon.colcon_core.plugin_system:Skipping extension 'colcon_notification.desktop_notification.terminal_notifier': Not used on non-Darwin systems
[4.484s] INFO:colcon.colcon_core.plugin_system:Skipping extension 'colcon_notification.desktop_notification.win32': Not used on non-Windows systems
[4.484s] INFO:colcon.colcon_notification.desktop_notification:Sending desktop notification using 'notify2'
[4.487s] DEBUG:colcon.colcon_notification.desktop_notification.notify2:Failed to initialize notify2: org.freedesktop.DBus.Error.ServiceUnknown: The name org.freedesktop.Notifications was not provided by any .service files
[4.488s] DEBUG:colcon.colcon_core.event_reactor:joined thread
[4.489s] INFO:colcon.colcon_core.shell:Creating prefix script '/home/rospi/aug_2024/install/local_setup.ps1'
[4.493s] INFO:colcon.colcon_core.shell:Creating prefix util module '/home/rospi/aug_2024/install/_local_setup_util_ps1.py'
[4.499s] INFO:colcon.colcon_core.shell:Creating prefix chain script '/home/rospi/aug_2024/install/setup.ps1'
[4.505s] INFO:colcon.colcon_core.shell:Creating prefix script '/home/rospi/aug_2024/install/local_setup.sh'
[4.509s] INFO:colcon.colcon_core.shell:Creating prefix util module '/home/rospi/aug_2024/install/_local_setup_util_sh.py'
[4.512s] INFO:colcon.colcon_core.shell:Creating prefix chain script '/home/rospi/aug_2024/install/setup.sh'
[4.518s] INFO:colcon.colcon_core.shell:Creating prefix script '/home/rospi/aug_2024/install/local_setup.bash'
[4.521s] INFO:colcon.colcon_core.shell:Creating prefix chain script '/home/rospi/aug_2024/install/setup.bash'
[4.527s] INFO:colcon.colcon_core.shell:Creating prefix script '/home/rospi/aug_2024/install/local_setup.zsh'
[4.529s] INFO:colcon.colcon_core.shell:Creating prefix chain script '/home/rospi/aug_2024/install/setup.zsh'
