[0.567s] DEBUG:colcon:Command line arguments: ['/usr/bin/colcon', 'build']
[0.568s] DEBUG:colcon:Parsed command line arguments: Namespace(log_base=None, log_level=None, verb_name='build', build_base='build', install_base='install', merge_install=False, symlink_install=False, test_result_base=None, continue_on_error=False, executor='parallel', parallel_workers=4, event_handlers=None, ignore_user_meta=False, metas=['./colcon.meta'], base_paths=['.'], packages_ignore=None, packages_ignore_regex=None, paths=None, packages_up_to=None, packages_up_to_regex=None, packages_above=None, packages_above_and_dependencies=None, packages_above_depth=None, packages_select_by_dep=None, packages_skip_by_dep=None, packages_skip_up_to=None, packages_select_build_failed=False, packages_skip_build_finished=False, packages_select_test_failures=False, packages_skip_test_passed=False, packages_select=None, packages_skip=None, packages_select_regex=None, packages_skip_regex=None, packages_start=None, packages_end=None, allow_overriding=[], cmake_args=None, cmake_target=None, cmake_target_skip_unavailable=False, cmake_clean_cache=False, cmake_clean_first=False, cmake_force_configure=False, ament_cmake_args=None, catkin_cmake_args=None, catkin_skip_building_tests=False, mixin_files=None, mixin=None, verb_parser=<colcon_mixin.mixin.mixin_argument.MixinArgumentDecorator object at 0xffffa91b9960>, verb_extension=<colcon_core.verb.build.BuildVerb object at 0xffffa936e8f0>, main=<bound method BuildVerb.main of <colcon_core.verb.build.BuildVerb object at 0xffffa936e8f0>>, mixin_verb=('build',))
[1.534s] Level 1:colcon.colcon_core.package_discovery:discover_packages(colcon_meta) check parameters
[1.534s] Level 1:colcon.colcon_core.package_discovery:discover_packages(recursive) check parameters
[1.534s] Level 1:colcon.colcon_core.package_discovery:discover_packages(ignore) check parameters
[1.534s] Level 1:colcon.colcon_core.package_discovery:discover_packages(path) check parameters
[1.535s] Level 1:colcon.colcon_core.package_discovery:discover_packages(colcon_meta) discover
[1.535s] Level 1:colcon.colcon_core.package_discovery:discover_packages(recursive) discover
[1.535s] INFO:colcon.colcon_core.package_discovery:Crawling recursively for packages in '/home/rospi/aug_2024'
[1.536s] Level 1:colcon.colcon_core.package_identification:_identify(.) by extensions ['ignore', 'ignore_ament_install']
[1.536s] Level 1:colcon.colcon_core.package_identification:_identify(.) by extension 'ignore'
[1.536s] Level 1:colcon.colcon_core.package_identification:_identify(.) by extension 'ignore_ament_install'
[1.537s] Level 1:colcon.colcon_core.package_identification:_identify(.) by extensions ['colcon_pkg']
[1.537s] Level 1:colcon.colcon_core.package_identification:_identify(.) by extension 'colcon_pkg'
[1.537s] Level 1:colcon.colcon_core.package_identification:_identify(.) by extensions ['colcon_meta']
[1.537s] Level 1:colcon.colcon_core.package_identification:_identify(.) by extension 'colcon_meta'
[1.537s] Level 1:colcon.colcon_core.package_identification:_identify(.) by extensions ['ros']
[1.537s] Level 1:colcon.colcon_core.package_identification:_identify(.) by extension 'ros'
[1.586s] Level 1:colcon.colcon_core.package_identification:_identify(.) by extensions ['cmake', 'python']
[1.587s] Level 1:colcon.colcon_core.package_identification:_identify(.) by extension 'cmake'
[1.587s] Level 1:colcon.colcon_core.package_identification:_identify(.) by extension 'python'
[1.587s] Level 1:colcon.colcon_core.package_identification:_identify(.) by extensions ['python_setup_py']
[1.587s] Level 1:colcon.colcon_core.package_identification:_identify(.) by extension 'python_setup_py'
[1.588s] Level 1:colcon.colcon_core.package_identification:_identify(build) by extensions ['ignore', 'ignore_ament_install']
[1.588s] Level 1:colcon.colcon_core.package_identification:_identify(build) by extension 'ignore'
[1.589s] Level 1:colcon.colcon_core.package_identification:_identify(build) ignored
[1.589s] Level 1:colcon.colcon_core.package_identification:_identify(install) by extensions ['ignore', 'ignore_ament_install']
[1.590s] Level 1:colcon.colcon_core.package_identification:_identify(install) by extension 'ignore'
[1.590s] Level 1:colcon.colcon_core.package_identification:_identify(install) ignored
[1.592s] Level 1:colcon.colcon_core.package_identification:_identify(log) by extensions ['ignore', 'ignore_ament_install']
[1.592s] Level 1:colcon.colcon_core.package_identification:_identify(log) by extension 'ignore'
[1.592s] Level 1:colcon.colcon_core.package_identification:_identify(log) ignored
[1.593s] Level 1:colcon.colcon_core.package_identification:_identify(src) by extensions ['ignore', 'ignore_ament_install']
[1.593s] Level 1:colcon.colcon_core.package_identification:_identify(src) by extension 'ignore'
[1.593s] Level 1:colcon.colcon_core.package_identification:_identify(src) by extension 'ignore_ament_install'
[1.594s] Level 1:colcon.colcon_core.package_identification:_identify(src) by extensions ['colcon_pkg']
[1.594s] Level 1:colcon.colcon_core.package_identification:_identify(src) by extension 'colcon_pkg'
[1.594s] Level 1:colcon.colcon_core.package_identification:_identify(src) by extensions ['colcon_meta']
[1.594s] Level 1:colcon.colcon_core.package_identification:_identify(src) by extension 'colcon_meta'
[1.594s] Level 1:colcon.colcon_core.package_identification:_identify(src) by extensions ['ros']
[1.595s] Level 1:colcon.colcon_core.package_identification:_identify(src) by extension 'ros'
[1.595s] Level 1:colcon.colcon_core.package_identification:_identify(src) by extensions ['cmake', 'python']
[1.595s] Level 1:colcon.colcon_core.package_identification:_identify(src) by extension 'cmake'
[1.595s] Level 1:colcon.colcon_core.package_identification:_identify(src) by extension 'python'
[1.595s] Level 1:colcon.colcon_core.package_identification:_identify(src) by extensions ['python_setup_py']
[1.596s] Level 1:colcon.colcon_core.package_identification:_identify(src) by extension 'python_setup_py'
[1.596s] Level 1:colcon.colcon_core.package_identification:_identify(src/BMC_2024) by extensions ['ignore', 'ignore_ament_install']
[1.596s] Level 1:colcon.colcon_core.package_identification:_identify(src/BMC_2024) by extension 'ignore'
[1.597s] Level 1:colcon.colcon_core.package_identification:_identify(src/BMC_2024) by extension 'ignore_ament_install'
[1.597s] Level 1:colcon.colcon_core.package_identification:_identify(src/BMC_2024) by extensions ['colcon_pkg']
[1.597s] Level 1:colcon.colcon_core.package_identification:_identify(src/BMC_2024) by extension 'colcon_pkg'
[1.597s] Level 1:colcon.colcon_core.package_identification:_identify(src/BMC_2024) by extensions ['colcon_meta']
[1.597s] Level 1:colcon.colcon_core.package_identification:_identify(src/BMC_2024) by extension 'colcon_meta'
[1.598s] Level 1:colcon.colcon_core.package_identification:_identify(src/BMC_2024) by extensions ['ros']
[1.598s] Level 1:colcon.colcon_core.package_identification:_identify(src/BMC_2024) by extension 'ros'
[1.610s] DEBUG:colcon.colcon_core.package_identification:Package 'src/BMC_2024' with type 'ros.ament_cmake' and name 'BMC_2024'
[1.611s] Level 1:colcon.colcon_core.package_identification:_identify(src/aug_2024) by extensions ['ignore', 'ignore_ament_install']
[1.611s] Level 1:colcon.colcon_core.package_identification:_identify(src/aug_2024) by extension 'ignore'
[1.612s] Level 1:colcon.colcon_core.package_identification:_identify(src/aug_2024) by extension 'ignore_ament_install'
[1.612s] Level 1:colcon.colcon_core.package_identification:_identify(src/aug_2024) by extensions ['colcon_pkg']
[1.612s] Level 1:colcon.colcon_core.package_identification:_identify(src/aug_2024) by extension 'colcon_pkg'
[1.612s] Level 1:colcon.colcon_core.package_identification:_identify(src/aug_2024) by extensions ['colcon_meta']
[1.612s] Level 1:colcon.colcon_core.package_identification:_identify(src/aug_2024) by extension 'colcon_meta'
[1.613s] Level 1:colcon.colcon_core.package_identification:_identify(src/aug_2024) by extensions ['ros']
[1.613s] Level 1:colcon.colcon_core.package_identification:_identify(src/aug_2024) by extension 'ros'
[1.622s] DEBUG:colcon.colcon_core.package_identification:Package 'src/aug_2024' with type 'ros.ament_cmake' and name 'aug_2024'
[1.623s] Level 1:colcon.colcon_core.package_identification:_identify(src/build) by extensions ['ignore', 'ignore_ament_install']
[1.624s] Level 1:colcon.colcon_core.package_identification:_identify(src/build) by extension 'ignore'
[1.624s] Level 1:colcon.colcon_core.package_identification:_identify(src/build) ignored
[1.624s] Level 1:colcon.colcon_core.package_identification:_identify(src/gazebo_ros2_control) by extensions ['ignore', 'ignore_ament_install']
[1.625s] Level 1:colcon.colcon_core.package_identification:_identify(src/gazebo_ros2_control) by extension 'ignore'
[1.625s] Level 1:colcon.colcon_core.package_identification:_identify(src/gazebo_ros2_control) by extension 'ignore_ament_install'
[1.625s] Level 1:colcon.colcon_core.package_identification:_identify(src/gazebo_ros2_control) by extensions ['colcon_pkg']
[1.625s] Level 1:colcon.colcon_core.package_identification:_identify(src/gazebo_ros2_control) by extension 'colcon_pkg'
[1.625s] Level 1:colcon.colcon_core.package_identification:_identify(src/gazebo_ros2_control) by extensions ['colcon_meta']
[1.626s] Level 1:colcon.colcon_core.package_identification:_identify(src/gazebo_ros2_control) by extension 'colcon_meta'
[1.626s] Level 1:colcon.colcon_core.package_identification:_identify(src/gazebo_ros2_control) by extensions ['ros']
[1.626s] Level 1:colcon.colcon_core.package_identification:_identify(src/gazebo_ros2_control) by extension 'ros'
[1.626s] Level 1:colcon.colcon_core.package_identification:_identify(src/gazebo_ros2_control) by extensions ['cmake', 'python']
[1.627s] Level 1:colcon.colcon_core.package_identification:_identify(src/gazebo_ros2_control) by extension 'cmake'
[1.627s] Level 1:colcon.colcon_core.package_identification:_identify(src/gazebo_ros2_control) by extension 'python'
[1.627s] Level 1:colcon.colcon_core.package_identification:_identify(src/gazebo_ros2_control) by extensions ['python_setup_py']
[1.627s] Level 1:colcon.colcon_core.package_identification:_identify(src/gazebo_ros2_control) by extension 'python_setup_py'
[1.628s] Level 1:colcon.colcon_core.package_identification:_identify(src/install) by extensions ['ignore', 'ignore_ament_install']
[1.628s] Level 1:colcon.colcon_core.package_identification:_identify(src/install) by extension 'ignore'
[1.628s] Level 1:colcon.colcon_core.package_identification:_identify(src/install) ignored
[1.629s] Level 1:colcon.colcon_core.package_identification:_identify(src/log) by extensions ['ignore', 'ignore_ament_install']
[1.629s] Level 1:colcon.colcon_core.package_identification:_identify(src/log) by extension 'ignore'
[1.629s] Level 1:colcon.colcon_core.package_identification:_identify(src/log) ignored
[1.630s] Level 1:colcon.colcon_core.package_identification:_identify(src/my_robot_nav2) by extensions ['ignore', 'ignore_ament_install']
[1.630s] Level 1:colcon.colcon_core.package_identification:_identify(src/my_robot_nav2) by extension 'ignore'
[1.630s] Level 1:colcon.colcon_core.package_identification:_identify(src/my_robot_nav2) by extension 'ignore_ament_install'
[1.631s] Level 1:colcon.colcon_core.package_identification:_identify(src/my_robot_nav2) by extensions ['colcon_pkg']
[1.631s] Level 1:colcon.colcon_core.package_identification:_identify(src/my_robot_nav2) by extension 'colcon_pkg'
[1.631s] Level 1:colcon.colcon_core.package_identification:_identify(src/my_robot_nav2) by extensions ['colcon_meta']
[1.631s] Level 1:colcon.colcon_core.package_identification:_identify(src/my_robot_nav2) by extension 'colcon_meta'
[1.631s] Level 1:colcon.colcon_core.package_identification:_identify(src/my_robot_nav2) by extensions ['ros']
[1.631s] Level 1:colcon.colcon_core.package_identification:_identify(src/my_robot_nav2) by extension 'ros'
[1.634s] DEBUG:colcon.colcon_core.package_identification:Package 'src/my_robot_nav2' with type 'ros.ament_cmake' and name 'my_robot_nav2'
[1.635s] Level 1:colcon.colcon_core.package_identification:_identify(src/sllidar_ros2) by extensions ['ignore', 'ignore_ament_install']
[1.635s] Level 1:colcon.colcon_core.package_identification:_identify(src/sllidar_ros2) by extension 'ignore'
[1.635s] Level 1:colcon.colcon_core.package_identification:_identify(src/sllidar_ros2) by extension 'ignore_ament_install'
[1.635s] Level 1:colcon.colcon_core.package_identification:_identify(src/sllidar_ros2) by extensions ['colcon_pkg']
[1.636s] Level 1:colcon.colcon_core.package_identification:_identify(src/sllidar_ros2) by extension 'colcon_pkg'
[1.636s] Level 1:colcon.colcon_core.package_identification:_identify(src/sllidar_ros2) by extensions ['colcon_meta']
[1.636s] Level 1:colcon.colcon_core.package_identification:_identify(src/sllidar_ros2) by extension 'colcon_meta'
[1.636s] Level 1:colcon.colcon_core.package_identification:_identify(src/sllidar_ros2) by extensions ['ros']
[1.636s] Level 1:colcon.colcon_core.package_identification:_identify(src/sllidar_ros2) by extension 'ros'
[1.639s] DEBUG:colcon.colcon_core.package_identification:Package 'src/sllidar_ros2' with type 'ros.ament_cmake' and name 'sllidar_ros2'
[1.640s] Level 1:colcon.colcon_core.package_discovery:discover_packages(recursive) using defaults
[1.640s] Level 1:colcon.colcon_core.package_discovery:discover_packages(ignore) discover
[1.640s] Level 1:colcon.colcon_core.package_discovery:discover_packages(ignore) using defaults
[1.640s] Level 1:colcon.colcon_core.package_discovery:discover_packages(path) discover
[1.640s] Level 1:colcon.colcon_core.package_discovery:discover_packages(path) using defaults
[1.770s] Level 1:colcon.colcon_core.package_discovery:discover_packages(prefix_path) check parameters
[1.770s] Level 1:colcon.colcon_core.package_discovery:discover_packages(prefix_path) discover
[1.781s] DEBUG:colcon.colcon_installed_package_information.package_discovery:Found 4 installed packages in /home/rospi/aug_2024/install
[1.794s] DEBUG:colcon.colcon_installed_package_information.package_discovery:Found 372 installed packages in /opt/ros/humble
[1.804s] Level 1:colcon.colcon_core.package_discovery:discover_packages(prefix_path) using defaults
[2.045s] Level 5:colcon.colcon_core.verb:set package 'BMC_2024' build argument 'cmake_args' from command line to 'None'
[2.046s] Level 5:colcon.colcon_core.verb:set package 'BMC_2024' build argument 'cmake_target' from command line to 'None'
[2.046s] Level 5:colcon.colcon_core.verb:set package 'BMC_2024' build argument 'cmake_target_skip_unavailable' from command line to 'False'
[2.046s] Level 5:colcon.colcon_core.verb:set package 'BMC_2024' build argument 'cmake_clean_cache' from command line to 'False'
[2.046s] Level 5:colcon.colcon_core.verb:set package 'BMC_2024' build argument 'cmake_clean_first' from command line to 'False'
[2.046s] Level 5:colcon.colcon_core.verb:set package 'BMC_2024' build argument 'cmake_force_configure' from command line to 'False'
[2.046s] Level 5:colcon.colcon_core.verb:set package 'BMC_2024' build argument 'ament_cmake_args' from command line to 'None'
[2.047s] Level 5:colcon.colcon_core.verb:set package 'BMC_2024' build argument 'catkin_cmake_args' from command line to 'None'
[2.047s] Level 5:colcon.colcon_core.verb:set package 'BMC_2024' build argument 'catkin_skip_building_tests' from command line to 'False'
[2.047s] DEBUG:colcon.colcon_core.verb:Building package 'BMC_2024' with the following arguments: {'ament_cmake_args': None, 'build_base': '/home/rospi/aug_2024/build/BMC_2024', 'catkin_cmake_args': None, 'catkin_skip_building_tests': False, 'cmake_args': None, 'cmake_clean_cache': False, 'cmake_clean_first': False, 'cmake_force_configure': False, 'cmake_target': None, 'cmake_target_skip_unavailable': False, 'install_base': '/home/rospi/aug_2024/install/BMC_2024', 'merge_install': False, 'path': '/home/rospi/aug_2024/src/BMC_2024', 'symlink_install': False, 'test_result_base': None}
[2.048s] Level 5:colcon.colcon_core.verb:set package 'my_robot_nav2' build argument 'cmake_args' from command line to 'None'
[2.049s] Level 5:colcon.colcon_core.verb:set package 'my_robot_nav2' build argument 'cmake_target' from command line to 'None'
[2.049s] Level 5:colcon.colcon_core.verb:set package 'my_robot_nav2' build argument 'cmake_target_skip_unavailable' from command line to 'False'
[2.049s] Level 5:colcon.colcon_core.verb:set package 'my_robot_nav2' build argument 'cmake_clean_cache' from command line to 'False'
[2.049s] Level 5:colcon.colcon_core.verb:set package 'my_robot_nav2' build argument 'cmake_clean_first' from command line to 'False'
[2.049s] Level 5:colcon.colcon_core.verb:set package 'my_robot_nav2' build argument 'cmake_force_configure' from command line to 'False'
[2.049s] Level 5:colcon.colcon_core.verb:set package 'my_robot_nav2' build argument 'ament_cmake_args' from command line to 'None'
[2.049s] Level 5:colcon.colcon_core.verb:set package 'my_robot_nav2' build argument 'catkin_cmake_args' from command line to 'None'
[2.050s] Level 5:colcon.colcon_core.verb:set package 'my_robot_nav2' build argument 'catkin_skip_building_tests' from command line to 'False'
[2.050s] DEBUG:colcon.colcon_core.verb:Building package 'my_robot_nav2' with the following arguments: {'ament_cmake_args': None, 'build_base': '/home/rospi/aug_2024/build/my_robot_nav2', 'catkin_cmake_args': None, 'catkin_skip_building_tests': False, 'cmake_args': None, 'cmake_clean_cache': False, 'cmake_clean_first': False, 'cmake_force_configure': False, 'cmake_target': None, 'cmake_target_skip_unavailable': False, 'install_base': '/home/rospi/aug_2024/install/my_robot_nav2', 'merge_install': False, 'path': '/home/rospi/aug_2024/src/my_robot_nav2', 'symlink_install': False, 'test_result_base': None}
[2.051s] Level 5:colcon.colcon_core.verb:set package 'sllidar_ros2' build argument 'cmake_args' from command line to 'None'
[2.052s] Level 5:colcon.colcon_core.verb:set package 'sllidar_ros2' build argument 'cmake_target' from command line to 'None'
[2.052s] Level 5:colcon.colcon_core.verb:set package 'sllidar_ros2' build argument 'cmake_target_skip_unavailable' from command line to 'False'
[2.052s] Level 5:colcon.colcon_core.verb:set package 'sllidar_ros2' build argument 'cmake_clean_cache' from command line to 'False'
[2.052s] Level 5:colcon.colcon_core.verb:set package 'sllidar_ros2' build argument 'cmake_clean_first' from command line to 'False'
[2.052s] Level 5:colcon.colcon_core.verb:set package 'sllidar_ros2' build argument 'cmake_force_configure' from command line to 'False'
[2.052s] Level 5:colcon.colcon_core.verb:set package 'sllidar_ros2' build argument 'ament_cmake_args' from command line to 'None'
[2.052s] Level 5:colcon.colcon_core.verb:set package 'sllidar_ros2' build argument 'catkin_cmake_args' from command line to 'None'
[2.052s] Level 5:colcon.colcon_core.verb:set package 'sllidar_ros2' build argument 'catkin_skip_building_tests' from command line to 'False'
[2.053s] DEBUG:colcon.colcon_core.verb:Building package 'sllidar_ros2' with the following arguments: {'ament_cmake_args': None, 'build_base': '/home/rospi/aug_2024/build/sllidar_ros2', 'catkin_cmake_args': None, 'catkin_skip_building_tests': False, 'cmake_args': None, 'cmake_clean_cache': False, 'cmake_clean_first': False, 'cmake_force_configure': False, 'cmake_target': None, 'cmake_target_skip_unavailable': False, 'install_base': '/home/rospi/aug_2024/install/sllidar_ros2', 'merge_install': False, 'path': '/home/rospi/aug_2024/src/sllidar_ros2', 'symlink_install': False, 'test_result_base': None}
[2.054s] Level 5:colcon.colcon_core.verb:set package 'aug_2024' build argument 'cmake_args' from command line to 'None'
[2.054s] Level 5:colcon.colcon_core.verb:set package 'aug_2024' build argument 'cmake_target' from command line to 'None'
[2.055s] Level 5:colcon.colcon_core.verb:set package 'aug_2024' build argument 'cmake_target_skip_unavailable' from command line to 'False'
[2.055s] Level 5:colcon.colcon_core.verb:set package 'aug_2024' build argument 'cmake_clean_cache' from command line to 'False'
[2.055s] Level 5:colcon.colcon_core.verb:set package 'aug_2024' build argument 'cmake_clean_first' from command line to 'False'
[2.055s] Level 5:colcon.colcon_core.verb:set package 'aug_2024' build argument 'cmake_force_configure' from command line to 'False'
[2.055s] Level 5:colcon.colcon_core.verb:set package 'aug_2024' build argument 'ament_cmake_args' from command line to 'None'
[2.055s] Level 5:colcon.colcon_core.verb:set package 'aug_2024' build argument 'catkin_cmake_args' from command line to 'None'
[2.055s] Level 5:colcon.colcon_core.verb:set package 'aug_2024' build argument 'catkin_skip_building_tests' from command line to 'False'
[2.055s] DEBUG:colcon.colcon_core.verb:Building package 'aug_2024' with the following arguments: {'ament_cmake_args': None, 'build_base': '/home/rospi/aug_2024/build/aug_2024', 'catkin_cmake_args': None, 'catkin_skip_building_tests': False, 'cmake_args': None, 'cmake_clean_cache': False, 'cmake_clean_first': False, 'cmake_force_configure': False, 'cmake_target': None, 'cmake_target_skip_unavailable': False, 'install_base': '/home/rospi/aug_2024/install/aug_2024', 'merge_install': False, 'path': '/home/rospi/aug_2024/src/aug_2024', 'symlink_install': False, 'test_result_base': None}
[2.056s] INFO:colcon.colcon_core.executor:Executing jobs using 'parallel' executor
[2.060s] DEBUG:colcon.colcon_parallel_executor.executor.parallel:run_until_complete
[2.060s] INFO:colcon.colcon_ros.task.ament_cmake.build:Building ROS package in '/home/rospi/aug_2024/src/BMC_2024' with build type 'ament_cmake'
[2.061s] INFO:colcon.colcon_cmake.task.cmake.build:Building CMake package in '/home/rospi/aug_2024/src/BMC_2024'
[2.071s] INFO:colcon.colcon_core.plugin_system:Skipping extension 'colcon_core.shell.bat': Not used on non-Windows systems
[2.072s] INFO:colcon.colcon_core.shell:Skip shell extension 'powershell' for command environment: Not usable outside of PowerShell
[2.072s] DEBUG:colcon.colcon_core.shell:Skip shell extension 'dsv' for command environment
[2.097s] INFO:colcon.colcon_ros.task.ament_cmake.build:Building ROS package in '/home/rospi/aug_2024/src/sllidar_ros2' with build type 'ament_cmake'
[2.098s] INFO:colcon.colcon_cmake.task.cmake.build:Building CMake package in '/home/rospi/aug_2024/src/sllidar_ros2'
[2.099s] INFO:colcon.colcon_core.shell:Skip shell extension 'powershell' for command environment: Not usable outside of PowerShell
[2.100s] DEBUG:colcon.colcon_core.shell:Skip shell extension 'dsv' for command environment
[2.123s] INFO:colcon.colcon_ros.task.ament_cmake.build:Building ROS package in '/home/rospi/aug_2024/src/my_robot_nav2' with build type 'ament_cmake'
[2.124s] INFO:colcon.colcon_cmake.task.cmake.build:Building CMake package in '/home/rospi/aug_2024/src/my_robot_nav2'
[2.125s] INFO:colcon.colcon_core.shell:Skip shell extension 'powershell' for command environment: Not usable outside of PowerShell
[2.126s] DEBUG:colcon.colcon_core.shell:Skip shell extension 'dsv' for command environment
[2.173s] DEBUG:colcon.colcon_core.event_handler.log_command:Invoking command in '/home/rospi/aug_2024/build/BMC_2024': CMAKE_PREFIX_PATH=${CMAKE_PREFIX_PATH}:/opt/ros/humble /usr/bin/cmake --build /home/rospi/aug_2024/build/BMC_2024 -- -j4 -l4
[2.193s] DEBUG:colcon.colcon_core.event_handler.log_command:Invoking command in '/home/rospi/aug_2024/build/sllidar_ros2': CMAKE_PREFIX_PATH=${CMAKE_PREFIX_PATH}:/opt/ros/humble /usr/bin/cmake --build /home/rospi/aug_2024/build/sllidar_ros2 -- -j4 -l4
[2.214s] DEBUG:colcon.colcon_core.event_handler.log_command:Invoking command in '/home/rospi/aug_2024/build/my_robot_nav2': CMAKE_PREFIX_PATH=${CMAKE_PREFIX_PATH}:/opt/ros/humble /usr/bin/cmake --build /home/rospi/aug_2024/build/my_robot_nav2 -- -j4 -l4
[2.396s] DEBUG:colcon.colcon_core.event_handler.log_command:Invoked command in '/home/rospi/aug_2024/build/my_robot_nav2' returned '0': CMAKE_PREFIX_PATH=${CMAKE_PREFIX_PATH}:/opt/ros/humble /usr/bin/cmake --build /home/rospi/aug_2024/build/my_robot_nav2 -- -j4 -l4
[2.451s] DEBUG:colcon.colcon_core.event_handler.log_command:Invoking command in '/home/rospi/aug_2024/build/my_robot_nav2': CMAKE_PREFIX_PATH=${CMAKE_PREFIX_PATH}:/opt/ros/humble /usr/bin/cmake --install /home/rospi/aug_2024/build/my_robot_nav2
[2.527s] Level 1:colcon.colcon_core.environment:create_environment_scripts_only(my_robot_nav2)
[2.533s] DEBUG:colcon.colcon_core.event_handler.log_command:Invoked command in '/home/rospi/aug_2024/build/my_robot_nav2' returned '0': CMAKE_PREFIX_PATH=${CMAKE_PREFIX_PATH}:/opt/ros/humble /usr/bin/cmake --install /home/rospi/aug_2024/build/my_robot_nav2
[2.549s] Level 1:colcon.colcon_core.environment:checking '/home/rospi/aug_2024/install/my_robot_nav2' for CMake module files
[2.553s] Level 1:colcon.colcon_core.environment:checking '/home/rospi/aug_2024/install/my_robot_nav2' for CMake config files
[2.554s] Level 1:colcon.colcon_core.shell:create_environment_hook('my_robot_nav2', 'cmake_prefix_path')
[2.556s] INFO:colcon.colcon_core.shell:Creating environment hook '/home/rospi/aug_2024/install/my_robot_nav2/share/my_robot_nav2/hook/cmake_prefix_path.ps1'
[2.559s] INFO:colcon.colcon_core.shell:Creating environment descriptor '/home/rospi/aug_2024/install/my_robot_nav2/share/my_robot_nav2/hook/cmake_prefix_path.dsv'
[2.563s] INFO:colcon.colcon_core.shell:Creating environment hook '/home/rospi/aug_2024/install/my_robot_nav2/share/my_robot_nav2/hook/cmake_prefix_path.sh'
[2.567s] Level 1:colcon.colcon_core.environment:checking '/home/rospi/aug_2024/install/my_robot_nav2/bin'
[2.568s] Level 1:colcon.colcon_core.environment:checking '/home/rospi/aug_2024/install/my_robot_nav2/lib/pkgconfig/my_robot_nav2.pc'
[2.569s] Level 1:colcon.colcon_core.environment:checking '/home/rospi/aug_2024/install/my_robot_nav2/lib/python3.10/site-packages'
[2.569s] Level 1:colcon.colcon_core.environment:checking '/home/rospi/aug_2024/install/my_robot_nav2/bin'
[2.571s] INFO:colcon.colcon_core.shell:Creating package script '/home/rospi/aug_2024/install/my_robot_nav2/share/my_robot_nav2/package.ps1'
[2.574s] INFO:colcon.colcon_core.shell:Creating package descriptor '/home/rospi/aug_2024/install/my_robot_nav2/share/my_robot_nav2/package.dsv'
[2.577s] INFO:colcon.colcon_core.shell:Creating package script '/home/rospi/aug_2024/install/my_robot_nav2/share/my_robot_nav2/package.sh'
[2.580s] INFO:colcon.colcon_core.shell:Creating package script '/home/rospi/aug_2024/install/my_robot_nav2/share/my_robot_nav2/package.bash'
[2.584s] INFO:colcon.colcon_core.shell:Creating package script '/home/rospi/aug_2024/install/my_robot_nav2/share/my_robot_nav2/package.zsh'
[2.587s] Level 1:colcon.colcon_core.environment:create_file_with_runtime_dependencies(/home/rospi/aug_2024/install/my_robot_nav2/share/colcon-core/packages/my_robot_nav2)
[2.590s] Level 1:colcon.colcon_core.environment:create_environment_scripts_only(my_robot_nav2)
[2.591s] Level 1:colcon.colcon_core.environment:checking '/home/rospi/aug_2024/install/my_robot_nav2' for CMake module files
[2.594s] Level 1:colcon.colcon_core.environment:checking '/home/rospi/aug_2024/install/my_robot_nav2' for CMake config files
[2.595s] Level 1:colcon.colcon_core.shell:create_environment_hook('my_robot_nav2', 'cmake_prefix_path')
[2.596s] INFO:colcon.colcon_core.shell:Creating environment hook '/home/rospi/aug_2024/install/my_robot_nav2/share/my_robot_nav2/hook/cmake_prefix_path.ps1'
[2.598s] INFO:colcon.colcon_core.shell:Creating environment descriptor '/home/rospi/aug_2024/install/my_robot_nav2/share/my_robot_nav2/hook/cmake_prefix_path.dsv'
[2.600s] INFO:colcon.colcon_core.shell:Creating environment hook '/home/rospi/aug_2024/install/my_robot_nav2/share/my_robot_nav2/hook/cmake_prefix_path.sh'
[2.603s] Level 1:colcon.colcon_core.environment:checking '/home/rospi/aug_2024/install/my_robot_nav2/bin'
[2.603s] Level 1:colcon.colcon_core.environment:checking '/home/rospi/aug_2024/install/my_robot_nav2/lib/pkgconfig/my_robot_nav2.pc'
[2.604s] Level 1:colcon.colcon_core.environment:checking '/home/rospi/aug_2024/install/my_robot_nav2/lib/python3.10/site-packages'
[2.605s] Level 1:colcon.colcon_core.environment:checking '/home/rospi/aug_2024/install/my_robot_nav2/bin'
[2.607s] INFO:colcon.colcon_core.shell:Creating package script '/home/rospi/aug_2024/install/my_robot_nav2/share/my_robot_nav2/package.ps1'
[2.609s] INFO:colcon.colcon_core.shell:Creating package descriptor '/home/rospi/aug_2024/install/my_robot_nav2/share/my_robot_nav2/package.dsv'
[2.612s] INFO:colcon.colcon_core.shell:Creating package script '/home/rospi/aug_2024/install/my_robot_nav2/share/my_robot_nav2/package.sh'
[2.614s] INFO:colcon.colcon_core.shell:Creating package script '/home/rospi/aug_2024/install/my_robot_nav2/share/my_robot_nav2/package.bash'
[2.616s] INFO:colcon.colcon_core.shell:Creating package script '/home/rospi/aug_2024/install/my_robot_nav2/share/my_robot_nav2/package.zsh'
[2.619s] Level 1:colcon.colcon_core.environment:create_file_with_runtime_dependencies(/home/rospi/aug_2024/install/my_robot_nav2/share/colcon-core/packages/my_robot_nav2)
[2.625s] DEBUG:colcon.colcon_core.event_handler.log_command:Invoked command in '/home/rospi/aug_2024/build/BMC_2024' returned '0': CMAKE_PREFIX_PATH=${CMAKE_PREFIX_PATH}:/opt/ros/humble /usr/bin/cmake --build /home/rospi/aug_2024/build/BMC_2024 -- -j4 -l4
[2.634s] DEBUG:colcon.colcon_core.event_handler.log_command:Invoking command in '/home/rospi/aug_2024/build/BMC_2024': CMAKE_PREFIX_PATH=${CMAKE_PREFIX_PATH}:/opt/ros/humble /usr/bin/cmake --install /home/rospi/aug_2024/build/BMC_2024
[2.637s] DEBUG:colcon.colcon_core.event_handler.log_command:Invoked command in '/home/rospi/aug_2024/build/sllidar_ros2' returned '0': CMAKE_PREFIX_PATH=${CMAKE_PREFIX_PATH}:/opt/ros/humble /usr/bin/cmake --build /home/rospi/aug_2024/build/sllidar_ros2 -- -j4 -l4
[2.648s] DEBUG:colcon.colcon_core.event_handler.log_command:Invoking command in '/home/rospi/aug_2024/build/sllidar_ros2': CMAKE_PREFIX_PATH=${CMAKE_PREFIX_PATH}:/opt/ros/humble /usr/bin/cmake --install /home/rospi/aug_2024/build/sllidar_ros2
[2.689s] Level 1:colcon.colcon_core.environment:create_environment_scripts_only(BMC_2024)
[2.691s] Level 1:colcon.colcon_core.environment:checking '/home/rospi/aug_2024/install/BMC_2024' for CMake module files
[2.703s] Level 1:colcon.colcon_core.environment:checking '/home/rospi/aug_2024/install/BMC_2024' for CMake config files
[2.708s] Level 1:colcon.colcon_core.shell:create_environment_hook('BMC_2024', 'cmake_prefix_path')
[2.709s] INFO:colcon.colcon_core.shell:Creating environment hook '/home/rospi/aug_2024/install/BMC_2024/share/BMC_2024/hook/cmake_prefix_path.ps1'
[2.713s] INFO:colcon.colcon_core.shell:Creating environment descriptor '/home/rospi/aug_2024/install/BMC_2024/share/BMC_2024/hook/cmake_prefix_path.dsv'
[2.717s] DEBUG:colcon.colcon_core.event_handler.log_command:Invoked command in '/home/rospi/aug_2024/build/BMC_2024' returned '0': CMAKE_PREFIX_PATH=${CMAKE_PREFIX_PATH}:/opt/ros/humble /usr/bin/cmake --install /home/rospi/aug_2024/build/BMC_2024
[2.717s] INFO:colcon.colcon_core.shell:Creating environment hook '/home/rospi/aug_2024/install/BMC_2024/share/BMC_2024/hook/cmake_prefix_path.sh'
[2.723s] Level 1:colcon.colcon_core.environment:checking '/home/rospi/aug_2024/install/BMC_2024/lib'
[2.725s] Level 1:colcon.colcon_core.shell:create_environment_hook('BMC_2024', 'ld_library_path_lib')
[2.726s] INFO:colcon.colcon_core.shell:Creating environment hook '/home/rospi/aug_2024/install/BMC_2024/share/BMC_2024/hook/ld_library_path_lib.ps1'
[2.730s] INFO:colcon.colcon_core.shell:Creating environment descriptor '/home/rospi/aug_2024/install/BMC_2024/share/BMC_2024/hook/ld_library_path_lib.dsv'
[2.733s] INFO:colcon.colcon_core.shell:Creating environment hook '/home/rospi/aug_2024/install/BMC_2024/share/BMC_2024/hook/ld_library_path_lib.sh'
[2.735s] Level 1:colcon.colcon_core.environment:checking '/home/rospi/aug_2024/install/BMC_2024/bin'
[2.736s] Level 1:colcon.colcon_core.environment:checking '/home/rospi/aug_2024/install/BMC_2024/lib/pkgconfig/BMC_2024.pc'
[2.737s] Level 1:colcon.colcon_core.environment:checking '/home/rospi/aug_2024/install/BMC_2024/lib/python3.10/site-packages'
[2.738s] Level 1:colcon.colcon_core.environment:checking '/home/rospi/aug_2024/install/BMC_2024/bin'
[2.739s] INFO:colcon.colcon_core.shell:Creating package script '/home/rospi/aug_2024/install/BMC_2024/share/BMC_2024/package.ps1'
[2.742s] INFO:colcon.colcon_core.shell:Creating package descriptor '/home/rospi/aug_2024/install/BMC_2024/share/BMC_2024/package.dsv'
[2.744s] INFO:colcon.colcon_core.shell:Creating package script '/home/rospi/aug_2024/install/BMC_2024/share/BMC_2024/package.sh'
[2.746s] INFO:colcon.colcon_core.shell:Creating package script '/home/rospi/aug_2024/install/BMC_2024/share/BMC_2024/package.bash'
[2.748s] INFO:colcon.colcon_core.shell:Creating package script '/home/rospi/aug_2024/install/BMC_2024/share/BMC_2024/package.zsh'
[2.750s] Level 1:colcon.colcon_core.environment:create_file_with_runtime_dependencies(/home/rospi/aug_2024/install/BMC_2024/share/colcon-core/packages/BMC_2024)
[2.752s] Level 1:colcon.colcon_core.environment:create_environment_scripts_only(BMC_2024)
[2.753s] Level 1:colcon.colcon_core.environment:checking '/home/rospi/aug_2024/install/BMC_2024' for CMake module files
[2.756s] Level 1:colcon.colcon_core.environment:checking '/home/rospi/aug_2024/install/BMC_2024' for CMake config files
[2.757s] Level 1:colcon.colcon_core.shell:create_environment_hook('BMC_2024', 'cmake_prefix_path')
[2.759s] INFO:colcon.colcon_core.shell:Creating environment hook '/home/rospi/aug_2024/install/BMC_2024/share/BMC_2024/hook/cmake_prefix_path.ps1'
[2.761s] INFO:colcon.colcon_core.shell:Creating environment descriptor '/home/rospi/aug_2024/install/BMC_2024/share/BMC_2024/hook/cmake_prefix_path.dsv'
[2.764s] INFO:colcon.colcon_core.shell:Creating environment hook '/home/rospi/aug_2024/install/BMC_2024/share/BMC_2024/hook/cmake_prefix_path.sh'
[2.767s] Level 1:colcon.colcon_core.environment:checking '/home/rospi/aug_2024/install/BMC_2024/lib'
[2.767s] Level 1:colcon.colcon_core.shell:create_environment_hook('BMC_2024', 'ld_library_path_lib')
[2.769s] INFO:colcon.colcon_core.shell:Creating environment hook '/home/rospi/aug_2024/install/BMC_2024/share/BMC_2024/hook/ld_library_path_lib.ps1'
[2.771s] INFO:colcon.colcon_core.shell:Creating environment descriptor '/home/rospi/aug_2024/install/BMC_2024/share/BMC_2024/hook/ld_library_path_lib.dsv'
[2.774s] INFO:colcon.colcon_core.shell:Creating environment hook '/home/rospi/aug_2024/install/BMC_2024/share/BMC_2024/hook/ld_library_path_lib.sh'
[2.776s] Level 1:colcon.colcon_core.environment:checking '/home/rospi/aug_2024/install/BMC_2024/bin'
[2.777s] Level 1:colcon.colcon_core.environment:checking '/home/rospi/aug_2024/install/BMC_2024/lib/pkgconfig/BMC_2024.pc'
[2.778s] Level 1:colcon.colcon_core.environment:checking '/home/rospi/aug_2024/install/BMC_2024/lib/python3.10/site-packages'
[2.779s] Level 1:colcon.colcon_core.environment:checking '/home/rospi/aug_2024/install/BMC_2024/bin'
[2.781s] INFO:colcon.colcon_core.shell:Creating package script '/home/rospi/aug_2024/install/BMC_2024/share/BMC_2024/package.ps1'
[2.784s] INFO:colcon.colcon_core.shell:Creating package descriptor '/home/rospi/aug_2024/install/BMC_2024/share/BMC_2024/package.dsv'
[2.787s] INFO:colcon.colcon_core.shell:Creating package script '/home/rospi/aug_2024/install/BMC_2024/share/BMC_2024/package.sh'
[2.790s] INFO:colcon.colcon_core.shell:Creating package script '/home/rospi/aug_2024/install/BMC_2024/share/BMC_2024/package.bash'
[2.792s] INFO:colcon.colcon_core.shell:Creating package script '/home/rospi/aug_2024/install/BMC_2024/share/BMC_2024/package.zsh'
[2.795s] Level 1:colcon.colcon_core.environment:create_file_with_runtime_dependencies(/home/rospi/aug_2024/install/BMC_2024/share/colcon-core/packages/BMC_2024)
[2.799s] Level 1:colcon.colcon_core.environment:create_environment_scripts_only(sllidar_ros2)
[2.800s] Level 1:colcon.colcon_core.environment:checking '/home/rospi/aug_2024/install/sllidar_ros2' for CMake module files
[2.803s] DEBUG:colcon.colcon_core.event_handler.log_command:Invoked command in '/home/rospi/aug_2024/build/sllidar_ros2' returned '0': CMAKE_PREFIX_PATH=${CMAKE_PREFIX_PATH}:/opt/ros/humble /usr/bin/cmake --install /home/rospi/aug_2024/build/sllidar_ros2
[2.805s] Level 1:colcon.colcon_core.environment:checking '/home/rospi/aug_2024/install/sllidar_ros2' for CMake config files
[2.807s] Level 1:colcon.colcon_core.shell:create_environment_hook('sllidar_ros2', 'cmake_prefix_path')
[2.809s] INFO:colcon.colcon_core.shell:Creating environment hook '/home/rospi/aug_2024/install/sllidar_ros2/share/sllidar_ros2/hook/cmake_prefix_path.ps1'
[2.811s] INFO:colcon.colcon_core.shell:Creating environment descriptor '/home/rospi/aug_2024/install/sllidar_ros2/share/sllidar_ros2/hook/cmake_prefix_path.dsv'
[2.814s] INFO:colcon.colcon_core.shell:Creating environment hook '/home/rospi/aug_2024/install/sllidar_ros2/share/sllidar_ros2/hook/cmake_prefix_path.sh'
[2.817s] Level 1:colcon.colcon_core.environment:checking '/home/rospi/aug_2024/install/sllidar_ros2/lib'
[2.818s] Level 1:colcon.colcon_core.environment:checking '/home/rospi/aug_2024/install/sllidar_ros2/bin'
[2.819s] Level 1:colcon.colcon_core.environment:checking '/home/rospi/aug_2024/install/sllidar_ros2/lib/pkgconfig/sllidar_ros2.pc'
[2.820s] Level 1:colcon.colcon_core.environment:checking '/home/rospi/aug_2024/install/sllidar_ros2/lib/python3.10/site-packages'
[2.822s] Level 1:colcon.colcon_core.environment:checking '/home/rospi/aug_2024/install/sllidar_ros2/bin'
[2.824s] INFO:colcon.colcon_core.shell:Creating package script '/home/rospi/aug_2024/install/sllidar_ros2/share/sllidar_ros2/package.ps1'
[2.827s] INFO:colcon.colcon_core.shell:Creating package descriptor '/home/rospi/aug_2024/install/sllidar_ros2/share/sllidar_ros2/package.dsv'
[2.830s] INFO:colcon.colcon_core.shell:Creating package script '/home/rospi/aug_2024/install/sllidar_ros2/share/sllidar_ros2/package.sh'
[2.834s] INFO:colcon.colcon_core.shell:Creating package script '/home/rospi/aug_2024/install/sllidar_ros2/share/sllidar_ros2/package.bash'
[2.837s] INFO:colcon.colcon_core.shell:Creating package script '/home/rospi/aug_2024/install/sllidar_ros2/share/sllidar_ros2/package.zsh'
[2.839s] Level 1:colcon.colcon_core.environment:create_file_with_runtime_dependencies(/home/rospi/aug_2024/install/sllidar_ros2/share/colcon-core/packages/sllidar_ros2)
[2.843s] Level 1:colcon.colcon_core.environment:create_environment_scripts_only(sllidar_ros2)
[2.844s] Level 1:colcon.colcon_core.environment:checking '/home/rospi/aug_2024/install/sllidar_ros2' for CMake module files
[2.851s] Level 1:colcon.colcon_core.environment:checking '/home/rospi/aug_2024/install/sllidar_ros2' for CMake config files
[2.853s] Level 1:colcon.colcon_core.shell:create_environment_hook('sllidar_ros2', 'cmake_prefix_path')
[2.854s] INFO:colcon.colcon_core.shell:Creating environment hook '/home/rospi/aug_2024/install/sllidar_ros2/share/sllidar_ros2/hook/cmake_prefix_path.ps1'
[2.857s] INFO:colcon.colcon_core.shell:Creating environment descriptor '/home/rospi/aug_2024/install/sllidar_ros2/share/sllidar_ros2/hook/cmake_prefix_path.dsv'
[2.859s] INFO:colcon.colcon_core.shell:Creating environment hook '/home/rospi/aug_2024/install/sllidar_ros2/share/sllidar_ros2/hook/cmake_prefix_path.sh'
[2.863s] Level 1:colcon.colcon_core.environment:checking '/home/rospi/aug_2024/install/sllidar_ros2/lib'
[2.864s] Level 1:colcon.colcon_core.environment:checking '/home/rospi/aug_2024/install/sllidar_ros2/bin'
[2.864s] Level 1:colcon.colcon_core.environment:checking '/home/rospi/aug_2024/install/sllidar_ros2/lib/pkgconfig/sllidar_ros2.pc'
[2.866s] Level 1:colcon.colcon_core.environment:checking '/home/rospi/aug_2024/install/sllidar_ros2/lib/python3.10/site-packages'
[2.867s] Level 1:colcon.colcon_core.environment:checking '/home/rospi/aug_2024/install/sllidar_ros2/bin'
[2.869s] INFO:colcon.colcon_core.shell:Creating package script '/home/rospi/aug_2024/install/sllidar_ros2/share/sllidar_ros2/package.ps1'
[2.873s] INFO:colcon.colcon_core.shell:Creating package descriptor '/home/rospi/aug_2024/install/sllidar_ros2/share/sllidar_ros2/package.dsv'
[2.876s] INFO:colcon.colcon_core.shell:Creating package script '/home/rospi/aug_2024/install/sllidar_ros2/share/sllidar_ros2/package.sh'
[2.879s] INFO:colcon.colcon_core.shell:Creating package script '/home/rospi/aug_2024/install/sllidar_ros2/share/sllidar_ros2/package.bash'
[2.882s] INFO:colcon.colcon_core.shell:Creating package script '/home/rospi/aug_2024/install/sllidar_ros2/share/sllidar_ros2/package.zsh'
[2.884s] Level 1:colcon.colcon_core.environment:create_file_with_runtime_dependencies(/home/rospi/aug_2024/install/sllidar_ros2/share/colcon-core/packages/sllidar_ros2)
[2.887s] INFO:colcon.colcon_ros.task.ament_cmake.build:Building ROS package in '/home/rospi/aug_2024/src/aug_2024' with build type 'ament_cmake'
[2.888s] INFO:colcon.colcon_cmake.task.cmake.build:Building CMake package in '/home/rospi/aug_2024/src/aug_2024'
[2.889s] INFO:colcon.colcon_core.shell:Skip shell extension 'powershell' for command environment: Not usable outside of PowerShell
[2.890s] DEBUG:colcon.colcon_core.shell:Skip shell extension 'dsv' for command environment
[2.964s] DEBUG:colcon.colcon_core.event_handler.log_command:Invoking command in '/home/rospi/aug_2024/build/aug_2024': CMAKE_PREFIX_PATH=/home/rospi/aug_2024/install/sllidar_ros2:/home/rospi/aug_2024/install/BMC_2024:/home/rospi/aug_2024/install/aug_2024:/home/rospi/aug_2024/install/my_robot_nav2:/opt/ros/humble /usr/bin/cmake --build /home/rospi/aug_2024/build/aug_2024 -- -j4 -l4
[3.173s] DEBUG:colcon.colcon_core.event_handler.log_command:Invoked command in '/home/rospi/aug_2024/build/aug_2024' returned '0': CMAKE_PREFIX_PATH=/home/rospi/aug_2024/install/sllidar_ros2:/home/rospi/aug_2024/install/BMC_2024:/home/rospi/aug_2024/install/aug_2024:/home/rospi/aug_2024/install/my_robot_nav2:/opt/ros/humble /usr/bin/cmake --build /home/rospi/aug_2024/build/aug_2024 -- -j4 -l4
[3.183s] DEBUG:colcon.colcon_core.event_handler.log_command:Invoking command in '/home/rospi/aug_2024/build/aug_2024': CMAKE_PREFIX_PATH=/home/rospi/aug_2024/install/sllidar_ros2:/home/rospi/aug_2024/install/BMC_2024:/home/rospi/aug_2024/install/aug_2024:/home/rospi/aug_2024/install/my_robot_nav2:/opt/ros/humble /usr/bin/cmake --install /home/rospi/aug_2024/build/aug_2024
[3.241s] Level 1:colcon.colcon_core.environment:create_environment_scripts_only(aug_2024)
[3.242s] Level 1:colcon.colcon_core.environment:checking '/home/rospi/aug_2024/install/aug_2024' for CMake module files
[3.248s] DEBUG:colcon.colcon_core.event_handler.log_command:Invoked command in '/home/rospi/aug_2024/build/aug_2024' returned '0': CMAKE_PREFIX_PATH=/home/rospi/aug_2024/install/sllidar_ros2:/home/rospi/aug_2024/install/BMC_2024:/home/rospi/aug_2024/install/aug_2024:/home/rospi/aug_2024/install/my_robot_nav2:/opt/ros/humble /usr/bin/cmake --install /home/rospi/aug_2024/build/aug_2024
[3.250s] Level 1:colcon.colcon_core.environment:checking '/home/rospi/aug_2024/install/aug_2024' for CMake config files
[3.252s] Level 1:colcon.colcon_core.shell:create_environment_hook('aug_2024', 'cmake_prefix_path')
[3.253s] INFO:colcon.colcon_core.shell:Creating environment hook '/home/rospi/aug_2024/install/aug_2024/share/aug_2024/hook/cmake_prefix_path.ps1'
[3.255s] INFO:colcon.colcon_core.shell:Creating environment descriptor '/home/rospi/aug_2024/install/aug_2024/share/aug_2024/hook/cmake_prefix_path.dsv'
[3.257s] INFO:colcon.colcon_core.shell:Creating environment hook '/home/rospi/aug_2024/install/aug_2024/share/aug_2024/hook/cmake_prefix_path.sh'
[3.260s] Level 1:colcon.colcon_core.environment:checking '/home/rospi/aug_2024/install/aug_2024/bin'
[3.260s] Level 1:colcon.colcon_core.environment:checking '/home/rospi/aug_2024/install/aug_2024/lib/pkgconfig/aug_2024.pc'
[3.261s] Level 1:colcon.colcon_core.environment:checking '/home/rospi/aug_2024/install/aug_2024/lib/python3.10/site-packages'
[3.262s] Level 1:colcon.colcon_core.environment:checking '/home/rospi/aug_2024/install/aug_2024/bin'
[3.263s] INFO:colcon.colcon_core.shell:Creating package script '/home/rospi/aug_2024/install/aug_2024/share/aug_2024/package.ps1'
[3.265s] INFO:colcon.colcon_core.shell:Creating package descriptor '/home/rospi/aug_2024/install/aug_2024/share/aug_2024/package.dsv'
[3.268s] INFO:colcon.colcon_core.shell:Creating package script '/home/rospi/aug_2024/install/aug_2024/share/aug_2024/package.sh'
[3.270s] INFO:colcon.colcon_core.shell:Creating package script '/home/rospi/aug_2024/install/aug_2024/share/aug_2024/package.bash'
[3.272s] INFO:colcon.colcon_core.shell:Creating package script '/home/rospi/aug_2024/install/aug_2024/share/aug_2024/package.zsh'
[3.274s] Level 1:colcon.colcon_core.environment:create_file_with_runtime_dependencies(/home/rospi/aug_2024/install/aug_2024/share/colcon-core/packages/aug_2024)
[3.277s] Level 1:colcon.colcon_core.environment:create_environment_scripts_only(aug_2024)
[3.278s] Level 1:colcon.colcon_core.environment:checking '/home/rospi/aug_2024/install/aug_2024' for CMake module files
[3.281s] Level 1:colcon.colcon_core.environment:checking '/home/rospi/aug_2024/install/aug_2024' for CMake config files
[3.283s] Level 1:colcon.colcon_core.shell:create_environment_hook('aug_2024', 'cmake_prefix_path')
[3.284s] INFO:colcon.colcon_core.shell:Creating environment hook '/home/rospi/aug_2024/install/aug_2024/share/aug_2024/hook/cmake_prefix_path.ps1'
[3.286s] INFO:colcon.colcon_core.shell:Creating environment descriptor '/home/rospi/aug_2024/install/aug_2024/share/aug_2024/hook/cmake_prefix_path.dsv'
[3.288s] INFO:colcon.colcon_core.shell:Creating environment hook '/home/rospi/aug_2024/install/aug_2024/share/aug_2024/hook/cmake_prefix_path.sh'
[3.291s] Level 1:colcon.colcon_core.environment:checking '/home/rospi/aug_2024/install/aug_2024/bin'
[3.291s] Level 1:colcon.colcon_core.environment:checking '/home/rospi/aug_2024/install/aug_2024/lib/pkgconfig/aug_2024.pc'
[3.292s] Level 1:colcon.colcon_core.environment:checking '/home/rospi/aug_2024/install/aug_2024/lib/python3.10/site-packages'
[3.293s] Level 1:colcon.colcon_core.environment:checking '/home/rospi/aug_2024/install/aug_2024/bin'
[3.294s] INFO:colcon.colcon_core.shell:Creating package script '/home/rospi/aug_2024/install/aug_2024/share/aug_2024/package.ps1'
[3.297s] INFO:colcon.colcon_core.shell:Creating package descriptor '/home/rospi/aug_2024/install/aug_2024/share/aug_2024/package.dsv'
[3.299s] INFO:colcon.colcon_core.shell:Creating package script '/home/rospi/aug_2024/install/aug_2024/share/aug_2024/package.sh'
[3.301s] INFO:colcon.colcon_core.shell:Creating package script '/home/rospi/aug_2024/install/aug_2024/share/aug_2024/package.bash'
[3.303s] INFO:colcon.colcon_core.shell:Creating package script '/home/rospi/aug_2024/install/aug_2024/share/aug_2024/package.zsh'
[3.305s] Level 1:colcon.colcon_core.environment:create_file_with_runtime_dependencies(/home/rospi/aug_2024/install/aug_2024/share/colcon-core/packages/aug_2024)
[3.307s] DEBUG:colcon.colcon_parallel_executor.executor.parallel:closing loop
[3.308s] DEBUG:colcon.colcon_parallel_executor.executor.parallel:loop closed
[3.308s] DEBUG:colcon.colcon_parallel_executor.executor.parallel:run_until_complete finished with '0'
[3.309s] DEBUG:colcon.colcon_core.event_reactor:joining thread
[3.330s] INFO:colcon.colcon_core.plugin_system:Skipping extension 'colcon_notification.desktop_notification.notify_send': Could not find 'notify-send'
[3.331s] INFO:colcon.colcon_core.plugin_system:Skipping extension 'colcon_notification.desktop_notification.terminal_notifier': Not used on non-Darwin systems
[3.331s] INFO:colcon.colcon_core.plugin_system:Skipping extension 'colcon_notification.desktop_notification.win32': Not used on non-Windows systems
[3.331s] INFO:colcon.colcon_notification.desktop_notification:Sending desktop notification using 'notify2'
[3.335s] DEBUG:colcon.colcon_notification.desktop_notification.notify2:Failed to initialize notify2: org.freedesktop.DBus.Error.ServiceUnknown: The name org.freedesktop.Notifications was not provided by any .service files
[3.335s] DEBUG:colcon.colcon_core.event_reactor:joined thread
[3.336s] INFO:colcon.colcon_core.shell:Creating prefix script '/home/rospi/aug_2024/install/local_setup.ps1'
[3.340s] INFO:colcon.colcon_core.shell:Creating prefix util module '/home/rospi/aug_2024/install/_local_setup_util_ps1.py'
[3.347s] INFO:colcon.colcon_core.shell:Creating prefix chain script '/home/rospi/aug_2024/install/setup.ps1'
[3.352s] INFO:colcon.colcon_core.shell:Creating prefix script '/home/rospi/aug_2024/install/local_setup.sh'
[3.355s] INFO:colcon.colcon_core.shell:Creating prefix util module '/home/rospi/aug_2024/install/_local_setup_util_sh.py'
[3.358s] INFO:colcon.colcon_core.shell:Creating prefix chain script '/home/rospi/aug_2024/install/setup.sh'
[3.364s] INFO:colcon.colcon_core.shell:Creating prefix script '/home/rospi/aug_2024/install/local_setup.bash'
[3.367s] INFO:colcon.colcon_core.shell:Creating prefix chain script '/home/rospi/aug_2024/install/setup.bash'
[3.373s] INFO:colcon.colcon_core.shell:Creating prefix script '/home/rospi/aug_2024/install/local_setup.zsh'
[3.375s] INFO:colcon.colcon_core.shell:Creating prefix chain script '/home/rospi/aug_2024/install/setup.zsh'
