[0.144s] Invoking command in '/home/rospi/aug_2024/build/BMC_2024': CMAKE_PREFIX_PATH=${CMAKE_PREFIX_PATH}:/opt/ros/humble /usr/bin/cmake /home/rospi/aug_2024/src/BMC_2024 -DCMAKE_INSTALL_PREFIX=/home/rospi/aug_2024/install/BMC_2024
[0.211s] -- Found ament_cmake: 1.3.11 (/opt/ros/humble/share/ament_cmake/cmake)
[0.967s] -- Found hardware_interface: 2.49.0 (/opt/ros/humble/share/hardware_interface/cmake)
[1.154s] -- Found rosidl_generator_c: 3.1.6 (/opt/ros/humble/share/rosidl_generator_c/cmake)
[1.166s] -- Found rosidl_adapter: 3.1.6 (/opt/ros/humble/share/rosidl_adapter/cmake)
[1.193s] -- Found rosidl_generator_cpp: 3.1.6 (/opt/ros/humble/share/rosidl_generator_cpp/cmake)
[1.238s] -- Using all available rosidl_typesupport_c: rosidl_typesupport_fastrtps_c;rosidl_typesupport_introspection_c
[1.294s] -- Using all available rosidl_typesupport_cpp: rosidl_typesupport_fastrtps_cpp;rosidl_typesupport_introspection_cpp
[2.245s] -- Found rmw_implementation_cmake: 6.1.2 (/opt/ros/humble/share/rmw_implementation_cmake/cmake)
[2.252s] -- Found rmw_fastrtps_cpp: 6.2.7 (/opt/ros/humble/share/rmw_fastrtps_cpp/cmake)
[2.338s] -- Found TinyXML2 via Config file: TinyXML2_DIR-NOTFOUND
[2.371s] -- Found TinyXML2 via Config file: TinyXML2_DIR-NOTFOUND
[2.461s] -- Found TinyXML2 via Config file: TinyXML2_DIR-NOTFOUND
[2.493s] -- Found TinyXML2 via Config file: TinyXML2_DIR-NOTFOUND
[2.531s] -- Using RMW implementation 'rmw_fastrtps_cpp' as default
[2.923s] [31mCMake Error at CMakeLists.txt:19 (find_package):
[2.923s]   By not providing "Findsllidar_ros2.cmake" in CMAKE_MODULE_PATH this project
[2.924s]   has asked CMake to find a package configuration file provided by
[2.924s]   "sllidar_ros2", but CMake did not find one.
[2.924s] 
[2.925s]   Could not find a package configuration file provided by "sllidar_ros2" with
[2.925s]   any of the following names:
[2.926s] 
[2.926s]     sllidar_ros2Config.cmake
[2.927s]     sllidar_ros2-config.cmake
[2.928s] 
[2.928s]   Add the installation prefix of "sllidar_ros2" to CMAKE_PREFIX_PATH or set
[2.929s]   "sllidar_ros2_DIR" to a directory containing one of the above files.  If
[2.929s]   "sllidar_ros2" provides a separate development package or SDK, be sure it
[2.929s]   has been installed.
[2.930s] 
[2.930s] [0m
[2.931s] -- Configuring incomplete, errors occurred!
[2.932s] See also "/home/rospi/aug_2024/build/BMC_2024/CMakeFiles/CMakeOutput.log".
[2.955s] Invoked command in '/home/rospi/aug_2024/build/BMC_2024' returned '1': CMAKE_PREFIX_PATH=${CMAKE_PREFIX_PATH}:/opt/ros/humble /usr/bin/cmake /home/rospi/aug_2024/src/BMC_2024 -DCMAKE_INSTALL_PREFIX=/home/rospi/aug_2024/install/BMC_2024
