[0.056s] Invoking command in '/home/rospi/aug_2024/build/aug_2024': CMAKE_PREFIX_PATH=/home/rospi/aug_2024/install/sllidar_ros2:/home/rospi/aug_2024/install/BMC_2024:/home/rospi/aug_2024/install/aug_2024:/home/rospi/aug_2024/install/my_robot_nav2:/opt/ros/humble /usr/bin/cmake --build /home/rospi/aug_2024/build/aug_2024 -- -j4 -l4
[0.244s] Invoked command in '/home/rospi/aug_2024/build/aug_2024' returned '0': CMAKE_PREFIX_PATH=/home/rospi/aug_2024/install/sllidar_ros2:/home/rospi/aug_2024/install/BMC_2024:/home/rospi/aug_2024/install/aug_2024:/home/rospi/aug_2024/install/my_robot_nav2:/opt/ros/humble /usr/bin/cmake --build /home/rospi/aug_2024/build/aug_2024 -- -j4 -l4
[0.253s] Invoking command in '/home/rospi/aug_2024/build/aug_2024': CMAKE_PREFIX_PATH=/home/rospi/aug_2024/install/sllidar_ros2:/home/rospi/aug_2024/install/BMC_2024:/home/rospi/aug_2024/install/aug_2024:/home/rospi/aug_2024/install/my_robot_nav2:/opt/ros/humble /usr/bin/cmake --install /home/rospi/aug_2024/build/aug_2024
[0.287s] -- Install configuration: ""
[0.291s] -- Up-to-date: /home/rospi/aug_2024/install/aug_2024/share/aug_2024//config
[0.292s] -- Up-to-date: /home/rospi/aug_2024/install/aug_2024/share/aug_2024//config/ekf.yaml
[0.293s] -- Up-to-date: /home/rospi/aug_2024/install/aug_2024/share/aug_2024//config/backup
[0.295s] -- Up-to-date: /home/rospi/aug_2024/install/aug_2024/share/aug_2024//config/backup/map1.pgm
[0.296s] -- Up-to-date: /home/rospi/aug_2024/install/aug_2024/share/aug_2024//config/backup/map1.yaml
[0.297s] -- Up-to-date: /home/rospi/aug_2024/install/aug_2024/share/aug_2024//config/twist_mux.yaml
[0.298s] -- Up-to-date: /home/rospi/aug_2024/install/aug_2024/share/aug_2024//config/nav2_params.yaml
[0.298s] -- Installing: /home/rospi/aug_2024/install/aug_2024/share/aug_2024//config/test_controllers.yaml
[0.300s] -- Up-to-date: /home/rospi/aug_2024/install/aug_2024/share/aug_2024//config/map1.pgm
[0.301s] -- Up-to-date: /home/rospi/aug_2024/install/aug_2024/share/aug_2024//config/direct_controllers.yaml
[0.302s] -- Up-to-date: /home/rospi/aug_2024/install/aug_2024/share/aug_2024//config/map1.yaml
[0.303s] -- Up-to-date: /home/rospi/aug_2024/install/aug_2024/share/aug_2024//config/gazebo_ros2_control_params.yaml
[0.304s] -- Up-to-date: /home/rospi/aug_2024/install/aug_2024/share/aug_2024//config/amcl_config.yaml
[0.305s] -- Up-to-date: /home/rospi/aug_2024/install/aug_2024/share/aug_2024//config/flippo_controllers.yaml
[0.306s] -- Up-to-date: /home/rospi/aug_2024/install/aug_2024/share/aug_2024//description
[0.306s] -- Up-to-date: /home/rospi/aug_2024/install/aug_2024/share/aug_2024//description/meshes
[0.307s] -- Up-to-date: /home/rospi/aug_2024/install/aug_2024/share/aug_2024//description/meshes/rear_right_wheel_link.STL
[0.308s] -- Up-to-date: /home/rospi/aug_2024/install/aug_2024/share/aug_2024//description/meshes/front_right_wheel_link.STL
[0.309s] -- Up-to-date: /home/rospi/aug_2024/install/aug_2024/share/aug_2024//description/meshes/chassis_link.STL
[0.309s] -- Up-to-date: /home/rospi/aug_2024/install/aug_2024/share/aug_2024//description/meshes/rear_left_wheel_link.STL
[0.310s] -- Up-to-date: /home/rospi/aug_2024/install/aug_2024/share/aug_2024//description/meshes/front_left_wheel_link.STL
[0.310s] -- Up-to-date: /home/rospi/aug_2024/install/aug_2024/share/aug_2024//description/rviz
[0.311s] -- Up-to-date: /home/rospi/aug_2024/install/aug_2024/share/aug_2024//description/rviz/urdf_config.rviz
[0.311s] -- Up-to-date: /home/rospi/aug_2024/install/aug_2024/share/aug_2024//description/config
[0.312s] -- Up-to-date: /home/rospi/aug_2024/install/aug_2024/share/aug_2024//description/config/ekf.yaml
[0.313s] -- Up-to-date: /home/rospi/aug_2024/install/aug_2024/share/aug_2024//description/config/aug_2024_joint_names.yaml
[0.313s] -- Up-to-date: /home/rospi/aug_2024/install/aug_2024/share/aug_2024//description/urdf
[0.314s] -- Up-to-date: /home/rospi/aug_2024/install/aug_2024/share/aug_2024//description/urdf/aug_2024.urdf
[0.314s] -- Up-to-date: /home/rospi/aug_2024/install/aug_2024/share/aug_2024//description/urdf/aug_2024-cast.urdf
[0.314s] -- Up-to-date: /home/rospi/aug_2024/install/aug_2024/share/aug_2024//description/urdf/aug_2024_old.xacro
[0.315s] -- Up-to-date: /home/rospi/aug_2024/install/aug_2024/share/aug_2024//description/urdf/aug_2024 _no_caster.xacro
[0.316s] -- Up-to-date: /home/rospi/aug_2024/install/aug_2024/share/aug_2024//description/urdf/aug_2024-1.xacro
[0.316s] -- Up-to-date: /home/rospi/aug_2024/install/aug_2024/share/aug_2024//description/urdf/aug_2024-nocaster.urdf
[0.317s] -- Up-to-date: /home/rospi/aug_2024/install/aug_2024/share/aug_2024//launch
[0.317s] -- Up-to-date: /home/rospi/aug_2024/install/aug_2024/share/aug_2024//launch/sllidar_a2m12_launch .py
[0.319s] -- Up-to-date: /home/rospi/aug_2024/install/aug_2024/share/aug_2024//launch/simple_test.py
[0.322s] -- Up-to-date: /home/rospi/aug_2024/install/aug_2024/share/aug_2024//launch/min_launch.py
[0.323s] -- Up-to-date: /home/rospi/aug_2024/install/aug_2024/share/aug_2024//launch/test_launch.py
[0.323s] -- Up-to-date: /home/rospi/aug_2024/install/aug_2024/share/aug_2024//launch/aug_2024_launch.py
[0.324s] -- Up-to-date: /home/rospi/aug_2024/install/aug_2024/share/aug_2024//launch/aug_2024_rospi_launch.py
[0.324s] -- Up-to-date: /home/rospi/aug_2024/install/aug_2024/share/aug_2024//launch/ros2_control_debug.launch.py
[0.325s] -- Up-to-date: /home/rospi/aug_2024/install/aug_2024/share/aug_2024//launch/controller_test.py
[0.325s] -- Up-to-date: /home/rospi/aug_2024/install/aug_2024/share/aug_2024//launch/aug_2024_sim_launch.py
[0.326s] -- Up-to-date: /home/rospi/aug_2024/install/aug_2024/share/aug_2024//launch/aug_2024_sim_launch1.py
[0.326s] -- Up-to-date: /home/rospi/aug_2024/install/aug_2024/share/aug_2024//worlds
[0.327s] -- Up-to-date: /home/rospi/aug_2024/install/aug_2024/share/aug_2024//worlds/usda_rough_dim.sdf
[0.327s] -- Up-to-date: /home/rospi/aug_2024/install/aug_2024/share/aug_2024//worlds/usda_build_full
[0.328s] -- Up-to-date: /home/rospi/aug_2024/install/aug_2024/share/aug_2024//worlds/usda_build_full/model.sdf
[0.329s] -- Up-to-date: /home/rospi/aug_2024/install/aug_2024/share/aug_2024//worlds/usda_build_full/model.config
[0.329s] -- Up-to-date: /home/rospi/aug_2024/install/aug_2024/share/aug_2024//worlds/gaz_goof_001
[0.330s] -- Up-to-date: /home/rospi/aug_2024/install/aug_2024/share/ament_index/resource_index/package_run_dependencies/aug_2024
[0.330s] -- Up-to-date: /home/rospi/aug_2024/install/aug_2024/share/ament_index/resource_index/parent_prefix_path/aug_2024
[0.331s] -- Up-to-date: /home/rospi/aug_2024/install/aug_2024/share/aug_2024/environment/ament_prefix_path.sh
[0.332s] -- Up-to-date: /home/rospi/aug_2024/install/aug_2024/share/aug_2024/environment/ament_prefix_path.dsv
[0.332s] -- Up-to-date: /home/rospi/aug_2024/install/aug_2024/share/aug_2024/environment/path.sh
[0.332s] -- Up-to-date: /home/rospi/aug_2024/install/aug_2024/share/aug_2024/environment/path.dsv
[0.333s] -- Up-to-date: /home/rospi/aug_2024/install/aug_2024/share/aug_2024/local_setup.bash
[0.333s] -- Up-to-date: /home/rospi/aug_2024/install/aug_2024/share/aug_2024/local_setup.sh
[0.334s] -- Up-to-date: /home/rospi/aug_2024/install/aug_2024/share/aug_2024/local_setup.zsh
[0.334s] -- Up-to-date: /home/rospi/aug_2024/install/aug_2024/share/aug_2024/local_setup.dsv
[0.334s] -- Installing: /home/rospi/aug_2024/install/aug_2024/share/aug_2024/package.dsv
[0.335s] -- Up-to-date: /home/rospi/aug_2024/install/aug_2024/share/ament_index/resource_index/packages/aug_2024
[0.335s] -- Up-to-date: /home/rospi/aug_2024/install/aug_2024/share/aug_2024/cmake/aug_2024Config.cmake
[0.336s] -- Up-to-date: /home/rospi/aug_2024/install/aug_2024/share/aug_2024/cmake/aug_2024Config-version.cmake
[0.336s] -- Up-to-date: /home/rospi/aug_2024/install/aug_2024/share/aug_2024/package.xml
[0.337s] Invoked command in '/home/rospi/aug_2024/build/aug_2024' returned '0': CMAKE_PREFIX_PATH=/home/rospi/aug_2024/install/sllidar_ros2:/home/rospi/aug_2024/install/BMC_2024:/home/rospi/aug_2024/install/aug_2024:/home/rospi/aug_2024/install/my_robot_nav2:/opt/ros/humble /usr/bin/cmake --install /home/rospi/aug_2024/build/aug_2024
