[0.054s] Invoking command in '/home/rospi/aug_2024/build/aug_2024': CMAKE_PREFIX_PATH=/home/rospi/aug_2024/install/sllidar_ros2:/home/rospi/aug_2024/install/BMC_2024:/home/rospi/aug_2024/install/aug_2024:/home/rospi/aug_2024/install/my_robot_nav2:/opt/ros/humble /usr/bin/cmake /home/rospi/aug_2024/src/aug_2024 -DCMAKE_INSTALL_PREFIX=/home/rospi/aug_2024/install/aug_2024
[0.389s] -- The C compiler identification is GNU 11.4.0
[0.666s] -- The CXX compiler identification is GNU 11.4.0
[0.695s] -- Detecting C compiler ABI info
[1.023s] -- Detecting C compiler ABI info - done
[1.052s] -- Check for working C compiler: /usr/bin/cc - skipped
[1.052s] -- Detecting C compile features
[1.054s] -- Detecting C compile features - done
[1.067s] -- Detecting CXX compiler ABI info
[1.429s] -- Detecting CXX compiler ABI info - done
[1.458s] -- Check for working CXX compiler: /usr/bin/c++ - skipped
[1.459s] -- Detecting CXX compile features
[1.461s] -- Detecting CXX compile features - done
[1.499s] -- Found ament_cmake: 1.3.11 (/opt/ros/humble/share/ament_cmake/cmake)
[2.349s] -- Found Python3: /usr/bin/python3 (found version "3.10.12") found components: Interpreter 
[3.080s] -- Found rclcpp: 16.0.12 (/opt/ros/humble/share/rclcpp/cmake)
[3.549s] -- Found rosidl_generator_c: 3.1.6 (/opt/ros/humble/share/rosidl_generator_c/cmake)
[3.615s] -- Found rosidl_adapter: 3.1.6 (/opt/ros/humble/share/rosidl_adapter/cmake)
[3.697s] -- Found rosidl_generator_cpp: 3.1.6 (/opt/ros/humble/share/rosidl_generator_cpp/cmake)
[3.797s] -- Using all available rosidl_typesupport_c: rosidl_typesupport_fastrtps_c;rosidl_typesupport_introspection_c
[3.938s] -- Using all available rosidl_typesupport_cpp: rosidl_typesupport_fastrtps_cpp;rosidl_typesupport_introspection_cpp
[4.383s] -- Found rmw_implementation_cmake: 6.1.2 (/opt/ros/humble/share/rmw_implementation_cmake/cmake)
[4.418s] -- Found rmw_fastrtps_cpp: 6.2.7 (/opt/ros/humble/share/rmw_fastrtps_cpp/cmake)
[5.063s] -- Found OpenSSL: /usr/lib/aarch64-linux-gnu/libcrypto.so (found version "3.0.2")  
[5.357s] -- Found FastRTPS: /opt/ros/humble/include  
[5.834s] -- Using RMW implementation 'rmw_fastrtps_cpp' as default
[5.947s] -- Looking for pthread.h
[6.324s] -- Looking for pthread.h - found
[6.326s] -- Performing Test CMAKE_HAVE_LIBC_PTHREAD
[6.671s] -- Performing Test CMAKE_HAVE_LIBC_PTHREAD - Success
[6.675s] -- Found Threads: TRUE  
[7.019s] -- Found sensor_msgs: 4.8.0 (/opt/ros/humble/share/sensor_msgs/cmake)
[7.203s] -- Found robot_state_publisher: 3.0.3 (/opt/ros/humble/share/robot_state_publisher/cmake)
[7.459s] -- Found eigen3_cmake_module: 0.1.1 (/opt/ros/humble/share/eigen3_cmake_module/cmake)
[7.465s] -- Found Eigen3: TRUE (found version "3.4.0") 
[7.465s] -- Ensuring Eigen3 include directory is part of orocos-kdl CMake target
[8.763s] -- Found xacro: 2.0.13 (/opt/ros/humble/share/xacro/cmake)
[8.792s] -- Found controller_manager: 2.49.0 (/opt/ros/humble/share/controller_manager/cmake)
[9.467s] -- Found joint_state_broadcaster: 2.43.0 (/opt/ros/humble/share/joint_state_broadcaster/cmake)
[9.731s] -- Found diff_drive_controller: 2.43.0 (/opt/ros/humble/share/diff_drive_controller/cmake)
[9.923s] -- Found ros2_control: 2.49.0 (/opt/ros/humble/share/ros2_control/cmake)
[9.953s] -- Found ros2_controllers: 2.43.0 (/opt/ros/humble/share/ros2_controllers/cmake)
[9.985s] -- Found BMC_2024: 0.0.0 (/home/rospi/aug_2024/install/BMC_2024/share/BMC_2024/cmake)
[10.051s] [33mCMake Warning at /home/rospi/aug_2024/install/sllidar_ros2/share/sllidar_ros2/cmake/ament_cmake_export_include_directories-extras.cmake:11 (message):
[10.051s]   Package 'sllidar_ros2' exports the include directory
[10.052s]   '/home/rospi/aug_2024/install/sllidar_ros2/share/sllidar_ros2/cmake/../../../include'
[10.052s]   which doesn't exist
[10.052s] Call Stack (most recent call first):
[10.053s]   /home/rospi/aug_2024/install/sllidar_ros2/share/sllidar_ros2/cmake/sllidar_ros2Config.cmake:41 (include)
[10.053s]   /home/rospi/aug_2024/install/BMC_2024/share/BMC_2024/cmake/ament_cmake_export_dependencies-extras.cmake:21 (find_package)
[10.053s]   /home/rospi/aug_2024/install/BMC_2024/share/BMC_2024/cmake/BMC_2024Config.cmake:41 (include)
[10.054s]   CMakeLists.txt:31 (find_package)
[10.054s] 
[10.054s] [0m
[10.391s] -- Configuring done
[10.449s] -- Generating done
[10.462s] -- Build files have been written to: /home/rospi/aug_2024/build/aug_2024
[10.511s] Invoked command in '/home/rospi/aug_2024/build/aug_2024' returned '0': CMAKE_PREFIX_PATH=/home/rospi/aug_2024/install/sllidar_ros2:/home/rospi/aug_2024/install/BMC_2024:/home/rospi/aug_2024/install/aug_2024:/home/rospi/aug_2024/install/my_robot_nav2:/opt/ros/humble /usr/bin/cmake /home/rospi/aug_2024/src/aug_2024 -DCMAKE_INSTALL_PREFIX=/home/rospi/aug_2024/install/aug_2024
[10.520s] Invoking command in '/home/rospi/aug_2024/build/aug_2024': CMAKE_PREFIX_PATH=/home/rospi/aug_2024/install/sllidar_ros2:/home/rospi/aug_2024/install/BMC_2024:/home/rospi/aug_2024/install/aug_2024:/home/rospi/aug_2024/install/my_robot_nav2:/opt/ros/humble /usr/bin/cmake --build /home/rospi/aug_2024/build/aug_2024 -- -j4 -l4
[10.708s] Invoked command in '/home/rospi/aug_2024/build/aug_2024' returned '0': CMAKE_PREFIX_PATH=/home/rospi/aug_2024/install/sllidar_ros2:/home/rospi/aug_2024/install/BMC_2024:/home/rospi/aug_2024/install/aug_2024:/home/rospi/aug_2024/install/my_robot_nav2:/opt/ros/humble /usr/bin/cmake --build /home/rospi/aug_2024/build/aug_2024 -- -j4 -l4
[10.716s] Invoking command in '/home/rospi/aug_2024/build/aug_2024': CMAKE_PREFIX_PATH=/home/rospi/aug_2024/install/sllidar_ros2:/home/rospi/aug_2024/install/BMC_2024:/home/rospi/aug_2024/install/aug_2024:/home/rospi/aug_2024/install/my_robot_nav2:/opt/ros/humble /usr/bin/cmake --install /home/rospi/aug_2024/build/aug_2024
[10.744s] -- Install configuration: ""
[10.745s] -- Installing: /home/rospi/aug_2024/install/aug_2024/share/aug_2024//config
[10.747s] -- Installing: /home/rospi/aug_2024/install/aug_2024/share/aug_2024//config/ekf.yaml
[10.748s] -- Installing: /home/rospi/aug_2024/install/aug_2024/share/aug_2024//config/backup
[10.748s] -- Installing: /home/rospi/aug_2024/install/aug_2024/share/aug_2024//config/backup/map1.pgm
[10.752s] -- Installing: /home/rospi/aug_2024/install/aug_2024/share/aug_2024//config/backup/map1.yaml
[10.753s] -- Installing: /home/rospi/aug_2024/install/aug_2024/share/aug_2024//config/twist_mux.yaml
[10.754s] -- Installing: /home/rospi/aug_2024/install/aug_2024/share/aug_2024//config/nav2_params.yaml
[10.755s] -- Installing: /home/rospi/aug_2024/install/aug_2024/share/aug_2024//config/test_controllers.yaml
[10.756s] -- Installing: /home/rospi/aug_2024/install/aug_2024/share/aug_2024//config/map1.pgm
[10.760s] -- Installing: /home/rospi/aug_2024/install/aug_2024/share/aug_2024//config/direct_controllers.yaml
[10.761s] -- Installing: /home/rospi/aug_2024/install/aug_2024/share/aug_2024//config/map1.yaml
[10.762s] -- Installing: /home/rospi/aug_2024/install/aug_2024/share/aug_2024//config/gazebo_ros2_control_params.yaml
[10.763s] -- Installing: /home/rospi/aug_2024/install/aug_2024/share/aug_2024//config/amcl_config.yaml
[10.764s] -- Installing: /home/rospi/aug_2024/install/aug_2024/share/aug_2024//config/flippo_controllers.yaml
[10.765s] -- Installing: /home/rospi/aug_2024/install/aug_2024/share/aug_2024//description
[10.765s] -- Installing: /home/rospi/aug_2024/install/aug_2024/share/aug_2024//description/meshes
[10.766s] -- Installing: /home/rospi/aug_2024/install/aug_2024/share/aug_2024//description/meshes/rear_right_wheel_link.STL
[10.769s] -- Installing: /home/rospi/aug_2024/install/aug_2024/share/aug_2024//description/meshes/front_right_wheel_link.STL
[10.771s] -- Installing: /home/rospi/aug_2024/install/aug_2024/share/aug_2024//description/meshes/chassis_link.STL
[10.779s] -- Installing: /home/rospi/aug_2024/install/aug_2024/share/aug_2024//description/meshes/rear_left_wheel_link.STL
[10.782s] -- Installing: /home/rospi/aug_2024/install/aug_2024/share/aug_2024//description/meshes/front_left_wheel_link.STL
[10.784s] -- Installing: /home/rospi/aug_2024/install/aug_2024/share/aug_2024//description/rviz
[10.785s] -- Installing: /home/rospi/aug_2024/install/aug_2024/share/aug_2024//description/rviz/urdf_config.rviz
[10.786s] -- Installing: /home/rospi/aug_2024/install/aug_2024/share/aug_2024//description/config
[10.786s] -- Installing: /home/rospi/aug_2024/install/aug_2024/share/aug_2024//description/config/ekf.yaml
[10.788s] -- Installing: /home/rospi/aug_2024/install/aug_2024/share/aug_2024//description/config/aug_2024_joint_names.yaml
[10.789s] -- Installing: /home/rospi/aug_2024/install/aug_2024/share/aug_2024//description/urdf
[10.789s] -- Installing: /home/rospi/aug_2024/install/aug_2024/share/aug_2024//description/urdf/aug_2024.urdf
[10.790s] -- Installing: /home/rospi/aug_2024/install/aug_2024/share/aug_2024//description/urdf/aug_2024-cast.urdf
[10.792s] -- Installing: /home/rospi/aug_2024/install/aug_2024/share/aug_2024//description/urdf/aug_2024_old.xacro
[10.793s] -- Installing: /home/rospi/aug_2024/install/aug_2024/share/aug_2024//description/urdf/aug_2024 _no_caster.xacro
[10.794s] -- Installing: /home/rospi/aug_2024/install/aug_2024/share/aug_2024//description/urdf/aug_2024-1.xacro
[10.795s] -- Installing: /home/rospi/aug_2024/install/aug_2024/share/aug_2024//description/urdf/aug_2024-nocaster.urdf
[10.797s] -- Installing: /home/rospi/aug_2024/install/aug_2024/share/aug_2024//launch
[10.797s] -- Installing: /home/rospi/aug_2024/install/aug_2024/share/aug_2024//launch/sllidar_a2m12_launch .py
[10.798s] -- Installing: /home/rospi/aug_2024/install/aug_2024/share/aug_2024//launch/simple_test.py
[10.799s] -- Installing: /home/rospi/aug_2024/install/aug_2024/share/aug_2024//launch/min_launch.py
[10.800s] -- Installing: /home/rospi/aug_2024/install/aug_2024/share/aug_2024//launch/test_launch.py
[10.801s] -- Installing: /home/rospi/aug_2024/install/aug_2024/share/aug_2024//launch/aug_2024_launch.py
[10.802s] -- Installing: /home/rospi/aug_2024/install/aug_2024/share/aug_2024//launch/aug_2024_rospi_launch.py
[10.803s] -- Installing: /home/rospi/aug_2024/install/aug_2024/share/aug_2024//launch/ros2_control_debug.launch.py
[10.804s] -- Installing: /home/rospi/aug_2024/install/aug_2024/share/aug_2024//launch/controller_test.py
[10.805s] -- Installing: /home/rospi/aug_2024/install/aug_2024/share/aug_2024//launch/direct_test.py
[10.806s] -- Installing: /home/rospi/aug_2024/install/aug_2024/share/aug_2024//launch/aug_2024_sim_launch.py
[10.807s] -- Installing: /home/rospi/aug_2024/install/aug_2024/share/aug_2024//launch/aug_2024_sim_launch1.py
[10.808s] -- Installing: /home/rospi/aug_2024/install/aug_2024/share/aug_2024//worlds
[10.809s] -- Installing: /home/rospi/aug_2024/install/aug_2024/share/aug_2024//worlds/usda_rough_dim.sdf
[10.811s] -- Installing: /home/rospi/aug_2024/install/aug_2024/share/aug_2024//worlds/usda_build_full
[10.812s] -- Installing: /home/rospi/aug_2024/install/aug_2024/share/aug_2024//worlds/usda_build_full/model.sdf
[10.814s] -- Installing: /home/rospi/aug_2024/install/aug_2024/share/aug_2024//worlds/usda_build_full/model.config
[10.815s] -- Installing: /home/rospi/aug_2024/install/aug_2024/share/aug_2024//worlds/gaz_goof_001
[10.817s] -- Installing: /home/rospi/aug_2024/install/aug_2024/share/ament_index/resource_index/package_run_dependencies/aug_2024
[10.819s] -- Installing: /home/rospi/aug_2024/install/aug_2024/share/ament_index/resource_index/parent_prefix_path/aug_2024
[10.820s] -- Installing: /home/rospi/aug_2024/install/aug_2024/share/aug_2024/environment/ament_prefix_path.sh
[10.821s] -- Installing: /home/rospi/aug_2024/install/aug_2024/share/aug_2024/environment/ament_prefix_path.dsv
[10.823s] -- Installing: /home/rospi/aug_2024/install/aug_2024/share/aug_2024/environment/path.sh
[10.824s] -- Installing: /home/rospi/aug_2024/install/aug_2024/share/aug_2024/environment/path.dsv
[10.825s] -- Installing: /home/rospi/aug_2024/install/aug_2024/share/aug_2024/local_setup.bash
[10.827s] -- Installing: /home/rospi/aug_2024/install/aug_2024/share/aug_2024/local_setup.sh
[10.828s] -- Installing: /home/rospi/aug_2024/install/aug_2024/share/aug_2024/local_setup.zsh
[10.829s] -- Installing: /home/rospi/aug_2024/install/aug_2024/share/aug_2024/local_setup.dsv
[10.830s] -- Installing: /home/rospi/aug_2024/install/aug_2024/share/aug_2024/package.dsv
[10.832s] -- Installing: /home/rospi/aug_2024/install/aug_2024/share/ament_index/resource_index/packages/aug_2024
[10.833s] -- Installing: /home/rospi/aug_2024/install/aug_2024/share/aug_2024/cmake/aug_2024Config.cmake
[10.834s] -- Installing: /home/rospi/aug_2024/install/aug_2024/share/aug_2024/cmake/aug_2024Config-version.cmake
[10.836s] -- Installing: /home/rospi/aug_2024/install/aug_2024/share/aug_2024/package.xml
[10.844s] Invoked command in '/home/rospi/aug_2024/build/aug_2024' returned '0': CMAKE_PREFIX_PATH=/home/rospi/aug_2024/install/sllidar_ros2:/home/rospi/aug_2024/install/BMC_2024:/home/rospi/aug_2024/install/aug_2024:/home/rospi/aug_2024/install/my_robot_nav2:/opt/ros/humble /usr/bin/cmake --install /home/rospi/aug_2024/build/aug_2024
