[0.021s] Invoking command in '/home/dkflippo/aug2024/build/gazebo_ros2_control': CMAKE_PREFIX_PATH=${CMAKE_PREFIX_PATH}:/opt/ros/humble /usr/bin/cmake --build /home/dkflippo/aug2024/build/gazebo_ros2_control -- -j12 -l12
[0.054s] -- Found ament_cmake: 1.3.10 (/opt/ros/humble/share/ament_cmake/cmake)
[0.201s] -- Found angles: 1.15.0 (/opt/ros/humble/share/angles/cmake)
[0.203s] -- Found controller_manager: 2.43.1 (/opt/ros/humble/share/controller_manager/cmake)
[0.238s] -- Found rosidl_generator_c: 3.1.5 (/opt/ros/humble/share/rosidl_generator_c/cmake)
[0.245s] -- Found rosidl_adapter: 3.1.5 (/opt/ros/humble/share/rosidl_adapter/cmake)
[0.252s] -- Found rosidl_generator_cpp: 3.1.5 (/opt/ros/humble/share/rosidl_generator_cpp/cmake)
[0.261s] -- Using all available rosidl_typesupport_c: rosidl_typesupport_fastrtps_c;rosidl_typesupport_introspection_c
[0.275s] -- Using all available rosidl_typesupport_cpp: rosidl_typesupport_fastrtps_cpp;rosidl_typesupport_introspection_cpp
[0.456s] -- Found rmw_implementation_cmake: 6.1.2 (/opt/ros/humble/share/rmw_implementation_cmake/cmake)
[0.457s] -- Found rmw_fastrtps_cpp: 6.2.7 (/opt/ros/humble/share/rmw_fastrtps_cpp/cmake)
[0.475s] -- Found TinyXML2 via Config file: TinyXML2_DIR-NOTFOUND
[0.484s] -- Found TinyXML2 via Config file: TinyXML2_DIR-NOTFOUND
[0.498s] -- Found TinyXML2 via Config file: TinyXML2_DIR-NOTFOUND
[0.506s] -- Found TinyXML2 via Config file: TinyXML2_DIR-NOTFOUND
[0.516s] -- Using RMW implementation 'rmw_fastrtps_cpp' as default
[0.590s] -- Found control_toolbox: 3.3.0 (/opt/ros/humble/share/control_toolbox/cmake)
[0.595s] -- Found parameter_traits: 0.3.9 (/opt/ros/humble/share/parameter_traits/cmake)
[0.603s] -- Found gazebo_dev: 3.7.0 (/opt/ros/humble/share/gazebo_dev/cmake)
[0.629s] -- Found DART: /usr/include (Required is at least version "6.6") found components: dart 
[0.657s] -- Found Protobuf: /usr/lib/x86_64-linux-gnu/libprotobuf.so (found version "3.12.4") 
[0.658s] -- Looking for ignition-math6 -- found version 6.15.1
[0.662s] -- Searching for dependencies of ignition-math6
[0.663s] -- Looking for OGRE...
[0.668s] -- Found Ogre Ghadamon (1.9.0)
[0.668s] -- Found OGRE: optimized;/usr/lib/x86_64-linux-gnu/libOgreMain.so;debug;/usr/lib/x86_64-linux-gnu/libOgreMain.so
[0.676s] -- Looking for OGRE_Paging...
[0.677s] -- Found OGRE_Paging: optimized;/usr/lib/x86_64-linux-gnu/libOgrePaging.so;debug;/usr/lib/x86_64-linux-gnu/libOgrePaging.so
[0.677s] -- Looking for OGRE_Terrain...
[0.677s] -- Found OGRE_Terrain: optimized;/usr/lib/x86_64-linux-gnu/libOgreTerrain.so;debug;/usr/lib/x86_64-linux-gnu/libOgreTerrain.so
[0.677s] -- Looking for OGRE_Property...
[0.677s] -- Found OGRE_Property: optimized;/usr/lib/x86_64-linux-gnu/libOgreProperty.so;debug;/usr/lib/x86_64-linux-gnu/libOgreProperty.so
[0.677s] -- Looking for OGRE_RTShaderSystem...
[0.677s] -- Found OGRE_RTShaderSystem: optimized;/usr/lib/x86_64-linux-gnu/libOgreRTShaderSystem.so;debug;/usr/lib/x86_64-linux-gnu/libOgreRTShaderSystem.so
[0.677s] -- Looking for OGRE_Volume...
[0.678s] -- Found OGRE_Volume: optimized;/usr/lib/x86_64-linux-gnu/libOgreVolume.so;debug;/usr/lib/x86_64-linux-gnu/libOgreVolume.so
[0.678s] -- Looking for OGRE_Overlay...
[0.678s] -- Found OGRE_Overlay: optimized;/usr/lib/x86_64-linux-gnu/libOgreOverlay.so;debug;/usr/lib/x86_64-linux-gnu/libOgreOverlay.so
[0.784s] -- Looking for ignition-math6 -- found version 6.15.1
[0.784s] -- Looking for ignition-transport8 -- found version 8.2.1
[0.785s] -- Searching for dependencies of ignition-transport8
[0.803s] -- Found Protobuf: /usr/lib/x86_64-linux-gnu/libprotobuf.so (found suitable version "3.12.4", minimum required is "3") 
[0.815s] -- Config-file not installed for ZeroMQ -- checking for pkg-config
[0.819s] -- Checking for module 'libzmq >= 4'
[0.835s] --   Found libzmq , version 4.3.4
[0.876s] -- Checking for module 'uuid'
[0.889s] --   Found uuid, version 2.37.2
[0.920s] -- Looking for ignition-msgs5 -- found version 5.8.1
[0.920s] -- Searching for dependencies of ignition-msgs5
[0.941s] -- Looking for ignition-math6 -- found version 6.15.1
[0.947s] -- Looking for ignition-msgs5 -- found version 5.8.1
[0.947s] -- Looking for ignition-common3 -- found version 3.14.0
[0.948s] -- Searching for dependencies of ignition-common3
[0.948s] -- Looking for dlfcn.h - found
[0.948s] -- Looking for libdl - found
[0.959s] -- Searching for <ignition-common3> component [graphics]
[0.959s] -- Looking for ignition-common3-graphics -- found version 3.14.0
[0.959s] -- Searching for dependencies of ignition-common3-graphics
[0.960s] -- Looking for ignition-math6 -- found version 6.15.1
[0.961s] -- Looking for ignition-fuel_tools4 -- found version 4.4.0
[0.961s] -- Searching for dependencies of ignition-fuel_tools4
[0.999s] -- Checking for module 'jsoncpp'
[1.011s] --   Found jsoncpp, version 1.9.5
[1.051s] -- Checking for module 'libzip'
[1.064s] --   Found libzip, version 1.7.3
[1.096s] -- Looking for ignition-common3 -- found version 3.14.0
[1.096s] -- Looking for ignition-math6 -- found version 6.15.1
[1.096s] -- Looking for ignition-msgs5 -- found version 5.8.1
[1.098s] -- Gazebo version: 11.10
[1.099s] -- Found gazebo_ros: 3.7.0 (/opt/ros/humble/share/gazebo_ros/cmake)
[1.102s] -- Found yaml_cpp_vendor: 8.0.2 (/opt/ros/humble/share/yaml_cpp_vendor/cmake)
[1.134s] -- Found ament_cmake_gtest: 1.3.10 (/opt/ros/humble/share/ament_cmake_gtest/cmake)
[1.135s] -- Found ament_lint_auto: 0.12.11 (/opt/ros/humble/share/ament_lint_auto/cmake)
[1.199s] -- Added test 'copyright' to check source files copyright and LICENSE
[1.200s] -- Added test 'cppcheck' to perform static code analysis on C / C++ code
[1.201s] -- Configured cppcheck include dirs: /home/dkflippo/aug2024/src/gazebo_ros2_control/gazebo_ros2_control/include
[1.201s] -- Configured cppcheck exclude dirs and/or files: 
[1.202s] -- Added test 'cpplint' to check C / C++ code against the Google style
[1.202s] -- Configured cpplint exclude dirs and/or files: 
[1.202s] -- Added test 'lint_cmake' to check CMake code style
[1.204s] -- Added test 'uncrustify' to check C / C++ code style
[1.204s] -- Configured uncrustify additional arguments: 
[1.204s] -- Added test 'xmllint' to check XML markup files
[1.205s] -- Configuring done
[1.291s] -- Generating done
[1.294s] -- Build files have been written to: /home/dkflippo/aug2024/build/gazebo_ros2_control
[1.326s] [35m[1mConsolidate compiler generated dependencies of target gazebo_hardware_plugins[0m
[1.326s] [35m[1mConsolidate compiler generated dependencies of target gazebo_ros2_control[0m
[1.371s] [ 50%] Built target gazebo_hardware_plugins
[1.375s] [100%] Built target gazebo_ros2_control
