[0.092s] Invoking command in '/home/rospi/aug_2024/build/pigpio': /usr/bin/cmake --build /home/rospi/aug_2024/build/pigpio -- -j4 -l4
[0.417s] [ 13%] Built target pigpiod_if
[0.433s] [ 26%] Built target pigpio
[0.461s] [ 39%] Built target pigs
[0.500s] [ 52%] Built target pigpiod_if2
[0.636s] [ 60%] Built target x_pigpio
[0.639s] [ 73%] Built target pig2vcd
[0.649s] [ 82%] Built target x_pigpiod_if
[0.680s] [ 91%] Built target pigpiod
[0.752s] [100%] Built target x_pigpiod_if2
[0.833s] Invoked command in '/home/rospi/aug_2024/build/pigpio' returned '0': /usr/bin/cmake --build /home/rospi/aug_2024/build/pigpio -- -j4 -l4
[0.837s] Invoking command in '/home/rospi/aug_2024/build/pigpio': /usr/bin/cmake --install /home/rospi/aug_2024/build/pigpio
[0.894s] -- Install configuration: ""
[0.898s] -- Up-to-date: /home/rospi/aug_2024/install/pigpio/lib/libpigpio.so
[0.899s] -- Up-to-date: /home/rospi/aug_2024/install/pigpio/lib/libpigpiod_if.so
[0.900s] -- Up-to-date: /home/rospi/aug_2024/install/pigpio/lib/libpigpiod_if2.so
[0.906s] -- Up-to-date: /home/rospi/aug_2024/install/pigpio/bin/pig2vcd
[0.910s] -- Up-to-date: /home/rospi/aug_2024/install/pigpio/bin/pigpiod
[0.914s] -- Up-to-date: /home/rospi/aug_2024/install/pigpio/bin/pigs
[0.914s] -- Up-to-date: /home/rospi/aug_2024/install/pigpio/lib/cmake/pigpio/pigpioTargets.cmake
[0.915s] -- Up-to-date: /home/rospi/aug_2024/install/pigpio/lib/cmake/pigpio/pigpioTargets-noconfig.cmake
[0.915s] -- Up-to-date: /home/rospi/aug_2024/install/pigpio/lib/cmake/pigpio/pigpioConfig.cmake
[0.916s] -- Up-to-date: /home/rospi/aug_2024/install/pigpio/lib/cmake/pigpio/pigpioConfigVersion.cmake
[0.916s] -- Up-to-date: /home/rospi/aug_2024/install/pigpio/include/pigpio.h
[0.916s] -- Up-to-date: /home/rospi/aug_2024/install/pigpio/include/pigpiod_if.h
[0.917s] -- Up-to-date: /home/rospi/aug_2024/install/pigpio/include/pigpiod_if2.h
[0.917s] -- Up-to-date: /home/rospi/aug_2024/install/pigpio/man/man1/pig2vcd.1
[0.918s] -- Up-to-date: /home/rospi/aug_2024/install/pigpio/man/man1/pigpiod.1
[0.918s] -- Up-to-date: /home/rospi/aug_2024/install/pigpio/man/man1/pigs.1
[0.919s] -- Up-to-date: /home/rospi/aug_2024/install/pigpio/man/man3/pigpio.3
[0.919s] -- Up-to-date: /home/rospi/aug_2024/install/pigpio/man/man3/pigpiod_if.3
[0.919s] -- Up-to-date: /home/rospi/aug_2024/install/pigpio/man/man3/pigpiod_if2.3
[1.057s] /home/rospi/aug_2024/build/pigpio/setup.py:3: DeprecationWarning: The distutils package is deprecated and slated for removal in Python 3.12. Use setuptools or check PEP 632 for potential alternatives
[1.058s]   from distutils.core import setup
[1.188s] running install
[1.191s] running build
[1.193s] running build_py
[1.198s] running install_lib
[1.201s] copying build/lib/pigpio.py -> /usr/local/lib/python3.10/dist-packages
[1.202s] error: could not create '/usr/local/lib/python3.10/dist-packages/pigpio.py': Permission denied
[1.249s] Invoked command in '/home/rospi/aug_2024/build/pigpio' returned '0': /usr/bin/cmake --install /home/rospi/aug_2024/build/pigpio
