[0.032s] Invoking command in '/home/dkflippo/aug2024/build/pigpio': /usr/bin/cmake --build /home/dkflippo/aug2024/build/pigpio -- -j12 -l12
[0.165s] [ 26%] Built target pigs
[0.167s] [ 34%] Built target pigpiod_if2
[0.167s] [ 39%] Built target pigpio
[0.170s] [ 52%] Built target pigpiod_if
[0.177s] [ 65%] Built target pig2vcd
[0.223s] [ 73%] Built target x_pigpio
[0.227s] [ 82%] Built target x_pigpiod_if2
[0.228s] [ 91%] Built target pigpiod
[0.234s] [100%] Built target x_pigpiod_if
[0.277s] Invoked command in '/home/dkflippo/aug2024/build/pigpio' returned '0': /usr/bin/cmake --build /home/dkflippo/aug2024/build/pigpio -- -j12 -l12
[0.279s] Invoking command in '/home/dkflippo/aug2024/build/pigpio': /usr/bin/cmake --install /home/dkflippo/aug2024/build/pigpio
[0.297s] -- Install configuration: ""
[0.297s] -- Up-to-date: /home/dkflippo/aug2024/install/pigpio/lib/libpigpio.so
[0.297s] -- Up-to-date: /home/dkflippo/aug2024/install/pigpio/lib/libpigpiod_if.so
[0.297s] -- Up-to-date: /home/dkflippo/aug2024/install/pigpio/lib/libpigpiod_if2.so
[0.297s] -- Up-to-date: /home/dkflippo/aug2024/install/pigpio/bin/pig2vcd
[0.297s] -- Up-to-date: /home/dkflippo/aug2024/install/pigpio/bin/pigpiod
[0.298s] -- Up-to-date: /home/dkflippo/aug2024/install/pigpio/bin/pigs
[0.298s] -- Up-to-date: /home/dkflippo/aug2024/install/pigpio/lib/cmake/pigpio/pigpioTargets.cmake
[0.298s] -- Up-to-date: /home/dkflippo/aug2024/install/pigpio/lib/cmake/pigpio/pigpioTargets-noconfig.cmake
[0.298s] -- Up-to-date: /home/dkflippo/aug2024/install/pigpio/lib/cmake/pigpio/pigpioConfig.cmake
[0.298s] -- Up-to-date: /home/dkflippo/aug2024/install/pigpio/lib/cmake/pigpio/pigpioConfigVersion.cmake
[0.299s] -- Up-to-date: /home/dkflippo/aug2024/install/pigpio/include/pigpio.h
[0.299s] -- Up-to-date: /home/dkflippo/aug2024/install/pigpio/include/pigpiod_if.h
[0.299s] -- Up-to-date: /home/dkflippo/aug2024/install/pigpio/include/pigpiod_if2.h
[0.299s] -- Up-to-date: /home/dkflippo/aug2024/install/pigpio/man/man1/libpigpio.so.1
[0.299s] -- Up-to-date: /home/dkflippo/aug2024/install/pigpio/man/man1/libpigpiod_if.so.1
[0.299s] -- Up-to-date: /home/dkflippo/aug2024/install/pigpio/man/man1/libpigpiod_if2.so.1
[0.299s] -- Up-to-date: /home/dkflippo/aug2024/install/pigpio/man/man1/pig2vcd.1
[0.300s] -- Up-to-date: /home/dkflippo/aug2024/install/pigpio/man/man1/pigpiod.1
[0.300s] -- Up-to-date: /home/dkflippo/aug2024/install/pigpio/man/man1/pigs.1
[0.300s] -- Up-to-date: /home/dkflippo/aug2024/install/pigpio/man/man3/pigpio.3
[0.300s] -- Up-to-date: /home/dkflippo/aug2024/install/pigpio/man/man3/pigpiod_if.3
[0.300s] -- Up-to-date: /home/dkflippo/aug2024/install/pigpio/man/man3/pigpiod_if2.3
[0.332s] /home/dkflippo/aug2024/build/pigpio/setup.py:3: DeprecationWarning: The distutils package is deprecated and slated for removal in Python 3.12. Use setuptools or check PEP 632 for potential alternatives
[0.332s]   from distutils.core import setup
[0.375s] running install
[0.376s] running build
[0.376s] running build_py
[0.377s] running install_lib
[0.379s] running install_egg_info
[0.380s] Writing /usr/local/lib/python3.10/dist-packages/pigpio-1.44.egg-info
[0.380s] error: [Errno 13] Permission denied: '/usr/local/lib/python3.10/dist-packages/pigpio-1.44.egg-info'
[0.397s] Invoked command in '/home/dkflippo/aug2024/build/pigpio' returned '0': /usr/bin/cmake --install /home/dkflippo/aug2024/build/pigpio
