[0.046s] Invoking command in '/home/rospi/aug_2024/build/BMC_2024': CMAKE_PREFIX_PATH=/home/rospi/aug_2024/install/sllidar_ros2:/home/rospi/aug_2024/install/aug_2024:/home/rospi/aug_2024/install/BMC_2024:/home/rospi/aug_2024/install/my_robot_nav2:/opt/ros/humble /usr/bin/cmake --build /home/rospi/aug_2024/build/BMC_2024 -- -j4 -l4
[0.316s] [100%] Built target BMC_2024
[0.372s] Invoked command in '/home/rospi/aug_2024/build/BMC_2024' returned '0': CMAKE_PREFIX_PATH=/home/rospi/aug_2024/install/sllidar_ros2:/home/rospi/aug_2024/install/aug_2024:/home/rospi/aug_2024/install/BMC_2024:/home/rospi/aug_2024/install/my_robot_nav2:/opt/ros/humble /usr/bin/cmake --build /home/rospi/aug_2024/build/BMC_2024 -- -j4 -l4
[0.376s] Invoking command in '/home/rospi/aug_2024/build/BMC_2024': CMAKE_PREFIX_PATH=/home/rospi/aug_2024/install/sllidar_ros2:/home/rospi/aug_2024/install/aug_2024:/home/rospi/aug_2024/install/BMC_2024:/home/rospi/aug_2024/install/my_robot_nav2:/opt/ros/humble /usr/bin/cmake --install /home/rospi/aug_2024/build/BMC_2024
[0.420s] -- Install configuration: ""
[0.424s] -- Up-to-date: /home/rospi/aug_2024/install/BMC_2024/lib/libBMC_2024.so
[0.426s] -- Up-to-date: /home/rospi/aug_2024/install/BMC_2024/include
[0.427s] -- Up-to-date: /home/rospi/aug_2024/install/BMC_2024/include/BMC_2024
[0.428s] -- Up-to-date: /home/rospi/aug_2024/install/BMC_2024/include/BMC_2024/aug_2024_system.hpp
[0.429s] -- Up-to-date: /home/rospi/aug_2024/install/BMC_2024/include/BMC_2024/bmc_comms.hpp
[0.429s] -- Up-to-date: /home/rospi/aug_2024/install/BMC_2024/include/BMC_2024/visibility_control.h
[0.430s] -- Up-to-date: /home/rospi/aug_2024/install/BMC_2024/share/BMC_2024/aug_2024_hardware.xml
[0.432s] -- Up-to-date: /home/rospi/aug_2024/install/BMC_2024/lib/libBMC_2024.so
[0.433s] -- Up-to-date: /home/rospi/aug_2024/install/BMC_2024/share/BMC_2024/environment/library_path.sh
[0.434s] -- Up-to-date: /home/rospi/aug_2024/install/BMC_2024/share/BMC_2024/environment/library_path.dsv
[0.436s] -- Up-to-date: /home/rospi/aug_2024/install/BMC_2024/share/ament_index/resource_index/package_run_dependencies/BMC_2024
[0.437s] -- Up-to-date: /home/rospi/aug_2024/install/BMC_2024/share/ament_index/resource_index/parent_prefix_path/BMC_2024
[0.438s] -- Up-to-date: /home/rospi/aug_2024/install/BMC_2024/share/BMC_2024/environment/ament_prefix_path.sh
[0.440s] -- Up-to-date: /home/rospi/aug_2024/install/BMC_2024/share/BMC_2024/environment/ament_prefix_path.dsv
[0.441s] -- Up-to-date: /home/rospi/aug_2024/install/BMC_2024/share/BMC_2024/environment/path.sh
[0.443s] -- Up-to-date: /home/rospi/aug_2024/install/BMC_2024/share/BMC_2024/environment/path.dsv
[0.444s] -- Up-to-date: /home/rospi/aug_2024/install/BMC_2024/share/BMC_2024/local_setup.bash
[0.445s] -- Up-to-date: /home/rospi/aug_2024/install/BMC_2024/share/BMC_2024/local_setup.sh
[0.446s] -- Up-to-date: /home/rospi/aug_2024/install/BMC_2024/share/BMC_2024/local_setup.zsh
[0.446s] -- Up-to-date: /home/rospi/aug_2024/install/BMC_2024/share/BMC_2024/local_setup.dsv
[0.447s] -- Installing: /home/rospi/aug_2024/install/BMC_2024/share/BMC_2024/package.dsv
[0.448s] -- Up-to-date: /home/rospi/aug_2024/install/BMC_2024/share/ament_index/resource_index/packages/BMC_2024
[0.449s] -- Up-to-date: /home/rospi/aug_2024/install/BMC_2024/share/ament_index/resource_index/hardware_interface__pluginlib__plugin/BMC_2024
[0.451s] -- Up-to-date: /home/rospi/aug_2024/install/BMC_2024/share/BMC_2024/cmake/ament_cmake_export_include_directories-extras.cmake
[0.464s] -- Up-to-date: /home/rospi/aug_2024/install/BMC_2024/share/BMC_2024/cmake/ament_cmake_export_libraries-extras.cmake
[0.465s] -- Up-to-date: /home/rospi/aug_2024/install/BMC_2024/share/BMC_2024/cmake/ament_cmake_export_dependencies-extras.cmake
[0.465s] -- Up-to-date: /home/rospi/aug_2024/install/BMC_2024/share/BMC_2024/cmake/BMC_2024Config.cmake
[0.466s] -- Up-to-date: /home/rospi/aug_2024/install/BMC_2024/share/BMC_2024/cmake/BMC_2024Config-version.cmake
[0.471s] -- Up-to-date: /home/rospi/aug_2024/install/BMC_2024/share/BMC_2024/package.xml
[0.472s] Invoked command in '/home/rospi/aug_2024/build/BMC_2024' returned '0': CMAKE_PREFIX_PATH=/home/rospi/aug_2024/install/sllidar_ros2:/home/rospi/aug_2024/install/aug_2024:/home/rospi/aug_2024/install/BMC_2024:/home/rospi/aug_2024/install/my_robot_nav2:/opt/ros/humble /usr/bin/cmake --install /home/rospi/aug_2024/build/BMC_2024
