[0.070s] Invoking command in '/home/rospi/aug_2024/build/my_robot_nav2': CMAKE_PREFIX_PATH=${CMAKE_PREFIX_PATH}:/opt/ros/humble /usr/bin/cmake /home/rospi/aug_2024/src/my_robot_nav2 -DCMAKE_INSTALL_PREFIX=/home/rospi/aug_2024/install/my_robot_nav2
[0.455s] -- The C compiler identification is GNU 11.4.0
[0.851s] -- The CXX compiler identification is GNU 11.4.0
[0.884s] -- Detecting C compiler ABI info
[1.287s] -- Detecting C compiler ABI info - done
[1.309s] -- Check for working C compiler: /usr/bin/cc - skipped
[1.310s] -- Detecting C compile features
[1.312s] -- Detecting C compile features - done
[1.328s] -- Detecting CXX compiler ABI info
[1.895s] -- Detecting CXX compiler ABI info - done
[1.929s] -- Check for working CXX compiler: /usr/bin/c++ - skipped
[1.931s] -- Detecting CXX compile features
[1.933s] -- Detecting CXX compile features - done
[1.975s] -- Found ament_cmake: 1.3.11 (/opt/ros/humble/share/ament_cmake/cmake)
[3.102s] -- Found Python3: /usr/bin/python3 (found version "3.10.12") found components: Interpreter 
[4.035s] -- Found ament_lint_auto: 0.12.12 (/opt/ros/humble/share/ament_lint_auto/cmake)
[4.679s] -- Added test 'flake8' to check Python code syntax and style conventions
[4.695s] -- Added test 'lint_cmake' to check CMake code style
[4.705s] -- Added test 'pep257' to check Python code against some of the docstring style conventions in PEP 257
[4.765s] -- Added test 'xmllint' to check XML markup files
[4.776s] -- Configuring done
[4.800s] -- Generating done
[4.811s] -- Build files have been written to: /home/rospi/aug_2024/build/my_robot_nav2
[4.827s] Invoked command in '/home/rospi/aug_2024/build/my_robot_nav2' returned '0': CMAKE_PREFIX_PATH=${CMAKE_PREFIX_PATH}:/opt/ros/humble /usr/bin/cmake /home/rospi/aug_2024/src/my_robot_nav2 -DCMAKE_INSTALL_PREFIX=/home/rospi/aug_2024/install/my_robot_nav2
[4.838s] Invoking command in '/home/rospi/aug_2024/build/my_robot_nav2': CMAKE_PREFIX_PATH=${CMAKE_PREFIX_PATH}:/opt/ros/humble /usr/bin/cmake --build /home/rospi/aug_2024/build/my_robot_nav2 -- -j4 -l4
[4.996s] Invoked command in '/home/rospi/aug_2024/build/my_robot_nav2' returned '0': CMAKE_PREFIX_PATH=${CMAKE_PREFIX_PATH}:/opt/ros/humble /usr/bin/cmake --build /home/rospi/aug_2024/build/my_robot_nav2 -- -j4 -l4
[5.040s] Invoking command in '/home/rospi/aug_2024/build/my_robot_nav2': CMAKE_PREFIX_PATH=${CMAKE_PREFIX_PATH}:/opt/ros/humble /usr/bin/cmake --install /home/rospi/aug_2024/build/my_robot_nav2
[5.069s] -- Install configuration: ""
[5.070s] -- Installing: /home/rospi/aug_2024/install/my_robot_nav2/share/my_robot_nav2//config
[5.071s] -- Installing: /home/rospi/aug_2024/install/my_robot_nav2/share/my_robot_nav2//config/slam_toolbox_params.yaml
[5.073s] -- Installing: /home/rospi/aug_2024/install/my_robot_nav2/share/my_robot_nav2//config/nav2_params.yaml
[5.074s] -- Installing: /home/rospi/aug_2024/install/my_robot_nav2/share/my_robot_nav2//include
[5.075s] -- Installing: /home/rospi/aug_2024/install/my_robot_nav2/share/my_robot_nav2//launch
[5.076s] -- Installing: /home/rospi/aug_2024/install/my_robot_nav2/share/my_robot_nav2//launch/slam_toolbox.launch.py
[5.077s] -- Installing: /home/rospi/aug_2024/install/my_robot_nav2/share/my_robot_nav2//maps
[5.078s] -- Installing: /home/rospi/aug_2024/install/my_robot_nav2/share/my_robot_nav2//maps/simple_map.yaml
[5.079s] -- Installing: /home/rospi/aug_2024/install/my_robot_nav2/share/my_robot_nav2//maps/simple_map.pgm
[5.081s] -- Installing: /home/rospi/aug_2024/install/my_robot_nav2/share/ament_index/resource_index/package_run_dependencies/my_robot_nav2
[5.083s] -- Installing: /home/rospi/aug_2024/install/my_robot_nav2/share/ament_index/resource_index/parent_prefix_path/my_robot_nav2
[5.085s] -- Installing: /home/rospi/aug_2024/install/my_robot_nav2/share/my_robot_nav2/environment/ament_prefix_path.sh
[5.087s] -- Installing: /home/rospi/aug_2024/install/my_robot_nav2/share/my_robot_nav2/environment/ament_prefix_path.dsv
[5.088s] -- Installing: /home/rospi/aug_2024/install/my_robot_nav2/share/my_robot_nav2/environment/path.sh
[5.089s] -- Installing: /home/rospi/aug_2024/install/my_robot_nav2/share/my_robot_nav2/environment/path.dsv
[5.091s] -- Installing: /home/rospi/aug_2024/install/my_robot_nav2/share/my_robot_nav2/local_setup.bash
[5.092s] -- Installing: /home/rospi/aug_2024/install/my_robot_nav2/share/my_robot_nav2/local_setup.sh
[5.094s] -- Installing: /home/rospi/aug_2024/install/my_robot_nav2/share/my_robot_nav2/local_setup.zsh
[5.095s] -- Installing: /home/rospi/aug_2024/install/my_robot_nav2/share/my_robot_nav2/local_setup.dsv
[5.096s] -- Installing: /home/rospi/aug_2024/install/my_robot_nav2/share/my_robot_nav2/package.dsv
[5.098s] -- Installing: /home/rospi/aug_2024/install/my_robot_nav2/share/ament_index/resource_index/packages/my_robot_nav2
[5.100s] -- Installing: /home/rospi/aug_2024/install/my_robot_nav2/share/my_robot_nav2/cmake/my_robot_nav2Config.cmake
[5.101s] -- Installing: /home/rospi/aug_2024/install/my_robot_nav2/share/my_robot_nav2/cmake/my_robot_nav2Config-version.cmake
[5.103s] -- Installing: /home/rospi/aug_2024/install/my_robot_nav2/share/my_robot_nav2/package.xml
[5.128s] Invoked command in '/home/rospi/aug_2024/build/my_robot_nav2' returned '0': CMAKE_PREFIX_PATH=${CMAKE_PREFIX_PATH}:/opt/ros/humble /usr/bin/cmake --install /home/rospi/aug_2024/build/my_robot_nav2
