[0.055s] Invoking command in '/home/dkflippo/aug2024/src/build/joint_state_broadcaster': CMAKE_PREFIX_PATH=/opt/ros/humble /usr/bin/cmake /home/dkflippo/aug2024/src/ros2_controllers/joint_state_broadcaster -DCMAKE_INSTALL_PREFIX=/home/dkflippo/aug2024/src/install/joint_state_broadcaster
[0.202s] -- The C compiler identification is GNU 11.4.0
[0.353s] -- The CXX compiler identification is GNU 11.4.0
[0.375s] -- Detecting C compiler ABI info
[0.559s] -- Detecting C compiler ABI info - done
[0.579s] -- Check for working C compiler: /usr/bin/cc - skipped
[0.584s] -- Detecting C compile features
[0.585s] -- Detecting C compile features - done
[0.592s] -- Detecting CXX compiler ABI info
[0.795s] -- Detecting CXX compiler ABI info - done
[0.819s] -- Check for working CXX compiler: /usr/bin/c++ - skipped
[0.824s] -- Detecting CXX compile features
[0.824s] -- Detecting CXX compile features - done
[0.853s] [31mCMake Error at CMakeLists.txt:4 (find_package):
[0.853s]   By not providing "Findros2_control_cmake.cmake" in CMAKE_MODULE_PATH this
[0.853s]   project has asked CMake to find a package configuration file provided by
[0.854s]   "ros2_control_cmake", but CMake did not find one.
[0.854s] 
[0.854s]   Could not find a package configuration file provided by
[0.854s]   "ros2_control_cmake" with any of the following names:
[0.854s] 
[0.854s]     ros2_control_cmakeConfig.cmake
[0.854s]     ros2_control_cmake-config.cmake
[0.854s] 
[0.854s]   Add the installation prefix of "ros2_control_cmake" to CMAKE_PREFIX_PATH or
[0.854s]   set "ros2_control_cmake_DIR" to a directory containing one of the above
[0.855s]   files.  If "ros2_control_cmake" provides a separate development package or
[0.855s]   SDK, be sure it has been installed.
[0.855s] 
[0.855s] [0m
[0.855s] -- Configuring incomplete, errors occurred!
[0.855s] See also "/home/dkflippo/aug2024/src/build/joint_state_broadcaster/CMakeFiles/CMakeOutput.log".
[0.884s] Invoked command in '/home/dkflippo/aug2024/src/build/joint_state_broadcaster' returned '1': CMAKE_PREFIX_PATH=/opt/ros/humble /usr/bin/cmake /home/dkflippo/aug2024/src/ros2_controllers/joint_state_broadcaster -DCMAKE_INSTALL_PREFIX=/home/dkflippo/aug2024/src/install/joint_state_broadcaster
