[0.062s] Invoking command in '/home/dkflippo/aug2024/src/build/diff_drive_controller': CMAKE_PREFIX_PATH=/opt/ros/humble /usr/bin/cmake /home/dkflippo/aug2024/src/ros2_controllers/diff_drive_controller -DCMAKE_INSTALL_PREFIX=/home/dkflippo/aug2024/src/install/diff_drive_controller
[0.120s] -- Configuring incomplete, errors occurred!
[0.122s] See also "/home/dkflippo/aug2024/src/build/diff_drive_controller/CMakeFiles/CMakeOutput.log".
[0.122s] [31mCMake Error at CMakeLists.txt:4 (find_package):
[0.123s]   By not providing "Findros2_control_cmake.cmake" in CMAKE_MODULE_PATH this
[0.123s]   project has asked CMake to find a package configuration file provided by
[0.123s]   "ros2_control_cmake", but CMake did not find one.
[0.124s] 
[0.124s]   Could not find a package configuration file provided by
[0.125s]   "ros2_control_cmake" with any of the following names:
[0.126s] 
[0.127s]     ros2_control_cmakeConfig.cmake
[0.127s]     ros2_control_cmake-config.cmake
[0.127s] 
[0.128s]   Add the installation prefix of "ros2_control_cmake" to CMAKE_PREFIX_PATH or
[0.128s]   set "ros2_control_cmake_DIR" to a directory containing one of the above
[0.128s]   files.  If "ros2_control_cmake" provides a separate development package or
[0.128s]   SDK, be sure it has been installed.
[0.129s] 
[0.129s] [0m
[0.179s] Invoked command in '/home/dkflippo/aug2024/src/build/diff_drive_controller' returned '1': CMAKE_PREFIX_PATH=/opt/ros/humble /usr/bin/cmake /home/dkflippo/aug2024/src/ros2_controllers/diff_drive_controller -DCMAKE_INSTALL_PREFIX=/home/dkflippo/aug2024/src/install/diff_drive_controller
