[0.039s] Invoking command in '/home/dkflippo/aug2024/build/pigpio': /usr/bin/cmake --build /home/dkflippo/aug2024/build/pigpio -- -j12 -l12
[0.167s] [ 13%] Built target pigpiod_if2
[0.170s] [ 26%] Built target pigs
[0.172s] [ 39%] Built target pigpiod_if
[0.179s] [ 52%] Built target pig2vcd
[0.184s] [ 65%] Built target pigpio
[0.234s] [ 73%] Built target x_pigpiod_if2
[0.240s] [ 82%] Built target x_pigpiod_if
[0.244s] [ 91%] Built target x_pigpio
[0.249s] [100%] Built target pigpiod
[0.313s] Invoked command in '/home/dkflippo/aug2024/build/pigpio' returned '0': /usr/bin/cmake --build /home/dkflippo/aug2024/build/pigpio -- -j12 -l12
[0.314s] Invoking command in '/home/dkflippo/aug2024/build/pigpio': /usr/bin/cmake --install /home/dkflippo/aug2024/build/pigpio
[0.328s] -- Install configuration: ""
[0.328s] -- Up-to-date: /home/dkflippo/aug2024/install/pigpio/lib/libpigpio.so
[0.329s] -- Up-to-date: /home/dkflippo/aug2024/install/pigpio/lib/libpigpiod_if.so
[0.330s] -- Up-to-date: /home/dkflippo/aug2024/install/pigpio/lib/libpigpiod_if2.so
[0.330s] -- Up-to-date: /home/dkflippo/aug2024/install/pigpio/bin/pig2vcd
[0.331s] -- Up-to-date: /home/dkflippo/aug2024/install/pigpio/bin/pigpiod
[0.331s] -- Up-to-date: /home/dkflippo/aug2024/install/pigpio/bin/pigs
[0.331s] -- Up-to-date: /home/dkflippo/aug2024/install/pigpio/lib/cmake/pigpio/pigpioTargets.cmake
[0.331s] -- Up-to-date: /home/dkflippo/aug2024/install/pigpio/lib/cmake/pigpio/pigpioTargets-noconfig.cmake
[0.331s] -- Up-to-date: /home/dkflippo/aug2024/install/pigpio/lib/cmake/pigpio/pigpioConfig.cmake
[0.331s] -- Up-to-date: /home/dkflippo/aug2024/install/pigpio/lib/cmake/pigpio/pigpioConfigVersion.cmake
[0.331s] -- Up-to-date: /home/dkflippo/aug2024/install/pigpio/include/pigpio.h
[0.332s] -- Up-to-date: /home/dkflippo/aug2024/install/pigpio/include/pigpiod_if.h
[0.332s] -- Up-to-date: /home/dkflippo/aug2024/install/pigpio/include/pigpiod_if2.h
[0.333s] -- Up-to-date: /home/dkflippo/aug2024/install/pigpio/man/man1/libpigpio.so.1
[0.334s] -- Up-to-date: /home/dkflippo/aug2024/install/pigpio/man/man1/libpigpiod_if.so.1
[0.334s] -- Up-to-date: /home/dkflippo/aug2024/install/pigpio/man/man1/libpigpiod_if2.so.1
[0.334s] -- Up-to-date: /home/dkflippo/aug2024/install/pigpio/man/man1/pig2vcd.1
[0.335s] -- Up-to-date: /home/dkflippo/aug2024/install/pigpio/man/man1/pigpiod.1
[0.335s] -- Up-to-date: /home/dkflippo/aug2024/install/pigpio/man/man1/pigs.1
[0.335s] -- Up-to-date: /home/dkflippo/aug2024/install/pigpio/man/man3/pigpio.3
[0.335s] -- Up-to-date: /home/dkflippo/aug2024/install/pigpio/man/man3/pigpiod_if.3
[0.335s] -- Up-to-date: /home/dkflippo/aug2024/install/pigpio/man/man3/pigpiod_if2.3
[0.359s] /home/dkflippo/aug2024/build/pigpio/setup.py:3: DeprecationWarning: The distutils package is deprecated and slated for removal in Python 3.12. Use setuptools or check PEP 632 for potential alternatives
[0.360s]   from distutils.core import setup
[0.384s] running install
[0.384s] running build
[0.385s] running build_py
[0.386s] running install_lib
[0.387s] running install_egg_info
[0.387s] Writing /usr/local/lib/python3.10/dist-packages/pigpio-1.44.egg-info
[0.387s] error: [Errno 13] Permission denied: '/usr/local/lib/python3.10/dist-packages/pigpio-1.44.egg-info'
[0.398s] Invoked command in '/home/dkflippo/aug2024/build/pigpio' returned '0': /usr/bin/cmake --install /home/dkflippo/aug2024/build/pigpio
