[0.089s] Invoking command in '/home/rospi/aug_2024/build/BMC_2024': CMAKE_PREFIX_PATH=${CMAKE_PREFIX_PATH}:/opt/ros/humble /usr/bin/cmake /home/rospi/aug_2024/src/BMC_2024 -DCMAKE_INSTALL_PREFIX=/home/rospi/aug_2024/install/BMC_2024
[0.510s] -- The C compiler identification is GNU 11.4.0
[0.898s] -- The CXX compiler identification is GNU 11.4.0
[0.935s] -- Detecting C compiler ABI info
[1.342s] -- Detecting C compiler ABI info - done
[1.372s] -- Check for working C compiler: /usr/bin/cc - skipped
[1.373s] -- Detecting C compile features
[1.375s] -- Detecting C compile features - done
[1.389s] -- Detecting CXX compiler ABI info
[1.954s] -- Detecting CXX compiler ABI info - done
[1.985s] -- Check for working CXX compiler: /usr/bin/c++ - skipped
[1.987s] -- Detecting CXX compile features
[1.988s] -- Detecting CXX compile features - done
[2.030s] -- Found ament_cmake: 1.3.11 (/opt/ros/humble/share/ament_cmake/cmake)
[3.112s] -- Found Python3: /usr/bin/python3 (found version "3.10.12") found components: Interpreter 
[4.090s] -- Found hardware_interface: 2.49.0 (/opt/ros/humble/share/hardware_interface/cmake)
[4.600s] -- Found rosidl_generator_c: 3.1.6 (/opt/ros/humble/share/rosidl_generator_c/cmake)
[4.668s] -- Found rosidl_adapter: 3.1.6 (/opt/ros/humble/share/rosidl_adapter/cmake)
[4.755s] -- Found rosidl_generator_cpp: 3.1.6 (/opt/ros/humble/share/rosidl_generator_cpp/cmake)
[4.866s] -- Using all available rosidl_typesupport_c: rosidl_typesupport_fastrtps_c;rosidl_typesupport_introspection_c
[5.023s] -- Using all available rosidl_typesupport_cpp: rosidl_typesupport_fastrtps_cpp;rosidl_typesupport_introspection_cpp
[6.891s] -- Found rmw_implementation_cmake: 6.1.2 (/opt/ros/humble/share/rmw_implementation_cmake/cmake)
[6.927s] -- Found rmw_fastrtps_cpp: 6.2.7 (/opt/ros/humble/share/rmw_fastrtps_cpp/cmake)
[7.175s] -- Found TinyXML2 via Config file: TinyXML2_DIR-NOTFOUND
[7.433s] -- Found OpenSSL: /usr/lib/aarch64-linux-gnu/libcrypto.so (found version "3.0.2")  
[7.453s] -- Found TinyXML2 via Config file: TinyXML2_DIR-NOTFOUND
[7.546s] -- Found FastRTPS: /opt/ros/humble/include  
[7.560s] -- Found TinyXML2 via Config file: TinyXML2_DIR-NOTFOUND
[7.597s] -- Found TinyXML2 via Config file: TinyXML2_DIR-NOTFOUND
[7.637s] -- Using RMW implementation 'rmw_fastrtps_cpp' as default
[7.751s] -- Looking for pthread.h
[8.122s] -- Looking for pthread.h - found
[8.123s] -- Performing Test CMAKE_HAVE_LIBC_PTHREAD
[8.480s] -- Performing Test CMAKE_HAVE_LIBC_PTHREAD - Success
[8.485s] -- Found Threads: TRUE  
[9.055s] [31mCMake Error at CMakeLists.txt:19 (find_package):
[9.055s]   By not providing "Findsllidar_ros2.cmake" in CMAKE_MODULE_PATH this project
[9.056s]   has asked CMake to find a package configuration file provided by
[9.056s]   "sllidar_ros2", but CMake did not find one.
[9.057s] 
[9.059s]   Could not find a package configuration file provided by "sllidar_ros2" with
[9.061s]   any of the following names:
[9.063s] 
[9.063s]     sllidar_ros2Config.cmake
[9.073s]     sllidar_ros2-config.cmake
[9.077s] 
[9.078s]   Add the installation prefix of "sllidar_ros2" to CMAKE_PREFIX_PATH or set
[9.079s]   "sllidar_ros2_DIR" to a directory containing one of the above files.  If
[9.079s]   "sllidar_ros2" provides a separate development package or SDK, be sure it
[9.080s]   has been installed.
[9.082s] 
[9.083s] [0m
[9.084s] -- Configuring incomplete, errors occurred!
[9.085s] See also "/home/rospi/aug_2024/build/BMC_2024/CMakeFiles/CMakeOutput.log".
[9.103s] Invoked command in '/home/rospi/aug_2024/build/BMC_2024' returned '1': CMAKE_PREFIX_PATH=${CMAKE_PREFIX_PATH}:/opt/ros/humble /usr/bin/cmake /home/rospi/aug_2024/src/BMC_2024 -DCMAKE_INSTALL_PREFIX=/home/rospi/aug_2024/install/BMC_2024
