[0.595s] DEBUG:colcon:Command line arguments: ['/usr/bin/colcon', 'build']
[0.596s] DEBUG:colcon:Parsed command line arguments: Namespace(log_base=None, log_level=None, verb_name='build', build_base='build', install_base='install', merge_install=False, symlink_install=False, test_result_base=None, continue_on_error=False, executor='parallel', parallel_workers=4, event_handlers=None, ignore_user_meta=False, metas=['./colcon.meta'], base_paths=['.'], packages_ignore=None, packages_ignore_regex=None, paths=None, packages_up_to=None, packages_up_to_regex=None, packages_above=None, packages_above_and_dependencies=None, packages_above_depth=None, packages_select_by_dep=None, packages_skip_by_dep=None, packages_skip_up_to=None, packages_select_build_failed=False, packages_skip_build_finished=False, packages_select_test_failures=False, packages_skip_test_passed=False, packages_select=None, packages_skip=None, packages_select_regex=None, packages_skip_regex=None, packages_start=None, packages_end=None, allow_overriding=[], cmake_args=None, cmake_target=None, cmake_target_skip_unavailable=False, cmake_clean_cache=False, cmake_clean_first=False, cmake_force_configure=False, ament_cmake_args=None, catkin_cmake_args=None, catkin_skip_building_tests=False, mixin_files=None, mixin=None, verb_parser=<colcon_mixin.mixin.mixin_argument.MixinArgumentDecorator object at 0xffffb0629960>, verb_extension=<colcon_core.verb.build.BuildVerb object at 0xffffb07de8f0>, main=<bound method BuildVerb.main of <colcon_core.verb.build.BuildVerb object at 0xffffb07de8f0>>, mixin_verb=('build',))
[1.603s] Level 1:colcon.colcon_core.package_discovery:discover_packages(colcon_meta) check parameters
[1.603s] Level 1:colcon.colcon_core.package_discovery:discover_packages(recursive) check parameters
[1.603s] Level 1:colcon.colcon_core.package_discovery:discover_packages(ignore) check parameters
[1.603s] Level 1:colcon.colcon_core.package_discovery:discover_packages(path) check parameters
[1.604s] Level 1:colcon.colcon_core.package_discovery:discover_packages(colcon_meta) discover
[1.604s] Level 1:colcon.colcon_core.package_discovery:discover_packages(recursive) discover
[1.604s] INFO:colcon.colcon_core.package_discovery:Crawling recursively for packages in '/home/rospi/aug_2024'
[1.605s] Level 1:colcon.colcon_core.package_identification:_identify(.) by extensions ['ignore', 'ignore_ament_install']
[1.605s] Level 1:colcon.colcon_core.package_identification:_identify(.) by extension 'ignore'
[1.605s] Level 1:colcon.colcon_core.package_identification:_identify(.) by extension 'ignore_ament_install'
[1.606s] Level 1:colcon.colcon_core.package_identification:_identify(.) by extensions ['colcon_pkg']
[1.606s] Level 1:colcon.colcon_core.package_identification:_identify(.) by extension 'colcon_pkg'
[1.606s] Level 1:colcon.colcon_core.package_identification:_identify(.) by extensions ['colcon_meta']
[1.606s] Level 1:colcon.colcon_core.package_identification:_identify(.) by extension 'colcon_meta'
[1.606s] Level 1:colcon.colcon_core.package_identification:_identify(.) by extensions ['ros']
[1.606s] Level 1:colcon.colcon_core.package_identification:_identify(.) by extension 'ros'
[1.656s] Level 1:colcon.colcon_core.package_identification:_identify(.) by extensions ['cmake', 'python']
[1.656s] Level 1:colcon.colcon_core.package_identification:_identify(.) by extension 'cmake'
[1.656s] Level 1:colcon.colcon_core.package_identification:_identify(.) by extension 'python'
[1.656s] Level 1:colcon.colcon_core.package_identification:_identify(.) by extensions ['python_setup_py']
[1.657s] Level 1:colcon.colcon_core.package_identification:_identify(.) by extension 'python_setup_py'
[1.657s] Level 1:colcon.colcon_core.package_identification:_identify(build) by extensions ['ignore', 'ignore_ament_install']
[1.658s] Level 1:colcon.colcon_core.package_identification:_identify(build) by extension 'ignore'
[1.658s] Level 1:colcon.colcon_core.package_identification:_identify(build) ignored
[1.658s] Level 1:colcon.colcon_core.package_identification:_identify(install) by extensions ['ignore', 'ignore_ament_install']
[1.659s] Level 1:colcon.colcon_core.package_identification:_identify(install) by extension 'ignore'
[1.659s] Level 1:colcon.colcon_core.package_identification:_identify(install) ignored
[1.661s] Level 1:colcon.colcon_core.package_identification:_identify(log) by extensions ['ignore', 'ignore_ament_install']
[1.661s] Level 1:colcon.colcon_core.package_identification:_identify(log) by extension 'ignore'
[1.661s] Level 1:colcon.colcon_core.package_identification:_identify(log) ignored
[1.662s] Level 1:colcon.colcon_core.package_identification:_identify(src) by extensions ['ignore', 'ignore_ament_install']
[1.662s] Level 1:colcon.colcon_core.package_identification:_identify(src) by extension 'ignore'
[1.663s] Level 1:colcon.colcon_core.package_identification:_identify(src) by extension 'ignore_ament_install'
[1.663s] Level 1:colcon.colcon_core.package_identification:_identify(src) by extensions ['colcon_pkg']
[1.663s] Level 1:colcon.colcon_core.package_identification:_identify(src) by extension 'colcon_pkg'
[1.663s] Level 1:colcon.colcon_core.package_identification:_identify(src) by extensions ['colcon_meta']
[1.663s] Level 1:colcon.colcon_core.package_identification:_identify(src) by extension 'colcon_meta'
[1.664s] Level 1:colcon.colcon_core.package_identification:_identify(src) by extensions ['ros']
[1.664s] Level 1:colcon.colcon_core.package_identification:_identify(src) by extension 'ros'
[1.664s] Level 1:colcon.colcon_core.package_identification:_identify(src) by extensions ['cmake', 'python']
[1.664s] Level 1:colcon.colcon_core.package_identification:_identify(src) by extension 'cmake'
[1.664s] Level 1:colcon.colcon_core.package_identification:_identify(src) by extension 'python'
[1.664s] Level 1:colcon.colcon_core.package_identification:_identify(src) by extensions ['python_setup_py']
[1.665s] Level 1:colcon.colcon_core.package_identification:_identify(src) by extension 'python_setup_py'
[1.665s] Level 1:colcon.colcon_core.package_identification:_identify(src/BMC_2024) by extensions ['ignore', 'ignore_ament_install']
[1.666s] Level 1:colcon.colcon_core.package_identification:_identify(src/BMC_2024) by extension 'ignore'
[1.666s] Level 1:colcon.colcon_core.package_identification:_identify(src/BMC_2024) by extension 'ignore_ament_install'
[1.666s] Level 1:colcon.colcon_core.package_identification:_identify(src/BMC_2024) by extensions ['colcon_pkg']
[1.666s] Level 1:colcon.colcon_core.package_identification:_identify(src/BMC_2024) by extension 'colcon_pkg'
[1.666s] Level 1:colcon.colcon_core.package_identification:_identify(src/BMC_2024) by extensions ['colcon_meta']
[1.666s] Level 1:colcon.colcon_core.package_identification:_identify(src/BMC_2024) by extension 'colcon_meta'
[1.667s] Level 1:colcon.colcon_core.package_identification:_identify(src/BMC_2024) by extensions ['ros']
[1.667s] Level 1:colcon.colcon_core.package_identification:_identify(src/BMC_2024) by extension 'ros'
[1.680s] DEBUG:colcon.colcon_core.package_identification:Package 'src/BMC_2024' with type 'ros.ament_cmake' and name 'BMC_2024'
[1.680s] Level 1:colcon.colcon_core.package_identification:_identify(src/aug_2024) by extensions ['ignore', 'ignore_ament_install']
[1.681s] Level 1:colcon.colcon_core.package_identification:_identify(src/aug_2024) by extension 'ignore'
[1.681s] Level 1:colcon.colcon_core.package_identification:_identify(src/aug_2024) by extension 'ignore_ament_install'
[1.681s] Level 1:colcon.colcon_core.package_identification:_identify(src/aug_2024) by extensions ['colcon_pkg']
[1.682s] Level 1:colcon.colcon_core.package_identification:_identify(src/aug_2024) by extension 'colcon_pkg'
[1.682s] Level 1:colcon.colcon_core.package_identification:_identify(src/aug_2024) by extensions ['colcon_meta']
[1.682s] Level 1:colcon.colcon_core.package_identification:_identify(src/aug_2024) by extension 'colcon_meta'
[1.682s] Level 1:colcon.colcon_core.package_identification:_identify(src/aug_2024) by extensions ['ros']
[1.682s] Level 1:colcon.colcon_core.package_identification:_identify(src/aug_2024) by extension 'ros'
[1.692s] DEBUG:colcon.colcon_core.package_identification:Package 'src/aug_2024' with type 'ros.ament_cmake' and name 'aug_2024'
[1.693s] Level 1:colcon.colcon_core.package_identification:_identify(src/build) by extensions ['ignore', 'ignore_ament_install']
[1.693s] Level 1:colcon.colcon_core.package_identification:_identify(src/build) by extension 'ignore'
[1.694s] Level 1:colcon.colcon_core.package_identification:_identify(src/build) ignored
[1.694s] Level 1:colcon.colcon_core.package_identification:_identify(src/gazebo_ros2_control) by extensions ['ignore', 'ignore_ament_install']
[1.694s] Level 1:colcon.colcon_core.package_identification:_identify(src/gazebo_ros2_control) by extension 'ignore'
[1.694s] Level 1:colcon.colcon_core.package_identification:_identify(src/gazebo_ros2_control) by extension 'ignore_ament_install'
[1.695s] Level 1:colcon.colcon_core.package_identification:_identify(src/gazebo_ros2_control) by extensions ['colcon_pkg']
[1.695s] Level 1:colcon.colcon_core.package_identification:_identify(src/gazebo_ros2_control) by extension 'colcon_pkg'
[1.695s] Level 1:colcon.colcon_core.package_identification:_identify(src/gazebo_ros2_control) by extensions ['colcon_meta']
[1.695s] Level 1:colcon.colcon_core.package_identification:_identify(src/gazebo_ros2_control) by extension 'colcon_meta'
[1.696s] Level 1:colcon.colcon_core.package_identification:_identify(src/gazebo_ros2_control) by extensions ['ros']
[1.696s] Level 1:colcon.colcon_core.package_identification:_identify(src/gazebo_ros2_control) by extension 'ros'
[1.696s] Level 1:colcon.colcon_core.package_identification:_identify(src/gazebo_ros2_control) by extensions ['cmake', 'python']
[1.696s] Level 1:colcon.colcon_core.package_identification:_identify(src/gazebo_ros2_control) by extension 'cmake'
[1.696s] Level 1:colcon.colcon_core.package_identification:_identify(src/gazebo_ros2_control) by extension 'python'
[1.697s] Level 1:colcon.colcon_core.package_identification:_identify(src/gazebo_ros2_control) by extensions ['python_setup_py']
[1.697s] Level 1:colcon.colcon_core.package_identification:_identify(src/gazebo_ros2_control) by extension 'python_setup_py'
[1.697s] Level 1:colcon.colcon_core.package_identification:_identify(src/install) by extensions ['ignore', 'ignore_ament_install']
[1.698s] Level 1:colcon.colcon_core.package_identification:_identify(src/install) by extension 'ignore'
[1.698s] Level 1:colcon.colcon_core.package_identification:_identify(src/install) ignored
[1.698s] Level 1:colcon.colcon_core.package_identification:_identify(src/log) by extensions ['ignore', 'ignore_ament_install']
[1.699s] Level 1:colcon.colcon_core.package_identification:_identify(src/log) by extension 'ignore'
[1.699s] Level 1:colcon.colcon_core.package_identification:_identify(src/log) ignored
[1.699s] Level 1:colcon.colcon_core.package_identification:_identify(src/my_robot_nav2) by extensions ['ignore', 'ignore_ament_install']
[1.700s] Level 1:colcon.colcon_core.package_identification:_identify(src/my_robot_nav2) by extension 'ignore'
[1.700s] Level 1:colcon.colcon_core.package_identification:_identify(src/my_robot_nav2) by extension 'ignore_ament_install'
[1.700s] Level 1:colcon.colcon_core.package_identification:_identify(src/my_robot_nav2) by extensions ['colcon_pkg']
[1.700s] Level 1:colcon.colcon_core.package_identification:_identify(src/my_robot_nav2) by extension 'colcon_pkg'
[1.701s] Level 1:colcon.colcon_core.package_identification:_identify(src/my_robot_nav2) by extensions ['colcon_meta']
[1.701s] Level 1:colcon.colcon_core.package_identification:_identify(src/my_robot_nav2) by extension 'colcon_meta'
[1.701s] Level 1:colcon.colcon_core.package_identification:_identify(src/my_robot_nav2) by extensions ['ros']
[1.701s] Level 1:colcon.colcon_core.package_identification:_identify(src/my_robot_nav2) by extension 'ros'
[1.704s] DEBUG:colcon.colcon_core.package_identification:Package 'src/my_robot_nav2' with type 'ros.ament_cmake' and name 'my_robot_nav2'
[1.705s] Level 1:colcon.colcon_core.package_identification:_identify(src/sllidar_ros2) by extensions ['ignore', 'ignore_ament_install']
[1.705s] Level 1:colcon.colcon_core.package_identification:_identify(src/sllidar_ros2) by extension 'ignore'
[1.705s] Level 1:colcon.colcon_core.package_identification:_identify(src/sllidar_ros2) by extension 'ignore_ament_install'
[1.706s] Level 1:colcon.colcon_core.package_identification:_identify(src/sllidar_ros2) by extensions ['colcon_pkg']
[1.706s] Level 1:colcon.colcon_core.package_identification:_identify(src/sllidar_ros2) by extension 'colcon_pkg'
[1.706s] Level 1:colcon.colcon_core.package_identification:_identify(src/sllidar_ros2) by extensions ['colcon_meta']
[1.706s] Level 1:colcon.colcon_core.package_identification:_identify(src/sllidar_ros2) by extension 'colcon_meta'
[1.706s] Level 1:colcon.colcon_core.package_identification:_identify(src/sllidar_ros2) by extensions ['ros']
[1.707s] Level 1:colcon.colcon_core.package_identification:_identify(src/sllidar_ros2) by extension 'ros'
[1.710s] DEBUG:colcon.colcon_core.package_identification:Package 'src/sllidar_ros2' with type 'ros.ament_cmake' and name 'sllidar_ros2'
[1.710s] Level 1:colcon.colcon_core.package_discovery:discover_packages(recursive) using defaults
[1.711s] Level 1:colcon.colcon_core.package_discovery:discover_packages(ignore) discover
[1.711s] Level 1:colcon.colcon_core.package_discovery:discover_packages(ignore) using defaults
[1.711s] Level 1:colcon.colcon_core.package_discovery:discover_packages(path) discover
[1.711s] Level 1:colcon.colcon_core.package_discovery:discover_packages(path) using defaults
[1.847s] Level 1:colcon.colcon_core.package_discovery:discover_packages(prefix_path) check parameters
[1.847s] Level 1:colcon.colcon_core.package_discovery:discover_packages(prefix_path) discover
[1.852s] WARNING:colcon.colcon_ros.prefix_path.ament:The path '/home/rospi/aug_2024/install/aug_2024' in the environment variable AMENT_PREFIX_PATH doesn't exist
[1.852s] WARNING:colcon.colcon_ros.prefix_path.ament:The path '/home/rospi/aug_2024/install/sllidar_ros2' in the environment variable AMENT_PREFIX_PATH doesn't exist
[1.852s] WARNING:colcon.colcon_ros.prefix_path.ament:The path '/home/rospi/aug_2024/install/my_robot_nav2' in the environment variable AMENT_PREFIX_PATH doesn't exist
[1.853s] WARNING:colcon.colcon_ros.prefix_path.ament:The path '/home/rospi/aug_2024/install/BMC_2024' in the environment variable AMENT_PREFIX_PATH doesn't exist
[1.853s] WARNING:colcon.colcon_ros.prefix_path.catkin:The path '/home/rospi/aug_2024/install/aug_2024' in the environment variable CMAKE_PREFIX_PATH doesn't exist
[1.853s] WARNING:colcon.colcon_ros.prefix_path.catkin:The path '/home/rospi/aug_2024/install/sllidar_ros2' in the environment variable CMAKE_PREFIX_PATH doesn't exist
[1.854s] WARNING:colcon.colcon_ros.prefix_path.catkin:The path '/home/rospi/aug_2024/install/my_robot_nav2' in the environment variable CMAKE_PREFIX_PATH doesn't exist
[1.854s] WARNING:colcon.colcon_ros.prefix_path.catkin:The path '/home/rospi/aug_2024/install/BMC_2024' in the environment variable CMAKE_PREFIX_PATH doesn't exist
[1.857s] DEBUG:colcon.colcon_installed_package_information.package_discovery:Found 0 installed packages in /home/rospi/aug_2024/install
[1.870s] DEBUG:colcon.colcon_installed_package_information.package_discovery:Found 372 installed packages in /opt/ros/humble
[1.880s] Level 1:colcon.colcon_core.package_discovery:discover_packages(prefix_path) using defaults
[2.119s] Level 5:colcon.colcon_core.verb:set package 'BMC_2024' build argument 'cmake_args' from command line to 'None'
[2.120s] Level 5:colcon.colcon_core.verb:set package 'BMC_2024' build argument 'cmake_target' from command line to 'None'
[2.120s] Level 5:colcon.colcon_core.verb:set package 'BMC_2024' build argument 'cmake_target_skip_unavailable' from command line to 'False'
[2.120s] Level 5:colcon.colcon_core.verb:set package 'BMC_2024' build argument 'cmake_clean_cache' from command line to 'False'
[2.120s] Level 5:colcon.colcon_core.verb:set package 'BMC_2024' build argument 'cmake_clean_first' from command line to 'False'
[2.120s] Level 5:colcon.colcon_core.verb:set package 'BMC_2024' build argument 'cmake_force_configure' from command line to 'False'
[2.120s] Level 5:colcon.colcon_core.verb:set package 'BMC_2024' build argument 'ament_cmake_args' from command line to 'None'
[2.120s] Level 5:colcon.colcon_core.verb:set package 'BMC_2024' build argument 'catkin_cmake_args' from command line to 'None'
[2.120s] Level 5:colcon.colcon_core.verb:set package 'BMC_2024' build argument 'catkin_skip_building_tests' from command line to 'False'
[2.121s] DEBUG:colcon.colcon_core.verb:Building package 'BMC_2024' with the following arguments: {'ament_cmake_args': None, 'build_base': '/home/rospi/aug_2024/build/BMC_2024', 'catkin_cmake_args': None, 'catkin_skip_building_tests': False, 'cmake_args': None, 'cmake_clean_cache': False, 'cmake_clean_first': False, 'cmake_force_configure': False, 'cmake_target': None, 'cmake_target_skip_unavailable': False, 'install_base': '/home/rospi/aug_2024/install/BMC_2024', 'merge_install': False, 'path': '/home/rospi/aug_2024/src/BMC_2024', 'symlink_install': False, 'test_result_base': None}
[2.122s] Level 5:colcon.colcon_core.verb:set package 'my_robot_nav2' build argument 'cmake_args' from command line to 'None'
[2.122s] Level 5:colcon.colcon_core.verb:set package 'my_robot_nav2' build argument 'cmake_target' from command line to 'None'
[2.123s] Level 5:colcon.colcon_core.verb:set package 'my_robot_nav2' build argument 'cmake_target_skip_unavailable' from command line to 'False'
[2.123s] Level 5:colcon.colcon_core.verb:set package 'my_robot_nav2' build argument 'cmake_clean_cache' from command line to 'False'
[2.123s] Level 5:colcon.colcon_core.verb:set package 'my_robot_nav2' build argument 'cmake_clean_first' from command line to 'False'
[2.123s] Level 5:colcon.colcon_core.verb:set package 'my_robot_nav2' build argument 'cmake_force_configure' from command line to 'False'
[2.123s] Level 5:colcon.colcon_core.verb:set package 'my_robot_nav2' build argument 'ament_cmake_args' from command line to 'None'
[2.123s] Level 5:colcon.colcon_core.verb:set package 'my_robot_nav2' build argument 'catkin_cmake_args' from command line to 'None'
[2.123s] Level 5:colcon.colcon_core.verb:set package 'my_robot_nav2' build argument 'catkin_skip_building_tests' from command line to 'False'
[2.123s] DEBUG:colcon.colcon_core.verb:Building package 'my_robot_nav2' with the following arguments: {'ament_cmake_args': None, 'build_base': '/home/rospi/aug_2024/build/my_robot_nav2', 'catkin_cmake_args': None, 'catkin_skip_building_tests': False, 'cmake_args': None, 'cmake_clean_cache': False, 'cmake_clean_first': False, 'cmake_force_configure': False, 'cmake_target': None, 'cmake_target_skip_unavailable': False, 'install_base': '/home/rospi/aug_2024/install/my_robot_nav2', 'merge_install': False, 'path': '/home/rospi/aug_2024/src/my_robot_nav2', 'symlink_install': False, 'test_result_base': None}
[2.125s] Level 5:colcon.colcon_core.verb:set package 'sllidar_ros2' build argument 'cmake_args' from command line to 'None'
[2.125s] Level 5:colcon.colcon_core.verb:set package 'sllidar_ros2' build argument 'cmake_target' from command line to 'None'
[2.125s] Level 5:colcon.colcon_core.verb:set package 'sllidar_ros2' build argument 'cmake_target_skip_unavailable' from command line to 'False'
[2.125s] Level 5:colcon.colcon_core.verb:set package 'sllidar_ros2' build argument 'cmake_clean_cache' from command line to 'False'
[2.126s] Level 5:colcon.colcon_core.verb:set package 'sllidar_ros2' build argument 'cmake_clean_first' from command line to 'False'
[2.126s] Level 5:colcon.colcon_core.verb:set package 'sllidar_ros2' build argument 'cmake_force_configure' from command line to 'False'
[2.126s] Level 5:colcon.colcon_core.verb:set package 'sllidar_ros2' build argument 'ament_cmake_args' from command line to 'None'
[2.126s] Level 5:colcon.colcon_core.verb:set package 'sllidar_ros2' build argument 'catkin_cmake_args' from command line to 'None'
[2.126s] Level 5:colcon.colcon_core.verb:set package 'sllidar_ros2' build argument 'catkin_skip_building_tests' from command line to 'False'
[2.126s] DEBUG:colcon.colcon_core.verb:Building package 'sllidar_ros2' with the following arguments: {'ament_cmake_args': None, 'build_base': '/home/rospi/aug_2024/build/sllidar_ros2', 'catkin_cmake_args': None, 'catkin_skip_building_tests': False, 'cmake_args': None, 'cmake_clean_cache': False, 'cmake_clean_first': False, 'cmake_force_configure': False, 'cmake_target': None, 'cmake_target_skip_unavailable': False, 'install_base': '/home/rospi/aug_2024/install/sllidar_ros2', 'merge_install': False, 'path': '/home/rospi/aug_2024/src/sllidar_ros2', 'symlink_install': False, 'test_result_base': None}
[2.128s] Level 5:colcon.colcon_core.verb:set package 'aug_2024' build argument 'cmake_args' from command line to 'None'
[2.128s] Level 5:colcon.colcon_core.verb:set package 'aug_2024' build argument 'cmake_target' from command line to 'None'
[2.128s] Level 5:colcon.colcon_core.verb:set package 'aug_2024' build argument 'cmake_target_skip_unavailable' from command line to 'False'
[2.128s] Level 5:colcon.colcon_core.verb:set package 'aug_2024' build argument 'cmake_clean_cache' from command line to 'False'
[2.128s] Level 5:colcon.colcon_core.verb:set package 'aug_2024' build argument 'cmake_clean_first' from command line to 'False'
[2.129s] Level 5:colcon.colcon_core.verb:set package 'aug_2024' build argument 'cmake_force_configure' from command line to 'False'
[2.129s] Level 5:colcon.colcon_core.verb:set package 'aug_2024' build argument 'ament_cmake_args' from command line to 'None'
[2.129s] Level 5:colcon.colcon_core.verb:set package 'aug_2024' build argument 'catkin_cmake_args' from command line to 'None'
[2.129s] Level 5:colcon.colcon_core.verb:set package 'aug_2024' build argument 'catkin_skip_building_tests' from command line to 'False'
[2.129s] DEBUG:colcon.colcon_core.verb:Building package 'aug_2024' with the following arguments: {'ament_cmake_args': None, 'build_base': '/home/rospi/aug_2024/build/aug_2024', 'catkin_cmake_args': None, 'catkin_skip_building_tests': False, 'cmake_args': None, 'cmake_clean_cache': False, 'cmake_clean_first': False, 'cmake_force_configure': False, 'cmake_target': None, 'cmake_target_skip_unavailable': False, 'install_base': '/home/rospi/aug_2024/install/aug_2024', 'merge_install': False, 'path': '/home/rospi/aug_2024/src/aug_2024', 'symlink_install': False, 'test_result_base': None}
[2.130s] INFO:colcon.colcon_core.executor:Executing jobs using 'parallel' executor
[2.133s] DEBUG:colcon.colcon_parallel_executor.executor.parallel:run_until_complete
[2.134s] INFO:colcon.colcon_ros.task.ament_cmake.build:Building ROS package in '/home/rospi/aug_2024/src/BMC_2024' with build type 'ament_cmake'
[2.135s] INFO:colcon.colcon_cmake.task.cmake.build:Building CMake package in '/home/rospi/aug_2024/src/BMC_2024'
[2.144s] INFO:colcon.colcon_core.plugin_system:Skipping extension 'colcon_core.shell.bat': Not used on non-Windows systems
[2.145s] INFO:colcon.colcon_core.shell:Skip shell extension 'powershell' for command environment: Not usable outside of PowerShell
[2.146s] DEBUG:colcon.colcon_core.shell:Skip shell extension 'dsv' for command environment
[2.168s] INFO:colcon.colcon_ros.task.ament_cmake.build:Building ROS package in '/home/rospi/aug_2024/src/sllidar_ros2' with build type 'ament_cmake'
[2.169s] INFO:colcon.colcon_cmake.task.cmake.build:Building CMake package in '/home/rospi/aug_2024/src/sllidar_ros2'
[2.170s] INFO:colcon.colcon_core.shell:Skip shell extension 'powershell' for command environment: Not usable outside of PowerShell
[2.170s] DEBUG:colcon.colcon_core.shell:Skip shell extension 'dsv' for command environment
[2.191s] INFO:colcon.colcon_ros.task.ament_cmake.build:Building ROS package in '/home/rospi/aug_2024/src/my_robot_nav2' with build type 'ament_cmake'
[2.192s] INFO:colcon.colcon_cmake.task.cmake.build:Building CMake package in '/home/rospi/aug_2024/src/my_robot_nav2'
[2.193s] INFO:colcon.colcon_core.shell:Skip shell extension 'powershell' for command environment: Not usable outside of PowerShell
[2.194s] DEBUG:colcon.colcon_core.shell:Skip shell extension 'dsv' for command environment
[2.233s] DEBUG:colcon.colcon_core.event_handler.log_command:Invoking command in '/home/rospi/aug_2024/build/BMC_2024': CMAKE_PREFIX_PATH=${CMAKE_PREFIX_PATH}:/opt/ros/humble /usr/bin/cmake /home/rospi/aug_2024/src/BMC_2024 -DCMAKE_INSTALL_PREFIX=/home/rospi/aug_2024/install/BMC_2024
[2.247s] DEBUG:colcon.colcon_core.event_handler.log_command:Invoking command in '/home/rospi/aug_2024/build/sllidar_ros2': CMAKE_PREFIX_PATH=${CMAKE_PREFIX_PATH}:/opt/ros/humble /usr/bin/cmake /home/rospi/aug_2024/src/sllidar_ros2 -DCMAKE_INSTALL_PREFIX=/home/rospi/aug_2024/install/sllidar_ros2
[2.269s] DEBUG:colcon.colcon_core.event_handler.log_command:Invoking command in '/home/rospi/aug_2024/build/my_robot_nav2': CMAKE_PREFIX_PATH=${CMAKE_PREFIX_PATH}:/opt/ros/humble /usr/bin/cmake /home/rospi/aug_2024/src/my_robot_nav2 -DCMAKE_INSTALL_PREFIX=/home/rospi/aug_2024/install/my_robot_nav2
[6.781s] DEBUG:colcon.colcon_core.event_handler.log_command:Invoked command in '/home/rospi/aug_2024/build/my_robot_nav2' returned '0': CMAKE_PREFIX_PATH=${CMAKE_PREFIX_PATH}:/opt/ros/humble /usr/bin/cmake /home/rospi/aug_2024/src/my_robot_nav2 -DCMAKE_INSTALL_PREFIX=/home/rospi/aug_2024/install/my_robot_nav2
[6.784s] DEBUG:colcon.colcon_core.event_handler.log_command:Invoking command in '/home/rospi/aug_2024/build/my_robot_nav2': CMAKE_PREFIX_PATH=${CMAKE_PREFIX_PATH}:/opt/ros/humble /usr/bin/cmake --build /home/rospi/aug_2024/build/my_robot_nav2 -- -j4 -l4
[7.018s] DEBUG:colcon.colcon_core.event_handler.log_command:Invoked command in '/home/rospi/aug_2024/build/my_robot_nav2' returned '0': CMAKE_PREFIX_PATH=${CMAKE_PREFIX_PATH}:/opt/ros/humble /usr/bin/cmake --build /home/rospi/aug_2024/build/my_robot_nav2 -- -j4 -l4
[7.062s] DEBUG:colcon.colcon_core.event_handler.log_command:Invoking command in '/home/rospi/aug_2024/build/my_robot_nav2': CMAKE_PREFIX_PATH=${CMAKE_PREFIX_PATH}:/opt/ros/humble /usr/bin/cmake --install /home/rospi/aug_2024/build/my_robot_nav2
[7.129s] Level 1:colcon.colcon_core.environment:create_environment_scripts_only(my_robot_nav2)
[7.131s] DEBUG:colcon.colcon_core.event_handler.log_command:Invoked command in '/home/rospi/aug_2024/build/my_robot_nav2' returned '0': CMAKE_PREFIX_PATH=${CMAKE_PREFIX_PATH}:/opt/ros/humble /usr/bin/cmake --install /home/rospi/aug_2024/build/my_robot_nav2
[7.145s] Level 1:colcon.colcon_core.environment:checking '/home/rospi/aug_2024/install/my_robot_nav2' for CMake module files
[7.148s] Level 1:colcon.colcon_core.environment:checking '/home/rospi/aug_2024/install/my_robot_nav2' for CMake config files
[7.149s] Level 1:colcon.colcon_core.shell:create_environment_hook('my_robot_nav2', 'cmake_prefix_path')
[7.150s] INFO:colcon.colcon_core.shell:Creating environment hook '/home/rospi/aug_2024/install/my_robot_nav2/share/my_robot_nav2/hook/cmake_prefix_path.ps1'
[7.153s] INFO:colcon.colcon_core.shell:Creating environment descriptor '/home/rospi/aug_2024/install/my_robot_nav2/share/my_robot_nav2/hook/cmake_prefix_path.dsv'
[7.155s] INFO:colcon.colcon_core.shell:Creating environment hook '/home/rospi/aug_2024/install/my_robot_nav2/share/my_robot_nav2/hook/cmake_prefix_path.sh'
[7.160s] Level 1:colcon.colcon_core.environment:checking '/home/rospi/aug_2024/install/my_robot_nav2/bin'
[7.160s] Level 1:colcon.colcon_core.environment:checking '/home/rospi/aug_2024/install/my_robot_nav2/lib/pkgconfig/my_robot_nav2.pc'
[7.161s] Level 1:colcon.colcon_core.environment:checking '/home/rospi/aug_2024/install/my_robot_nav2/lib/python3.10/site-packages'
[7.163s] Level 1:colcon.colcon_core.environment:checking '/home/rospi/aug_2024/install/my_robot_nav2/bin'
[7.164s] INFO:colcon.colcon_core.shell:Creating package script '/home/rospi/aug_2024/install/my_robot_nav2/share/my_robot_nav2/package.ps1'
[7.168s] INFO:colcon.colcon_core.shell:Creating package descriptor '/home/rospi/aug_2024/install/my_robot_nav2/share/my_robot_nav2/package.dsv'
[7.172s] INFO:colcon.colcon_core.shell:Creating package script '/home/rospi/aug_2024/install/my_robot_nav2/share/my_robot_nav2/package.sh'
[7.176s] INFO:colcon.colcon_core.shell:Creating package script '/home/rospi/aug_2024/install/my_robot_nav2/share/my_robot_nav2/package.bash'
[7.180s] INFO:colcon.colcon_core.shell:Creating package script '/home/rospi/aug_2024/install/my_robot_nav2/share/my_robot_nav2/package.zsh'
[7.183s] Level 1:colcon.colcon_core.environment:create_file_with_runtime_dependencies(/home/rospi/aug_2024/install/my_robot_nav2/share/colcon-core/packages/my_robot_nav2)
[7.186s] Level 1:colcon.colcon_core.environment:create_environment_scripts_only(my_robot_nav2)
[7.188s] Level 1:colcon.colcon_core.environment:checking '/home/rospi/aug_2024/install/my_robot_nav2' for CMake module files
[7.191s] Level 1:colcon.colcon_core.environment:checking '/home/rospi/aug_2024/install/my_robot_nav2' for CMake config files
[7.193s] Level 1:colcon.colcon_core.shell:create_environment_hook('my_robot_nav2', 'cmake_prefix_path')
[7.194s] INFO:colcon.colcon_core.shell:Creating environment hook '/home/rospi/aug_2024/install/my_robot_nav2/share/my_robot_nav2/hook/cmake_prefix_path.ps1'
[7.197s] INFO:colcon.colcon_core.shell:Creating environment descriptor '/home/rospi/aug_2024/install/my_robot_nav2/share/my_robot_nav2/hook/cmake_prefix_path.dsv'
[7.199s] INFO:colcon.colcon_core.shell:Creating environment hook '/home/rospi/aug_2024/install/my_robot_nav2/share/my_robot_nav2/hook/cmake_prefix_path.sh'
[7.202s] Level 1:colcon.colcon_core.environment:checking '/home/rospi/aug_2024/install/my_robot_nav2/bin'
[7.202s] Level 1:colcon.colcon_core.environment:checking '/home/rospi/aug_2024/install/my_robot_nav2/lib/pkgconfig/my_robot_nav2.pc'
[7.204s] Level 1:colcon.colcon_core.environment:checking '/home/rospi/aug_2024/install/my_robot_nav2/lib/python3.10/site-packages'
[7.205s] Level 1:colcon.colcon_core.environment:checking '/home/rospi/aug_2024/install/my_robot_nav2/bin'
[7.207s] INFO:colcon.colcon_core.shell:Creating package script '/home/rospi/aug_2024/install/my_robot_nav2/share/my_robot_nav2/package.ps1'
[7.210s] INFO:colcon.colcon_core.shell:Creating package descriptor '/home/rospi/aug_2024/install/my_robot_nav2/share/my_robot_nav2/package.dsv'
[7.213s] INFO:colcon.colcon_core.shell:Creating package script '/home/rospi/aug_2024/install/my_robot_nav2/share/my_robot_nav2/package.sh'
[7.216s] INFO:colcon.colcon_core.shell:Creating package script '/home/rospi/aug_2024/install/my_robot_nav2/share/my_robot_nav2/package.bash'
[7.218s] INFO:colcon.colcon_core.shell:Creating package script '/home/rospi/aug_2024/install/my_robot_nav2/share/my_robot_nav2/package.zsh'
[7.221s] Level 1:colcon.colcon_core.environment:create_file_with_runtime_dependencies(/home/rospi/aug_2024/install/my_robot_nav2/share/colcon-core/packages/my_robot_nav2)
[10.818s] DEBUG:colcon.colcon_core.event_handler.log_command:Invoked command in '/home/rospi/aug_2024/build/BMC_2024' returned '1': CMAKE_PREFIX_PATH=${CMAKE_PREFIX_PATH}:/opt/ros/humble /usr/bin/cmake /home/rospi/aug_2024/src/BMC_2024 -DCMAKE_INSTALL_PREFIX=/home/rospi/aug_2024/install/BMC_2024
[10.895s] Level 1:colcon.colcon_core.environment:create_environment_scripts_only(BMC_2024)
[10.898s] Level 1:colcon.colcon_core.environment:checking '/home/rospi/aug_2024/install/BMC_2024' for CMake module files
[10.908s] Level 1:colcon.colcon_core.environment:checking '/home/rospi/aug_2024/install/BMC_2024' for CMake config files
[10.910s] Level 1:colcon.colcon_core.environment:checking '/home/rospi/aug_2024/install/BMC_2024/bin'
[10.911s] Level 1:colcon.colcon_core.environment:checking '/home/rospi/aug_2024/install/BMC_2024/lib/pkgconfig/BMC_2024.pc'
[10.914s] Level 1:colcon.colcon_core.environment:checking '/home/rospi/aug_2024/install/BMC_2024/lib/python3.10/site-packages'
[10.919s] Level 1:colcon.colcon_core.environment:checking '/home/rospi/aug_2024/install/BMC_2024/bin'
[10.924s] INFO:colcon.colcon_core.shell:Creating package script '/home/rospi/aug_2024/install/BMC_2024/share/BMC_2024/package.ps1'
[10.935s] INFO:colcon.colcon_core.shell:Creating package descriptor '/home/rospi/aug_2024/install/BMC_2024/share/BMC_2024/package.dsv'
[10.938s] INFO:colcon.colcon_core.shell:Creating package script '/home/rospi/aug_2024/install/BMC_2024/share/BMC_2024/package.sh'
[10.940s] INFO:colcon.colcon_core.shell:Creating package script '/home/rospi/aug_2024/install/BMC_2024/share/BMC_2024/package.bash'
[10.942s] INFO:colcon.colcon_core.shell:Creating package script '/home/rospi/aug_2024/install/BMC_2024/share/BMC_2024/package.zsh'
[10.945s] Level 1:colcon.colcon_core.environment:create_file_with_runtime_dependencies(/home/rospi/aug_2024/install/BMC_2024/share/colcon-core/packages/BMC_2024)
[11.125s] DEBUG:colcon.colcon_parallel_executor.executor.parallel:closing loop
[11.126s] DEBUG:colcon.colcon_parallel_executor.executor.parallel:loop closed
[11.127s] DEBUG:colcon.colcon_parallel_executor.executor.parallel:run_until_complete finished with '1'
[11.127s] DEBUG:colcon.colcon_core.event_reactor:joining thread
[11.149s] INFO:colcon.colcon_core.plugin_system:Skipping extension 'colcon_notification.desktop_notification.notify_send': Could not find 'notify-send'
[11.149s] INFO:colcon.colcon_core.plugin_system:Skipping extension 'colcon_notification.desktop_notification.terminal_notifier': Not used on non-Darwin systems
[11.149s] INFO:colcon.colcon_core.plugin_system:Skipping extension 'colcon_notification.desktop_notification.win32': Not used on non-Windows systems
[11.149s] INFO:colcon.colcon_notification.desktop_notification:Sending desktop notification using 'notify2'
[11.153s] DEBUG:colcon.colcon_notification.desktop_notification.notify2:Failed to initialize notify2: org.freedesktop.DBus.Error.ServiceUnknown: The name org.freedesktop.Notifications was not provided by any .service files
[11.153s] DEBUG:colcon.colcon_core.event_reactor:joined thread
[11.155s] INFO:colcon.colcon_core.shell:Creating prefix script '/home/rospi/aug_2024/install/local_setup.ps1'
[11.159s] INFO:colcon.colcon_core.shell:Creating prefix util module '/home/rospi/aug_2024/install/_local_setup_util_ps1.py'
[11.165s] INFO:colcon.colcon_core.shell:Creating prefix chain script '/home/rospi/aug_2024/install/setup.ps1'
[11.170s] INFO:colcon.colcon_core.shell:Creating prefix script '/home/rospi/aug_2024/install/local_setup.sh'
[11.173s] INFO:colcon.colcon_core.shell:Creating prefix util module '/home/rospi/aug_2024/install/_local_setup_util_sh.py'
[11.176s] INFO:colcon.colcon_core.shell:Creating prefix chain script '/home/rospi/aug_2024/install/setup.sh'
[11.181s] INFO:colcon.colcon_core.shell:Creating prefix script '/home/rospi/aug_2024/install/local_setup.bash'
[11.184s] INFO:colcon.colcon_core.shell:Creating prefix chain script '/home/rospi/aug_2024/install/setup.bash'
[11.189s] INFO:colcon.colcon_core.shell:Creating prefix script '/home/rospi/aug_2024/install/local_setup.zsh'
[11.192s] INFO:colcon.colcon_core.shell:Creating prefix chain script '/home/rospi/aug_2024/install/setup.zsh'
