[0.096s] Invoking command in '/home/rospi/aug_2024/build/BMC_2024': CMAKE_PREFIX_PATH=${CMAKE_PREFIX_PATH}:/opt/ros/humble /usr/bin/cmake /home/rospi/aug_2024/src/BMC_2024 -DCMAKE_INSTALL_PREFIX=/home/rospi/aug_2024/install/BMC_2024
[0.197s] -- Found ament_cmake: 1.3.11 (/opt/ros/humble/share/ament_cmake/cmake)
[1.205s] -- Found hardware_interface: 2.49.0 (/opt/ros/humble/share/hardware_interface/cmake)
[1.412s] -- Found rosidl_generator_c: 3.1.6 (/opt/ros/humble/share/rosidl_generator_c/cmake)
[1.428s] -- Found rosidl_adapter: 3.1.6 (/opt/ros/humble/share/rosidl_adapter/cmake)
[1.459s] -- Found rosidl_generator_cpp: 3.1.6 (/opt/ros/humble/share/rosidl_generator_cpp/cmake)
[1.556s] -- Using all available rosidl_typesupport_c: rosidl_typesupport_fastrtps_c;rosidl_typesupport_introspection_c
[1.683s] -- Using all available rosidl_typesupport_cpp: rosidl_typesupport_fastrtps_cpp;rosidl_typesupport_introspection_cpp
[3.067s] -- Found rmw_implementation_cmake: 6.1.2 (/opt/ros/humble/share/rmw_implementation_cmake/cmake)
[3.078s] -- Found rmw_fastrtps_cpp: 6.2.7 (/opt/ros/humble/share/rmw_fastrtps_cpp/cmake)
[3.213s] -- Found TinyXML2 via Config file: TinyXML2_DIR-NOTFOUND
[3.261s] -- Found TinyXML2 via Config file: TinyXML2_DIR-NOTFOUND
[3.440s] -- Found TinyXML2 via Config file: TinyXML2_DIR-NOTFOUND
[3.486s] -- Found TinyXML2 via Config file: TinyXML2_DIR-NOTFOUND
[3.535s] -- Using RMW implementation 'rmw_fastrtps_cpp' as default
[4.349s] [31mCMake Error at CMakeLists.txt:19 (find_package):
[4.350s]   By not providing "Findsllidar_ros2.cmake" in CMAKE_MODULE_PATH this project
[4.352s]   has asked CMake to find a package configuration file provided by
[4.353s]   "sllidar_ros2", but CMake did not find one.
[4.355s] 
[4.358s]   Could not find a package configuration file provided by "sllidar_ros2" with
[4.361s]   any of the following names:
[4.363s] 
[4.365s]     sllidar_ros2Config.cmake
[4.366s]     sllidar_ros2-config.cmake
[4.367s] 
[4.381s]   Add the installation prefix of "sllidar_ros2" to CMAKE_PREFIX_PATH or set
[4.383s]   "sllidar_ros2_DIR" to a directory containing one of the above files.  If
[4.385s]   "sllidar_ros2" provides a separate development package or SDK, be sure it
[4.387s]   has been installed.
[4.388s] 
[4.389s] [0m
[4.390s] -- Configuring incomplete, errors occurred!
[4.392s] See also "/home/rospi/aug_2024/build/BMC_2024/CMakeFiles/CMakeOutput.log".
[4.427s] Invoked command in '/home/rospi/aug_2024/build/BMC_2024' returned '1': CMAKE_PREFIX_PATH=${CMAKE_PREFIX_PATH}:/opt/ros/humble /usr/bin/cmake /home/rospi/aug_2024/src/BMC_2024 -DCMAKE_INSTALL_PREFIX=/home/rospi/aug_2024/install/BMC_2024
