[0.119s] Invoking command in '/home/rospi/aug_2024/build/BMC_2024': CMAKE_PREFIX_PATH=${CMAKE_PREFIX_PATH}:/opt/ros/humble /usr/bin/cmake --build /home/rospi/aug_2024/build/BMC_2024 -- -j4 -l4
[0.428s] [100%] Built target BMC_2024
[0.576s] Invoked command in '/home/rospi/aug_2024/build/BMC_2024' returned '0': CMAKE_PREFIX_PATH=${CMAKE_PREFIX_PATH}:/opt/ros/humble /usr/bin/cmake --build /home/rospi/aug_2024/build/BMC_2024 -- -j4 -l4
[0.585s] Invoking command in '/home/rospi/aug_2024/build/BMC_2024': CMAKE_PREFIX_PATH=${CMAKE_PREFIX_PATH}:/opt/ros/humble /usr/bin/cmake --install /home/rospi/aug_2024/build/BMC_2024
[0.617s] -- Install configuration: ""
[0.618s] -- Up-to-date: /home/rospi/aug_2024/install/BMC_2024/lib/libBMC_2024.so
[0.620s] -- Up-to-date: /home/rospi/aug_2024/install/BMC_2024/include
[0.621s] -- Up-to-date: /home/rospi/aug_2024/install/BMC_2024/include/BMC_2024
[0.622s] -- Up-to-date: /home/rospi/aug_2024/install/BMC_2024/include/BMC_2024/aug_2024_system.hpp
[0.622s] -- Up-to-date: /home/rospi/aug_2024/install/BMC_2024/include/BMC_2024/bmc_comms.hpp
[0.623s] -- Up-to-date: /home/rospi/aug_2024/install/BMC_2024/include/BMC_2024/visibility_control.h
[0.623s] -- Up-to-date: /home/rospi/aug_2024/install/BMC_2024/share/BMC_2024/aug_2024_hardware.xml
[0.624s] -- Up-to-date: /home/rospi/aug_2024/install/BMC_2024/lib/libBMC_2024.so
[0.626s] -- Up-to-date: /home/rospi/aug_2024/install/BMC_2024/share/BMC_2024/environment/library_path.sh
[0.626s] -- Up-to-date: /home/rospi/aug_2024/install/BMC_2024/share/BMC_2024/environment/library_path.dsv
[0.627s] -- Up-to-date: /home/rospi/aug_2024/install/BMC_2024/share/ament_index/resource_index/package_run_dependencies/BMC_2024
[0.628s] -- Up-to-date: /home/rospi/aug_2024/install/BMC_2024/share/ament_index/resource_index/parent_prefix_path/BMC_2024
[0.629s] -- Up-to-date: /home/rospi/aug_2024/install/BMC_2024/share/BMC_2024/environment/ament_prefix_path.sh
[0.630s] -- Up-to-date: /home/rospi/aug_2024/install/BMC_2024/share/BMC_2024/environment/ament_prefix_path.dsv
[0.631s] -- Up-to-date: /home/rospi/aug_2024/install/BMC_2024/share/BMC_2024/environment/path.sh
[0.634s] -- Up-to-date: /home/rospi/aug_2024/install/BMC_2024/share/BMC_2024/environment/path.dsv
[0.635s] -- Up-to-date: /home/rospi/aug_2024/install/BMC_2024/share/BMC_2024/local_setup.bash
[0.638s] -- Up-to-date: /home/rospi/aug_2024/install/BMC_2024/share/BMC_2024/local_setup.sh
[0.639s] -- Up-to-date: /home/rospi/aug_2024/install/BMC_2024/share/BMC_2024/local_setup.zsh
[0.643s] -- Up-to-date: /home/rospi/aug_2024/install/BMC_2024/share/BMC_2024/local_setup.dsv
[0.648s] -- Installing: /home/rospi/aug_2024/install/BMC_2024/share/BMC_2024/package.dsv
[0.652s] -- Up-to-date: /home/rospi/aug_2024/install/BMC_2024/share/ament_index/resource_index/packages/BMC_2024
[0.653s] -- Up-to-date: /home/rospi/aug_2024/install/BMC_2024/share/ament_index/resource_index/hardware_interface__pluginlib__plugin/BMC_2024
[0.656s] -- Up-to-date: /home/rospi/aug_2024/install/BMC_2024/share/BMC_2024/cmake/ament_cmake_export_include_directories-extras.cmake
[0.658s] -- Up-to-date: /home/rospi/aug_2024/install/BMC_2024/share/BMC_2024/cmake/ament_cmake_export_libraries-extras.cmake
[0.659s] -- Up-to-date: /home/rospi/aug_2024/install/BMC_2024/share/BMC_2024/cmake/ament_cmake_export_dependencies-extras.cmake
[0.661s] -- Up-to-date: /home/rospi/aug_2024/install/BMC_2024/share/BMC_2024/cmake/BMC_2024Config.cmake
[0.662s] -- Up-to-date: /home/rospi/aug_2024/install/BMC_2024/share/BMC_2024/cmake/BMC_2024Config-version.cmake
[0.664s] -- Up-to-date: /home/rospi/aug_2024/install/BMC_2024/share/BMC_2024/package.xml
[0.669s] Invoked command in '/home/rospi/aug_2024/build/BMC_2024' returned '0': CMAKE_PREFIX_PATH=${CMAKE_PREFIX_PATH}:/opt/ros/humble /usr/bin/cmake --install /home/rospi/aug_2024/build/BMC_2024
