[0.097s] Invoking command in '/home/rospi/aug_2024/build/BMC_2024': CMAKE_PREFIX_PATH=${CMAKE_PREFIX_PATH}:/opt/ros/humble /usr/bin/cmake /home/rospi/aug_2024/src/BMC_2024 -DCMAKE_INSTALL_PREFIX=/home/rospi/aug_2024/install/BMC_2024
[0.453s] -- The C compiler identification is GNU 11.4.0
[0.835s] -- The CXX compiler identification is GNU 11.4.0
[0.868s] -- Detecting C compiler ABI info
[1.244s] -- Detecting C compiler ABI info - done
[1.274s] -- Check for working C compiler: /usr/bin/cc - skipped
[1.275s] -- Detecting C compile features
[1.277s] -- Detecting C compile features - done
[1.291s] -- Detecting CXX compiler ABI info
[1.722s] -- Detecting CXX compiler ABI info - done
[1.753s] -- Check for working CXX compiler: /usr/bin/c++ - skipped
[1.754s] -- Detecting CXX compile features
[1.756s] -- Detecting CXX compile features - done
[1.796s] -- Found ament_cmake: 1.3.11 (/opt/ros/humble/share/ament_cmake/cmake)
[2.894s] -- Found Python3: /usr/bin/python3 (found version "3.10.12") found components: Interpreter 
[3.843s] -- Found hardware_interface: 2.49.0 (/opt/ros/humble/share/hardware_interface/cmake)
[4.331s] -- Found rosidl_generator_c: 3.1.6 (/opt/ros/humble/share/rosidl_generator_c/cmake)
[4.398s] -- Found rosidl_adapter: 3.1.6 (/opt/ros/humble/share/rosidl_adapter/cmake)
[4.497s] -- Found rosidl_generator_cpp: 3.1.6 (/opt/ros/humble/share/rosidl_generator_cpp/cmake)
[4.612s] -- Using all available rosidl_typesupport_c: rosidl_typesupport_fastrtps_c;rosidl_typesupport_introspection_c
[4.784s] -- Using all available rosidl_typesupport_cpp: rosidl_typesupport_fastrtps_cpp;rosidl_typesupport_introspection_cpp
[6.505s] -- Found rmw_implementation_cmake: 6.1.2 (/opt/ros/humble/share/rmw_implementation_cmake/cmake)
[6.541s] -- Found rmw_fastrtps_cpp: 6.2.7 (/opt/ros/humble/share/rmw_fastrtps_cpp/cmake)
[6.769s] -- Found TinyXML2 via Config file: TinyXML2_DIR-NOTFOUND
[7.109s] -- Found OpenSSL: /usr/lib/aarch64-linux-gnu/libcrypto.so (found version "3.0.2")  
[7.127s] -- Found TinyXML2 via Config file: TinyXML2_DIR-NOTFOUND
[7.221s] -- Found FastRTPS: /opt/ros/humble/include  
[7.236s] -- Found TinyXML2 via Config file: TinyXML2_DIR-NOTFOUND
[7.270s] -- Found TinyXML2 via Config file: TinyXML2_DIR-NOTFOUND
[7.311s] -- Using RMW implementation 'rmw_fastrtps_cpp' as default
[7.427s] -- Looking for pthread.h
[7.789s] -- Looking for pthread.h - found
[7.791s] -- Performing Test CMAKE_HAVE_LIBC_PTHREAD
[8.145s] -- Performing Test CMAKE_HAVE_LIBC_PTHREAD - Success
[8.150s] -- Found Threads: TRUE  
[8.711s] [31mCMake Error at CMakeLists.txt:19 (find_package):
[8.712s]   By not providing "Findsllidar_ros2.cmake" in CMAKE_MODULE_PATH this project
[8.713s]   has asked CMake to find a package configuration file provided by
[8.713s]   "sllidar_ros2", but CMake did not find one.
[8.713s] 
[8.714s]   Could not find a package configuration file provided by "sllidar_ros2" with
[8.715s]   any of the following names:
[8.715s] 
[8.716s]     sllidar_ros2Config.cmake
[8.717s]     sllidar_ros2-config.cmake
[8.718s] 
[8.718s]   Add the installation prefix of "sllidar_ros2" to CMAKE_PREFIX_PATH or set
[8.718s]   "sllidar_ros2_DIR" to a directory containing one of the above files.  If
[8.719s]   "sllidar_ros2" provides a separate development package or SDK, be sure it
[8.720s]   has been installed.
[8.721s] 
[8.722s] [0m
[8.723s] -- Configuring incomplete, errors occurred!
[8.723s] See also "/home/rospi/aug_2024/build/BMC_2024/CMakeFiles/CMakeOutput.log".
[8.758s] Invoked command in '/home/rospi/aug_2024/build/BMC_2024' returned '1': CMAKE_PREFIX_PATH=${CMAKE_PREFIX_PATH}:/opt/ros/humble /usr/bin/cmake /home/rospi/aug_2024/src/BMC_2024 -DCMAKE_INSTALL_PREFIX=/home/rospi/aug_2024/install/BMC_2024
