[0.110s] Invoking command in '/home/rospi/aug_2024/build/aug_2024': CMAKE_PREFIX_PATH=/home/rospi/aug_2024/install/sllidar_ros2:/home/rospi/aug_2024/install/BMC_2024:/home/rospi/aug_2024/install/aug_2024:/home/rospi/aug_2024/install/my_robot_nav2:/opt/ros/humble /usr/bin/cmake --build /home/rospi/aug_2024/build/aug_2024 -- -j4 -l4
[0.324s] Invoked command in '/home/rospi/aug_2024/build/aug_2024' returned '0': CMAKE_PREFIX_PATH=/home/rospi/aug_2024/install/sllidar_ros2:/home/rospi/aug_2024/install/BMC_2024:/home/rospi/aug_2024/install/aug_2024:/home/rospi/aug_2024/install/my_robot_nav2:/opt/ros/humble /usr/bin/cmake --build /home/rospi/aug_2024/build/aug_2024 -- -j4 -l4
[0.327s] Invoking command in '/home/rospi/aug_2024/build/aug_2024': CMAKE_PREFIX_PATH=/home/rospi/aug_2024/install/sllidar_ros2:/home/rospi/aug_2024/install/BMC_2024:/home/rospi/aug_2024/install/aug_2024:/home/rospi/aug_2024/install/my_robot_nav2:/opt/ros/humble /usr/bin/cmake --install /home/rospi/aug_2024/build/aug_2024
[0.362s] -- Install configuration: ""
[0.363s] -- Up-to-date: /home/rospi/aug_2024/install/aug_2024/share/aug_2024//config
[0.364s] -- Up-to-date: /home/rospi/aug_2024/install/aug_2024/share/aug_2024//config/ekf.yaml
[0.364s] -- Up-to-date: /home/rospi/aug_2024/install/aug_2024/share/aug_2024//config/backup
[0.366s] -- Up-to-date: /home/rospi/aug_2024/install/aug_2024/share/aug_2024//config/backup/map1.pgm
[0.366s] -- Up-to-date: /home/rospi/aug_2024/install/aug_2024/share/aug_2024//config/backup/map1.yaml
[0.367s] -- Up-to-date: /home/rospi/aug_2024/install/aug_2024/share/aug_2024//config/twist_mux.yaml
[0.367s] -- Up-to-date: /home/rospi/aug_2024/install/aug_2024/share/aug_2024//config/nav2_params.yaml
[0.367s] -- Up-to-date: /home/rospi/aug_2024/install/aug_2024/share/aug_2024//config/test_controllers.yaml
[0.368s] -- Up-to-date: /home/rospi/aug_2024/install/aug_2024/share/aug_2024//config/map1.pgm
[0.368s] -- Up-to-date: /home/rospi/aug_2024/install/aug_2024/share/aug_2024//config/direct_controllers.yaml
[0.370s] -- Up-to-date: /home/rospi/aug_2024/install/aug_2024/share/aug_2024//config/map1.yaml
[0.371s] -- Up-to-date: /home/rospi/aug_2024/install/aug_2024/share/aug_2024//config/gazebo_ros2_control_params.yaml
[0.372s] -- Up-to-date: /home/rospi/aug_2024/install/aug_2024/share/aug_2024//config/amcl_config.yaml
[0.373s] -- Up-to-date: /home/rospi/aug_2024/install/aug_2024/share/aug_2024//config/flippo_controllers.yaml
[0.374s] -- Up-to-date: /home/rospi/aug_2024/install/aug_2024/share/aug_2024//description
[0.374s] -- Up-to-date: /home/rospi/aug_2024/install/aug_2024/share/aug_2024//description/meshes
[0.375s] -- Up-to-date: /home/rospi/aug_2024/install/aug_2024/share/aug_2024//description/meshes/rear_right_wheel_link.STL
[0.377s] -- Up-to-date: /home/rospi/aug_2024/install/aug_2024/share/aug_2024//description/meshes/front_right_wheel_link.STL
[0.378s] -- Up-to-date: /home/rospi/aug_2024/install/aug_2024/share/aug_2024//description/meshes/chassis_link.STL
[0.378s] -- Up-to-date: /home/rospi/aug_2024/install/aug_2024/share/aug_2024//description/meshes/rear_left_wheel_link.STL
[0.379s] -- Up-to-date: /home/rospi/aug_2024/install/aug_2024/share/aug_2024//description/meshes/front_left_wheel_link.STL
[0.379s] -- Up-to-date: /home/rospi/aug_2024/install/aug_2024/share/aug_2024//description/rviz
[0.380s] -- Up-to-date: /home/rospi/aug_2024/install/aug_2024/share/aug_2024//description/rviz/urdf_config.rviz
[0.382s] -- Up-to-date: /home/rospi/aug_2024/install/aug_2024/share/aug_2024//description/config
[0.383s] -- Up-to-date: /home/rospi/aug_2024/install/aug_2024/share/aug_2024//description/config/ekf.yaml
[0.384s] -- Up-to-date: /home/rospi/aug_2024/install/aug_2024/share/aug_2024//description/config/aug_2024_joint_names.yaml
[0.385s] -- Up-to-date: /home/rospi/aug_2024/install/aug_2024/share/aug_2024//description/urdf
[0.385s] -- Up-to-date: /home/rospi/aug_2024/install/aug_2024/share/aug_2024//description/urdf/aug_2024.urdf
[0.386s] -- Up-to-date: /home/rospi/aug_2024/install/aug_2024/share/aug_2024//description/urdf/aug_2024-cast.urdf
[0.387s] -- Up-to-date: /home/rospi/aug_2024/install/aug_2024/share/aug_2024//description/urdf/aug_2024_old.xacro
[0.389s] -- Up-to-date: /home/rospi/aug_2024/install/aug_2024/share/aug_2024//description/urdf/aug_2024 _no_caster.xacro
[0.390s] -- Up-to-date: /home/rospi/aug_2024/install/aug_2024/share/aug_2024//description/urdf/aug_2024-1.xacro
[0.391s] -- Up-to-date: /home/rospi/aug_2024/install/aug_2024/share/aug_2024//description/urdf/aug_2024-nocaster.urdf
[0.393s] -- Up-to-date: /home/rospi/aug_2024/install/aug_2024/share/aug_2024//launch
[0.396s] -- Up-to-date: /home/rospi/aug_2024/install/aug_2024/share/aug_2024//launch/sllidar_a2m12_launch .py
[0.399s] -- Up-to-date: /home/rospi/aug_2024/install/aug_2024/share/aug_2024//launch/simple_test.py
[0.400s] -- Up-to-date: /home/rospi/aug_2024/install/aug_2024/share/aug_2024//launch/min_launch.py
[0.402s] -- Up-to-date: /home/rospi/aug_2024/install/aug_2024/share/aug_2024//launch/test_launch.py
[0.403s] -- Up-to-date: /home/rospi/aug_2024/install/aug_2024/share/aug_2024//launch/aug_2024_launch.py
[0.403s] -- Up-to-date: /home/rospi/aug_2024/install/aug_2024/share/aug_2024//launch/aug_2024_rospi_launch.py
[0.404s] -- Up-to-date: /home/rospi/aug_2024/install/aug_2024/share/aug_2024//launch/ros2_control_debug.launch.py
[0.405s] -- Up-to-date: /home/rospi/aug_2024/install/aug_2024/share/aug_2024//launch/controller_test.py
[0.406s] -- Up-to-date: /home/rospi/aug_2024/install/aug_2024/share/aug_2024//launch/direct_test.py
[0.407s] -- Up-to-date: /home/rospi/aug_2024/install/aug_2024/share/aug_2024//launch/aug_2024_sim_launch.py
[0.408s] -- Up-to-date: /home/rospi/aug_2024/install/aug_2024/share/aug_2024//launch/aug_2024_sim_launch1.py
[0.408s] -- Up-to-date: /home/rospi/aug_2024/install/aug_2024/share/aug_2024//worlds
[0.409s] -- Up-to-date: /home/rospi/aug_2024/install/aug_2024/share/aug_2024//worlds/usda_rough_dim.sdf
[0.410s] -- Up-to-date: /home/rospi/aug_2024/install/aug_2024/share/aug_2024//worlds/usda_build_full
[0.410s] -- Up-to-date: /home/rospi/aug_2024/install/aug_2024/share/aug_2024//worlds/usda_build_full/model.sdf
[0.411s] -- Up-to-date: /home/rospi/aug_2024/install/aug_2024/share/aug_2024//worlds/usda_build_full/model.config
[0.411s] -- Up-to-date: /home/rospi/aug_2024/install/aug_2024/share/aug_2024//worlds/gaz_goof_001
[0.412s] -- Up-to-date: /home/rospi/aug_2024/install/aug_2024/share/ament_index/resource_index/package_run_dependencies/aug_2024
[0.412s] -- Up-to-date: /home/rospi/aug_2024/install/aug_2024/share/ament_index/resource_index/parent_prefix_path/aug_2024
[0.413s] -- Up-to-date: /home/rospi/aug_2024/install/aug_2024/share/aug_2024/environment/ament_prefix_path.sh
[0.414s] -- Up-to-date: /home/rospi/aug_2024/install/aug_2024/share/aug_2024/environment/ament_prefix_path.dsv
[0.414s] -- Up-to-date: /home/rospi/aug_2024/install/aug_2024/share/aug_2024/environment/path.sh
[0.415s] -- Up-to-date: /home/rospi/aug_2024/install/aug_2024/share/aug_2024/environment/path.dsv
[0.415s] -- Up-to-date: /home/rospi/aug_2024/install/aug_2024/share/aug_2024/local_setup.bash
[0.416s] -- Up-to-date: /home/rospi/aug_2024/install/aug_2024/share/aug_2024/local_setup.sh
[0.417s] -- Up-to-date: /home/rospi/aug_2024/install/aug_2024/share/aug_2024/local_setup.zsh
[0.417s] -- Up-to-date: /home/rospi/aug_2024/install/aug_2024/share/aug_2024/local_setup.dsv
[0.418s] -- Installing: /home/rospi/aug_2024/install/aug_2024/share/aug_2024/package.dsv
[0.419s] -- Up-to-date: /home/rospi/aug_2024/install/aug_2024/share/ament_index/resource_index/packages/aug_2024
[0.419s] -- Up-to-date: /home/rospi/aug_2024/install/aug_2024/share/aug_2024/cmake/aug_2024Config.cmake
[0.420s] -- Up-to-date: /home/rospi/aug_2024/install/aug_2024/share/aug_2024/cmake/aug_2024Config-version.cmake
[0.421s] -- Up-to-date: /home/rospi/aug_2024/install/aug_2024/share/aug_2024/package.xml
[0.423s] Invoked command in '/home/rospi/aug_2024/build/aug_2024' returned '0': CMAKE_PREFIX_PATH=/home/rospi/aug_2024/install/sllidar_ros2:/home/rospi/aug_2024/install/BMC_2024:/home/rospi/aug_2024/install/aug_2024:/home/rospi/aug_2024/install/my_robot_nav2:/opt/ros/humble /usr/bin/cmake --install /home/rospi/aug_2024/build/aug_2024
