[0.044s] Invoking command in '/home/rospi/aug_2024/build/BMC_2024': AMENT_PREFIX_PATH=/home/rospi/aug_2024/install/sllidar_ros2:${AMENT_PREFIX_PATH} CMAKE_PREFIX_PATH=/home/rospi/aug_2024/install/sllidar_ros2:/opt/ros/humble /usr/bin/cmake --build /home/rospi/aug_2024/build/BMC_2024 -- -j4 -l4
[0.321s] [100%] Built target BMC_2024
[0.361s] Invoked command in '/home/rospi/aug_2024/build/BMC_2024' returned '0': AMENT_PREFIX_PATH=/home/rospi/aug_2024/install/sllidar_ros2:${AMENT_PREFIX_PATH} CMAKE_PREFIX_PATH=/home/rospi/aug_2024/install/sllidar_ros2:/opt/ros/humble /usr/bin/cmake --build /home/rospi/aug_2024/build/BMC_2024 -- -j4 -l4
[0.370s] Invoking command in '/home/rospi/aug_2024/build/BMC_2024': AMENT_PREFIX_PATH=/home/rospi/aug_2024/install/sllidar_ros2:${AMENT_PREFIX_PATH} CMAKE_PREFIX_PATH=/home/rospi/aug_2024/install/sllidar_ros2:/opt/ros/humble /usr/bin/cmake --install /home/rospi/aug_2024/build/BMC_2024
[0.400s] -- Install configuration: ""
[0.402s] -- Up-to-date: /home/rospi/aug_2024/install/BMC_2024/lib/libBMC_2024.so
[0.403s] -- Up-to-date: /home/rospi/aug_2024/install/BMC_2024/include
[0.404s] -- Up-to-date: /home/rospi/aug_2024/install/BMC_2024/include/BMC_2024
[0.404s] -- Up-to-date: /home/rospi/aug_2024/install/BMC_2024/include/BMC_2024/aug_2024_system.hpp
[0.405s] -- Up-to-date: /home/rospi/aug_2024/install/BMC_2024/include/BMC_2024/bmc_comms.hpp
[0.405s] -- Up-to-date: /home/rospi/aug_2024/install/BMC_2024/include/BMC_2024/visibility_control.h
[0.406s] -- Up-to-date: /home/rospi/aug_2024/install/BMC_2024/share/BMC_2024/aug_2024_hardware.xml
[0.407s] -- Up-to-date: /home/rospi/aug_2024/install/BMC_2024/lib/libBMC_2024.so
[0.409s] -- Up-to-date: /home/rospi/aug_2024/install/BMC_2024/share/BMC_2024/environment/library_path.sh
[0.410s] -- Up-to-date: /home/rospi/aug_2024/install/BMC_2024/share/BMC_2024/environment/library_path.dsv
[0.410s] -- Up-to-date: /home/rospi/aug_2024/install/BMC_2024/share/ament_index/resource_index/package_run_dependencies/BMC_2024
[0.411s] -- Up-to-date: /home/rospi/aug_2024/install/BMC_2024/share/ament_index/resource_index/parent_prefix_path/BMC_2024
[0.411s] -- Up-to-date: /home/rospi/aug_2024/install/BMC_2024/share/BMC_2024/environment/ament_prefix_path.sh
[0.412s] -- Up-to-date: /home/rospi/aug_2024/install/BMC_2024/share/BMC_2024/environment/ament_prefix_path.dsv
[0.412s] -- Up-to-date: /home/rospi/aug_2024/install/BMC_2024/share/BMC_2024/environment/path.sh
[0.413s] -- Up-to-date: /home/rospi/aug_2024/install/BMC_2024/share/BMC_2024/environment/path.dsv
[0.413s] -- Up-to-date: /home/rospi/aug_2024/install/BMC_2024/share/BMC_2024/local_setup.bash
[0.414s] -- Up-to-date: /home/rospi/aug_2024/install/BMC_2024/share/BMC_2024/local_setup.sh
[0.415s] -- Up-to-date: /home/rospi/aug_2024/install/BMC_2024/share/BMC_2024/local_setup.zsh
[0.415s] -- Up-to-date: /home/rospi/aug_2024/install/BMC_2024/share/BMC_2024/local_setup.dsv
[0.415s] -- Installing: /home/rospi/aug_2024/install/BMC_2024/share/BMC_2024/package.dsv
[0.417s] -- Up-to-date: /home/rospi/aug_2024/install/BMC_2024/share/ament_index/resource_index/packages/BMC_2024
[0.417s] -- Up-to-date: /home/rospi/aug_2024/install/BMC_2024/share/ament_index/resource_index/hardware_interface__pluginlib__plugin/BMC_2024
[0.418s] -- Up-to-date: /home/rospi/aug_2024/install/BMC_2024/share/BMC_2024/cmake/ament_cmake_export_include_directories-extras.cmake
[0.419s] -- Up-to-date: /home/rospi/aug_2024/install/BMC_2024/share/BMC_2024/cmake/ament_cmake_export_libraries-extras.cmake
[0.419s] -- Up-to-date: /home/rospi/aug_2024/install/BMC_2024/share/BMC_2024/cmake/ament_cmake_export_dependencies-extras.cmake
[0.420s] -- Up-to-date: /home/rospi/aug_2024/install/BMC_2024/share/BMC_2024/cmake/BMC_2024Config.cmake
[0.420s] -- Up-to-date: /home/rospi/aug_2024/install/BMC_2024/share/BMC_2024/cmake/BMC_2024Config-version.cmake
[0.421s] -- Up-to-date: /home/rospi/aug_2024/install/BMC_2024/share/BMC_2024/package.xml
[0.428s] Invoked command in '/home/rospi/aug_2024/build/BMC_2024' returned '0': AMENT_PREFIX_PATH=/home/rospi/aug_2024/install/sllidar_ros2:${AMENT_PREFIX_PATH} CMAKE_PREFIX_PATH=/home/rospi/aug_2024/install/sllidar_ros2:/opt/ros/humble /usr/bin/cmake --install /home/rospi/aug_2024/build/BMC_2024
