[0.094s] Invoking command in '/home/rospi/aug_2024/build/pigpio': /usr/bin/cmake --build /home/rospi/aug_2024/build/pigpio -- -j4 -l4
[0.416s] [ 13%] Built target pigs
[0.446s] [ 26%] Built target pigpiod_if2
[0.476s] [ 39%] Built target pigpio
[0.513s] [ 52%] Built target pigpiod_if
[0.585s] [ 65%] Built target pig2vcd
[0.609s] [ 73%] Built target x_pigpio
[0.661s] [ 82%] Built target x_pigpiod_if2
[0.675s] [ 91%] Built target pigpiod
[0.710s] [100%] Built target x_pigpiod_if
[0.851s] Invoked command in '/home/rospi/aug_2024/build/pigpio' returned '0': /usr/bin/cmake --build /home/rospi/aug_2024/build/pigpio -- -j4 -l4
[0.860s] Invoking command in '/home/rospi/aug_2024/build/pigpio': /usr/bin/cmake --install /home/rospi/aug_2024/build/pigpio
[0.893s] -- Install configuration: ""
[0.895s] -- Up-to-date: /home/rospi/aug_2024/install/pigpio/lib/libpigpio.so
[0.896s] -- Up-to-date: /home/rospi/aug_2024/install/pigpio/lib/libpigpiod_if.so
[0.897s] -- Up-to-date: /home/rospi/aug_2024/install/pigpio/lib/libpigpiod_if2.so
[0.899s] -- Up-to-date: /home/rospi/aug_2024/install/pigpio/bin/pig2vcd
[0.901s] -- Up-to-date: /home/rospi/aug_2024/install/pigpio/bin/pigpiod
[0.904s] -- Up-to-date: /home/rospi/aug_2024/install/pigpio/bin/pigs
[0.905s] -- Up-to-date: /home/rospi/aug_2024/install/pigpio/lib/cmake/pigpio/pigpioTargets.cmake
[0.906s] -- Up-to-date: /home/rospi/aug_2024/install/pigpio/lib/cmake/pigpio/pigpioTargets-noconfig.cmake
[0.906s] -- Up-to-date: /home/rospi/aug_2024/install/pigpio/lib/cmake/pigpio/pigpioConfig.cmake
[0.907s] -- Up-to-date: /home/rospi/aug_2024/install/pigpio/lib/cmake/pigpio/pigpioConfigVersion.cmake
[0.908s] -- Up-to-date: /home/rospi/aug_2024/install/pigpio/include/pigpio.h
[0.908s] -- Up-to-date: /home/rospi/aug_2024/install/pigpio/include/pigpiod_if.h
[0.909s] -- Up-to-date: /home/rospi/aug_2024/install/pigpio/include/pigpiod_if2.h
[0.909s] -- Up-to-date: /home/rospi/aug_2024/install/pigpio/man/man1/pig2vcd.1
[0.910s] -- Up-to-date: /home/rospi/aug_2024/install/pigpio/man/man1/pigpiod.1
[0.910s] -- Up-to-date: /home/rospi/aug_2024/install/pigpio/man/man1/pigs.1
[0.910s] -- Up-to-date: /home/rospi/aug_2024/install/pigpio/man/man3/pigpio.3
[0.911s] -- Up-to-date: /home/rospi/aug_2024/install/pigpio/man/man3/pigpiod_if.3
[0.911s] -- Up-to-date: /home/rospi/aug_2024/install/pigpio/man/man3/pigpiod_if2.3
[1.033s] /home/rospi/aug_2024/build/pigpio/setup.py:3: DeprecationWarning: The distutils package is deprecated and slated for removal in Python 3.12. Use setuptools or check PEP 632 for potential alternatives
[1.033s]   from distutils.core import setup
[1.139s] running install
[1.141s] running build
[1.142s] running build_py
[1.145s] running install_lib
[1.148s] copying build/lib/pigpio.py -> /usr/local/lib/python3.10/dist-packages
[1.149s] error: could not create '/usr/local/lib/python3.10/dist-packages/pigpio.py': Permission denied
[1.193s] Invoked command in '/home/rospi/aug_2024/build/pigpio' returned '0': /usr/bin/cmake --install /home/rospi/aug_2024/build/pigpio
