[0.096s] Invoking command in '/home/rospi/aug_2024/build/BMC_2024': CMAKE_PREFIX_PATH=${CMAKE_PREFIX_PATH}:/opt/ros/humble /usr/bin/cmake /home/rospi/aug_2024/src/BMC_2024 -DCMAKE_INSTALL_PREFIX=/home/rospi/aug_2024/install/BMC_2024
[0.406s] -- The C compiler identification is GNU 11.4.0
[0.728s] -- The CXX compiler identification is GNU 11.4.0
[0.762s] -- Detecting C compiler ABI info
[1.138s] -- Detecting C compiler ABI info - done
[1.171s] -- Check for working C compiler: /usr/bin/cc - skipped
[1.173s] -- Detecting C compile features
[1.175s] -- Detecting C compile features - done
[1.190s] -- Detecting CXX compiler ABI info
[1.774s] -- Detecting CXX compiler ABI info - done
[1.816s] -- Check for working CXX compiler: /usr/bin/c++ - skipped
[1.819s] -- Detecting CXX compile features
[1.822s] -- Detecting CXX compile features - done
[1.864s] -- Found ament_cmake: 1.3.11 (/opt/ros/humble/share/ament_cmake/cmake)
[2.909s] -- Found Python3: /usr/bin/python3 (found version "3.10.12") found components: Interpreter 
[3.831s] -- Found hardware_interface: 2.49.0 (/opt/ros/humble/share/hardware_interface/cmake)
[4.328s] -- Found rosidl_generator_c: 3.1.6 (/opt/ros/humble/share/rosidl_generator_c/cmake)
[4.398s] -- Found rosidl_adapter: 3.1.6 (/opt/ros/humble/share/rosidl_adapter/cmake)
[4.483s] -- Found rosidl_generator_cpp: 3.1.6 (/opt/ros/humble/share/rosidl_generator_cpp/cmake)
[4.597s] -- Using all available rosidl_typesupport_c: rosidl_typesupport_fastrtps_c;rosidl_typesupport_introspection_c
[4.751s] -- Using all available rosidl_typesupport_cpp: rosidl_typesupport_fastrtps_cpp;rosidl_typesupport_introspection_cpp
[6.510s] -- Found rmw_implementation_cmake: 6.1.2 (/opt/ros/humble/share/rmw_implementation_cmake/cmake)
[6.545s] -- Found rmw_fastrtps_cpp: 6.2.7 (/opt/ros/humble/share/rmw_fastrtps_cpp/cmake)
[6.773s] -- Found TinyXML2 via Config file: TinyXML2_DIR-NOTFOUND
[7.019s] -- Found OpenSSL: /usr/lib/aarch64-linux-gnu/libcrypto.so (found version "3.0.2")  
[7.035s] -- Found TinyXML2 via Config file: TinyXML2_DIR-NOTFOUND
[7.124s] -- Found FastRTPS: /opt/ros/humble/include  
[7.140s] -- Found TinyXML2 via Config file: TinyXML2_DIR-NOTFOUND
[7.193s] -- Found TinyXML2 via Config file: TinyXML2_DIR-NOTFOUND
[7.240s] -- Using RMW implementation 'rmw_fastrtps_cpp' as default
[7.361s] -- Looking for pthread.h
[7.760s] -- Looking for pthread.h - found
[7.762s] -- Performing Test CMAKE_HAVE_LIBC_PTHREAD
[8.112s] -- Performing Test CMAKE_HAVE_LIBC_PTHREAD - Success
[8.116s] -- Found Threads: TRUE  
[8.633s] [31mCMake Error at CMakeLists.txt:19 (find_package):
[8.634s]   By not providing "Findsllidar_ros2.cmake" in CMAKE_MODULE_PATH this project
[8.634s]   has asked CMake to find a package configuration file provided by
[8.634s]   "sllidar_ros2", but CMake did not find one.
[8.635s] 
[8.635s]   Could not find a package configuration file provided by "sllidar_ros2" with
[8.636s]   any of the following names:
[8.636s] 
[8.637s]     sllidar_ros2Config.cmake
[8.637s]     sllidar_ros2-config.cmake
[8.637s] 
[8.638s]   Add the installation prefix of "sllidar_ros2" to CMAKE_PREFIX_PATH or set
[8.639s]   "sllidar_ros2_DIR" to a directory containing one of the above files.  If
[8.639s]   "sllidar_ros2" provides a separate development package or SDK, be sure it
[8.640s]   has been installed.
[8.640s] 
[8.641s] [0m
[8.641s] -- Configuring incomplete, errors occurred!
[8.643s] See also "/home/rospi/aug_2024/build/BMC_2024/CMakeFiles/CMakeOutput.log".
[8.673s] Invoked command in '/home/rospi/aug_2024/build/BMC_2024' returned '1': CMAKE_PREFIX_PATH=${CMAKE_PREFIX_PATH}:/opt/ros/humble /usr/bin/cmake /home/rospi/aug_2024/src/BMC_2024 -DCMAKE_INSTALL_PREFIX=/home/rospi/aug_2024/install/BMC_2024
