[0.059s] Invoking command in '/home/rospi/aug_2024/build/aug_2024': CMAKE_PREFIX_PATH=/home/rospi/aug_2024/install/BMC_2024:/home/rospi/aug_2024/install/my_robot_nav2:/home/rospi/aug_2024/install/aug_2024:/opt/ros/humble /usr/bin/cmake /home/rospi/aug_2024/src/aug_2024 -DCMAKE_INSTALL_PREFIX=/home/rospi/aug_2024/install/aug_2024
[0.352s] -- The C compiler identification is GNU 11.4.0
[0.617s] -- The CXX compiler identification is GNU 11.4.0
[0.647s] -- Detecting C compiler ABI info
[0.972s] -- Detecting C compiler ABI info - done
[1.000s] -- Check for working C compiler: /usr/bin/cc - skipped
[1.001s] -- Detecting C compile features
[1.002s] -- Detecting C compile features - done
[1.015s] -- Detecting CXX compiler ABI info
[1.380s] -- Detecting CXX compiler ABI info - done
[1.409s] -- Check for working CXX compiler: /usr/bin/c++ - skipped
[1.410s] -- Detecting CXX compile features
[1.412s] -- Detecting CXX compile features - done
[1.450s] -- Found ament_cmake: 1.3.11 (/opt/ros/humble/share/ament_cmake/cmake)
[2.301s] -- Found Python3: /usr/bin/python3 (found version "3.10.12") found components: Interpreter 
[3.038s] -- Found rclcpp: 16.0.12 (/opt/ros/humble/share/rclcpp/cmake)
[3.510s] -- Found rosidl_generator_c: 3.1.6 (/opt/ros/humble/share/rosidl_generator_c/cmake)
[3.577s] -- Found rosidl_adapter: 3.1.6 (/opt/ros/humble/share/rosidl_adapter/cmake)
[3.659s] -- Found rosidl_generator_cpp: 3.1.6 (/opt/ros/humble/share/rosidl_generator_cpp/cmake)
[3.762s] -- Using all available rosidl_typesupport_c: rosidl_typesupport_fastrtps_c;rosidl_typesupport_introspection_c
[3.904s] -- Using all available rosidl_typesupport_cpp: rosidl_typesupport_fastrtps_cpp;rosidl_typesupport_introspection_cpp
[4.340s] -- Found rmw_implementation_cmake: 6.1.2 (/opt/ros/humble/share/rmw_implementation_cmake/cmake)
[4.376s] -- Found rmw_fastrtps_cpp: 6.2.7 (/opt/ros/humble/share/rmw_fastrtps_cpp/cmake)
[5.055s] -- Found OpenSSL: /usr/lib/aarch64-linux-gnu/libcrypto.so (found version "3.0.2")  
[5.348s] -- Found FastRTPS: /opt/ros/humble/include  
[5.834s] -- Using RMW implementation 'rmw_fastrtps_cpp' as default
[5.940s] -- Looking for pthread.h
[6.284s] -- Looking for pthread.h - found
[6.286s] -- Performing Test CMAKE_HAVE_LIBC_PTHREAD
[6.626s] -- Performing Test CMAKE_HAVE_LIBC_PTHREAD - Success
[6.631s] -- Found Threads: TRUE  
[6.978s] -- Found sensor_msgs: 4.8.0 (/opt/ros/humble/share/sensor_msgs/cmake)
[7.161s] -- Found robot_state_publisher: 3.0.3 (/opt/ros/humble/share/robot_state_publisher/cmake)
[7.408s] -- Found eigen3_cmake_module: 0.1.1 (/opt/ros/humble/share/eigen3_cmake_module/cmake)
[7.413s] -- Found Eigen3: TRUE (found version "3.4.0") 
[7.414s] -- Ensuring Eigen3 include directory is part of orocos-kdl CMake target
[8.650s] -- Found xacro: 2.0.13 (/opt/ros/humble/share/xacro/cmake)
[8.680s] -- Found controller_manager: 2.49.0 (/opt/ros/humble/share/controller_manager/cmake)
[9.362s] -- Found joint_state_broadcaster: 2.43.0 (/opt/ros/humble/share/joint_state_broadcaster/cmake)
[9.630s] -- Found diff_drive_controller: 2.43.0 (/opt/ros/humble/share/diff_drive_controller/cmake)
[9.835s] -- Found ros2_control: 2.49.0 (/opt/ros/humble/share/ros2_control/cmake)
[9.865s] -- Found ros2_controllers: 2.43.0 (/opt/ros/humble/share/ros2_controllers/cmake)
[9.896s] -- Found BMC_2024: 0.0.0 (/home/rospi/aug_2024/install/BMC_2024/share/BMC_2024/cmake)
[10.115s] [31mCMake Error at /home/rospi/aug_2024/install/BMC_2024/share/BMC_2024/cmake/ament_cmake_export_dependencies-extras.cmake:21 (find_package):
[10.116s]   By not providing "Findgazebo_ros2_control.cmake" in CMAKE_MODULE_PATH this
[10.116s]   project has asked CMake to find a package configuration file provided by
[10.116s]   "gazebo_ros2_control", but CMake did not find one.
[10.117s] 
[10.117s]   Could not find a package configuration file provided by
[10.118s]   "gazebo_ros2_control" with any of the following names:
[10.118s] 
[10.119s]     gazebo_ros2_controlConfig.cmake
[10.119s]     gazebo_ros2_control-config.cmake
[10.120s] 
[10.121s]   Add the installation prefix of "gazebo_ros2_control" to CMAKE_PREFIX_PATH
[10.122s]   or set "gazebo_ros2_control_DIR" to a directory containing one of the above
[10.122s]   files.  If "gazebo_ros2_control" provides a separate development package or
[10.123s]   SDK, be sure it has been installed.
[10.123s] Call Stack (most recent call first):
[10.123s]   /home/rospi/aug_2024/install/BMC_2024/share/BMC_2024/cmake/BMC_2024Config.cmake:41 (include)
[10.124s]   CMakeLists.txt:31 (find_package)
[10.124s] 
[10.125s] [0m
[10.127s] -- Configuring incomplete, errors occurred!
[10.128s] See also "/home/rospi/aug_2024/build/aug_2024/CMakeFiles/CMakeOutput.log".
[10.166s] Invoked command in '/home/rospi/aug_2024/build/aug_2024' returned '1': CMAKE_PREFIX_PATH=/home/rospi/aug_2024/install/BMC_2024:/home/rospi/aug_2024/install/my_robot_nav2:/home/rospi/aug_2024/install/aug_2024:/opt/ros/humble /usr/bin/cmake /home/rospi/aug_2024/src/aug_2024 -DCMAKE_INSTALL_PREFIX=/home/rospi/aug_2024/install/aug_2024
