[0.079s] Invoking command in '/home/rospi/aug_2024/build/sllidar_ros2': CMAKE_PREFIX_PATH=${CMAKE_PREFIX_PATH}:/opt/ros/humble /usr/bin/cmake /home/rospi/aug_2024/src/sllidar_ros2 -DCMAKE_INSTALL_PREFIX=/home/rospi/aug_2024/install/sllidar_ros2
[0.387s] -- The C compiler identification is GNU 11.4.0
[0.717s] -- The CXX compiler identification is GNU 11.4.0
[0.753s] -- Detecting C compiler ABI info
[1.147s] -- Detecting C compiler ABI info - done
[1.177s] -- Check for working C compiler: /usr/bin/cc - skipped
[1.178s] -- Detecting C compile features
[1.181s] -- Detecting C compile features - done
[1.193s] -- Detecting CXX compiler ABI info
[1.696s] -- Detecting CXX compiler ABI info - done
[1.728s] -- Check for working CXX compiler: /usr/bin/c++ - skipped
[1.729s] -- Detecting CXX compile features
[1.731s] -- Detecting CXX compile features - done
[1.773s] -- Found ament_cmake: 1.3.11 (/opt/ros/humble/share/ament_cmake/cmake)
[2.811s] -- Found Python3: /usr/bin/python3 (found version "3.10.12") found components: Interpreter 
[3.680s] -- Found rclcpp: 16.0.12 (/opt/ros/humble/share/rclcpp/cmake)
[4.298s] -- Found rosidl_generator_c: 3.1.6 (/opt/ros/humble/share/rosidl_generator_c/cmake)
[4.365s] -- Found rosidl_adapter: 3.1.6 (/opt/ros/humble/share/rosidl_adapter/cmake)
[4.448s] -- Found rosidl_generator_cpp: 3.1.6 (/opt/ros/humble/share/rosidl_generator_cpp/cmake)
[4.551s] -- Using all available rosidl_typesupport_c: rosidl_typesupport_fastrtps_c;rosidl_typesupport_introspection_c
[4.703s] -- Using all available rosidl_typesupport_cpp: rosidl_typesupport_fastrtps_cpp;rosidl_typesupport_introspection_cpp
[5.144s] -- Found rmw_implementation_cmake: 6.1.2 (/opt/ros/humble/share/rmw_implementation_cmake/cmake)
[5.181s] -- Found rmw_fastrtps_cpp: 6.2.7 (/opt/ros/humble/share/rmw_fastrtps_cpp/cmake)
[5.863s] -- Found OpenSSL: /usr/lib/aarch64-linux-gnu/libcrypto.so (found version "3.0.2")  
[6.163s] -- Found FastRTPS: /opt/ros/humble/include  
[6.655s] -- Using RMW implementation 'rmw_fastrtps_cpp' as default
[6.774s] -- Looking for pthread.h
[7.134s] -- Looking for pthread.h - found
[7.136s] -- Performing Test CMAKE_HAVE_LIBC_PTHREAD
[7.494s] -- Performing Test CMAKE_HAVE_LIBC_PTHREAD - Success
[7.499s] -- Found Threads: TRUE  
[7.909s] -- Found sensor_msgs: 4.8.0 (/opt/ros/humble/share/sensor_msgs/cmake)
[8.160s] -- Found std_srvs: 4.8.0 (/opt/ros/humble/share/std_srvs/cmake)
[8.553s] -- Configuring done
[8.665s] -- Generating done
[8.692s] -- Build files have been written to: /home/rospi/aug_2024/build/sllidar_ros2
