[0.060s] Invoking command in '/home/dkflippo/aug2024/src/build/tricycle_controller': CMAKE_PREFIX_PATH=/opt/ros/humble /usr/bin/cmake /home/dkflippo/aug2024/src/ros2_controllers/tricycle_controller -DCMAKE_INSTALL_PREFIX=/home/dkflippo/aug2024/src/install/tricycle_controller
[0.201s] -- The C compiler identification is GNU 11.4.0
[0.376s] -- The CXX compiler identification is GNU 11.4.0
[0.393s] -- Detecting C compiler ABI info
[0.585s] -- Detecting C compiler ABI info - done
[0.611s] -- Check for working C compiler: /usr/bin/cc - skipped
[0.612s] -- Detecting C compile features
[0.612s] -- Detecting C compile features - done
[0.618s] -- Detecting CXX compiler ABI info
[0.832s] -- Detecting CXX compiler ABI info - done
[0.862s] -- Check for working CXX compiler: /usr/bin/c++ - skipped
[0.862s] -- Detecting CXX compile features
[0.862s] -- Detecting CXX compile features - done
[0.894s] [31mCMake Error at CMakeLists.txt:4 (find_package):
[0.894s]   By not providing "Findros2_control_cmake.cmake" in CMAKE_MODULE_PATH this
[0.894s]   project has asked CMake to find a package configuration file provided by
[0.895s]   "ros2_control_cmake", but CMake did not find one.
[0.895s] 
[0.895s]   Could not find a package configuration file provided by
[0.895s]   "ros2_control_cmake" with any of the following names:
[0.896s] 
[0.897s]     ros2_control_cmakeConfig.cmake
[0.897s]     ros2_control_cmake-config.cmake
[0.897s] 
[0.897s]   Add the installation prefix of "ros2_control_cmake" to CMAKE_PREFIX_PATH or
[0.897s]   set "ros2_control_cmake_DIR" to a directory containing one of the above
[0.897s]   files.  If "ros2_control_cmake" provides a separate development package or
[0.898s]   SDK, be sure it has been installed.
[0.898s] 
[0.898s] [0m
[0.898s] -- Configuring incomplete, errors occurred!
[0.898s] See also "/home/dkflippo/aug2024/src/build/tricycle_controller/CMakeFiles/CMakeOutput.log".
[0.899s] Invoked command in '/home/dkflippo/aug2024/src/build/tricycle_controller' returned '1': CMAKE_PREFIX_PATH=/opt/ros/humble /usr/bin/cmake /home/dkflippo/aug2024/src/ros2_controllers/tricycle_controller -DCMAKE_INSTALL_PREFIX=/home/dkflippo/aug2024/src/install/tricycle_controller
