-- Install configuration: ""
-- Up-to-date: /home/dkflippo/aug2024/install/my_robot_nav2/share/my_robot_nav2//config
-- Installing: /home/dkflippo/aug2024/install/my_robot_nav2/share/my_robot_nav2//config/nav2_params.yaml
-- Installing: /home/dkflippo/aug2024/install/my_robot_nav2/share/my_robot_nav2//config/slam_toolbox_params.yaml
-- Up-to-date: /home/dkflippo/aug2024/install/my_robot_nav2/share/my_robot_nav2//include
-- Up-to-date: /home/dkflippo/aug2024/install/my_robot_nav2/share/my_robot_nav2//launch
-- Installing: /home/dkflippo/aug2024/install/my_robot_nav2/share/my_robot_nav2//launch/slam_toolbox.launch.py
-- Up-to-date: /home/dkflippo/aug2024/install/my_robot_nav2/share/my_robot_nav2//maps
-- Installing: /home/dkflippo/aug2024/install/my_robot_nav2/share/my_robot_nav2//maps/simple_map.yaml
-- Installing: /home/dkflippo/aug2024/install/my_robot_nav2/share/my_robot_nav2//maps/simple_map.pgm
-- Installing: /home/dkflippo/aug2024/install/my_robot_nav2/share/ament_index/resource_index/package_run_dependencies/my_robot_nav2
-- Installing: /home/dkflippo/aug2024/install/my_robot_nav2/share/ament_index/resource_index/parent_prefix_path/my_robot_nav2
-- Installing: /home/dkflippo/aug2024/install/my_robot_nav2/share/my_robot_nav2/environment/ament_prefix_path.sh
-- Installing: /home/dkflippo/aug2024/install/my_robot_nav2/share/my_robot_nav2/environment/ament_prefix_path.dsv
-- Installing: /home/dkflippo/aug2024/install/my_robot_nav2/share/my_robot_nav2/environment/path.sh
-- Installing: /home/dkflippo/aug2024/install/my_robot_nav2/share/my_robot_nav2/environment/path.dsv
-- Installing: /home/dkflippo/aug2024/install/my_robot_nav2/share/my_robot_nav2/local_setup.bash
-- Installing: /home/dkflippo/aug2024/install/my_robot_nav2/share/my_robot_nav2/local_setup.sh
-- Installing: /home/dkflippo/aug2024/install/my_robot_nav2/share/my_robot_nav2/local_setup.zsh
-- Installing: /home/dkflippo/aug2024/install/my_robot_nav2/share/my_robot_nav2/local_setup.dsv
-- Installing: /home/dkflippo/aug2024/install/my_robot_nav2/share/my_robot_nav2/package.dsv
-- Installing: /home/dkflippo/aug2024/install/my_robot_nav2/share/ament_index/resource_index/packages/my_robot_nav2
-- Installing: /home/dkflippo/aug2024/install/my_robot_nav2/share/my_robot_nav2/cmake/my_robot_nav2Config.cmake
-- Installing: /home/dkflippo/aug2024/install/my_robot_nav2/share/my_robot_nav2/cmake/my_robot_nav2Config-version.cmake
-- Installing: /home/dkflippo/aug2024/install/my_robot_nav2/share/my_robot_nav2/package.xml
