[0.038s] Invoking command in '/home/dkflippo/aug2024/build/my_robot_nav2': CMAKE_PREFIX_PATH=${CMAKE_PREFIX_PATH}:/home/dkflippo/ros2_control_ws/install/rqt_joint_trajectory_controller:/home/dkflippo/ros2_control_ws/install/rqt_controller_manager:/home/dkflippo/ros2_control_ws/install/ros2controlcli:/home/dkflippo/ros2_control_ws/install/ros2_controllers_test_nodes:/opt/ros/humble /usr/bin/cmake --build /home/dkflippo/aug2024/build/my_robot_nav2 -- -j12 -l12
[0.077s] -- Found ament_cmake: 1.3.11 (/opt/ros/humble/share/ament_cmake/cmake)
[0.249s] -- Found ament_lint_auto: 0.12.12 (/opt/ros/humble/share/ament_lint_auto/cmake)
[0.364s] -- Added test 'flake8' to check Python code syntax and style conventions
[0.365s] -- Added test 'lint_cmake' to check CMake code style
[0.366s] -- Added test 'pep257' to check Python code against some of the docstring style conventions in PEP 257
[0.371s] -- Added test 'xmllint' to check XML markup files
[0.372s] -- Configuring done
[0.376s] -- Generating done
[0.379s] -- Build files have been written to: /home/dkflippo/aug2024/build/my_robot_nav2
[0.415s] Invoked command in '/home/dkflippo/aug2024/build/my_robot_nav2' returned '0': CMAKE_PREFIX_PATH=${CMAKE_PREFIX_PATH}:/home/dkflippo/ros2_control_ws/install/rqt_joint_trajectory_controller:/home/dkflippo/ros2_control_ws/install/rqt_controller_manager:/home/dkflippo/ros2_control_ws/install/ros2controlcli:/home/dkflippo/ros2_control_ws/install/ros2_controllers_test_nodes:/opt/ros/humble /usr/bin/cmake --build /home/dkflippo/aug2024/build/my_robot_nav2 -- -j12 -l12
[0.417s] Invoking command in '/home/dkflippo/aug2024/build/my_robot_nav2': CMAKE_PREFIX_PATH=${CMAKE_PREFIX_PATH}:/home/dkflippo/ros2_control_ws/install/rqt_joint_trajectory_controller:/home/dkflippo/ros2_control_ws/install/rqt_controller_manager:/home/dkflippo/ros2_control_ws/install/ros2controlcli:/home/dkflippo/ros2_control_ws/install/ros2_controllers_test_nodes:/opt/ros/humble /usr/bin/cmake --install /home/dkflippo/aug2024/build/my_robot_nav2
[0.432s] -- Install configuration: ""
[0.432s] -- Up-to-date: /home/dkflippo/aug2024/install/my_robot_nav2/share/my_robot_nav2//config
[0.432s] -- Up-to-date: /home/dkflippo/aug2024/install/my_robot_nav2/share/my_robot_nav2//config/nav2_params.yaml
[0.432s] -- Up-to-date: /home/dkflippo/aug2024/install/my_robot_nav2/share/my_robot_nav2//config/slam_toolbox_params.yaml
[0.433s] -- Up-to-date: /home/dkflippo/aug2024/install/my_robot_nav2/share/my_robot_nav2//include
[0.433s] -- Up-to-date: /home/dkflippo/aug2024/install/my_robot_nav2/share/my_robot_nav2//launch
[0.433s] -- Up-to-date: /home/dkflippo/aug2024/install/my_robot_nav2/share/my_robot_nav2//launch/slam_toolbox.launch.py
[0.433s] -- Up-to-date: /home/dkflippo/aug2024/install/my_robot_nav2/share/my_robot_nav2//maps
[0.433s] -- Up-to-date: /home/dkflippo/aug2024/install/my_robot_nav2/share/my_robot_nav2//maps/simple_map.yaml
[0.433s] -- Up-to-date: /home/dkflippo/aug2024/install/my_robot_nav2/share/my_robot_nav2//maps/simple_map.pgm
[0.433s] -- Up-to-date: /home/dkflippo/aug2024/install/my_robot_nav2/share/ament_index/resource_index/package_run_dependencies/my_robot_nav2
[0.433s] -- Up-to-date: /home/dkflippo/aug2024/install/my_robot_nav2/share/ament_index/resource_index/parent_prefix_path/my_robot_nav2
[0.434s] -- Up-to-date: /home/dkflippo/aug2024/install/my_robot_nav2/share/my_robot_nav2/environment/ament_prefix_path.sh
[0.434s] -- Installing: /home/dkflippo/aug2024/install/my_robot_nav2/share/my_robot_nav2/environment/ament_prefix_path.dsv
[0.434s] -- Up-to-date: /home/dkflippo/aug2024/install/my_robot_nav2/share/my_robot_nav2/environment/path.sh
[0.434s] -- Installing: /home/dkflippo/aug2024/install/my_robot_nav2/share/my_robot_nav2/environment/path.dsv
[0.434s] -- Up-to-date: /home/dkflippo/aug2024/install/my_robot_nav2/share/my_robot_nav2/local_setup.bash
[0.434s] -- Up-to-date: /home/dkflippo/aug2024/install/my_robot_nav2/share/my_robot_nav2/local_setup.sh
[0.434s] -- Up-to-date: /home/dkflippo/aug2024/install/my_robot_nav2/share/my_robot_nav2/local_setup.zsh
[0.434s] -- Installing: /home/dkflippo/aug2024/install/my_robot_nav2/share/my_robot_nav2/local_setup.dsv
[0.434s] -- Installing: /home/dkflippo/aug2024/install/my_robot_nav2/share/my_robot_nav2/package.dsv
[0.435s] -- Up-to-date: /home/dkflippo/aug2024/install/my_robot_nav2/share/ament_index/resource_index/packages/my_robot_nav2
[0.435s] -- Up-to-date: /home/dkflippo/aug2024/install/my_robot_nav2/share/my_robot_nav2/cmake/my_robot_nav2Config.cmake
[0.435s] -- Up-to-date: /home/dkflippo/aug2024/install/my_robot_nav2/share/my_robot_nav2/cmake/my_robot_nav2Config-version.cmake
[0.435s] -- Up-to-date: /home/dkflippo/aug2024/install/my_robot_nav2/share/my_robot_nav2/package.xml
[0.437s] Invoked command in '/home/dkflippo/aug2024/build/my_robot_nav2' returned '0': CMAKE_PREFIX_PATH=${CMAKE_PREFIX_PATH}:/home/dkflippo/ros2_control_ws/install/rqt_joint_trajectory_controller:/home/dkflippo/ros2_control_ws/install/rqt_controller_manager:/home/dkflippo/ros2_control_ws/install/ros2controlcli:/home/dkflippo/ros2_control_ws/install/ros2_controllers_test_nodes:/opt/ros/humble /usr/bin/cmake --install /home/dkflippo/aug2024/build/my_robot_nav2
