[0.627s] DEBUG:colcon:Command line arguments: ['/usr/bin/colcon', 'build']
[0.628s] DEBUG:colcon:Parsed command line arguments: Namespace(log_base=None, log_level=None, verb_name='build', build_base='build', install_base='install', merge_install=False, symlink_install=False, test_result_base=None, continue_on_error=False, executor='parallel', parallel_workers=4, event_handlers=None, ignore_user_meta=False, metas=['./colcon.meta'], base_paths=['.'], packages_ignore=None, packages_ignore_regex=None, paths=None, packages_up_to=None, packages_up_to_regex=None, packages_above=None, packages_above_and_dependencies=None, packages_above_depth=None, packages_select_by_dep=None, packages_skip_by_dep=None, packages_skip_up_to=None, packages_select_build_failed=False, packages_skip_build_finished=False, packages_select_test_failures=False, packages_skip_test_passed=False, packages_select=None, packages_skip=None, packages_select_regex=None, packages_skip_regex=None, packages_start=None, packages_end=None, allow_overriding=[], cmake_args=None, cmake_target=None, cmake_target_skip_unavailable=False, cmake_clean_cache=False, cmake_clean_first=False, cmake_force_configure=False, ament_cmake_args=None, catkin_cmake_args=None, catkin_skip_building_tests=False, mixin_files=None, mixin=None, verb_parser=<colcon_mixin.mixin.mixin_argument.MixinArgumentDecorator object at 0xffff8ba69c90>, verb_extension=<colcon_core.verb.build.BuildVerb object at 0xffff8bc22c20>, main=<bound method BuildVerb.main of <colcon_core.verb.build.BuildVerb object at 0xffff8bc22c20>>, mixin_verb=('build',))
[1.621s] Level 1:colcon.colcon_core.package_discovery:discover_packages(colcon_meta) check parameters
[1.621s] Level 1:colcon.colcon_core.package_discovery:discover_packages(recursive) check parameters
[1.622s] Level 1:colcon.colcon_core.package_discovery:discover_packages(ignore) check parameters
[1.622s] Level 1:colcon.colcon_core.package_discovery:discover_packages(path) check parameters
[1.622s] Level 1:colcon.colcon_core.package_discovery:discover_packages(colcon_meta) discover
[1.622s] Level 1:colcon.colcon_core.package_discovery:discover_packages(recursive) discover
[1.622s] INFO:colcon.colcon_core.package_discovery:Crawling recursively for packages in '/home/rospi/aug_2024'
[1.623s] Level 1:colcon.colcon_core.package_identification:_identify(.) by extensions ['ignore', 'ignore_ament_install']
[1.623s] Level 1:colcon.colcon_core.package_identification:_identify(.) by extension 'ignore'
[1.623s] Level 1:colcon.colcon_core.package_identification:_identify(.) by extension 'ignore_ament_install'
[1.624s] Level 1:colcon.colcon_core.package_identification:_identify(.) by extensions ['colcon_pkg']
[1.624s] Level 1:colcon.colcon_core.package_identification:_identify(.) by extension 'colcon_pkg'
[1.624s] Level 1:colcon.colcon_core.package_identification:_identify(.) by extensions ['colcon_meta']
[1.624s] Level 1:colcon.colcon_core.package_identification:_identify(.) by extension 'colcon_meta'
[1.624s] Level 1:colcon.colcon_core.package_identification:_identify(.) by extensions ['ros']
[1.625s] Level 1:colcon.colcon_core.package_identification:_identify(.) by extension 'ros'
[1.674s] Level 1:colcon.colcon_core.package_identification:_identify(.) by extensions ['cmake', 'python']
[1.674s] Level 1:colcon.colcon_core.package_identification:_identify(.) by extension 'cmake'
[1.674s] Level 1:colcon.colcon_core.package_identification:_identify(.) by extension 'python'
[1.674s] Level 1:colcon.colcon_core.package_identification:_identify(.) by extensions ['python_setup_py']
[1.675s] Level 1:colcon.colcon_core.package_identification:_identify(.) by extension 'python_setup_py'
[1.675s] Level 1:colcon.colcon_core.package_identification:_identify(build) by extensions ['ignore', 'ignore_ament_install']
[1.676s] Level 1:colcon.colcon_core.package_identification:_identify(build) by extension 'ignore'
[1.676s] Level 1:colcon.colcon_core.package_identification:_identify(build) ignored
[1.677s] Level 1:colcon.colcon_core.package_identification:_identify(install) by extensions ['ignore', 'ignore_ament_install']
[1.677s] Level 1:colcon.colcon_core.package_identification:_identify(install) by extension 'ignore'
[1.677s] Level 1:colcon.colcon_core.package_identification:_identify(install) ignored
[1.679s] Level 1:colcon.colcon_core.package_identification:_identify(log) by extensions ['ignore', 'ignore_ament_install']
[1.679s] Level 1:colcon.colcon_core.package_identification:_identify(log) by extension 'ignore'
[1.679s] Level 1:colcon.colcon_core.package_identification:_identify(log) ignored
[1.680s] Level 1:colcon.colcon_core.package_identification:_identify(pigpio-master) by extensions ['ignore', 'ignore_ament_install']
[1.681s] Level 1:colcon.colcon_core.package_identification:_identify(pigpio-master) by extension 'ignore'
[1.681s] Level 1:colcon.colcon_core.package_identification:_identify(pigpio-master) by extension 'ignore_ament_install'
[1.681s] Level 1:colcon.colcon_core.package_identification:_identify(pigpio-master) by extensions ['colcon_pkg']
[1.681s] Level 1:colcon.colcon_core.package_identification:_identify(pigpio-master) by extension 'colcon_pkg'
[1.682s] Level 1:colcon.colcon_core.package_identification:_identify(pigpio-master) by extensions ['colcon_meta']
[1.682s] Level 1:colcon.colcon_core.package_identification:_identify(pigpio-master) by extension 'colcon_meta'
[1.682s] Level 1:colcon.colcon_core.package_identification:_identify(pigpio-master) by extensions ['ros']
[1.682s] Level 1:colcon.colcon_core.package_identification:_identify(pigpio-master) by extension 'ros'
[1.682s] Level 1:colcon.colcon_core.package_identification:_identify(pigpio-master) by extensions ['cmake', 'python']
[1.683s] Level 1:colcon.colcon_core.package_identification:_identify(pigpio-master) by extension 'cmake'
[1.699s] Level 1:colcon.colcon_core.package_identification:_identify(pigpio-master) by extension 'python'
[1.700s] DEBUG:colcon.colcon_core.package_identification:Package 'pigpio-master' with type 'cmake' and name 'pigpio'
[1.700s] Level 1:colcon.colcon_core.package_identification:_identify(src) by extensions ['ignore', 'ignore_ament_install']
[1.700s] Level 1:colcon.colcon_core.package_identification:_identify(src) by extension 'ignore'
[1.701s] Level 1:colcon.colcon_core.package_identification:_identify(src) by extension 'ignore_ament_install'
[1.701s] Level 1:colcon.colcon_core.package_identification:_identify(src) by extensions ['colcon_pkg']
[1.701s] Level 1:colcon.colcon_core.package_identification:_identify(src) by extension 'colcon_pkg'
[1.701s] Level 1:colcon.colcon_core.package_identification:_identify(src) by extensions ['colcon_meta']
[1.701s] Level 1:colcon.colcon_core.package_identification:_identify(src) by extension 'colcon_meta'
[1.702s] Level 1:colcon.colcon_core.package_identification:_identify(src) by extensions ['ros']
[1.702s] Level 1:colcon.colcon_core.package_identification:_identify(src) by extension 'ros'
[1.702s] Level 1:colcon.colcon_core.package_identification:_identify(src) by extensions ['cmake', 'python']
[1.702s] Level 1:colcon.colcon_core.package_identification:_identify(src) by extension 'cmake'
[1.702s] Level 1:colcon.colcon_core.package_identification:_identify(src) by extension 'python'
[1.703s] Level 1:colcon.colcon_core.package_identification:_identify(src) by extensions ['python_setup_py']
[1.703s] Level 1:colcon.colcon_core.package_identification:_identify(src) by extension 'python_setup_py'
[1.703s] Level 1:colcon.colcon_core.package_identification:_identify(src/BMC_2024) by extensions ['ignore', 'ignore_ament_install']
[1.704s] Level 1:colcon.colcon_core.package_identification:_identify(src/BMC_2024) by extension 'ignore'
[1.704s] Level 1:colcon.colcon_core.package_identification:_identify(src/BMC_2024) by extension 'ignore_ament_install'
[1.704s] Level 1:colcon.colcon_core.package_identification:_identify(src/BMC_2024) by extensions ['colcon_pkg']
[1.704s] Level 1:colcon.colcon_core.package_identification:_identify(src/BMC_2024) by extension 'colcon_pkg'
[1.704s] Level 1:colcon.colcon_core.package_identification:_identify(src/BMC_2024) by extensions ['colcon_meta']
[1.705s] Level 1:colcon.colcon_core.package_identification:_identify(src/BMC_2024) by extension 'colcon_meta'
[1.705s] Level 1:colcon.colcon_core.package_identification:_identify(src/BMC_2024) by extensions ['ros']
[1.705s] Level 1:colcon.colcon_core.package_identification:_identify(src/BMC_2024) by extension 'ros'
[1.718s] DEBUG:colcon.colcon_core.package_identification:Package 'src/BMC_2024' with type 'ros.ament_cmake' and name 'BMC_2024'
[1.719s] Level 1:colcon.colcon_core.package_identification:_identify(src/aug_2024) by extensions ['ignore', 'ignore_ament_install']
[1.719s] Level 1:colcon.colcon_core.package_identification:_identify(src/aug_2024) by extension 'ignore'
[1.719s] Level 1:colcon.colcon_core.package_identification:_identify(src/aug_2024) by extension 'ignore_ament_install'
[1.719s] Level 1:colcon.colcon_core.package_identification:_identify(src/aug_2024) by extensions ['colcon_pkg']
[1.720s] Level 1:colcon.colcon_core.package_identification:_identify(src/aug_2024) by extension 'colcon_pkg'
[1.720s] Level 1:colcon.colcon_core.package_identification:_identify(src/aug_2024) by extensions ['colcon_meta']
[1.720s] Level 1:colcon.colcon_core.package_identification:_identify(src/aug_2024) by extension 'colcon_meta'
[1.720s] Level 1:colcon.colcon_core.package_identification:_identify(src/aug_2024) by extensions ['ros']
[1.720s] Level 1:colcon.colcon_core.package_identification:_identify(src/aug_2024) by extension 'ros'
[1.730s] DEBUG:colcon.colcon_core.package_identification:Package 'src/aug_2024' with type 'ros.ament_cmake' and name 'aug_2024'
[1.731s] Level 1:colcon.colcon_core.package_identification:_identify(src/build) by extensions ['ignore', 'ignore_ament_install']
[1.731s] Level 1:colcon.colcon_core.package_identification:_identify(src/build) by extension 'ignore'
[1.731s] Level 1:colcon.colcon_core.package_identification:_identify(src/build) ignored
[1.732s] Level 1:colcon.colcon_core.package_identification:_identify(src/gazebo_ros2_control) by extensions ['ignore', 'ignore_ament_install']
[1.732s] Level 1:colcon.colcon_core.package_identification:_identify(src/gazebo_ros2_control) by extension 'ignore'
[1.732s] Level 1:colcon.colcon_core.package_identification:_identify(src/gazebo_ros2_control) by extension 'ignore_ament_install'
[1.733s] Level 1:colcon.colcon_core.package_identification:_identify(src/gazebo_ros2_control) by extensions ['colcon_pkg']
[1.733s] Level 1:colcon.colcon_core.package_identification:_identify(src/gazebo_ros2_control) by extension 'colcon_pkg'
[1.733s] Level 1:colcon.colcon_core.package_identification:_identify(src/gazebo_ros2_control) by extensions ['colcon_meta']
[1.733s] Level 1:colcon.colcon_core.package_identification:_identify(src/gazebo_ros2_control) by extension 'colcon_meta'
[1.733s] Level 1:colcon.colcon_core.package_identification:_identify(src/gazebo_ros2_control) by extensions ['ros']
[1.733s] Level 1:colcon.colcon_core.package_identification:_identify(src/gazebo_ros2_control) by extension 'ros'
[1.734s] Level 1:colcon.colcon_core.package_identification:_identify(src/gazebo_ros2_control) by extensions ['cmake', 'python']
[1.734s] Level 1:colcon.colcon_core.package_identification:_identify(src/gazebo_ros2_control) by extension 'cmake'
[1.734s] Level 1:colcon.colcon_core.package_identification:_identify(src/gazebo_ros2_control) by extension 'python'
[1.734s] Level 1:colcon.colcon_core.package_identification:_identify(src/gazebo_ros2_control) by extensions ['python_setup_py']
[1.734s] Level 1:colcon.colcon_core.package_identification:_identify(src/gazebo_ros2_control) by extension 'python_setup_py'
[1.735s] Level 1:colcon.colcon_core.package_identification:_identify(src/install) by extensions ['ignore', 'ignore_ament_install']
[1.735s] Level 1:colcon.colcon_core.package_identification:_identify(src/install) by extension 'ignore'
[1.736s] Level 1:colcon.colcon_core.package_identification:_identify(src/install) ignored
[1.736s] Level 1:colcon.colcon_core.package_identification:_identify(src/log) by extensions ['ignore', 'ignore_ament_install']
[1.737s] Level 1:colcon.colcon_core.package_identification:_identify(src/log) by extension 'ignore'
[1.737s] Level 1:colcon.colcon_core.package_identification:_identify(src/log) ignored
[1.737s] Level 1:colcon.colcon_core.package_identification:_identify(src/my_robot_nav2) by extensions ['ignore', 'ignore_ament_install']
[1.738s] Level 1:colcon.colcon_core.package_identification:_identify(src/my_robot_nav2) by extension 'ignore'
[1.738s] Level 1:colcon.colcon_core.package_identification:_identify(src/my_robot_nav2) by extension 'ignore_ament_install'
[1.738s] Level 1:colcon.colcon_core.package_identification:_identify(src/my_robot_nav2) by extensions ['colcon_pkg']
[1.738s] Level 1:colcon.colcon_core.package_identification:_identify(src/my_robot_nav2) by extension 'colcon_pkg'
[1.738s] Level 1:colcon.colcon_core.package_identification:_identify(src/my_robot_nav2) by extensions ['colcon_meta']
[1.738s] Level 1:colcon.colcon_core.package_identification:_identify(src/my_robot_nav2) by extension 'colcon_meta'
[1.739s] Level 1:colcon.colcon_core.package_identification:_identify(src/my_robot_nav2) by extensions ['ros']
[1.739s] Level 1:colcon.colcon_core.package_identification:_identify(src/my_robot_nav2) by extension 'ros'
[1.741s] DEBUG:colcon.colcon_core.package_identification:Package 'src/my_robot_nav2' with type 'ros.ament_cmake' and name 'my_robot_nav2'
[1.742s] Level 1:colcon.colcon_core.package_identification:_identify(src/sllidar_ros2) by extensions ['ignore', 'ignore_ament_install']
[1.742s] Level 1:colcon.colcon_core.package_identification:_identify(src/sllidar_ros2) by extension 'ignore'
[1.742s] Level 1:colcon.colcon_core.package_identification:_identify(src/sllidar_ros2) by extension 'ignore_ament_install'
[1.743s] Level 1:colcon.colcon_core.package_identification:_identify(src/sllidar_ros2) by extensions ['colcon_pkg']
[1.743s] Level 1:colcon.colcon_core.package_identification:_identify(src/sllidar_ros2) by extension 'colcon_pkg'
[1.743s] Level 1:colcon.colcon_core.package_identification:_identify(src/sllidar_ros2) by extensions ['colcon_meta']
[1.743s] Level 1:colcon.colcon_core.package_identification:_identify(src/sllidar_ros2) by extension 'colcon_meta'
[1.743s] Level 1:colcon.colcon_core.package_identification:_identify(src/sllidar_ros2) by extensions ['ros']
[1.743s] Level 1:colcon.colcon_core.package_identification:_identify(src/sllidar_ros2) by extension 'ros'
[1.746s] DEBUG:colcon.colcon_core.package_identification:Package 'src/sllidar_ros2' with type 'ros.ament_cmake' and name 'sllidar_ros2'
[1.747s] Level 1:colcon.colcon_core.package_discovery:discover_packages(recursive) using defaults
[1.747s] Level 1:colcon.colcon_core.package_discovery:discover_packages(ignore) discover
[1.747s] Level 1:colcon.colcon_core.package_discovery:discover_packages(ignore) using defaults
[1.747s] Level 1:colcon.colcon_core.package_discovery:discover_packages(path) discover
[1.747s] Level 1:colcon.colcon_core.package_discovery:discover_packages(path) using defaults
[1.892s] Level 1:colcon.colcon_core.package_discovery:discover_packages(prefix_path) check parameters
[1.893s] Level 1:colcon.colcon_core.package_discovery:discover_packages(prefix_path) discover
[1.906s] DEBUG:colcon.colcon_installed_package_information.package_discovery:Found 5 installed packages in /home/rospi/aug_2024/install
[1.911s] DEBUG:colcon.colcon_installed_package_information.package_discovery:Found 8 installed packages in /home/rospi/install
[1.928s] DEBUG:colcon.colcon_installed_package_information.package_discovery:Found 374 installed packages in /opt/ros/humble
[1.942s] Level 1:colcon.colcon_core.package_discovery:discover_packages(prefix_path) using defaults
[2.215s] Level 5:colcon.colcon_core.verb:set package 'my_robot_nav2' build argument 'cmake_args' from command line to 'None'
[2.216s] Level 5:colcon.colcon_core.verb:set package 'my_robot_nav2' build argument 'cmake_target' from command line to 'None'
[2.216s] Level 5:colcon.colcon_core.verb:set package 'my_robot_nav2' build argument 'cmake_target_skip_unavailable' from command line to 'False'
[2.216s] Level 5:colcon.colcon_core.verb:set package 'my_robot_nav2' build argument 'cmake_clean_cache' from command line to 'False'
[2.216s] Level 5:colcon.colcon_core.verb:set package 'my_robot_nav2' build argument 'cmake_clean_first' from command line to 'False'
[2.216s] Level 5:colcon.colcon_core.verb:set package 'my_robot_nav2' build argument 'cmake_force_configure' from command line to 'False'
[2.216s] Level 5:colcon.colcon_core.verb:set package 'my_robot_nav2' build argument 'ament_cmake_args' from command line to 'None'
[2.216s] Level 5:colcon.colcon_core.verb:set package 'my_robot_nav2' build argument 'catkin_cmake_args' from command line to 'None'
[2.217s] Level 5:colcon.colcon_core.verb:set package 'my_robot_nav2' build argument 'catkin_skip_building_tests' from command line to 'False'
[2.217s] DEBUG:colcon.colcon_core.verb:Building package 'my_robot_nav2' with the following arguments: {'ament_cmake_args': None, 'build_base': '/home/rospi/aug_2024/build/my_robot_nav2', 'catkin_cmake_args': None, 'catkin_skip_building_tests': False, 'cmake_args': None, 'cmake_clean_cache': False, 'cmake_clean_first': False, 'cmake_force_configure': False, 'cmake_target': None, 'cmake_target_skip_unavailable': False, 'install_base': '/home/rospi/aug_2024/install/my_robot_nav2', 'merge_install': False, 'path': '/home/rospi/aug_2024/src/my_robot_nav2', 'symlink_install': False, 'test_result_base': None}
[2.218s] Level 5:colcon.colcon_core.verb:set package 'pigpio' build argument 'cmake_args' from command line to 'None'
[2.219s] Level 5:colcon.colcon_core.verb:set package 'pigpio' build argument 'cmake_target' from command line to 'None'
[2.219s] Level 5:colcon.colcon_core.verb:set package 'pigpio' build argument 'cmake_target_skip_unavailable' from command line to 'False'
[2.219s] Level 5:colcon.colcon_core.verb:set package 'pigpio' build argument 'cmake_clean_cache' from command line to 'False'
[2.219s] Level 5:colcon.colcon_core.verb:set package 'pigpio' build argument 'cmake_clean_first' from command line to 'False'
[2.219s] Level 5:colcon.colcon_core.verb:set package 'pigpio' build argument 'cmake_force_configure' from command line to 'False'
[2.219s] Level 5:colcon.colcon_core.verb:set package 'pigpio' build argument 'ament_cmake_args' from command line to 'None'
[2.219s] Level 5:colcon.colcon_core.verb:set package 'pigpio' build argument 'catkin_cmake_args' from command line to 'None'
[2.219s] Level 5:colcon.colcon_core.verb:set package 'pigpio' build argument 'catkin_skip_building_tests' from command line to 'False'
[2.219s] DEBUG:colcon.colcon_core.verb:Building package 'pigpio' with the following arguments: {'ament_cmake_args': None, 'build_base': '/home/rospi/aug_2024/build/pigpio', 'catkin_cmake_args': None, 'catkin_skip_building_tests': False, 'cmake_args': None, 'cmake_clean_cache': False, 'cmake_clean_first': False, 'cmake_force_configure': False, 'cmake_target': None, 'cmake_target_skip_unavailable': False, 'install_base': '/home/rospi/aug_2024/install/pigpio', 'merge_install': False, 'path': '/home/rospi/aug_2024/pigpio-master', 'symlink_install': False, 'test_result_base': None}
[2.221s] Level 5:colcon.colcon_core.verb:set package 'sllidar_ros2' build argument 'cmake_args' from command line to 'None'
[2.221s] Level 5:colcon.colcon_core.verb:set package 'sllidar_ros2' build argument 'cmake_target' from command line to 'None'
[2.221s] Level 5:colcon.colcon_core.verb:set package 'sllidar_ros2' build argument 'cmake_target_skip_unavailable' from command line to 'False'
[2.222s] Level 5:colcon.colcon_core.verb:set package 'sllidar_ros2' build argument 'cmake_clean_cache' from command line to 'False'
[2.222s] Level 5:colcon.colcon_core.verb:set package 'sllidar_ros2' build argument 'cmake_clean_first' from command line to 'False'
[2.222s] Level 5:colcon.colcon_core.verb:set package 'sllidar_ros2' build argument 'cmake_force_configure' from command line to 'False'
[2.222s] Level 5:colcon.colcon_core.verb:set package 'sllidar_ros2' build argument 'ament_cmake_args' from command line to 'None'
[2.222s] Level 5:colcon.colcon_core.verb:set package 'sllidar_ros2' build argument 'catkin_cmake_args' from command line to 'None'
[2.222s] Level 5:colcon.colcon_core.verb:set package 'sllidar_ros2' build argument 'catkin_skip_building_tests' from command line to 'False'
[2.222s] DEBUG:colcon.colcon_core.verb:Building package 'sllidar_ros2' with the following arguments: {'ament_cmake_args': None, 'build_base': '/home/rospi/aug_2024/build/sllidar_ros2', 'catkin_cmake_args': None, 'catkin_skip_building_tests': False, 'cmake_args': None, 'cmake_clean_cache': False, 'cmake_clean_first': False, 'cmake_force_configure': False, 'cmake_target': None, 'cmake_target_skip_unavailable': False, 'install_base': '/home/rospi/aug_2024/install/sllidar_ros2', 'merge_install': False, 'path': '/home/rospi/aug_2024/src/sllidar_ros2', 'symlink_install': False, 'test_result_base': None}
[2.224s] Level 5:colcon.colcon_core.verb:set package 'BMC_2024' build argument 'cmake_args' from command line to 'None'
[2.224s] Level 5:colcon.colcon_core.verb:set package 'BMC_2024' build argument 'cmake_target' from command line to 'None'
[2.224s] Level 5:colcon.colcon_core.verb:set package 'BMC_2024' build argument 'cmake_target_skip_unavailable' from command line to 'False'
[2.224s] Level 5:colcon.colcon_core.verb:set package 'BMC_2024' build argument 'cmake_clean_cache' from command line to 'False'
[2.224s] Level 5:colcon.colcon_core.verb:set package 'BMC_2024' build argument 'cmake_clean_first' from command line to 'False'
[2.225s] Level 5:colcon.colcon_core.verb:set package 'BMC_2024' build argument 'cmake_force_configure' from command line to 'False'
[2.225s] Level 5:colcon.colcon_core.verb:set package 'BMC_2024' build argument 'ament_cmake_args' from command line to 'None'
[2.225s] Level 5:colcon.colcon_core.verb:set package 'BMC_2024' build argument 'catkin_cmake_args' from command line to 'None'
[2.225s] Level 5:colcon.colcon_core.verb:set package 'BMC_2024' build argument 'catkin_skip_building_tests' from command line to 'False'
[2.225s] DEBUG:colcon.colcon_core.verb:Building package 'BMC_2024' with the following arguments: {'ament_cmake_args': None, 'build_base': '/home/rospi/aug_2024/build/BMC_2024', 'catkin_cmake_args': None, 'catkin_skip_building_tests': False, 'cmake_args': None, 'cmake_clean_cache': False, 'cmake_clean_first': False, 'cmake_force_configure': False, 'cmake_target': None, 'cmake_target_skip_unavailable': False, 'install_base': '/home/rospi/aug_2024/install/BMC_2024', 'merge_install': False, 'path': '/home/rospi/aug_2024/src/BMC_2024', 'symlink_install': False, 'test_result_base': None}
[2.227s] Level 5:colcon.colcon_core.verb:set package 'aug_2024' build argument 'cmake_args' from command line to 'None'
[2.227s] Level 5:colcon.colcon_core.verb:set package 'aug_2024' build argument 'cmake_target' from command line to 'None'
[2.227s] Level 5:colcon.colcon_core.verb:set package 'aug_2024' build argument 'cmake_target_skip_unavailable' from command line to 'False'
[2.227s] Level 5:colcon.colcon_core.verb:set package 'aug_2024' build argument 'cmake_clean_cache' from command line to 'False'
[2.227s] Level 5:colcon.colcon_core.verb:set package 'aug_2024' build argument 'cmake_clean_first' from command line to 'False'
[2.227s] Level 5:colcon.colcon_core.verb:set package 'aug_2024' build argument 'cmake_force_configure' from command line to 'False'
[2.227s] Level 5:colcon.colcon_core.verb:set package 'aug_2024' build argument 'ament_cmake_args' from command line to 'None'
[2.227s] Level 5:colcon.colcon_core.verb:set package 'aug_2024' build argument 'catkin_cmake_args' from command line to 'None'
[2.228s] Level 5:colcon.colcon_core.verb:set package 'aug_2024' build argument 'catkin_skip_building_tests' from command line to 'False'
[2.228s] DEBUG:colcon.colcon_core.verb:Building package 'aug_2024' with the following arguments: {'ament_cmake_args': None, 'build_base': '/home/rospi/aug_2024/build/aug_2024', 'catkin_cmake_args': None, 'catkin_skip_building_tests': False, 'cmake_args': None, 'cmake_clean_cache': False, 'cmake_clean_first': False, 'cmake_force_configure': False, 'cmake_target': None, 'cmake_target_skip_unavailable': False, 'install_base': '/home/rospi/aug_2024/install/aug_2024', 'merge_install': False, 'path': '/home/rospi/aug_2024/src/aug_2024', 'symlink_install': False, 'test_result_base': None}
[2.228s] INFO:colcon.colcon_core.executor:Executing jobs using 'parallel' executor
[2.232s] DEBUG:colcon.colcon_parallel_executor.executor.parallel:run_until_complete
[2.233s] INFO:colcon.colcon_ros.task.ament_cmake.build:Building ROS package in '/home/rospi/aug_2024/src/sllidar_ros2' with build type 'ament_cmake'
[2.234s] INFO:colcon.colcon_cmake.task.cmake.build:Building CMake package in '/home/rospi/aug_2024/src/sllidar_ros2'
[2.244s] INFO:colcon.colcon_core.plugin_system:Skipping extension 'colcon_core.shell.bat': Not used on non-Windows systems
[2.245s] INFO:colcon.colcon_core.shell:Skip shell extension 'powershell' for command environment: Not usable outside of PowerShell
[2.245s] DEBUG:colcon.colcon_core.shell:Skip shell extension 'dsv' for command environment
[2.277s] INFO:colcon.colcon_ros.task.ament_cmake.build:Building ROS package in '/home/rospi/aug_2024/src/my_robot_nav2' with build type 'ament_cmake'
[2.278s] INFO:colcon.colcon_cmake.task.cmake.build:Building CMake package in '/home/rospi/aug_2024/src/my_robot_nav2'
[2.279s] INFO:colcon.colcon_core.shell:Skip shell extension 'powershell' for command environment: Not usable outside of PowerShell
[2.279s] DEBUG:colcon.colcon_core.shell:Skip shell extension 'dsv' for command environment
[2.311s] INFO:colcon.colcon_cmake.task.cmake.build:Building CMake package in '/home/rospi/aug_2024/pigpio-master'
[2.312s] INFO:colcon.colcon_core.shell:Skip shell extension 'powershell' for command environment: Not usable outside of PowerShell
[2.312s] DEBUG:colcon.colcon_core.shell:Skip shell extension 'dsv' for command environment
[2.361s] DEBUG:colcon.colcon_core.event_handler.log_command:Invoking command in '/home/rospi/aug_2024/build/sllidar_ros2': CMAKE_PREFIX_PATH=${CMAKE_PREFIX_PATH}:/opt/ros/humble /usr/bin/cmake --build /home/rospi/aug_2024/build/sllidar_ros2 -- -j4 -l4
[2.386s] DEBUG:colcon.colcon_core.event_handler.log_command:Invoking command in '/home/rospi/aug_2024/build/my_robot_nav2': CMAKE_PREFIX_PATH=${CMAKE_PREFIX_PATH}:/opt/ros/humble /usr/bin/cmake --build /home/rospi/aug_2024/build/my_robot_nav2 -- -j4 -l4
[2.406s] DEBUG:colcon.colcon_core.event_handler.log_command:Invoking command in '/home/rospi/aug_2024/build/pigpio': /usr/bin/cmake --build /home/rospi/aug_2024/build/pigpio -- -j4 -l4
[2.591s] DEBUG:colcon.colcon_core.event_handler.log_command:Invoked command in '/home/rospi/aug_2024/build/my_robot_nav2' returned '0': CMAKE_PREFIX_PATH=${CMAKE_PREFIX_PATH}:/opt/ros/humble /usr/bin/cmake --build /home/rospi/aug_2024/build/my_robot_nav2 -- -j4 -l4
[2.680s] DEBUG:colcon.colcon_core.event_handler.log_command:Invoking command in '/home/rospi/aug_2024/build/my_robot_nav2': CMAKE_PREFIX_PATH=${CMAKE_PREFIX_PATH}:/opt/ros/humble /usr/bin/cmake --install /home/rospi/aug_2024/build/my_robot_nav2
[2.795s] Level 1:colcon.colcon_core.environment:create_environment_scripts_only(my_robot_nav2)
[2.798s] DEBUG:colcon.colcon_core.event_handler.log_command:Invoked command in '/home/rospi/aug_2024/build/my_robot_nav2' returned '0': CMAKE_PREFIX_PATH=${CMAKE_PREFIX_PATH}:/opt/ros/humble /usr/bin/cmake --install /home/rospi/aug_2024/build/my_robot_nav2
[2.831s] Level 1:colcon.colcon_core.environment:checking '/home/rospi/aug_2024/install/my_robot_nav2' for CMake module files
[2.850s] Level 1:colcon.colcon_core.environment:checking '/home/rospi/aug_2024/install/my_robot_nav2' for CMake config files
[2.852s] Level 1:colcon.colcon_core.shell:create_environment_hook('my_robot_nav2', 'cmake_prefix_path')
[2.854s] INFO:colcon.colcon_core.shell:Creating environment hook '/home/rospi/aug_2024/install/my_robot_nav2/share/my_robot_nav2/hook/cmake_prefix_path.ps1'
[2.860s] INFO:colcon.colcon_core.shell:Creating environment descriptor '/home/rospi/aug_2024/install/my_robot_nav2/share/my_robot_nav2/hook/cmake_prefix_path.dsv'
[2.868s] INFO:colcon.colcon_core.shell:Creating environment hook '/home/rospi/aug_2024/install/my_robot_nav2/share/my_robot_nav2/hook/cmake_prefix_path.sh'
[2.882s] Level 1:colcon.colcon_core.environment:checking '/home/rospi/aug_2024/install/my_robot_nav2/bin'
[2.882s] Level 1:colcon.colcon_core.environment:checking '/home/rospi/aug_2024/install/my_robot_nav2/lib/pkgconfig/my_robot_nav2.pc'
[2.884s] Level 1:colcon.colcon_core.environment:checking '/home/rospi/aug_2024/install/my_robot_nav2/lib/python3.10/site-packages'
[2.894s] Level 1:colcon.colcon_core.environment:checking '/home/rospi/aug_2024/install/my_robot_nav2/bin'
[2.896s] INFO:colcon.colcon_core.shell:Creating package script '/home/rospi/aug_2024/install/my_robot_nav2/share/my_robot_nav2/package.ps1'
[2.904s] INFO:colcon.colcon_core.shell:Creating package descriptor '/home/rospi/aug_2024/install/my_robot_nav2/share/my_robot_nav2/package.dsv'
[2.909s] INFO:colcon.colcon_core.shell:Creating package script '/home/rospi/aug_2024/install/my_robot_nav2/share/my_robot_nav2/package.sh'
[2.914s] INFO:colcon.colcon_core.shell:Creating package script '/home/rospi/aug_2024/install/my_robot_nav2/share/my_robot_nav2/package.bash'
[2.919s] INFO:colcon.colcon_core.shell:Creating package script '/home/rospi/aug_2024/install/my_robot_nav2/share/my_robot_nav2/package.zsh'
[2.925s] Level 1:colcon.colcon_core.environment:create_file_with_runtime_dependencies(/home/rospi/aug_2024/install/my_robot_nav2/share/colcon-core/packages/my_robot_nav2)
[2.929s] Level 1:colcon.colcon_core.environment:create_environment_scripts_only(my_robot_nav2)
[2.930s] Level 1:colcon.colcon_core.environment:checking '/home/rospi/aug_2024/install/my_robot_nav2' for CMake module files
[2.934s] Level 1:colcon.colcon_core.environment:checking '/home/rospi/aug_2024/install/my_robot_nav2' for CMake config files
[2.937s] Level 1:colcon.colcon_core.shell:create_environment_hook('my_robot_nav2', 'cmake_prefix_path')
[2.938s] INFO:colcon.colcon_core.shell:Creating environment hook '/home/rospi/aug_2024/install/my_robot_nav2/share/my_robot_nav2/hook/cmake_prefix_path.ps1'
[2.941s] INFO:colcon.colcon_core.shell:Creating environment descriptor '/home/rospi/aug_2024/install/my_robot_nav2/share/my_robot_nav2/hook/cmake_prefix_path.dsv'
[2.944s] INFO:colcon.colcon_core.shell:Creating environment hook '/home/rospi/aug_2024/install/my_robot_nav2/share/my_robot_nav2/hook/cmake_prefix_path.sh'
[2.949s] Level 1:colcon.colcon_core.environment:checking '/home/rospi/aug_2024/install/my_robot_nav2/bin'
[2.949s] Level 1:colcon.colcon_core.environment:checking '/home/rospi/aug_2024/install/my_robot_nav2/lib/pkgconfig/my_robot_nav2.pc'
[2.951s] Level 1:colcon.colcon_core.environment:checking '/home/rospi/aug_2024/install/my_robot_nav2/lib/python3.10/site-packages'
[2.953s] Level 1:colcon.colcon_core.environment:checking '/home/rospi/aug_2024/install/my_robot_nav2/bin'
[2.955s] INFO:colcon.colcon_core.shell:Creating package script '/home/rospi/aug_2024/install/my_robot_nav2/share/my_robot_nav2/package.ps1'
[2.959s] INFO:colcon.colcon_core.shell:Creating package descriptor '/home/rospi/aug_2024/install/my_robot_nav2/share/my_robot_nav2/package.dsv'
[2.964s] INFO:colcon.colcon_core.shell:Creating package script '/home/rospi/aug_2024/install/my_robot_nav2/share/my_robot_nav2/package.sh'
[2.968s] INFO:colcon.colcon_core.shell:Creating package script '/home/rospi/aug_2024/install/my_robot_nav2/share/my_robot_nav2/package.bash'
[2.975s] INFO:colcon.colcon_core.shell:Creating package script '/home/rospi/aug_2024/install/my_robot_nav2/share/my_robot_nav2/package.zsh'
[2.978s] Level 1:colcon.colcon_core.environment:create_file_with_runtime_dependencies(/home/rospi/aug_2024/install/my_robot_nav2/share/colcon-core/packages/my_robot_nav2)
[2.986s] DEBUG:colcon.colcon_core.event_handler.log_command:Invoked command in '/home/rospi/aug_2024/build/sllidar_ros2' returned '0': CMAKE_PREFIX_PATH=${CMAKE_PREFIX_PATH}:/opt/ros/humble /usr/bin/cmake --build /home/rospi/aug_2024/build/sllidar_ros2 -- -j4 -l4
[2.996s] DEBUG:colcon.colcon_core.event_handler.log_command:Invoking command in '/home/rospi/aug_2024/build/sllidar_ros2': CMAKE_PREFIX_PATH=${CMAKE_PREFIX_PATH}:/opt/ros/humble /usr/bin/cmake --install /home/rospi/aug_2024/build/sllidar_ros2
[3.059s] Level 1:colcon.colcon_core.environment:create_environment_scripts_only(sllidar_ros2)
[3.061s] Level 1:colcon.colcon_core.environment:checking '/home/rospi/aug_2024/install/sllidar_ros2' for CMake module files
[3.067s] DEBUG:colcon.colcon_core.event_handler.log_command:Invoked command in '/home/rospi/aug_2024/build/sllidar_ros2' returned '0': CMAKE_PREFIX_PATH=${CMAKE_PREFIX_PATH}:/opt/ros/humble /usr/bin/cmake --install /home/rospi/aug_2024/build/sllidar_ros2
[3.069s] Level 1:colcon.colcon_core.environment:checking '/home/rospi/aug_2024/install/sllidar_ros2' for CMake config files
[3.071s] Level 1:colcon.colcon_core.shell:create_environment_hook('sllidar_ros2', 'cmake_prefix_path')
[3.072s] INFO:colcon.colcon_core.shell:Creating environment hook '/home/rospi/aug_2024/install/sllidar_ros2/share/sllidar_ros2/hook/cmake_prefix_path.ps1'
[3.075s] INFO:colcon.colcon_core.shell:Creating environment descriptor '/home/rospi/aug_2024/install/sllidar_ros2/share/sllidar_ros2/hook/cmake_prefix_path.dsv'
[3.077s] INFO:colcon.colcon_core.shell:Creating environment hook '/home/rospi/aug_2024/install/sllidar_ros2/share/sllidar_ros2/hook/cmake_prefix_path.sh'
[3.080s] Level 1:colcon.colcon_core.environment:checking '/home/rospi/aug_2024/install/sllidar_ros2/lib'
[3.081s] Level 1:colcon.colcon_core.environment:checking '/home/rospi/aug_2024/install/sllidar_ros2/bin'
[3.081s] Level 1:colcon.colcon_core.environment:checking '/home/rospi/aug_2024/install/sllidar_ros2/lib/pkgconfig/sllidar_ros2.pc'
[3.082s] Level 1:colcon.colcon_core.environment:checking '/home/rospi/aug_2024/install/sllidar_ros2/lib/python3.10/site-packages'
[3.083s] Level 1:colcon.colcon_core.environment:checking '/home/rospi/aug_2024/install/sllidar_ros2/bin'
[3.085s] INFO:colcon.colcon_core.shell:Creating package script '/home/rospi/aug_2024/install/sllidar_ros2/share/sllidar_ros2/package.ps1'
[3.087s] INFO:colcon.colcon_core.shell:Creating package descriptor '/home/rospi/aug_2024/install/sllidar_ros2/share/sllidar_ros2/package.dsv'
[3.089s] INFO:colcon.colcon_core.shell:Creating package script '/home/rospi/aug_2024/install/sllidar_ros2/share/sllidar_ros2/package.sh'
[3.091s] INFO:colcon.colcon_core.shell:Creating package script '/home/rospi/aug_2024/install/sllidar_ros2/share/sllidar_ros2/package.bash'
[3.093s] INFO:colcon.colcon_core.shell:Creating package script '/home/rospi/aug_2024/install/sllidar_ros2/share/sllidar_ros2/package.zsh'
[3.095s] Level 1:colcon.colcon_core.environment:create_file_with_runtime_dependencies(/home/rospi/aug_2024/install/sllidar_ros2/share/colcon-core/packages/sllidar_ros2)
[3.097s] Level 1:colcon.colcon_core.environment:create_environment_scripts_only(sllidar_ros2)
[3.098s] Level 1:colcon.colcon_core.environment:checking '/home/rospi/aug_2024/install/sllidar_ros2' for CMake module files
[3.102s] Level 1:colcon.colcon_core.environment:checking '/home/rospi/aug_2024/install/sllidar_ros2' for CMake config files
[3.103s] Level 1:colcon.colcon_core.shell:create_environment_hook('sllidar_ros2', 'cmake_prefix_path')
[3.104s] INFO:colcon.colcon_core.shell:Creating environment hook '/home/rospi/aug_2024/install/sllidar_ros2/share/sllidar_ros2/hook/cmake_prefix_path.ps1'
[3.106s] INFO:colcon.colcon_core.shell:Creating environment descriptor '/home/rospi/aug_2024/install/sllidar_ros2/share/sllidar_ros2/hook/cmake_prefix_path.dsv'
[3.108s] INFO:colcon.colcon_core.shell:Creating environment hook '/home/rospi/aug_2024/install/sllidar_ros2/share/sllidar_ros2/hook/cmake_prefix_path.sh'
[3.111s] Level 1:colcon.colcon_core.environment:checking '/home/rospi/aug_2024/install/sllidar_ros2/lib'
[3.111s] Level 1:colcon.colcon_core.environment:checking '/home/rospi/aug_2024/install/sllidar_ros2/bin'
[3.111s] Level 1:colcon.colcon_core.environment:checking '/home/rospi/aug_2024/install/sllidar_ros2/lib/pkgconfig/sllidar_ros2.pc'
[3.112s] Level 1:colcon.colcon_core.environment:checking '/home/rospi/aug_2024/install/sllidar_ros2/lib/python3.10/site-packages'
[3.113s] Level 1:colcon.colcon_core.environment:checking '/home/rospi/aug_2024/install/sllidar_ros2/bin'
[3.114s] INFO:colcon.colcon_core.shell:Creating package script '/home/rospi/aug_2024/install/sllidar_ros2/share/sllidar_ros2/package.ps1'
[3.117s] INFO:colcon.colcon_core.shell:Creating package descriptor '/home/rospi/aug_2024/install/sllidar_ros2/share/sllidar_ros2/package.dsv'
[3.119s] INFO:colcon.colcon_core.shell:Creating package script '/home/rospi/aug_2024/install/sllidar_ros2/share/sllidar_ros2/package.sh'
[3.121s] INFO:colcon.colcon_core.shell:Creating package script '/home/rospi/aug_2024/install/sllidar_ros2/share/sllidar_ros2/package.bash'
[3.123s] INFO:colcon.colcon_core.shell:Creating package script '/home/rospi/aug_2024/install/sllidar_ros2/share/sllidar_ros2/package.zsh'
[3.126s] Level 1:colcon.colcon_core.environment:create_file_with_runtime_dependencies(/home/rospi/aug_2024/install/sllidar_ros2/share/colcon-core/packages/sllidar_ros2)
[3.128s] INFO:colcon.colcon_ros.task.ament_cmake.build:Building ROS package in '/home/rospi/aug_2024/src/BMC_2024' with build type 'ament_cmake'
[3.128s] INFO:colcon.colcon_cmake.task.cmake.build:Building CMake package in '/home/rospi/aug_2024/src/BMC_2024'
[3.129s] INFO:colcon.colcon_core.shell:Skip shell extension 'powershell' for command environment: Not usable outside of PowerShell
[3.130s] DEBUG:colcon.colcon_core.shell:Skip shell extension 'dsv' for command environment
[3.164s] DEBUG:colcon.colcon_core.event_handler.log_command:Invoked command in '/home/rospi/aug_2024/build/pigpio' returned '0': /usr/bin/cmake --build /home/rospi/aug_2024/build/pigpio -- -j4 -l4
[3.174s] DEBUG:colcon.colcon_core.event_handler.log_command:Invoking command in '/home/rospi/aug_2024/build/pigpio': /usr/bin/cmake --install /home/rospi/aug_2024/build/pigpio
[3.191s] DEBUG:colcon.colcon_core.event_handler.log_command:Invoking command in '/home/rospi/aug_2024/build/BMC_2024': CMAKE_PREFIX_PATH=/home/rospi/aug_2024/install/sllidar_ros2:/home/rospi/aug_2024/install/aug_2024:/home/rospi/aug_2024/install/BMC_2024:/home/rospi/aug_2024/install/pigpio:/home/rospi/aug_2024/install/my_robot_nav2:/home/rospi/install/aug_2024:/home/rospi/install/BMC_2024:/home/rospi/install/sllidar_ros2:/home/rospi/install/rowbot:/home/rospi/install/ros2_agr120:/home/rospi/install/my_robot_nav2:/home/rospi/install/iio_devices_ros:/home/rospi/install/agr120_interfaces:/opt/ros/humble /usr/bin/cmake --build /home/rospi/aug_2024/build/BMC_2024 -- -j4 -l4
[3.501s] Level 1:colcon.colcon_core.environment:create_environment_scripts_only(pigpio)
[3.503s] Level 1:colcon.colcon_core.environment:checking '/home/rospi/aug_2024/install/pigpio' for CMake module files
[3.505s] DEBUG:colcon.colcon_core.event_handler.log_command:Invoked command in '/home/rospi/aug_2024/build/pigpio' returned '0': /usr/bin/cmake --install /home/rospi/aug_2024/build/pigpio
[3.508s] Level 1:colcon.colcon_core.environment:checking '/home/rospi/aug_2024/install/pigpio' for CMake config files
[3.509s] Level 1:colcon.colcon_core.shell:create_environment_hook('pigpio', 'cmake_prefix_path')
[3.510s] INFO:colcon.colcon_core.shell:Creating environment hook '/home/rospi/aug_2024/install/pigpio/share/pigpio/hook/cmake_prefix_path.ps1'
[3.512s] INFO:colcon.colcon_core.shell:Creating environment descriptor '/home/rospi/aug_2024/install/pigpio/share/pigpio/hook/cmake_prefix_path.dsv'
[3.514s] INFO:colcon.colcon_core.shell:Creating environment hook '/home/rospi/aug_2024/install/pigpio/share/pigpio/hook/cmake_prefix_path.sh'
[3.518s] Level 1:colcon.colcon_core.environment:checking '/home/rospi/aug_2024/install/pigpio/lib'
[3.518s] Level 1:colcon.colcon_core.shell:create_environment_hook('pigpio', 'ld_library_path_lib')
[3.519s] INFO:colcon.colcon_core.shell:Creating environment hook '/home/rospi/aug_2024/install/pigpio/share/pigpio/hook/ld_library_path_lib.ps1'
[3.521s] INFO:colcon.colcon_core.shell:Creating environment descriptor '/home/rospi/aug_2024/install/pigpio/share/pigpio/hook/ld_library_path_lib.dsv'
[3.523s] INFO:colcon.colcon_core.shell:Creating environment hook '/home/rospi/aug_2024/install/pigpio/share/pigpio/hook/ld_library_path_lib.sh'
[3.526s] Level 1:colcon.colcon_core.environment:checking '/home/rospi/aug_2024/install/pigpio/bin'
[3.527s] Level 1:colcon.colcon_core.shell:create_environment_hook('pigpio', 'path')
[3.528s] INFO:colcon.colcon_core.shell:Creating environment hook '/home/rospi/aug_2024/install/pigpio/share/pigpio/hook/path.ps1'
[3.530s] INFO:colcon.colcon_core.shell:Creating environment descriptor '/home/rospi/aug_2024/install/pigpio/share/pigpio/hook/path.dsv'
[3.533s] INFO:colcon.colcon_core.shell:Creating environment hook '/home/rospi/aug_2024/install/pigpio/share/pigpio/hook/path.sh'
[3.535s] Level 1:colcon.colcon_core.environment:checking '/home/rospi/aug_2024/install/pigpio/lib/pkgconfig/pigpio.pc'
[3.537s] Level 1:colcon.colcon_core.environment:checking '/home/rospi/aug_2024/install/pigpio/lib/python3.10/site-packages'
[3.539s] Level 1:colcon.colcon_core.environment:checking '/home/rospi/aug_2024/install/pigpio/bin'
[3.540s] Level 1:colcon.colcon_core.shell:create_environment_hook('pigpio', 'pythonscriptspath')
[3.541s] INFO:colcon.colcon_core.shell:Creating environment hook '/home/rospi/aug_2024/install/pigpio/share/pigpio/hook/pythonscriptspath.ps1'
[3.543s] INFO:colcon.colcon_core.shell:Creating environment descriptor '/home/rospi/aug_2024/install/pigpio/share/pigpio/hook/pythonscriptspath.dsv'
[3.546s] INFO:colcon.colcon_core.shell:Creating environment hook '/home/rospi/aug_2024/install/pigpio/share/pigpio/hook/pythonscriptspath.sh'
[3.550s] INFO:colcon.colcon_core.shell:Creating package script '/home/rospi/aug_2024/install/pigpio/share/pigpio/package.ps1'
[3.553s] INFO:colcon.colcon_core.shell:Creating package descriptor '/home/rospi/aug_2024/install/pigpio/share/pigpio/package.dsv'
[3.556s] INFO:colcon.colcon_core.shell:Creating package script '/home/rospi/aug_2024/install/pigpio/share/pigpio/package.sh'
[3.559s] INFO:colcon.colcon_core.shell:Creating package script '/home/rospi/aug_2024/install/pigpio/share/pigpio/package.bash'
[3.561s] INFO:colcon.colcon_core.shell:Creating package script '/home/rospi/aug_2024/install/pigpio/share/pigpio/package.zsh'
[3.562s] Level 1:colcon.colcon_core.environment:create_file_with_runtime_dependencies(/home/rospi/aug_2024/install/pigpio/share/colcon-core/packages/pigpio)
[3.569s] DEBUG:colcon.colcon_core.event_handler.log_command:Invoked command in '/home/rospi/aug_2024/build/BMC_2024' returned '0': CMAKE_PREFIX_PATH=/home/rospi/aug_2024/install/sllidar_ros2:/home/rospi/aug_2024/install/aug_2024:/home/rospi/aug_2024/install/BMC_2024:/home/rospi/aug_2024/install/pigpio:/home/rospi/aug_2024/install/my_robot_nav2:/home/rospi/install/aug_2024:/home/rospi/install/BMC_2024:/home/rospi/install/sllidar_ros2:/home/rospi/install/rowbot:/home/rospi/install/ros2_agr120:/home/rospi/install/my_robot_nav2:/home/rospi/install/iio_devices_ros:/home/rospi/install/agr120_interfaces:/opt/ros/humble /usr/bin/cmake --build /home/rospi/aug_2024/build/BMC_2024 -- -j4 -l4
[3.578s] DEBUG:colcon.colcon_core.event_handler.log_command:Invoking command in '/home/rospi/aug_2024/build/BMC_2024': CMAKE_PREFIX_PATH=/home/rospi/aug_2024/install/sllidar_ros2:/home/rospi/aug_2024/install/aug_2024:/home/rospi/aug_2024/install/BMC_2024:/home/rospi/aug_2024/install/pigpio:/home/rospi/aug_2024/install/my_robot_nav2:/home/rospi/install/aug_2024:/home/rospi/install/BMC_2024:/home/rospi/install/sllidar_ros2:/home/rospi/install/rowbot:/home/rospi/install/ros2_agr120:/home/rospi/install/my_robot_nav2:/home/rospi/install/iio_devices_ros:/home/rospi/install/agr120_interfaces:/opt/ros/humble /usr/bin/cmake --install /home/rospi/aug_2024/build/BMC_2024
[3.629s] Level 1:colcon.colcon_core.environment:create_environment_scripts_only(BMC_2024)
[3.631s] Level 1:colcon.colcon_core.environment:checking '/home/rospi/aug_2024/install/BMC_2024' for CMake module files
[3.632s] DEBUG:colcon.colcon_core.event_handler.log_command:Invoked command in '/home/rospi/aug_2024/build/BMC_2024' returned '0': CMAKE_PREFIX_PATH=/home/rospi/aug_2024/install/sllidar_ros2:/home/rospi/aug_2024/install/aug_2024:/home/rospi/aug_2024/install/BMC_2024:/home/rospi/aug_2024/install/pigpio:/home/rospi/aug_2024/install/my_robot_nav2:/home/rospi/install/aug_2024:/home/rospi/install/BMC_2024:/home/rospi/install/sllidar_ros2:/home/rospi/install/rowbot:/home/rospi/install/ros2_agr120:/home/rospi/install/my_robot_nav2:/home/rospi/install/iio_devices_ros:/home/rospi/install/agr120_interfaces:/opt/ros/humble /usr/bin/cmake --install /home/rospi/aug_2024/build/BMC_2024
[3.635s] Level 1:colcon.colcon_core.environment:checking '/home/rospi/aug_2024/install/BMC_2024' for CMake config files
[3.636s] Level 1:colcon.colcon_core.shell:create_environment_hook('BMC_2024', 'cmake_prefix_path')
[3.637s] INFO:colcon.colcon_core.shell:Creating environment hook '/home/rospi/aug_2024/install/BMC_2024/share/BMC_2024/hook/cmake_prefix_path.ps1'
[3.640s] INFO:colcon.colcon_core.shell:Creating environment descriptor '/home/rospi/aug_2024/install/BMC_2024/share/BMC_2024/hook/cmake_prefix_path.dsv'
[3.641s] INFO:colcon.colcon_core.shell:Creating environment hook '/home/rospi/aug_2024/install/BMC_2024/share/BMC_2024/hook/cmake_prefix_path.sh'
[3.644s] Level 1:colcon.colcon_core.environment:checking '/home/rospi/aug_2024/install/BMC_2024/lib'
[3.645s] Level 1:colcon.colcon_core.shell:create_environment_hook('BMC_2024', 'ld_library_path_lib')
[3.645s] INFO:colcon.colcon_core.shell:Creating environment hook '/home/rospi/aug_2024/install/BMC_2024/share/BMC_2024/hook/ld_library_path_lib.ps1'
[3.647s] INFO:colcon.colcon_core.shell:Creating environment descriptor '/home/rospi/aug_2024/install/BMC_2024/share/BMC_2024/hook/ld_library_path_lib.dsv'
[3.649s] INFO:colcon.colcon_core.shell:Creating environment hook '/home/rospi/aug_2024/install/BMC_2024/share/BMC_2024/hook/ld_library_path_lib.sh'
[3.651s] Level 1:colcon.colcon_core.environment:checking '/home/rospi/aug_2024/install/BMC_2024/bin'
[3.652s] Level 1:colcon.colcon_core.environment:checking '/home/rospi/aug_2024/install/BMC_2024/lib/pkgconfig/BMC_2024.pc'
[3.653s] Level 1:colcon.colcon_core.environment:checking '/home/rospi/aug_2024/install/BMC_2024/lib/python3.10/site-packages'
[3.654s] Level 1:colcon.colcon_core.environment:checking '/home/rospi/aug_2024/install/BMC_2024/bin'
[3.655s] INFO:colcon.colcon_core.shell:Creating package script '/home/rospi/aug_2024/install/BMC_2024/share/BMC_2024/package.ps1'
[3.657s] INFO:colcon.colcon_core.shell:Creating package descriptor '/home/rospi/aug_2024/install/BMC_2024/share/BMC_2024/package.dsv'
[3.660s] INFO:colcon.colcon_core.shell:Creating package script '/home/rospi/aug_2024/install/BMC_2024/share/BMC_2024/package.sh'
[3.662s] INFO:colcon.colcon_core.shell:Creating package script '/home/rospi/aug_2024/install/BMC_2024/share/BMC_2024/package.bash'
[3.664s] INFO:colcon.colcon_core.shell:Creating package script '/home/rospi/aug_2024/install/BMC_2024/share/BMC_2024/package.zsh'
[3.665s] Level 1:colcon.colcon_core.environment:create_file_with_runtime_dependencies(/home/rospi/aug_2024/install/BMC_2024/share/colcon-core/packages/BMC_2024)
[3.668s] Level 1:colcon.colcon_core.environment:create_environment_scripts_only(BMC_2024)
[3.669s] Level 1:colcon.colcon_core.environment:checking '/home/rospi/aug_2024/install/BMC_2024' for CMake module files
[3.672s] Level 1:colcon.colcon_core.environment:checking '/home/rospi/aug_2024/install/BMC_2024' for CMake config files
[3.673s] Level 1:colcon.colcon_core.shell:create_environment_hook('BMC_2024', 'cmake_prefix_path')
[3.674s] INFO:colcon.colcon_core.shell:Creating environment hook '/home/rospi/aug_2024/install/BMC_2024/share/BMC_2024/hook/cmake_prefix_path.ps1'
[3.676s] INFO:colcon.colcon_core.shell:Creating environment descriptor '/home/rospi/aug_2024/install/BMC_2024/share/BMC_2024/hook/cmake_prefix_path.dsv'
[3.678s] INFO:colcon.colcon_core.shell:Creating environment hook '/home/rospi/aug_2024/install/BMC_2024/share/BMC_2024/hook/cmake_prefix_path.sh'
[3.681s] Level 1:colcon.colcon_core.environment:checking '/home/rospi/aug_2024/install/BMC_2024/lib'
[3.681s] Level 1:colcon.colcon_core.shell:create_environment_hook('BMC_2024', 'ld_library_path_lib')
[3.682s] INFO:colcon.colcon_core.shell:Creating environment hook '/home/rospi/aug_2024/install/BMC_2024/share/BMC_2024/hook/ld_library_path_lib.ps1'
[3.684s] INFO:colcon.colcon_core.shell:Creating environment descriptor '/home/rospi/aug_2024/install/BMC_2024/share/BMC_2024/hook/ld_library_path_lib.dsv'
[3.686s] INFO:colcon.colcon_core.shell:Creating environment hook '/home/rospi/aug_2024/install/BMC_2024/share/BMC_2024/hook/ld_library_path_lib.sh'
[3.689s] Level 1:colcon.colcon_core.environment:checking '/home/rospi/aug_2024/install/BMC_2024/bin'
[3.689s] Level 1:colcon.colcon_core.environment:checking '/home/rospi/aug_2024/install/BMC_2024/lib/pkgconfig/BMC_2024.pc'
[3.690s] Level 1:colcon.colcon_core.environment:checking '/home/rospi/aug_2024/install/BMC_2024/lib/python3.10/site-packages'
[3.691s] Level 1:colcon.colcon_core.environment:checking '/home/rospi/aug_2024/install/BMC_2024/bin'
[3.692s] INFO:colcon.colcon_core.shell:Creating package script '/home/rospi/aug_2024/install/BMC_2024/share/BMC_2024/package.ps1'
[3.695s] INFO:colcon.colcon_core.shell:Creating package descriptor '/home/rospi/aug_2024/install/BMC_2024/share/BMC_2024/package.dsv'
[3.697s] INFO:colcon.colcon_core.shell:Creating package script '/home/rospi/aug_2024/install/BMC_2024/share/BMC_2024/package.sh'
[3.700s] INFO:colcon.colcon_core.shell:Creating package script '/home/rospi/aug_2024/install/BMC_2024/share/BMC_2024/package.bash'
[3.702s] INFO:colcon.colcon_core.shell:Creating package script '/home/rospi/aug_2024/install/BMC_2024/share/BMC_2024/package.zsh'
[3.704s] Level 1:colcon.colcon_core.environment:create_file_with_runtime_dependencies(/home/rospi/aug_2024/install/BMC_2024/share/colcon-core/packages/BMC_2024)
[3.705s] INFO:colcon.colcon_ros.task.ament_cmake.build:Building ROS package in '/home/rospi/aug_2024/src/aug_2024' with build type 'ament_cmake'
[3.706s] INFO:colcon.colcon_cmake.task.cmake.build:Building CMake package in '/home/rospi/aug_2024/src/aug_2024'
[3.707s] INFO:colcon.colcon_core.shell:Skip shell extension 'powershell' for command environment: Not usable outside of PowerShell
[3.707s] DEBUG:colcon.colcon_core.shell:Skip shell extension 'dsv' for command environment
[3.775s] DEBUG:colcon.colcon_core.event_handler.log_command:Invoking command in '/home/rospi/aug_2024/build/aug_2024': CMAKE_PREFIX_PATH=/home/rospi/aug_2024/install/BMC_2024:/home/rospi/aug_2024/install/sllidar_ros2:/home/rospi/aug_2024/install/aug_2024:/home/rospi/aug_2024/install/pigpio:/home/rospi/aug_2024/install/my_robot_nav2:/home/rospi/install/aug_2024:/home/rospi/install/BMC_2024:/home/rospi/install/sllidar_ros2:/home/rospi/install/rowbot:/home/rospi/install/ros2_agr120:/home/rospi/install/my_robot_nav2:/home/rospi/install/iio_devices_ros:/home/rospi/install/agr120_interfaces:/opt/ros/humble /usr/bin/cmake --build /home/rospi/aug_2024/build/aug_2024 -- -j4 -l4
[4.102s] DEBUG:colcon.colcon_core.event_handler.log_command:Invoked command in '/home/rospi/aug_2024/build/aug_2024' returned '0': CMAKE_PREFIX_PATH=/home/rospi/aug_2024/install/BMC_2024:/home/rospi/aug_2024/install/sllidar_ros2:/home/rospi/aug_2024/install/aug_2024:/home/rospi/aug_2024/install/pigpio:/home/rospi/aug_2024/install/my_robot_nav2:/home/rospi/install/aug_2024:/home/rospi/install/BMC_2024:/home/rospi/install/sllidar_ros2:/home/rospi/install/rowbot:/home/rospi/install/ros2_agr120:/home/rospi/install/my_robot_nav2:/home/rospi/install/iio_devices_ros:/home/rospi/install/agr120_interfaces:/opt/ros/humble /usr/bin/cmake --build /home/rospi/aug_2024/build/aug_2024 -- -j4 -l4
[4.111s] DEBUG:colcon.colcon_core.event_handler.log_command:Invoking command in '/home/rospi/aug_2024/build/aug_2024': CMAKE_PREFIX_PATH=/home/rospi/aug_2024/install/BMC_2024:/home/rospi/aug_2024/install/sllidar_ros2:/home/rospi/aug_2024/install/aug_2024:/home/rospi/aug_2024/install/pigpio:/home/rospi/aug_2024/install/my_robot_nav2:/home/rospi/install/aug_2024:/home/rospi/install/BMC_2024:/home/rospi/install/sllidar_ros2:/home/rospi/install/rowbot:/home/rospi/install/ros2_agr120:/home/rospi/install/my_robot_nav2:/home/rospi/install/iio_devices_ros:/home/rospi/install/agr120_interfaces:/opt/ros/humble /usr/bin/cmake --install /home/rospi/aug_2024/build/aug_2024
[4.175s] Level 1:colcon.colcon_core.environment:create_environment_scripts_only(aug_2024)
[4.177s] Level 1:colcon.colcon_core.environment:checking '/home/rospi/aug_2024/install/aug_2024' for CMake module files
[4.187s] Level 1:colcon.colcon_core.environment:checking '/home/rospi/aug_2024/install/aug_2024' for CMake config files
[4.208s] Level 1:colcon.colcon_core.shell:create_environment_hook('aug_2024', 'cmake_prefix_path')
[4.210s] INFO:colcon.colcon_core.shell:Creating environment hook '/home/rospi/aug_2024/install/aug_2024/share/aug_2024/hook/cmake_prefix_path.ps1'
[4.213s] INFO:colcon.colcon_core.shell:Creating environment descriptor '/home/rospi/aug_2024/install/aug_2024/share/aug_2024/hook/cmake_prefix_path.dsv'
[4.215s] INFO:colcon.colcon_core.shell:Creating environment hook '/home/rospi/aug_2024/install/aug_2024/share/aug_2024/hook/cmake_prefix_path.sh'
[4.221s] DEBUG:colcon.colcon_core.event_handler.log_command:Invoked command in '/home/rospi/aug_2024/build/aug_2024' returned '0': CMAKE_PREFIX_PATH=/home/rospi/aug_2024/install/BMC_2024:/home/rospi/aug_2024/install/sllidar_ros2:/home/rospi/aug_2024/install/aug_2024:/home/rospi/aug_2024/install/pigpio:/home/rospi/aug_2024/install/my_robot_nav2:/home/rospi/install/aug_2024:/home/rospi/install/BMC_2024:/home/rospi/install/sllidar_ros2:/home/rospi/install/rowbot:/home/rospi/install/ros2_agr120:/home/rospi/install/my_robot_nav2:/home/rospi/install/iio_devices_ros:/home/rospi/install/agr120_interfaces:/opt/ros/humble /usr/bin/cmake --install /home/rospi/aug_2024/build/aug_2024
[4.225s] Level 1:colcon.colcon_core.environment:checking '/home/rospi/aug_2024/install/aug_2024/lib'
[4.226s] Level 1:colcon.colcon_core.environment:checking '/home/rospi/aug_2024/install/aug_2024/bin'
[4.227s] Level 1:colcon.colcon_core.environment:checking '/home/rospi/aug_2024/install/aug_2024/lib/pkgconfig/aug_2024.pc'
[4.228s] Level 1:colcon.colcon_core.environment:checking '/home/rospi/aug_2024/install/aug_2024/lib/python3.10/site-packages'
[4.230s] Level 1:colcon.colcon_core.environment:checking '/home/rospi/aug_2024/install/aug_2024/bin'
[4.231s] INFO:colcon.colcon_core.shell:Creating package script '/home/rospi/aug_2024/install/aug_2024/share/aug_2024/package.ps1'
[4.234s] INFO:colcon.colcon_core.shell:Creating package descriptor '/home/rospi/aug_2024/install/aug_2024/share/aug_2024/package.dsv'
[4.239s] INFO:colcon.colcon_core.shell:Creating package script '/home/rospi/aug_2024/install/aug_2024/share/aug_2024/package.sh'
[4.243s] INFO:colcon.colcon_core.shell:Creating package script '/home/rospi/aug_2024/install/aug_2024/share/aug_2024/package.bash'
[4.246s] INFO:colcon.colcon_core.shell:Creating package script '/home/rospi/aug_2024/install/aug_2024/share/aug_2024/package.zsh'
[4.248s] Level 1:colcon.colcon_core.environment:create_file_with_runtime_dependencies(/home/rospi/aug_2024/install/aug_2024/share/colcon-core/packages/aug_2024)
[4.252s] Level 1:colcon.colcon_core.environment:create_environment_scripts_only(aug_2024)
[4.253s] Level 1:colcon.colcon_core.environment:checking '/home/rospi/aug_2024/install/aug_2024' for CMake module files
[4.257s] Level 1:colcon.colcon_core.environment:checking '/home/rospi/aug_2024/install/aug_2024' for CMake config files
[4.261s] Level 1:colcon.colcon_core.shell:create_environment_hook('aug_2024', 'cmake_prefix_path')
[4.262s] INFO:colcon.colcon_core.shell:Creating environment hook '/home/rospi/aug_2024/install/aug_2024/share/aug_2024/hook/cmake_prefix_path.ps1'
[4.265s] INFO:colcon.colcon_core.shell:Creating environment descriptor '/home/rospi/aug_2024/install/aug_2024/share/aug_2024/hook/cmake_prefix_path.dsv'
[4.268s] INFO:colcon.colcon_core.shell:Creating environment hook '/home/rospi/aug_2024/install/aug_2024/share/aug_2024/hook/cmake_prefix_path.sh'
[4.272s] Level 1:colcon.colcon_core.environment:checking '/home/rospi/aug_2024/install/aug_2024/lib'
[4.272s] Level 1:colcon.colcon_core.environment:checking '/home/rospi/aug_2024/install/aug_2024/bin'
[4.273s] Level 1:colcon.colcon_core.environment:checking '/home/rospi/aug_2024/install/aug_2024/lib/pkgconfig/aug_2024.pc'
[4.274s] Level 1:colcon.colcon_core.environment:checking '/home/rospi/aug_2024/install/aug_2024/lib/python3.10/site-packages'
[4.276s] Level 1:colcon.colcon_core.environment:checking '/home/rospi/aug_2024/install/aug_2024/bin'
[4.277s] INFO:colcon.colcon_core.shell:Creating package script '/home/rospi/aug_2024/install/aug_2024/share/aug_2024/package.ps1'
[4.280s] INFO:colcon.colcon_core.shell:Creating package descriptor '/home/rospi/aug_2024/install/aug_2024/share/aug_2024/package.dsv'
[4.284s] INFO:colcon.colcon_core.shell:Creating package script '/home/rospi/aug_2024/install/aug_2024/share/aug_2024/package.sh'
[4.287s] INFO:colcon.colcon_core.shell:Creating package script '/home/rospi/aug_2024/install/aug_2024/share/aug_2024/package.bash'
[4.289s] INFO:colcon.colcon_core.shell:Creating package script '/home/rospi/aug_2024/install/aug_2024/share/aug_2024/package.zsh'
[4.293s] Level 1:colcon.colcon_core.environment:create_file_with_runtime_dependencies(/home/rospi/aug_2024/install/aug_2024/share/colcon-core/packages/aug_2024)
[4.297s] DEBUG:colcon.colcon_parallel_executor.executor.parallel:closing loop
[4.298s] DEBUG:colcon.colcon_parallel_executor.executor.parallel:loop closed
[4.298s] DEBUG:colcon.colcon_parallel_executor.executor.parallel:run_until_complete finished with '0'
[4.298s] DEBUG:colcon.colcon_core.event_reactor:joining thread
[4.328s] INFO:colcon.colcon_core.plugin_system:Skipping extension 'colcon_notification.desktop_notification.notify_send': Could not find 'notify-send'
[4.329s] INFO:colcon.colcon_core.plugin_system:Skipping extension 'colcon_notification.desktop_notification.terminal_notifier': Not used on non-Darwin systems
[4.329s] INFO:colcon.colcon_core.plugin_system:Skipping extension 'colcon_notification.desktop_notification.win32': Not used on non-Windows systems
[4.330s] INFO:colcon.colcon_notification.desktop_notification:Sending desktop notification using 'notify2'
[4.335s] DEBUG:colcon.colcon_notification.desktop_notification.notify2:Failed to initialize notify2: org.freedesktop.DBus.Error.ServiceUnknown: The name org.freedesktop.Notifications was not provided by any .service files
[4.335s] DEBUG:colcon.colcon_core.event_reactor:joined thread
[4.337s] INFO:colcon.colcon_core.shell:Creating prefix script '/home/rospi/aug_2024/install/local_setup.ps1'
[4.342s] INFO:colcon.colcon_core.shell:Creating prefix util module '/home/rospi/aug_2024/install/_local_setup_util_ps1.py'
[4.350s] INFO:colcon.colcon_core.shell:Creating prefix chain script '/home/rospi/aug_2024/install/setup.ps1'
[4.362s] INFO:colcon.colcon_core.shell:Creating prefix script '/home/rospi/aug_2024/install/local_setup.sh'
[4.366s] INFO:colcon.colcon_core.shell:Creating prefix util module '/home/rospi/aug_2024/install/_local_setup_util_sh.py'
[4.371s] INFO:colcon.colcon_core.shell:Creating prefix chain script '/home/rospi/aug_2024/install/setup.sh'
[4.387s] INFO:colcon.colcon_core.shell:Creating prefix script '/home/rospi/aug_2024/install/local_setup.bash'
[4.390s] INFO:colcon.colcon_core.shell:Creating prefix chain script '/home/rospi/aug_2024/install/setup.bash'
[4.400s] INFO:colcon.colcon_core.shell:Creating prefix script '/home/rospi/aug_2024/install/local_setup.zsh'
[4.403s] INFO:colcon.colcon_core.shell:Creating prefix chain script '/home/rospi/aug_2024/install/setup.zsh'
