[0.534s] DEBUG:colcon:Command line arguments: ['/usr/bin/colcon', 'build']
[0.534s] DEBUG:colcon:Parsed command line arguments: Namespace(log_base=None, log_level=None, verb_name='build', build_base='build', install_base='install', merge_install=False, symlink_install=False, test_result_base=None, continue_on_error=False, executor='parallel', parallel_workers=4, event_handlers=None, ignore_user_meta=False, metas=['./colcon.meta'], base_paths=['.'], packages_ignore=None, packages_ignore_regex=None, paths=None, packages_up_to=None, packages_up_to_regex=None, packages_above=None, packages_above_and_dependencies=None, packages_above_depth=None, packages_select_by_dep=None, packages_skip_by_dep=None, packages_skip_up_to=None, packages_select_build_failed=False, packages_skip_build_finished=False, packages_select_test_failures=False, packages_skip_test_passed=False, packages_select=None, packages_skip=None, packages_select_regex=None, packages_skip_regex=None, packages_start=None, packages_end=None, allow_overriding=[], cmake_args=None, cmake_target=None, cmake_target_skip_unavailable=False, cmake_clean_cache=False, cmake_clean_first=False, cmake_force_configure=False, ament_cmake_args=None, catkin_cmake_args=None, catkin_skip_building_tests=False, mixin_files=None, mixin=None, verb_parser=<colcon_mixin.mixin.mixin_argument.MixinArgumentDecorator object at 0xffffa9269960>, verb_extension=<colcon_core.verb.build.BuildVerb object at 0xffffa941e8f0>, main=<bound method BuildVerb.main of <colcon_core.verb.build.BuildVerb object at 0xffffa941e8f0>>, mixin_verb=('build',))
[1.601s] Level 1:colcon.colcon_core.package_discovery:discover_packages(colcon_meta) check parameters
[1.601s] Level 1:colcon.colcon_core.package_discovery:discover_packages(recursive) check parameters
[1.601s] Level 1:colcon.colcon_core.package_discovery:discover_packages(ignore) check parameters
[1.601s] Level 1:colcon.colcon_core.package_discovery:discover_packages(path) check parameters
[1.602s] Level 1:colcon.colcon_core.package_discovery:discover_packages(colcon_meta) discover
[1.602s] Level 1:colcon.colcon_core.package_discovery:discover_packages(recursive) discover
[1.602s] INFO:colcon.colcon_core.package_discovery:Crawling recursively for packages in '/home/rospi/aug_2024'
[1.603s] Level 1:colcon.colcon_core.package_identification:_identify(.) by extensions ['ignore', 'ignore_ament_install']
[1.603s] Level 1:colcon.colcon_core.package_identification:_identify(.) by extension 'ignore'
[1.603s] Level 1:colcon.colcon_core.package_identification:_identify(.) by extension 'ignore_ament_install'
[1.604s] Level 1:colcon.colcon_core.package_identification:_identify(.) by extensions ['colcon_pkg']
[1.604s] Level 1:colcon.colcon_core.package_identification:_identify(.) by extension 'colcon_pkg'
[1.604s] Level 1:colcon.colcon_core.package_identification:_identify(.) by extensions ['colcon_meta']
[1.604s] Level 1:colcon.colcon_core.package_identification:_identify(.) by extension 'colcon_meta'
[1.604s] Level 1:colcon.colcon_core.package_identification:_identify(.) by extensions ['ros']
[1.604s] Level 1:colcon.colcon_core.package_identification:_identify(.) by extension 'ros'
[1.656s] Level 1:colcon.colcon_core.package_identification:_identify(.) by extensions ['cmake', 'python']
[1.657s] Level 1:colcon.colcon_core.package_identification:_identify(.) by extension 'cmake'
[1.657s] Level 1:colcon.colcon_core.package_identification:_identify(.) by extension 'python'
[1.657s] Level 1:colcon.colcon_core.package_identification:_identify(.) by extensions ['python_setup_py']
[1.657s] Level 1:colcon.colcon_core.package_identification:_identify(.) by extension 'python_setup_py'
[1.658s] Level 1:colcon.colcon_core.package_identification:_identify(build) by extensions ['ignore', 'ignore_ament_install']
[1.658s] Level 1:colcon.colcon_core.package_identification:_identify(build) by extension 'ignore'
[1.658s] Level 1:colcon.colcon_core.package_identification:_identify(build) ignored
[1.659s] Level 1:colcon.colcon_core.package_identification:_identify(install) by extensions ['ignore', 'ignore_ament_install']
[1.659s] Level 1:colcon.colcon_core.package_identification:_identify(install) by extension 'ignore'
[1.660s] Level 1:colcon.colcon_core.package_identification:_identify(install) ignored
[1.661s] Level 1:colcon.colcon_core.package_identification:_identify(log) by extensions ['ignore', 'ignore_ament_install']
[1.662s] Level 1:colcon.colcon_core.package_identification:_identify(log) by extension 'ignore'
[1.662s] Level 1:colcon.colcon_core.package_identification:_identify(log) ignored
[1.663s] Level 1:colcon.colcon_core.package_identification:_identify(src) by extensions ['ignore', 'ignore_ament_install']
[1.663s] Level 1:colcon.colcon_core.package_identification:_identify(src) by extension 'ignore'
[1.663s] Level 1:colcon.colcon_core.package_identification:_identify(src) by extension 'ignore_ament_install'
[1.663s] Level 1:colcon.colcon_core.package_identification:_identify(src) by extensions ['colcon_pkg']
[1.664s] Level 1:colcon.colcon_core.package_identification:_identify(src) by extension 'colcon_pkg'
[1.664s] Level 1:colcon.colcon_core.package_identification:_identify(src) by extensions ['colcon_meta']
[1.664s] Level 1:colcon.colcon_core.package_identification:_identify(src) by extension 'colcon_meta'
[1.664s] Level 1:colcon.colcon_core.package_identification:_identify(src) by extensions ['ros']
[1.664s] Level 1:colcon.colcon_core.package_identification:_identify(src) by extension 'ros'
[1.665s] Level 1:colcon.colcon_core.package_identification:_identify(src) by extensions ['cmake', 'python']
[1.665s] Level 1:colcon.colcon_core.package_identification:_identify(src) by extension 'cmake'
[1.665s] Level 1:colcon.colcon_core.package_identification:_identify(src) by extension 'python'
[1.665s] Level 1:colcon.colcon_core.package_identification:_identify(src) by extensions ['python_setup_py']
[1.665s] Level 1:colcon.colcon_core.package_identification:_identify(src) by extension 'python_setup_py'
[1.666s] Level 1:colcon.colcon_core.package_identification:_identify(src/BMC_2024) by extensions ['ignore', 'ignore_ament_install']
[1.666s] Level 1:colcon.colcon_core.package_identification:_identify(src/BMC_2024) by extension 'ignore'
[1.666s] Level 1:colcon.colcon_core.package_identification:_identify(src/BMC_2024) by extension 'ignore_ament_install'
[1.667s] Level 1:colcon.colcon_core.package_identification:_identify(src/BMC_2024) by extensions ['colcon_pkg']
[1.667s] Level 1:colcon.colcon_core.package_identification:_identify(src/BMC_2024) by extension 'colcon_pkg'
[1.667s] Level 1:colcon.colcon_core.package_identification:_identify(src/BMC_2024) by extensions ['colcon_meta']
[1.667s] Level 1:colcon.colcon_core.package_identification:_identify(src/BMC_2024) by extension 'colcon_meta'
[1.667s] Level 1:colcon.colcon_core.package_identification:_identify(src/BMC_2024) by extensions ['ros']
[1.667s] Level 1:colcon.colcon_core.package_identification:_identify(src/BMC_2024) by extension 'ros'
[1.680s] DEBUG:colcon.colcon_core.package_identification:Package 'src/BMC_2024' with type 'ros.ament_cmake' and name 'BMC_2024'
[1.681s] Level 1:colcon.colcon_core.package_identification:_identify(src/aug_2024) by extensions ['ignore', 'ignore_ament_install']
[1.681s] Level 1:colcon.colcon_core.package_identification:_identify(src/aug_2024) by extension 'ignore'
[1.681s] Level 1:colcon.colcon_core.package_identification:_identify(src/aug_2024) by extension 'ignore_ament_install'
[1.682s] Level 1:colcon.colcon_core.package_identification:_identify(src/aug_2024) by extensions ['colcon_pkg']
[1.682s] Level 1:colcon.colcon_core.package_identification:_identify(src/aug_2024) by extension 'colcon_pkg'
[1.682s] Level 1:colcon.colcon_core.package_identification:_identify(src/aug_2024) by extensions ['colcon_meta']
[1.682s] Level 1:colcon.colcon_core.package_identification:_identify(src/aug_2024) by extension 'colcon_meta'
[1.682s] Level 1:colcon.colcon_core.package_identification:_identify(src/aug_2024) by extensions ['ros']
[1.683s] Level 1:colcon.colcon_core.package_identification:_identify(src/aug_2024) by extension 'ros'
[1.692s] DEBUG:colcon.colcon_core.package_identification:Package 'src/aug_2024' with type 'ros.ament_cmake' and name 'aug_2024'
[1.693s] Level 1:colcon.colcon_core.package_identification:_identify(src/build) by extensions ['ignore', 'ignore_ament_install']
[1.694s] Level 1:colcon.colcon_core.package_identification:_identify(src/build) by extension 'ignore'
[1.694s] Level 1:colcon.colcon_core.package_identification:_identify(src/build) ignored
[1.694s] Level 1:colcon.colcon_core.package_identification:_identify(src/gazebo_ros2_control) by extensions ['ignore', 'ignore_ament_install']
[1.695s] Level 1:colcon.colcon_core.package_identification:_identify(src/gazebo_ros2_control) by extension 'ignore'
[1.695s] Level 1:colcon.colcon_core.package_identification:_identify(src/gazebo_ros2_control) by extension 'ignore_ament_install'
[1.695s] Level 1:colcon.colcon_core.package_identification:_identify(src/gazebo_ros2_control) by extensions ['colcon_pkg']
[1.695s] Level 1:colcon.colcon_core.package_identification:_identify(src/gazebo_ros2_control) by extension 'colcon_pkg'
[1.696s] Level 1:colcon.colcon_core.package_identification:_identify(src/gazebo_ros2_control) by extensions ['colcon_meta']
[1.696s] Level 1:colcon.colcon_core.package_identification:_identify(src/gazebo_ros2_control) by extension 'colcon_meta'
[1.696s] Level 1:colcon.colcon_core.package_identification:_identify(src/gazebo_ros2_control) by extensions ['ros']
[1.696s] Level 1:colcon.colcon_core.package_identification:_identify(src/gazebo_ros2_control) by extension 'ros'
[1.696s] Level 1:colcon.colcon_core.package_identification:_identify(src/gazebo_ros2_control) by extensions ['cmake', 'python']
[1.697s] Level 1:colcon.colcon_core.package_identification:_identify(src/gazebo_ros2_control) by extension 'cmake'
[1.697s] Level 1:colcon.colcon_core.package_identification:_identify(src/gazebo_ros2_control) by extension 'python'
[1.697s] Level 1:colcon.colcon_core.package_identification:_identify(src/gazebo_ros2_control) by extensions ['python_setup_py']
[1.697s] Level 1:colcon.colcon_core.package_identification:_identify(src/gazebo_ros2_control) by extension 'python_setup_py'
[1.698s] Level 1:colcon.colcon_core.package_identification:_identify(src/install) by extensions ['ignore', 'ignore_ament_install']
[1.698s] Level 1:colcon.colcon_core.package_identification:_identify(src/install) by extension 'ignore'
[1.698s] Level 1:colcon.colcon_core.package_identification:_identify(src/install) ignored
[1.699s] Level 1:colcon.colcon_core.package_identification:_identify(src/log) by extensions ['ignore', 'ignore_ament_install']
[1.699s] Level 1:colcon.colcon_core.package_identification:_identify(src/log) by extension 'ignore'
[1.699s] Level 1:colcon.colcon_core.package_identification:_identify(src/log) ignored
[1.700s] Level 1:colcon.colcon_core.package_identification:_identify(src/my_robot_nav2) by extensions ['ignore', 'ignore_ament_install']
[1.700s] Level 1:colcon.colcon_core.package_identification:_identify(src/my_robot_nav2) by extension 'ignore'
[1.700s] Level 1:colcon.colcon_core.package_identification:_identify(src/my_robot_nav2) by extension 'ignore_ament_install'
[1.701s] Level 1:colcon.colcon_core.package_identification:_identify(src/my_robot_nav2) by extensions ['colcon_pkg']
[1.701s] Level 1:colcon.colcon_core.package_identification:_identify(src/my_robot_nav2) by extension 'colcon_pkg'
[1.701s] Level 1:colcon.colcon_core.package_identification:_identify(src/my_robot_nav2) by extensions ['colcon_meta']
[1.701s] Level 1:colcon.colcon_core.package_identification:_identify(src/my_robot_nav2) by extension 'colcon_meta'
[1.701s] Level 1:colcon.colcon_core.package_identification:_identify(src/my_robot_nav2) by extensions ['ros']
[1.701s] Level 1:colcon.colcon_core.package_identification:_identify(src/my_robot_nav2) by extension 'ros'
[1.704s] DEBUG:colcon.colcon_core.package_identification:Package 'src/my_robot_nav2' with type 'ros.ament_cmake' and name 'my_robot_nav2'
[1.705s] Level 1:colcon.colcon_core.package_identification:_identify(src/sllidar_ros2) by extensions ['ignore', 'ignore_ament_install']
[1.705s] Level 1:colcon.colcon_core.package_identification:_identify(src/sllidar_ros2) by extension 'ignore'
[1.705s] Level 1:colcon.colcon_core.package_identification:_identify(src/sllidar_ros2) by extension 'ignore_ament_install'
[1.705s] Level 1:colcon.colcon_core.package_identification:_identify(src/sllidar_ros2) by extensions ['colcon_pkg']
[1.706s] Level 1:colcon.colcon_core.package_identification:_identify(src/sllidar_ros2) by extension 'colcon_pkg'
[1.706s] Level 1:colcon.colcon_core.package_identification:_identify(src/sllidar_ros2) by extensions ['colcon_meta']
[1.706s] Level 1:colcon.colcon_core.package_identification:_identify(src/sllidar_ros2) by extension 'colcon_meta'
[1.706s] Level 1:colcon.colcon_core.package_identification:_identify(src/sllidar_ros2) by extensions ['ros']
[1.706s] Level 1:colcon.colcon_core.package_identification:_identify(src/sllidar_ros2) by extension 'ros'
[1.709s] DEBUG:colcon.colcon_core.package_identification:Package 'src/sllidar_ros2' with type 'ros.ament_cmake' and name 'sllidar_ros2'
[1.710s] Level 1:colcon.colcon_core.package_discovery:discover_packages(recursive) using defaults
[1.710s] Level 1:colcon.colcon_core.package_discovery:discover_packages(ignore) discover
[1.710s] Level 1:colcon.colcon_core.package_discovery:discover_packages(ignore) using defaults
[1.710s] Level 1:colcon.colcon_core.package_discovery:discover_packages(path) discover
[1.710s] Level 1:colcon.colcon_core.package_discovery:discover_packages(path) using defaults
[1.841s] Level 1:colcon.colcon_core.package_discovery:discover_packages(prefix_path) check parameters
[1.841s] Level 1:colcon.colcon_core.package_discovery:discover_packages(prefix_path) discover
[1.851s] DEBUG:colcon.colcon_installed_package_information.package_discovery:Found 4 installed packages in /home/rospi/aug_2024/install
[1.865s] DEBUG:colcon.colcon_installed_package_information.package_discovery:Found 372 installed packages in /opt/ros/humble
[1.875s] Level 1:colcon.colcon_core.package_discovery:discover_packages(prefix_path) using defaults
[2.147s] Level 5:colcon.colcon_core.verb:set package 'BMC_2024' build argument 'cmake_args' from command line to 'None'
[2.147s] Level 5:colcon.colcon_core.verb:set package 'BMC_2024' build argument 'cmake_target' from command line to 'None'
[2.148s] Level 5:colcon.colcon_core.verb:set package 'BMC_2024' build argument 'cmake_target_skip_unavailable' from command line to 'False'
[2.148s] Level 5:colcon.colcon_core.verb:set package 'BMC_2024' build argument 'cmake_clean_cache' from command line to 'False'
[2.148s] Level 5:colcon.colcon_core.verb:set package 'BMC_2024' build argument 'cmake_clean_first' from command line to 'False'
[2.148s] Level 5:colcon.colcon_core.verb:set package 'BMC_2024' build argument 'cmake_force_configure' from command line to 'False'
[2.148s] Level 5:colcon.colcon_core.verb:set package 'BMC_2024' build argument 'ament_cmake_args' from command line to 'None'
[2.148s] Level 5:colcon.colcon_core.verb:set package 'BMC_2024' build argument 'catkin_cmake_args' from command line to 'None'
[2.148s] Level 5:colcon.colcon_core.verb:set package 'BMC_2024' build argument 'catkin_skip_building_tests' from command line to 'False'
[2.148s] DEBUG:colcon.colcon_core.verb:Building package 'BMC_2024' with the following arguments: {'ament_cmake_args': None, 'build_base': '/home/rospi/aug_2024/build/BMC_2024', 'catkin_cmake_args': None, 'catkin_skip_building_tests': False, 'cmake_args': None, 'cmake_clean_cache': False, 'cmake_clean_first': False, 'cmake_force_configure': False, 'cmake_target': None, 'cmake_target_skip_unavailable': False, 'install_base': '/home/rospi/aug_2024/install/BMC_2024', 'merge_install': False, 'path': '/home/rospi/aug_2024/src/BMC_2024', 'symlink_install': False, 'test_result_base': None}
[2.150s] Level 5:colcon.colcon_core.verb:set package 'my_robot_nav2' build argument 'cmake_args' from command line to 'None'
[2.150s] Level 5:colcon.colcon_core.verb:set package 'my_robot_nav2' build argument 'cmake_target' from command line to 'None'
[2.150s] Level 5:colcon.colcon_core.verb:set package 'my_robot_nav2' build argument 'cmake_target_skip_unavailable' from command line to 'False'
[2.151s] Level 5:colcon.colcon_core.verb:set package 'my_robot_nav2' build argument 'cmake_clean_cache' from command line to 'False'
[2.151s] Level 5:colcon.colcon_core.verb:set package 'my_robot_nav2' build argument 'cmake_clean_first' from command line to 'False'
[2.151s] Level 5:colcon.colcon_core.verb:set package 'my_robot_nav2' build argument 'cmake_force_configure' from command line to 'False'
[2.151s] Level 5:colcon.colcon_core.verb:set package 'my_robot_nav2' build argument 'ament_cmake_args' from command line to 'None'
[2.151s] Level 5:colcon.colcon_core.verb:set package 'my_robot_nav2' build argument 'catkin_cmake_args' from command line to 'None'
[2.151s] Level 5:colcon.colcon_core.verb:set package 'my_robot_nav2' build argument 'catkin_skip_building_tests' from command line to 'False'
[2.151s] DEBUG:colcon.colcon_core.verb:Building package 'my_robot_nav2' with the following arguments: {'ament_cmake_args': None, 'build_base': '/home/rospi/aug_2024/build/my_robot_nav2', 'catkin_cmake_args': None, 'catkin_skip_building_tests': False, 'cmake_args': None, 'cmake_clean_cache': False, 'cmake_clean_first': False, 'cmake_force_configure': False, 'cmake_target': None, 'cmake_target_skip_unavailable': False, 'install_base': '/home/rospi/aug_2024/install/my_robot_nav2', 'merge_install': False, 'path': '/home/rospi/aug_2024/src/my_robot_nav2', 'symlink_install': False, 'test_result_base': None}
[2.153s] Level 5:colcon.colcon_core.verb:set package 'sllidar_ros2' build argument 'cmake_args' from command line to 'None'
[2.153s] Level 5:colcon.colcon_core.verb:set package 'sllidar_ros2' build argument 'cmake_target' from command line to 'None'
[2.153s] Level 5:colcon.colcon_core.verb:set package 'sllidar_ros2' build argument 'cmake_target_skip_unavailable' from command line to 'False'
[2.153s] Level 5:colcon.colcon_core.verb:set package 'sllidar_ros2' build argument 'cmake_clean_cache' from command line to 'False'
[2.154s] Level 5:colcon.colcon_core.verb:set package 'sllidar_ros2' build argument 'cmake_clean_first' from command line to 'False'
[2.154s] Level 5:colcon.colcon_core.verb:set package 'sllidar_ros2' build argument 'cmake_force_configure' from command line to 'False'
[2.154s] Level 5:colcon.colcon_core.verb:set package 'sllidar_ros2' build argument 'ament_cmake_args' from command line to 'None'
[2.154s] Level 5:colcon.colcon_core.verb:set package 'sllidar_ros2' build argument 'catkin_cmake_args' from command line to 'None'
[2.154s] Level 5:colcon.colcon_core.verb:set package 'sllidar_ros2' build argument 'catkin_skip_building_tests' from command line to 'False'
[2.154s] DEBUG:colcon.colcon_core.verb:Building package 'sllidar_ros2' with the following arguments: {'ament_cmake_args': None, 'build_base': '/home/rospi/aug_2024/build/sllidar_ros2', 'catkin_cmake_args': None, 'catkin_skip_building_tests': False, 'cmake_args': None, 'cmake_clean_cache': False, 'cmake_clean_first': False, 'cmake_force_configure': False, 'cmake_target': None, 'cmake_target_skip_unavailable': False, 'install_base': '/home/rospi/aug_2024/install/sllidar_ros2', 'merge_install': False, 'path': '/home/rospi/aug_2024/src/sllidar_ros2', 'symlink_install': False, 'test_result_base': None}
[2.156s] Level 5:colcon.colcon_core.verb:set package 'aug_2024' build argument 'cmake_args' from command line to 'None'
[2.156s] Level 5:colcon.colcon_core.verb:set package 'aug_2024' build argument 'cmake_target' from command line to 'None'
[2.156s] Level 5:colcon.colcon_core.verb:set package 'aug_2024' build argument 'cmake_target_skip_unavailable' from command line to 'False'
[2.156s] Level 5:colcon.colcon_core.verb:set package 'aug_2024' build argument 'cmake_clean_cache' from command line to 'False'
[2.156s] Level 5:colcon.colcon_core.verb:set package 'aug_2024' build argument 'cmake_clean_first' from command line to 'False'
[2.156s] Level 5:colcon.colcon_core.verb:set package 'aug_2024' build argument 'cmake_force_configure' from command line to 'False'
[2.157s] Level 5:colcon.colcon_core.verb:set package 'aug_2024' build argument 'ament_cmake_args' from command line to 'None'
[2.157s] Level 5:colcon.colcon_core.verb:set package 'aug_2024' build argument 'catkin_cmake_args' from command line to 'None'
[2.157s] Level 5:colcon.colcon_core.verb:set package 'aug_2024' build argument 'catkin_skip_building_tests' from command line to 'False'
[2.157s] DEBUG:colcon.colcon_core.verb:Building package 'aug_2024' with the following arguments: {'ament_cmake_args': None, 'build_base': '/home/rospi/aug_2024/build/aug_2024', 'catkin_cmake_args': None, 'catkin_skip_building_tests': False, 'cmake_args': None, 'cmake_clean_cache': False, 'cmake_clean_first': False, 'cmake_force_configure': False, 'cmake_target': None, 'cmake_target_skip_unavailable': False, 'install_base': '/home/rospi/aug_2024/install/aug_2024', 'merge_install': False, 'path': '/home/rospi/aug_2024/src/aug_2024', 'symlink_install': False, 'test_result_base': None}
[2.158s] INFO:colcon.colcon_core.executor:Executing jobs using 'parallel' executor
[2.161s] DEBUG:colcon.colcon_parallel_executor.executor.parallel:run_until_complete
[2.162s] INFO:colcon.colcon_ros.task.ament_cmake.build:Building ROS package in '/home/rospi/aug_2024/src/BMC_2024' with build type 'ament_cmake'
[2.163s] INFO:colcon.colcon_cmake.task.cmake.build:Building CMake package in '/home/rospi/aug_2024/src/BMC_2024'
[2.172s] INFO:colcon.colcon_core.plugin_system:Skipping extension 'colcon_core.shell.bat': Not used on non-Windows systems
[2.173s] INFO:colcon.colcon_core.shell:Skip shell extension 'powershell' for command environment: Not usable outside of PowerShell
[2.174s] DEBUG:colcon.colcon_core.shell:Skip shell extension 'dsv' for command environment
[2.199s] INFO:colcon.colcon_ros.task.ament_cmake.build:Building ROS package in '/home/rospi/aug_2024/src/sllidar_ros2' with build type 'ament_cmake'
[2.200s] INFO:colcon.colcon_cmake.task.cmake.build:Building CMake package in '/home/rospi/aug_2024/src/sllidar_ros2'
[2.201s] INFO:colcon.colcon_core.shell:Skip shell extension 'powershell' for command environment: Not usable outside of PowerShell
[2.201s] DEBUG:colcon.colcon_core.shell:Skip shell extension 'dsv' for command environment
[2.226s] INFO:colcon.colcon_ros.task.ament_cmake.build:Building ROS package in '/home/rospi/aug_2024/src/my_robot_nav2' with build type 'ament_cmake'
[2.226s] INFO:colcon.colcon_cmake.task.cmake.build:Building CMake package in '/home/rospi/aug_2024/src/my_robot_nav2'
[2.227s] INFO:colcon.colcon_core.shell:Skip shell extension 'powershell' for command environment: Not usable outside of PowerShell
[2.228s] DEBUG:colcon.colcon_core.shell:Skip shell extension 'dsv' for command environment
[2.274s] DEBUG:colcon.colcon_core.event_handler.log_command:Invoking command in '/home/rospi/aug_2024/build/BMC_2024': CMAKE_PREFIX_PATH=${CMAKE_PREFIX_PATH}:/opt/ros/humble /usr/bin/cmake --build /home/rospi/aug_2024/build/BMC_2024 -- -j4 -l4
[2.290s] DEBUG:colcon.colcon_core.event_handler.log_command:Invoking command in '/home/rospi/aug_2024/build/sllidar_ros2': CMAKE_PREFIX_PATH=${CMAKE_PREFIX_PATH}:/opt/ros/humble /usr/bin/cmake --build /home/rospi/aug_2024/build/sllidar_ros2 -- -j4 -l4
[2.315s] DEBUG:colcon.colcon_core.event_handler.log_command:Invoking command in '/home/rospi/aug_2024/build/my_robot_nav2': CMAKE_PREFIX_PATH=${CMAKE_PREFIX_PATH}:/opt/ros/humble /usr/bin/cmake --build /home/rospi/aug_2024/build/my_robot_nav2 -- -j4 -l4
[2.496s] DEBUG:colcon.colcon_core.event_handler.log_command:Invoked command in '/home/rospi/aug_2024/build/my_robot_nav2' returned '0': CMAKE_PREFIX_PATH=${CMAKE_PREFIX_PATH}:/opt/ros/humble /usr/bin/cmake --build /home/rospi/aug_2024/build/my_robot_nav2 -- -j4 -l4
[2.544s] DEBUG:colcon.colcon_core.event_handler.log_command:Invoking command in '/home/rospi/aug_2024/build/my_robot_nav2': CMAKE_PREFIX_PATH=${CMAKE_PREFIX_PATH}:/opt/ros/humble /usr/bin/cmake --install /home/rospi/aug_2024/build/my_robot_nav2
[2.615s] Level 1:colcon.colcon_core.environment:create_environment_scripts_only(my_robot_nav2)
[2.627s] DEBUG:colcon.colcon_core.event_handler.log_command:Invoked command in '/home/rospi/aug_2024/build/my_robot_nav2' returned '0': CMAKE_PREFIX_PATH=${CMAKE_PREFIX_PATH}:/opt/ros/humble /usr/bin/cmake --install /home/rospi/aug_2024/build/my_robot_nav2
[2.637s] Level 1:colcon.colcon_core.environment:checking '/home/rospi/aug_2024/install/my_robot_nav2' for CMake module files
[2.645s] Level 1:colcon.colcon_core.environment:checking '/home/rospi/aug_2024/install/my_robot_nav2' for CMake config files
[2.649s] Level 1:colcon.colcon_core.shell:create_environment_hook('my_robot_nav2', 'cmake_prefix_path')
[2.651s] INFO:colcon.colcon_core.shell:Creating environment hook '/home/rospi/aug_2024/install/my_robot_nav2/share/my_robot_nav2/hook/cmake_prefix_path.ps1'
[2.656s] INFO:colcon.colcon_core.shell:Creating environment descriptor '/home/rospi/aug_2024/install/my_robot_nav2/share/my_robot_nav2/hook/cmake_prefix_path.dsv'
[2.660s] INFO:colcon.colcon_core.shell:Creating environment hook '/home/rospi/aug_2024/install/my_robot_nav2/share/my_robot_nav2/hook/cmake_prefix_path.sh'
[2.666s] Level 1:colcon.colcon_core.environment:checking '/home/rospi/aug_2024/install/my_robot_nav2/bin'
[2.667s] Level 1:colcon.colcon_core.environment:checking '/home/rospi/aug_2024/install/my_robot_nav2/lib/pkgconfig/my_robot_nav2.pc'
[2.668s] Level 1:colcon.colcon_core.environment:checking '/home/rospi/aug_2024/install/my_robot_nav2/lib/python3.10/site-packages'
[2.669s] Level 1:colcon.colcon_core.environment:checking '/home/rospi/aug_2024/install/my_robot_nav2/bin'
[2.671s] INFO:colcon.colcon_core.shell:Creating package script '/home/rospi/aug_2024/install/my_robot_nav2/share/my_robot_nav2/package.ps1'
[2.676s] INFO:colcon.colcon_core.shell:Creating package descriptor '/home/rospi/aug_2024/install/my_robot_nav2/share/my_robot_nav2/package.dsv'
[2.679s] INFO:colcon.colcon_core.shell:Creating package script '/home/rospi/aug_2024/install/my_robot_nav2/share/my_robot_nav2/package.sh'
[2.683s] INFO:colcon.colcon_core.shell:Creating package script '/home/rospi/aug_2024/install/my_robot_nav2/share/my_robot_nav2/package.bash'
[2.688s] INFO:colcon.colcon_core.shell:Creating package script '/home/rospi/aug_2024/install/my_robot_nav2/share/my_robot_nav2/package.zsh'
[2.693s] Level 1:colcon.colcon_core.environment:create_file_with_runtime_dependencies(/home/rospi/aug_2024/install/my_robot_nav2/share/colcon-core/packages/my_robot_nav2)
[2.699s] Level 1:colcon.colcon_core.environment:create_environment_scripts_only(my_robot_nav2)
[2.701s] Level 1:colcon.colcon_core.environment:checking '/home/rospi/aug_2024/install/my_robot_nav2' for CMake module files
[2.705s] Level 1:colcon.colcon_core.environment:checking '/home/rospi/aug_2024/install/my_robot_nav2' for CMake config files
[2.707s] Level 1:colcon.colcon_core.shell:create_environment_hook('my_robot_nav2', 'cmake_prefix_path')
[2.708s] INFO:colcon.colcon_core.shell:Creating environment hook '/home/rospi/aug_2024/install/my_robot_nav2/share/my_robot_nav2/hook/cmake_prefix_path.ps1'
[2.711s] INFO:colcon.colcon_core.shell:Creating environment descriptor '/home/rospi/aug_2024/install/my_robot_nav2/share/my_robot_nav2/hook/cmake_prefix_path.dsv'
[2.713s] INFO:colcon.colcon_core.shell:Creating environment hook '/home/rospi/aug_2024/install/my_robot_nav2/share/my_robot_nav2/hook/cmake_prefix_path.sh'
[2.717s] Level 1:colcon.colcon_core.environment:checking '/home/rospi/aug_2024/install/my_robot_nav2/bin'
[2.718s] Level 1:colcon.colcon_core.environment:checking '/home/rospi/aug_2024/install/my_robot_nav2/lib/pkgconfig/my_robot_nav2.pc'
[2.719s] Level 1:colcon.colcon_core.environment:checking '/home/rospi/aug_2024/install/my_robot_nav2/lib/python3.10/site-packages'
[2.721s] Level 1:colcon.colcon_core.environment:checking '/home/rospi/aug_2024/install/my_robot_nav2/bin'
[2.722s] INFO:colcon.colcon_core.shell:Creating package script '/home/rospi/aug_2024/install/my_robot_nav2/share/my_robot_nav2/package.ps1'
[2.725s] INFO:colcon.colcon_core.shell:Creating package descriptor '/home/rospi/aug_2024/install/my_robot_nav2/share/my_robot_nav2/package.dsv'
[2.727s] INFO:colcon.colcon_core.shell:Creating package script '/home/rospi/aug_2024/install/my_robot_nav2/share/my_robot_nav2/package.sh'
[2.730s] INFO:colcon.colcon_core.shell:Creating package script '/home/rospi/aug_2024/install/my_robot_nav2/share/my_robot_nav2/package.bash'
[2.732s] INFO:colcon.colcon_core.shell:Creating package script '/home/rospi/aug_2024/install/my_robot_nav2/share/my_robot_nav2/package.zsh'
[2.735s] Level 1:colcon.colcon_core.environment:create_file_with_runtime_dependencies(/home/rospi/aug_2024/install/my_robot_nav2/share/colcon-core/packages/my_robot_nav2)
[2.741s] DEBUG:colcon.colcon_core.event_handler.log_command:Invoked command in '/home/rospi/aug_2024/build/BMC_2024' returned '0': CMAKE_PREFIX_PATH=${CMAKE_PREFIX_PATH}:/opt/ros/humble /usr/bin/cmake --build /home/rospi/aug_2024/build/BMC_2024 -- -j4 -l4
[2.751s] DEBUG:colcon.colcon_core.event_handler.log_command:Invoking command in '/home/rospi/aug_2024/build/BMC_2024': CMAKE_PREFIX_PATH=${CMAKE_PREFIX_PATH}:/opt/ros/humble /usr/bin/cmake --install /home/rospi/aug_2024/build/BMC_2024
[2.752s] DEBUG:colcon.colcon_core.event_handler.log_command:Invoked command in '/home/rospi/aug_2024/build/sllidar_ros2' returned '0': CMAKE_PREFIX_PATH=${CMAKE_PREFIX_PATH}:/opt/ros/humble /usr/bin/cmake --build /home/rospi/aug_2024/build/sllidar_ros2 -- -j4 -l4
[2.762s] DEBUG:colcon.colcon_core.event_handler.log_command:Invoking command in '/home/rospi/aug_2024/build/sllidar_ros2': CMAKE_PREFIX_PATH=${CMAKE_PREFIX_PATH}:/opt/ros/humble /usr/bin/cmake --install /home/rospi/aug_2024/build/sllidar_ros2
[2.810s] Level 1:colcon.colcon_core.environment:create_environment_scripts_only(BMC_2024)
[2.811s] Level 1:colcon.colcon_core.environment:checking '/home/rospi/aug_2024/install/BMC_2024' for CMake module files
[2.823s] Level 1:colcon.colcon_core.environment:checking '/home/rospi/aug_2024/install/BMC_2024' for CMake config files
[2.827s] Level 1:colcon.colcon_core.shell:create_environment_hook('BMC_2024', 'cmake_prefix_path')
[2.829s] INFO:colcon.colcon_core.shell:Creating environment hook '/home/rospi/aug_2024/install/BMC_2024/share/BMC_2024/hook/cmake_prefix_path.ps1'
[2.833s] INFO:colcon.colcon_core.shell:Creating environment descriptor '/home/rospi/aug_2024/install/BMC_2024/share/BMC_2024/hook/cmake_prefix_path.dsv'
[2.837s] INFO:colcon.colcon_core.shell:Creating environment hook '/home/rospi/aug_2024/install/BMC_2024/share/BMC_2024/hook/cmake_prefix_path.sh'
[2.838s] DEBUG:colcon.colcon_core.event_handler.log_command:Invoked command in '/home/rospi/aug_2024/build/BMC_2024' returned '0': CMAKE_PREFIX_PATH=${CMAKE_PREFIX_PATH}:/opt/ros/humble /usr/bin/cmake --install /home/rospi/aug_2024/build/BMC_2024
[2.847s] Level 1:colcon.colcon_core.environment:checking '/home/rospi/aug_2024/install/BMC_2024/lib'
[2.849s] Level 1:colcon.colcon_core.shell:create_environment_hook('BMC_2024', 'ld_library_path_lib')
[2.850s] INFO:colcon.colcon_core.shell:Creating environment hook '/home/rospi/aug_2024/install/BMC_2024/share/BMC_2024/hook/ld_library_path_lib.ps1'
[2.856s] INFO:colcon.colcon_core.shell:Creating environment descriptor '/home/rospi/aug_2024/install/BMC_2024/share/BMC_2024/hook/ld_library_path_lib.dsv'
[2.862s] INFO:colcon.colcon_core.shell:Creating environment hook '/home/rospi/aug_2024/install/BMC_2024/share/BMC_2024/hook/ld_library_path_lib.sh'
[2.865s] Level 1:colcon.colcon_core.environment:checking '/home/rospi/aug_2024/install/BMC_2024/bin'
[2.866s] Level 1:colcon.colcon_core.environment:checking '/home/rospi/aug_2024/install/BMC_2024/lib/pkgconfig/BMC_2024.pc'
[2.867s] Level 1:colcon.colcon_core.environment:checking '/home/rospi/aug_2024/install/BMC_2024/lib/python3.10/site-packages'
[2.869s] Level 1:colcon.colcon_core.environment:checking '/home/rospi/aug_2024/install/BMC_2024/bin'
[2.870s] INFO:colcon.colcon_core.shell:Creating package script '/home/rospi/aug_2024/install/BMC_2024/share/BMC_2024/package.ps1'
[2.873s] INFO:colcon.colcon_core.shell:Creating package descriptor '/home/rospi/aug_2024/install/BMC_2024/share/BMC_2024/package.dsv'
[2.877s] INFO:colcon.colcon_core.shell:Creating package script '/home/rospi/aug_2024/install/BMC_2024/share/BMC_2024/package.sh'
[2.880s] INFO:colcon.colcon_core.shell:Creating package script '/home/rospi/aug_2024/install/BMC_2024/share/BMC_2024/package.bash'
[2.884s] INFO:colcon.colcon_core.shell:Creating package script '/home/rospi/aug_2024/install/BMC_2024/share/BMC_2024/package.zsh'
[2.886s] Level 1:colcon.colcon_core.environment:create_file_with_runtime_dependencies(/home/rospi/aug_2024/install/BMC_2024/share/colcon-core/packages/BMC_2024)
[2.890s] Level 1:colcon.colcon_core.environment:create_environment_scripts_only(BMC_2024)
[2.892s] Level 1:colcon.colcon_core.environment:checking '/home/rospi/aug_2024/install/BMC_2024' for CMake module files
[2.896s] Level 1:colcon.colcon_core.environment:checking '/home/rospi/aug_2024/install/BMC_2024' for CMake config files
[2.897s] Level 1:colcon.colcon_core.shell:create_environment_hook('BMC_2024', 'cmake_prefix_path')
[2.899s] INFO:colcon.colcon_core.shell:Creating environment hook '/home/rospi/aug_2024/install/BMC_2024/share/BMC_2024/hook/cmake_prefix_path.ps1'
[2.902s] INFO:colcon.colcon_core.shell:Creating environment descriptor '/home/rospi/aug_2024/install/BMC_2024/share/BMC_2024/hook/cmake_prefix_path.dsv'
[2.904s] INFO:colcon.colcon_core.shell:Creating environment hook '/home/rospi/aug_2024/install/BMC_2024/share/BMC_2024/hook/cmake_prefix_path.sh'
[2.909s] Level 1:colcon.colcon_core.environment:checking '/home/rospi/aug_2024/install/BMC_2024/lib'
[2.909s] Level 1:colcon.colcon_core.shell:create_environment_hook('BMC_2024', 'ld_library_path_lib')
[2.911s] INFO:colcon.colcon_core.shell:Creating environment hook '/home/rospi/aug_2024/install/BMC_2024/share/BMC_2024/hook/ld_library_path_lib.ps1'
[2.914s] INFO:colcon.colcon_core.shell:Creating environment descriptor '/home/rospi/aug_2024/install/BMC_2024/share/BMC_2024/hook/ld_library_path_lib.dsv'
[2.916s] INFO:colcon.colcon_core.shell:Creating environment hook '/home/rospi/aug_2024/install/BMC_2024/share/BMC_2024/hook/ld_library_path_lib.sh'
[2.919s] Level 1:colcon.colcon_core.environment:checking '/home/rospi/aug_2024/install/BMC_2024/bin'
[2.919s] Level 1:colcon.colcon_core.environment:checking '/home/rospi/aug_2024/install/BMC_2024/lib/pkgconfig/BMC_2024.pc'
[2.920s] Level 1:colcon.colcon_core.environment:checking '/home/rospi/aug_2024/install/BMC_2024/lib/python3.10/site-packages'
[2.922s] Level 1:colcon.colcon_core.environment:checking '/home/rospi/aug_2024/install/BMC_2024/bin'
[2.924s] INFO:colcon.colcon_core.shell:Creating package script '/home/rospi/aug_2024/install/BMC_2024/share/BMC_2024/package.ps1'
[2.928s] INFO:colcon.colcon_core.shell:Creating package descriptor '/home/rospi/aug_2024/install/BMC_2024/share/BMC_2024/package.dsv'
[2.931s] INFO:colcon.colcon_core.shell:Creating package script '/home/rospi/aug_2024/install/BMC_2024/share/BMC_2024/package.sh'
[2.934s] INFO:colcon.colcon_core.shell:Creating package script '/home/rospi/aug_2024/install/BMC_2024/share/BMC_2024/package.bash'
[2.936s] INFO:colcon.colcon_core.shell:Creating package script '/home/rospi/aug_2024/install/BMC_2024/share/BMC_2024/package.zsh'
[2.938s] Level 1:colcon.colcon_core.environment:create_file_with_runtime_dependencies(/home/rospi/aug_2024/install/BMC_2024/share/colcon-core/packages/BMC_2024)
[2.942s] Level 1:colcon.colcon_core.environment:create_environment_scripts_only(sllidar_ros2)
[2.944s] Level 1:colcon.colcon_core.environment:checking '/home/rospi/aug_2024/install/sllidar_ros2' for CMake module files
[2.947s] DEBUG:colcon.colcon_core.event_handler.log_command:Invoked command in '/home/rospi/aug_2024/build/sllidar_ros2' returned '0': CMAKE_PREFIX_PATH=${CMAKE_PREFIX_PATH}:/opt/ros/humble /usr/bin/cmake --install /home/rospi/aug_2024/build/sllidar_ros2
[2.950s] Level 1:colcon.colcon_core.environment:checking '/home/rospi/aug_2024/install/sllidar_ros2' for CMake config files
[2.952s] Level 1:colcon.colcon_core.shell:create_environment_hook('sllidar_ros2', 'cmake_prefix_path')
[2.953s] INFO:colcon.colcon_core.shell:Creating environment hook '/home/rospi/aug_2024/install/sllidar_ros2/share/sllidar_ros2/hook/cmake_prefix_path.ps1'
[2.956s] INFO:colcon.colcon_core.shell:Creating environment descriptor '/home/rospi/aug_2024/install/sllidar_ros2/share/sllidar_ros2/hook/cmake_prefix_path.dsv'
[2.958s] INFO:colcon.colcon_core.shell:Creating environment hook '/home/rospi/aug_2024/install/sllidar_ros2/share/sllidar_ros2/hook/cmake_prefix_path.sh'
[2.961s] Level 1:colcon.colcon_core.environment:checking '/home/rospi/aug_2024/install/sllidar_ros2/lib'
[2.962s] Level 1:colcon.colcon_core.environment:checking '/home/rospi/aug_2024/install/sllidar_ros2/bin'
[2.963s] Level 1:colcon.colcon_core.environment:checking '/home/rospi/aug_2024/install/sllidar_ros2/lib/pkgconfig/sllidar_ros2.pc'
[2.964s] Level 1:colcon.colcon_core.environment:checking '/home/rospi/aug_2024/install/sllidar_ros2/lib/python3.10/site-packages'
[2.965s] Level 1:colcon.colcon_core.environment:checking '/home/rospi/aug_2024/install/sllidar_ros2/bin'
[2.968s] INFO:colcon.colcon_core.shell:Creating package script '/home/rospi/aug_2024/install/sllidar_ros2/share/sllidar_ros2/package.ps1'
[2.970s] INFO:colcon.colcon_core.shell:Creating package descriptor '/home/rospi/aug_2024/install/sllidar_ros2/share/sllidar_ros2/package.dsv'
[2.972s] INFO:colcon.colcon_core.shell:Creating package script '/home/rospi/aug_2024/install/sllidar_ros2/share/sllidar_ros2/package.sh'
[2.975s] INFO:colcon.colcon_core.shell:Creating package script '/home/rospi/aug_2024/install/sllidar_ros2/share/sllidar_ros2/package.bash'
[2.977s] INFO:colcon.colcon_core.shell:Creating package script '/home/rospi/aug_2024/install/sllidar_ros2/share/sllidar_ros2/package.zsh'
[2.979s] Level 1:colcon.colcon_core.environment:create_file_with_runtime_dependencies(/home/rospi/aug_2024/install/sllidar_ros2/share/colcon-core/packages/sllidar_ros2)
[2.983s] Level 1:colcon.colcon_core.environment:create_environment_scripts_only(sllidar_ros2)
[2.984s] Level 1:colcon.colcon_core.environment:checking '/home/rospi/aug_2024/install/sllidar_ros2' for CMake module files
[2.988s] Level 1:colcon.colcon_core.environment:checking '/home/rospi/aug_2024/install/sllidar_ros2' for CMake config files
[2.990s] Level 1:colcon.colcon_core.shell:create_environment_hook('sllidar_ros2', 'cmake_prefix_path')
[2.991s] INFO:colcon.colcon_core.shell:Creating environment hook '/home/rospi/aug_2024/install/sllidar_ros2/share/sllidar_ros2/hook/cmake_prefix_path.ps1'
[2.993s] INFO:colcon.colcon_core.shell:Creating environment descriptor '/home/rospi/aug_2024/install/sllidar_ros2/share/sllidar_ros2/hook/cmake_prefix_path.dsv'
[2.996s] INFO:colcon.colcon_core.shell:Creating environment hook '/home/rospi/aug_2024/install/sllidar_ros2/share/sllidar_ros2/hook/cmake_prefix_path.sh'
[2.999s] Level 1:colcon.colcon_core.environment:checking '/home/rospi/aug_2024/install/sllidar_ros2/lib'
[2.999s] Level 1:colcon.colcon_core.environment:checking '/home/rospi/aug_2024/install/sllidar_ros2/bin'
[3.000s] Level 1:colcon.colcon_core.environment:checking '/home/rospi/aug_2024/install/sllidar_ros2/lib/pkgconfig/sllidar_ros2.pc'
[3.001s] Level 1:colcon.colcon_core.environment:checking '/home/rospi/aug_2024/install/sllidar_ros2/lib/python3.10/site-packages'
[3.002s] Level 1:colcon.colcon_core.environment:checking '/home/rospi/aug_2024/install/sllidar_ros2/bin'
[3.003s] INFO:colcon.colcon_core.shell:Creating package script '/home/rospi/aug_2024/install/sllidar_ros2/share/sllidar_ros2/package.ps1'
[3.006s] INFO:colcon.colcon_core.shell:Creating package descriptor '/home/rospi/aug_2024/install/sllidar_ros2/share/sllidar_ros2/package.dsv'
[3.008s] INFO:colcon.colcon_core.shell:Creating package script '/home/rospi/aug_2024/install/sllidar_ros2/share/sllidar_ros2/package.sh'
[3.011s] INFO:colcon.colcon_core.shell:Creating package script '/home/rospi/aug_2024/install/sllidar_ros2/share/sllidar_ros2/package.bash'
[3.014s] INFO:colcon.colcon_core.shell:Creating package script '/home/rospi/aug_2024/install/sllidar_ros2/share/sllidar_ros2/package.zsh'
[3.016s] Level 1:colcon.colcon_core.environment:create_file_with_runtime_dependencies(/home/rospi/aug_2024/install/sllidar_ros2/share/colcon-core/packages/sllidar_ros2)
[3.017s] INFO:colcon.colcon_ros.task.ament_cmake.build:Building ROS package in '/home/rospi/aug_2024/src/aug_2024' with build type 'ament_cmake'
[3.018s] INFO:colcon.colcon_cmake.task.cmake.build:Building CMake package in '/home/rospi/aug_2024/src/aug_2024'
[3.019s] INFO:colcon.colcon_core.shell:Skip shell extension 'powershell' for command environment: Not usable outside of PowerShell
[3.019s] DEBUG:colcon.colcon_core.shell:Skip shell extension 'dsv' for command environment
[3.078s] DEBUG:colcon.colcon_core.event_handler.log_command:Invoking command in '/home/rospi/aug_2024/build/aug_2024': CMAKE_PREFIX_PATH=/home/rospi/aug_2024/install/sllidar_ros2:/home/rospi/aug_2024/install/BMC_2024:/home/rospi/aug_2024/install/aug_2024:/home/rospi/aug_2024/install/my_robot_nav2:/opt/ros/humble /usr/bin/cmake --build /home/rospi/aug_2024/build/aug_2024 -- -j4 -l4
[3.264s] DEBUG:colcon.colcon_core.event_handler.log_command:Invoked command in '/home/rospi/aug_2024/build/aug_2024' returned '0': CMAKE_PREFIX_PATH=/home/rospi/aug_2024/install/sllidar_ros2:/home/rospi/aug_2024/install/BMC_2024:/home/rospi/aug_2024/install/aug_2024:/home/rospi/aug_2024/install/my_robot_nav2:/opt/ros/humble /usr/bin/cmake --build /home/rospi/aug_2024/build/aug_2024 -- -j4 -l4
[3.273s] DEBUG:colcon.colcon_core.event_handler.log_command:Invoking command in '/home/rospi/aug_2024/build/aug_2024': CMAKE_PREFIX_PATH=/home/rospi/aug_2024/install/sllidar_ros2:/home/rospi/aug_2024/install/BMC_2024:/home/rospi/aug_2024/install/aug_2024:/home/rospi/aug_2024/install/my_robot_nav2:/opt/ros/humble /usr/bin/cmake --install /home/rospi/aug_2024/build/aug_2024
[3.329s] Level 1:colcon.colcon_core.environment:create_environment_scripts_only(aug_2024)
[3.330s] Level 1:colcon.colcon_core.environment:checking '/home/rospi/aug_2024/install/aug_2024' for CMake module files
[3.337s] DEBUG:colcon.colcon_core.event_handler.log_command:Invoked command in '/home/rospi/aug_2024/build/aug_2024' returned '0': CMAKE_PREFIX_PATH=/home/rospi/aug_2024/install/sllidar_ros2:/home/rospi/aug_2024/install/BMC_2024:/home/rospi/aug_2024/install/aug_2024:/home/rospi/aug_2024/install/my_robot_nav2:/opt/ros/humble /usr/bin/cmake --install /home/rospi/aug_2024/build/aug_2024
[3.338s] Level 1:colcon.colcon_core.environment:checking '/home/rospi/aug_2024/install/aug_2024' for CMake config files
[3.341s] Level 1:colcon.colcon_core.shell:create_environment_hook('aug_2024', 'cmake_prefix_path')
[3.342s] INFO:colcon.colcon_core.shell:Creating environment hook '/home/rospi/aug_2024/install/aug_2024/share/aug_2024/hook/cmake_prefix_path.ps1'
[3.344s] INFO:colcon.colcon_core.shell:Creating environment descriptor '/home/rospi/aug_2024/install/aug_2024/share/aug_2024/hook/cmake_prefix_path.dsv'
[3.346s] INFO:colcon.colcon_core.shell:Creating environment hook '/home/rospi/aug_2024/install/aug_2024/share/aug_2024/hook/cmake_prefix_path.sh'
[3.348s] Level 1:colcon.colcon_core.environment:checking '/home/rospi/aug_2024/install/aug_2024/bin'
[3.349s] Level 1:colcon.colcon_core.environment:checking '/home/rospi/aug_2024/install/aug_2024/lib/pkgconfig/aug_2024.pc'
[3.350s] Level 1:colcon.colcon_core.environment:checking '/home/rospi/aug_2024/install/aug_2024/lib/python3.10/site-packages'
[3.351s] Level 1:colcon.colcon_core.environment:checking '/home/rospi/aug_2024/install/aug_2024/bin'
[3.352s] INFO:colcon.colcon_core.shell:Creating package script '/home/rospi/aug_2024/install/aug_2024/share/aug_2024/package.ps1'
[3.354s] INFO:colcon.colcon_core.shell:Creating package descriptor '/home/rospi/aug_2024/install/aug_2024/share/aug_2024/package.dsv'
[3.356s] INFO:colcon.colcon_core.shell:Creating package script '/home/rospi/aug_2024/install/aug_2024/share/aug_2024/package.sh'
[3.358s] INFO:colcon.colcon_core.shell:Creating package script '/home/rospi/aug_2024/install/aug_2024/share/aug_2024/package.bash'
[3.360s] INFO:colcon.colcon_core.shell:Creating package script '/home/rospi/aug_2024/install/aug_2024/share/aug_2024/package.zsh'
[3.362s] Level 1:colcon.colcon_core.environment:create_file_with_runtime_dependencies(/home/rospi/aug_2024/install/aug_2024/share/colcon-core/packages/aug_2024)
[3.365s] Level 1:colcon.colcon_core.environment:create_environment_scripts_only(aug_2024)
[3.366s] Level 1:colcon.colcon_core.environment:checking '/home/rospi/aug_2024/install/aug_2024' for CMake module files
[3.369s] Level 1:colcon.colcon_core.environment:checking '/home/rospi/aug_2024/install/aug_2024' for CMake config files
[3.371s] Level 1:colcon.colcon_core.shell:create_environment_hook('aug_2024', 'cmake_prefix_path')
[3.372s] INFO:colcon.colcon_core.shell:Creating environment hook '/home/rospi/aug_2024/install/aug_2024/share/aug_2024/hook/cmake_prefix_path.ps1'
[3.375s] INFO:colcon.colcon_core.shell:Creating environment descriptor '/home/rospi/aug_2024/install/aug_2024/share/aug_2024/hook/cmake_prefix_path.dsv'
[3.377s] INFO:colcon.colcon_core.shell:Creating environment hook '/home/rospi/aug_2024/install/aug_2024/share/aug_2024/hook/cmake_prefix_path.sh'
[3.379s] Level 1:colcon.colcon_core.environment:checking '/home/rospi/aug_2024/install/aug_2024/bin'
[3.380s] Level 1:colcon.colcon_core.environment:checking '/home/rospi/aug_2024/install/aug_2024/lib/pkgconfig/aug_2024.pc'
[3.381s] Level 1:colcon.colcon_core.environment:checking '/home/rospi/aug_2024/install/aug_2024/lib/python3.10/site-packages'
[3.381s] Level 1:colcon.colcon_core.environment:checking '/home/rospi/aug_2024/install/aug_2024/bin'
[3.383s] INFO:colcon.colcon_core.shell:Creating package script '/home/rospi/aug_2024/install/aug_2024/share/aug_2024/package.ps1'
[3.386s] INFO:colcon.colcon_core.shell:Creating package descriptor '/home/rospi/aug_2024/install/aug_2024/share/aug_2024/package.dsv'
[3.388s] INFO:colcon.colcon_core.shell:Creating package script '/home/rospi/aug_2024/install/aug_2024/share/aug_2024/package.sh'
[3.391s] INFO:colcon.colcon_core.shell:Creating package script '/home/rospi/aug_2024/install/aug_2024/share/aug_2024/package.bash'
[3.393s] INFO:colcon.colcon_core.shell:Creating package script '/home/rospi/aug_2024/install/aug_2024/share/aug_2024/package.zsh'
[3.395s] Level 1:colcon.colcon_core.environment:create_file_with_runtime_dependencies(/home/rospi/aug_2024/install/aug_2024/share/colcon-core/packages/aug_2024)
[3.396s] DEBUG:colcon.colcon_parallel_executor.executor.parallel:closing loop
[3.397s] DEBUG:colcon.colcon_parallel_executor.executor.parallel:loop closed
[3.398s] DEBUG:colcon.colcon_parallel_executor.executor.parallel:run_until_complete finished with '0'
[3.398s] DEBUG:colcon.colcon_core.event_reactor:joining thread
[3.419s] INFO:colcon.colcon_core.plugin_system:Skipping extension 'colcon_notification.desktop_notification.notify_send': Could not find 'notify-send'
[3.420s] INFO:colcon.colcon_core.plugin_system:Skipping extension 'colcon_notification.desktop_notification.terminal_notifier': Not used on non-Darwin systems
[3.420s] INFO:colcon.colcon_core.plugin_system:Skipping extension 'colcon_notification.desktop_notification.win32': Not used on non-Windows systems
[3.420s] INFO:colcon.colcon_notification.desktop_notification:Sending desktop notification using 'notify2'
[3.424s] DEBUG:colcon.colcon_notification.desktop_notification.notify2:Failed to initialize notify2: org.freedesktop.DBus.Error.ServiceUnknown: The name org.freedesktop.Notifications was not provided by any .service files
[3.424s] DEBUG:colcon.colcon_core.event_reactor:joined thread
[3.425s] INFO:colcon.colcon_core.shell:Creating prefix script '/home/rospi/aug_2024/install/local_setup.ps1'
[3.429s] INFO:colcon.colcon_core.shell:Creating prefix util module '/home/rospi/aug_2024/install/_local_setup_util_ps1.py'
[3.436s] INFO:colcon.colcon_core.shell:Creating prefix chain script '/home/rospi/aug_2024/install/setup.ps1'
[3.442s] INFO:colcon.colcon_core.shell:Creating prefix script '/home/rospi/aug_2024/install/local_setup.sh'
[3.445s] INFO:colcon.colcon_core.shell:Creating prefix util module '/home/rospi/aug_2024/install/_local_setup_util_sh.py'
[3.447s] INFO:colcon.colcon_core.shell:Creating prefix chain script '/home/rospi/aug_2024/install/setup.sh'
[3.453s] INFO:colcon.colcon_core.shell:Creating prefix script '/home/rospi/aug_2024/install/local_setup.bash'
[3.456s] INFO:colcon.colcon_core.shell:Creating prefix chain script '/home/rospi/aug_2024/install/setup.bash'
[3.462s] INFO:colcon.colcon_core.shell:Creating prefix script '/home/rospi/aug_2024/install/local_setup.zsh'
[3.465s] INFO:colcon.colcon_core.shell:Creating prefix chain script '/home/rospi/aug_2024/install/setup.zsh'
