[0.061s] Invoking command in '/home/dkflippo/aug2024/src/build/force_torque_sensor_broadcaster': CMAKE_PREFIX_PATH=/opt/ros/humble /usr/bin/cmake /home/dkflippo/aug2024/src/ros2_controllers/force_torque_sensor_broadcaster -DCMAKE_INSTALL_PREFIX=/home/dkflippo/aug2024/src/install/force_torque_sensor_broadcaster
[0.151s] [31mCMake Error at CMakeLists.txt:4 (find_package):
[0.152s]   By not providing "Findros2_control_cmake.cmake" in CMAKE_MODULE_PATH this
[0.152s]   project has asked CMake to find a package configuration file provided by
[0.153s]   "ros2_control_cmake", but CMake did not find one.
[0.153s] 
[0.153s]   Could not find a package configuration file provided by
[0.153s]   "ros2_control_cmake" with any of the following names:
[0.153s] 
[0.153s]     ros2_control_cmakeConfig.cmake
[0.153s]     ros2_control_cmake-config.cmake
[0.153s] 
[0.153s]   Add the installation prefix of "ros2_control_cmake" to CMAKE_PREFIX_PATH or
[0.154s]   set "ros2_control_cmake_DIR" to a directory containing one of the above
[0.154s]   files.  If "ros2_control_cmake" provides a separate development package or
[0.154s]   SDK, be sure it has been installed.
[0.154s] 
[0.154s] [0m
[0.157s] -- Configuring incomplete, errors occurred!
[0.157s] See also "/home/dkflippo/aug2024/src/build/force_torque_sensor_broadcaster/CMakeFiles/CMakeOutput.log".
[0.161s] Invoked command in '/home/dkflippo/aug2024/src/build/force_torque_sensor_broadcaster' returned '1': CMAKE_PREFIX_PATH=/opt/ros/humble /usr/bin/cmake /home/dkflippo/aug2024/src/ros2_controllers/force_torque_sensor_broadcaster -DCMAKE_INSTALL_PREFIX=/home/dkflippo/aug2024/src/install/force_torque_sensor_broadcaster
