[0.116s] Invoking command in '/home/rospi/aug_2024/build/sllidar_ros2': CMAKE_PREFIX_PATH=${CMAKE_PREFIX_PATH}:/opt/ros/humble /usr/bin/cmake --build /home/rospi/aug_2024/build/sllidar_ros2 -- -j4 -l4
[0.564s] [ 10%] Built target sllidar_client
[0.731s] [100%] Built target sllidar_node
[0.812s] Invoked command in '/home/rospi/aug_2024/build/sllidar_ros2' returned '0': CMAKE_PREFIX_PATH=${CMAKE_PREFIX_PATH}:/opt/ros/humble /usr/bin/cmake --build /home/rospi/aug_2024/build/sllidar_ros2 -- -j4 -l4
[0.825s] Invoking command in '/home/rospi/aug_2024/build/sllidar_ros2': CMAKE_PREFIX_PATH=${CMAKE_PREFIX_PATH}:/opt/ros/humble /usr/bin/cmake --install /home/rospi/aug_2024/build/sllidar_ros2
[0.855s] -- Install configuration: ""
[0.856s] -- Up-to-date: /home/rospi/aug_2024/install/sllidar_ros2/share/sllidar_ros2/launch
[0.858s] -- Up-to-date: /home/rospi/aug_2024/install/sllidar_ros2/share/sllidar_ros2/launch/view_sllidar_s1_tcp_launch.py
[0.859s] -- Up-to-date: /home/rospi/aug_2024/install/sllidar_ros2/share/sllidar_ros2/launch/sllidar_a2m12_launch .py
[0.860s] -- Up-to-date: /home/rospi/aug_2024/install/sllidar_ros2/share/sllidar_ros2/launch/view_sllidar_s1_launch.py
[0.861s] -- Up-to-date: /home/rospi/aug_2024/install/sllidar_ros2/share/sllidar_ros2/launch/sllidar_s3_launch.py
[0.863s] -- Up-to-date: /home/rospi/aug_2024/install/sllidar_ros2/share/sllidar_ros2/launch/view_sllidar_a2m7_launch.py
[0.864s] -- Up-to-date: /home/rospi/aug_2024/install/sllidar_ros2/share/sllidar_ros2/launch/sllidar_a2m8_launch.py
[0.865s] -- Up-to-date: /home/rospi/aug_2024/install/sllidar_ros2/share/sllidar_ros2/launch/view_sllidar_s2_launch.py
[0.866s] -- Up-to-date: /home/rospi/aug_2024/install/sllidar_ros2/share/sllidar_ros2/launch/view_sllidar_s2e_launch.py
[0.870s] -- Up-to-date: /home/rospi/aug_2024/install/sllidar_ros2/share/sllidar_ros2/launch/view_sllidar_a2m12_launch.py
[0.871s] -- Up-to-date: /home/rospi/aug_2024/install/sllidar_ros2/share/sllidar_ros2/launch/sllidar_s1_launch.py
[0.872s] -- Up-to-date: /home/rospi/aug_2024/install/sllidar_ros2/share/sllidar_ros2/launch/view_sllidar_s3_launch.py
[0.873s] -- Up-to-date: /home/rospi/aug_2024/install/sllidar_ros2/share/sllidar_ros2/launch/view_sllidar_a2m8_launch.py
[0.873s] -- Up-to-date: /home/rospi/aug_2024/install/sllidar_ros2/share/sllidar_ros2/launch/view_sllidar_t1_launch.py
[0.875s] -- Up-to-date: /home/rospi/aug_2024/install/sllidar_ros2/share/sllidar_ros2/launch/view_sllidar_a1_launch.py
[0.875s] -- Up-to-date: /home/rospi/aug_2024/install/sllidar_ros2/share/sllidar_ros2/launch/sllidar_s2_launch.py
[0.877s] -- Up-to-date: /home/rospi/aug_2024/install/sllidar_ros2/share/sllidar_ros2/launch/sllidar_t1_launch.py
[0.885s] -- Up-to-date: /home/rospi/aug_2024/install/sllidar_ros2/share/sllidar_ros2/launch/sllidar_a1_launch.py
[0.888s] -- Up-to-date: /home/rospi/aug_2024/install/sllidar_ros2/share/sllidar_ros2/launch/sllidar_c1_launch.py
[0.889s] -- Up-to-date: /home/rospi/aug_2024/install/sllidar_ros2/share/sllidar_ros2/launch/view_sllidar_c1_launch.py
[0.891s] -- Up-to-date: /home/rospi/aug_2024/install/sllidar_ros2/share/sllidar_ros2/launch/view_sllidar_a3_launch.py
[0.894s] -- Up-to-date: /home/rospi/aug_2024/install/sllidar_ros2/share/sllidar_ros2/launch/sllidar_s1_tcp_launch.py
[0.895s] -- Up-to-date: /home/rospi/aug_2024/install/sllidar_ros2/share/sllidar_ros2/launch/sllidar_a2m7_launch.py
[0.896s] -- Up-to-date: /home/rospi/aug_2024/install/sllidar_ros2/share/sllidar_ros2/launch/sllidar_a3_launch.py
[0.897s] -- Up-to-date: /home/rospi/aug_2024/install/sllidar_ros2/share/sllidar_ros2/launch/sllidar_s2e_launch.py
[0.898s] -- Up-to-date: /home/rospi/aug_2024/install/sllidar_ros2/share/sllidar_ros2/rviz
[0.898s] -- Up-to-date: /home/rospi/aug_2024/install/sllidar_ros2/share/sllidar_ros2/rviz/sllidar_ros2.rviz
[0.900s] -- Up-to-date: /home/rospi/aug_2024/install/sllidar_ros2/lib/sllidar_ros2/sllidar_node
[0.901s] -- Up-to-date: /home/rospi/aug_2024/install/sllidar_ros2/lib/sllidar_ros2/sllidar_client
[0.904s] -- Up-to-date: /home/rospi/aug_2024/install/sllidar_ros2/share/ament_index/resource_index/package_run_dependencies/sllidar_ros2
[0.907s] -- Up-to-date: /home/rospi/aug_2024/install/sllidar_ros2/share/ament_index/resource_index/parent_prefix_path/sllidar_ros2
[0.908s] -- Up-to-date: /home/rospi/aug_2024/install/sllidar_ros2/share/sllidar_ros2/environment/ament_prefix_path.sh
[0.909s] -- Up-to-date: /home/rospi/aug_2024/install/sllidar_ros2/share/sllidar_ros2/environment/ament_prefix_path.dsv
[0.910s] -- Up-to-date: /home/rospi/aug_2024/install/sllidar_ros2/share/sllidar_ros2/environment/path.sh
[0.911s] -- Up-to-date: /home/rospi/aug_2024/install/sllidar_ros2/share/sllidar_ros2/environment/path.dsv
[0.912s] -- Up-to-date: /home/rospi/aug_2024/install/sllidar_ros2/share/sllidar_ros2/local_setup.bash
[0.912s] -- Up-to-date: /home/rospi/aug_2024/install/sllidar_ros2/share/sllidar_ros2/local_setup.sh
[0.913s] -- Up-to-date: /home/rospi/aug_2024/install/sllidar_ros2/share/sllidar_ros2/local_setup.zsh
[0.914s] -- Up-to-date: /home/rospi/aug_2024/install/sllidar_ros2/share/sllidar_ros2/local_setup.dsv
[0.914s] -- Installing: /home/rospi/aug_2024/install/sllidar_ros2/share/sllidar_ros2/package.dsv
[0.915s] -- Up-to-date: /home/rospi/aug_2024/install/sllidar_ros2/share/ament_index/resource_index/packages/sllidar_ros2
[0.916s] -- Up-to-date: /home/rospi/aug_2024/install/sllidar_ros2/share/sllidar_ros2/cmake/ament_cmake_export_dependencies-extras.cmake
[0.916s] -- Up-to-date: /home/rospi/aug_2024/install/sllidar_ros2/share/sllidar_ros2/cmake/ament_cmake_export_include_directories-extras.cmake
[0.917s] -- Up-to-date: /home/rospi/aug_2024/install/sllidar_ros2/share/sllidar_ros2/cmake/sllidar_ros2Config.cmake
[0.920s] -- Up-to-date: /home/rospi/aug_2024/install/sllidar_ros2/share/sllidar_ros2/cmake/sllidar_ros2Config-version.cmake
[0.924s] -- Up-to-date: /home/rospi/aug_2024/install/sllidar_ros2/share/sllidar_ros2/package.xml
[0.925s] Invoked command in '/home/rospi/aug_2024/build/sllidar_ros2' returned '0': CMAKE_PREFIX_PATH=${CMAKE_PREFIX_PATH}:/opt/ros/humble /usr/bin/cmake --install /home/rospi/aug_2024/build/sllidar_ros2
