[0.043s] Invoking command in '/home/rospi/aug_2024/build/BMC_2024': CMAKE_PREFIX_PATH=/home/rospi/aug_2024/install/sllidar_ros2:/home/rospi/aug_2024/install/aug_2024:/home/rospi/aug_2024/install/BMC_2024:/home/rospi/aug_2024/install/pigpio:/home/rospi/aug_2024/install/my_robot_nav2:/opt/ros/humble /usr/bin/cmake /home/rospi/aug_2024/src/BMC_2024 -DCMAKE_INSTALL_PREFIX=/home/rospi/aug_2024/install/BMC_2024
[0.309s] -- The C compiler identification is GNU 11.4.0
[0.580s] -- The CXX compiler identification is GNU 11.4.0
[0.610s] -- Detecting C compiler ABI info
[0.947s] -- Detecting C compiler ABI info - done
[0.977s] -- Check for working C compiler: /usr/bin/cc - skipped
[0.978s] -- Detecting C compile features
[0.980s] -- Detecting C compile features - done
[0.994s] -- Detecting CXX compiler ABI info
[1.398s] -- Detecting CXX compiler ABI info - done
[1.430s] -- Check for working CXX compiler: /usr/bin/c++ - skipped
[1.431s] -- Detecting CXX compile features
[1.433s] -- Detecting CXX compile features - done
[1.477s] -- Found ament_cmake: 1.3.11 (/opt/ros/humble/share/ament_cmake/cmake)
[2.299s] -- Found Python3: /usr/bin/python3 (found version "3.10.12") found components: Interpreter 
[3.103s] -- Found hardware_interface: 2.49.0 (/opt/ros/humble/share/hardware_interface/cmake)
[3.618s] -- Found rosidl_generator_c: 3.1.6 (/opt/ros/humble/share/rosidl_generator_c/cmake)
[3.703s] -- Found rosidl_adapter: 3.1.6 (/opt/ros/humble/share/rosidl_adapter/cmake)
[3.796s] -- Found rosidl_generator_cpp: 3.1.6 (/opt/ros/humble/share/rosidl_generator_cpp/cmake)
[3.907s] -- Using all available rosidl_typesupport_c: rosidl_typesupport_fastrtps_c;rosidl_typesupport_introspection_c
[4.059s] -- Using all available rosidl_typesupport_cpp: rosidl_typesupport_fastrtps_cpp;rosidl_typesupport_introspection_cpp
[5.796s] -- Found rmw_implementation_cmake: 6.1.2 (/opt/ros/humble/share/rmw_implementation_cmake/cmake)
[5.834s] -- Found rmw_fastrtps_cpp: 6.2.7 (/opt/ros/humble/share/rmw_fastrtps_cpp/cmake)
[6.071s] -- Found TinyXML2 via Config file: TinyXML2_DIR-NOTFOUND
[6.315s] -- Found OpenSSL: /usr/lib/aarch64-linux-gnu/libcrypto.so (found version "3.0.2")  
[6.329s] -- Found TinyXML2 via Config file: TinyXML2_DIR-NOTFOUND
[6.416s] -- Found FastRTPS: /opt/ros/humble/include  
[6.430s] -- Found TinyXML2 via Config file: TinyXML2_DIR-NOTFOUND
[6.463s] -- Found TinyXML2 via Config file: TinyXML2_DIR-NOTFOUND
[6.501s] -- Using RMW implementation 'rmw_fastrtps_cpp' as default
[6.618s] -- Looking for pthread.h
[6.970s] -- Looking for pthread.h - found
[6.971s] -- Performing Test CMAKE_HAVE_LIBC_PTHREAD
[7.321s] -- Performing Test CMAKE_HAVE_LIBC_PTHREAD - Success
[7.326s] -- Found Threads: TRUE  
[7.663s] -- Found sllidar_ros2: 1.0.1 (/home/rospi/aug_2024/install/sllidar_ros2/share/sllidar_ros2/cmake)
[7.676s] [33mCMake Warning at /home/rospi/aug_2024/install/sllidar_ros2/share/sllidar_ros2/cmake/ament_cmake_export_include_directories-extras.cmake:11 (message):
[7.676s]   Package 'sllidar_ros2' exports the include directory
[7.676s]   '/home/rospi/aug_2024/install/sllidar_ros2/share/sllidar_ros2/cmake/../../../include'
[7.677s]   which doesn't exist
[7.677s] Call Stack (most recent call first):
[7.677s]   /home/rospi/aug_2024/install/sllidar_ros2/share/sllidar_ros2/cmake/sllidar_ros2Config.cmake:41 (include)
[7.678s]   CMakeLists.txt:19 (find_package)
[7.678s] 
[7.678s] [0m
[8.051s] WARNING: Package name "BMC_2024" does not follow the naming conventions. It should start with a lower case letter and only contain lower case letters, digits, underscores, and dashes.
[8.132s] -- Configuring done
[8.319s] -- Generating done
[8.341s] -- Build files have been written to: /home/rospi/aug_2024/build/BMC_2024
[8.385s] Invoked command in '/home/rospi/aug_2024/build/BMC_2024' returned '0': CMAKE_PREFIX_PATH=/home/rospi/aug_2024/install/sllidar_ros2:/home/rospi/aug_2024/install/aug_2024:/home/rospi/aug_2024/install/BMC_2024:/home/rospi/aug_2024/install/pigpio:/home/rospi/aug_2024/install/my_robot_nav2:/opt/ros/humble /usr/bin/cmake /home/rospi/aug_2024/src/BMC_2024 -DCMAKE_INSTALL_PREFIX=/home/rospi/aug_2024/install/BMC_2024
[8.393s] Invoking command in '/home/rospi/aug_2024/build/BMC_2024': CMAKE_PREFIX_PATH=/home/rospi/aug_2024/install/sllidar_ros2:/home/rospi/aug_2024/install/aug_2024:/home/rospi/aug_2024/install/BMC_2024:/home/rospi/aug_2024/install/pigpio:/home/rospi/aug_2024/install/my_robot_nav2:/opt/ros/humble /usr/bin/cmake --build /home/rospi/aug_2024/build/BMC_2024 -- -j4 -l4
[8.627s] [ 66%] [32mBuilding CXX object CMakeFiles/BMC_2024.dir/src/aug_2024_system.cpp.o[0m
[8.628s] [ 66%] [32mBuilding CXX object CMakeFiles/BMC_2024.dir/src/bmc_comms.cpp.o[0m
[22.151s] [01m[K/home/rospi/aug_2024/src/BMC_2024/src/aug_2024_system.cpp:[m[K In member function ‘[01m[Kvirtual hardware_interface::return_type BMC_2024::AUG2024Hardware::read(const rclcpp::Time&, const rclcpp::Duration&)[m[K’:
[22.152s] [01m[K/home/rospi/aug_2024/src/BMC_2024/src/aug_2024_system.cpp:278:59:[m[K [01;35m[Kwarning: [m[Kunused parameter ‘[01m[Kperiod[m[K’ [[01;35m[K]8;;https://gcc.gnu.org/onlinedocs/gcc/Warning-Options.html#index-Wunused-parameter-Wunused-parameter]8;;[m[K]
[22.152s]   278 |   const rclcpp::Time & /*time*/, [01;35m[Kconst rclcpp::Duration & period[m[K)
[22.153s]       |                                  [01;35m[K~~~~~~~~~~~~~~~~~~~~~~~~~^~~~~~[m[K
[27.114s] [100%] [32m[1mLinking CXX shared library libBMC_2024.so[0m
[28.188s] [100%] Built target BMC_2024
[28.233s] Invoked command in '/home/rospi/aug_2024/build/BMC_2024' returned '0': CMAKE_PREFIX_PATH=/home/rospi/aug_2024/install/sllidar_ros2:/home/rospi/aug_2024/install/aug_2024:/home/rospi/aug_2024/install/BMC_2024:/home/rospi/aug_2024/install/pigpio:/home/rospi/aug_2024/install/my_robot_nav2:/opt/ros/humble /usr/bin/cmake --build /home/rospi/aug_2024/build/BMC_2024 -- -j4 -l4
[28.242s] Invoking command in '/home/rospi/aug_2024/build/BMC_2024': CMAKE_PREFIX_PATH=/home/rospi/aug_2024/install/sllidar_ros2:/home/rospi/aug_2024/install/aug_2024:/home/rospi/aug_2024/install/BMC_2024:/home/rospi/aug_2024/install/pigpio:/home/rospi/aug_2024/install/my_robot_nav2:/opt/ros/humble /usr/bin/cmake --install /home/rospi/aug_2024/build/BMC_2024
[28.272s] -- Install configuration: ""
[28.272s] -- Installing: /home/rospi/aug_2024/install/BMC_2024/lib/libBMC_2024.so
[28.281s] -- Set runtime path of "/home/rospi/aug_2024/install/BMC_2024/lib/libBMC_2024.so" to ""
[28.281s] -- Installing: /home/rospi/aug_2024/install/BMC_2024/include
[28.282s] -- Installing: /home/rospi/aug_2024/install/BMC_2024/include/BMC_2024
[28.283s] -- Installing: /home/rospi/aug_2024/install/BMC_2024/include/BMC_2024/aug_2024_system.hpp
[28.283s] -- Installing: /home/rospi/aug_2024/install/BMC_2024/include/BMC_2024/bmc_comms.hpp
[28.284s] -- Installing: /home/rospi/aug_2024/install/BMC_2024/include/BMC_2024/visibility_control.h
[28.286s] -- Installing: /home/rospi/aug_2024/install/BMC_2024/share/BMC_2024/aug_2024_hardware.xml
[28.288s] -- Up-to-date: /home/rospi/aug_2024/install/BMC_2024/lib/libBMC_2024.so
[28.290s] -- Installing: /home/rospi/aug_2024/install/BMC_2024/share/BMC_2024/environment/library_path.sh
[28.291s] -- Installing: /home/rospi/aug_2024/install/BMC_2024/share/BMC_2024/environment/library_path.dsv
[28.293s] -- Installing: /home/rospi/aug_2024/install/BMC_2024/share/ament_index/resource_index/package_run_dependencies/BMC_2024
[28.294s] -- Installing: /home/rospi/aug_2024/install/BMC_2024/share/ament_index/resource_index/parent_prefix_path/BMC_2024
[28.296s] -- Installing: /home/rospi/aug_2024/install/BMC_2024/share/BMC_2024/environment/ament_prefix_path.sh
[28.297s] -- Installing: /home/rospi/aug_2024/install/BMC_2024/share/BMC_2024/environment/ament_prefix_path.dsv
[28.298s] -- Installing: /home/rospi/aug_2024/install/BMC_2024/share/BMC_2024/environment/path.sh
[28.299s] -- Installing: /home/rospi/aug_2024/install/BMC_2024/share/BMC_2024/environment/path.dsv
[28.301s] -- Installing: /home/rospi/aug_2024/install/BMC_2024/share/BMC_2024/local_setup.bash
[28.302s] -- Installing: /home/rospi/aug_2024/install/BMC_2024/share/BMC_2024/local_setup.sh
[28.303s] -- Installing: /home/rospi/aug_2024/install/BMC_2024/share/BMC_2024/local_setup.zsh
[28.304s] -- Installing: /home/rospi/aug_2024/install/BMC_2024/share/BMC_2024/local_setup.dsv
[28.305s] -- Installing: /home/rospi/aug_2024/install/BMC_2024/share/BMC_2024/package.dsv
[28.307s] -- Installing: /home/rospi/aug_2024/install/BMC_2024/share/ament_index/resource_index/packages/BMC_2024
[28.309s] -- Installing: /home/rospi/aug_2024/install/BMC_2024/share/ament_index/resource_index/hardware_interface__pluginlib__plugin/BMC_2024
[28.310s] -- Installing: /home/rospi/aug_2024/install/BMC_2024/share/BMC_2024/cmake/ament_cmake_export_include_directories-extras.cmake
[28.312s] -- Installing: /home/rospi/aug_2024/install/BMC_2024/share/BMC_2024/cmake/ament_cmake_export_libraries-extras.cmake
[28.313s] -- Installing: /home/rospi/aug_2024/install/BMC_2024/share/BMC_2024/cmake/ament_cmake_export_dependencies-extras.cmake
[28.314s] -- Installing: /home/rospi/aug_2024/install/BMC_2024/share/BMC_2024/cmake/BMC_2024Config.cmake
[28.315s] -- Installing: /home/rospi/aug_2024/install/BMC_2024/share/BMC_2024/cmake/BMC_2024Config-version.cmake
[28.317s] -- Installing: /home/rospi/aug_2024/install/BMC_2024/share/BMC_2024/package.xml
[28.325s] Invoked command in '/home/rospi/aug_2024/build/BMC_2024' returned '0': CMAKE_PREFIX_PATH=/home/rospi/aug_2024/install/sllidar_ros2:/home/rospi/aug_2024/install/aug_2024:/home/rospi/aug_2024/install/BMC_2024:/home/rospi/aug_2024/install/pigpio:/home/rospi/aug_2024/install/my_robot_nav2:/opt/ros/humble /usr/bin/cmake --install /home/rospi/aug_2024/build/BMC_2024
