[0.025s] Invoking command in '/home/dkflippo/aug2024/build/aug_2024': CMAKE_PREFIX_PATH=/home/dkflippo/aug2024/install/BMC_2024:/home/dkflippo/aug2024/install/sllidar_ros2:/home/dkflippo/aug2024/install/aug_2024:/home/dkflippo/aug2024/install/pigpio:/home/dkflippo/aug2024/install/my_robot_nav2:/home/dkflippo/aug2024/install/gazebo_ros2_control_demos:/home/dkflippo/aug2024/install/gazebo_ros2_control:/home/dkflippo/ros2_control_ws/install/ros2_controllers:/home/dkflippo/ros2_control_ws/install/velocity_controllers:/home/dkflippo/ros2_control_ws/install/tricycle_steering_controller:/home/dkflippo/ros2_control_ws/install/tricycle_controller:/home/dkflippo/ros2_control_ws/install/ros2_control:/home/dkflippo/ros2_control_ws/install/transmission_interface:/home/dkflippo/ros2_control_ws/install/bicycle_steering_controller:/home/dkflippo/ros2_control_ws/install/ackermann_steering_controller:/home/dkflippo/ros2_control_ws/install/steering_controllers_library:/home/dkflippo/ros2_control_ws/install/hardware_interface_testing:/home/dkflippo/ros2_control_ws/install/controller_manager:/home/dkflippo/ros2_control_ws/install/ros2_control_test_assets:/home/dkflippo/ros2_control_ws/install/range_sensor_broadcaster:/home/dkflippo/ros2_control_ws/install/position_controllers:/home/dkflippo/ros2_control_ws/install/pose_broadcaster:/home/dkflippo/ros2_control_ws/install/pid_controller:/home/dkflippo/ros2_control_ws/install/mecanum_drive_controller:/home/dkflippo/ros2_control_ws/install/joint_trajectory_controller:/home/dkflippo/ros2_control_ws/install/joint_state_broadcaster:/home/dkflippo/ros2_control_ws/install/joint_limits:/home/dkflippo/ros2_control_ws/install/imu_sensor_broadcaster:/home/dkflippo/ros2_control_ws/install/gripper_controllers:/home/dkflippo/ros2_control_ws/install/gpio_controllers:/home/dkflippo/ros2_control_ws/install/effort_controllers:/home/dkflippo/ros2_control_ws/install/forward_command_controller:/home/dkflippo/ros2_control_ws/install/force_torque_sensor_broadcaster:/home/dkflippo/ros2_control_ws/install/diff_drive_controller:/home/dkflippo/ros2_control_ws/install/admittance_controller:/home/dkflippo/ros2_control_ws/install/controller_interface:/home/dkflippo/ros2_control_ws/install/hardware_interface:/home/dkflippo/ros2_control_ws/install/controller_manager_msgs:/home/dkflippo/ros2_control_ws/install/rqt_joint_trajectory_controller:/home/dkflippo/ros2_control_ws/install/rqt_controller_manager:/home/dkflippo/ros2_control_ws/install/ros2controlcli:/home/dkflippo/ros2_control_ws/install/ros2_controllers_test_nodes:/opt/ros/humble /usr/bin/cmake --build /home/dkflippo/aug2024/build/aug_2024 -- -j12 -l12
[0.103s] [35m[1mConsolidate compiler generated dependencies of target gpio_controller[0m
[0.133s] [100%] Built target gpio_controller
[0.151s] Invoked command in '/home/dkflippo/aug2024/build/aug_2024' returned '0': CMAKE_PREFIX_PATH=/home/dkflippo/aug2024/install/BMC_2024:/home/dkflippo/aug2024/install/sllidar_ros2:/home/dkflippo/aug2024/install/aug_2024:/home/dkflippo/aug2024/install/pigpio:/home/dkflippo/aug2024/install/my_robot_nav2:/home/dkflippo/aug2024/install/gazebo_ros2_control_demos:/home/dkflippo/aug2024/install/gazebo_ros2_control:/home/dkflippo/ros2_control_ws/install/ros2_controllers:/home/dkflippo/ros2_control_ws/install/velocity_controllers:/home/dkflippo/ros2_control_ws/install/tricycle_steering_controller:/home/dkflippo/ros2_control_ws/install/tricycle_controller:/home/dkflippo/ros2_control_ws/install/ros2_control:/home/dkflippo/ros2_control_ws/install/transmission_interface:/home/dkflippo/ros2_control_ws/install/bicycle_steering_controller:/home/dkflippo/ros2_control_ws/install/ackermann_steering_controller:/home/dkflippo/ros2_control_ws/install/steering_controllers_library:/home/dkflippo/ros2_control_ws/install/hardware_interface_testing:/home/dkflippo/ros2_control_ws/install/controller_manager:/home/dkflippo/ros2_control_ws/install/ros2_control_test_assets:/home/dkflippo/ros2_control_ws/install/range_sensor_broadcaster:/home/dkflippo/ros2_control_ws/install/position_controllers:/home/dkflippo/ros2_control_ws/install/pose_broadcaster:/home/dkflippo/ros2_control_ws/install/pid_controller:/home/dkflippo/ros2_control_ws/install/mecanum_drive_controller:/home/dkflippo/ros2_control_ws/install/joint_trajectory_controller:/home/dkflippo/ros2_control_ws/install/joint_state_broadcaster:/home/dkflippo/ros2_control_ws/install/joint_limits:/home/dkflippo/ros2_control_ws/install/imu_sensor_broadcaster:/home/dkflippo/ros2_control_ws/install/gripper_controllers:/home/dkflippo/ros2_control_ws/install/gpio_controllers:/home/dkflippo/ros2_control_ws/install/effort_controllers:/home/dkflippo/ros2_control_ws/install/forward_command_controller:/home/dkflippo/ros2_control_ws/install/force_torque_sensor_broadcaster:/home/dkflippo/ros2_control_ws/install/diff_drive_controller:/home/dkflippo/ros2_control_ws/install/admittance_controller:/home/dkflippo/ros2_control_ws/install/controller_interface:/home/dkflippo/ros2_control_ws/install/hardware_interface:/home/dkflippo/ros2_control_ws/install/controller_manager_msgs:/home/dkflippo/ros2_control_ws/install/rqt_joint_trajectory_controller:/home/dkflippo/ros2_control_ws/install/rqt_controller_manager:/home/dkflippo/ros2_control_ws/install/ros2controlcli:/home/dkflippo/ros2_control_ws/install/ros2_controllers_test_nodes:/opt/ros/humble /usr/bin/cmake --build /home/dkflippo/aug2024/build/aug_2024 -- -j12 -l12
[0.154s] Invoking command in '/home/dkflippo/aug2024/build/aug_2024': CMAKE_PREFIX_PATH=/home/dkflippo/aug2024/install/BMC_2024:/home/dkflippo/aug2024/install/sllidar_ros2:/home/dkflippo/aug2024/install/aug_2024:/home/dkflippo/aug2024/install/pigpio:/home/dkflippo/aug2024/install/my_robot_nav2:/home/dkflippo/aug2024/install/gazebo_ros2_control_demos:/home/dkflippo/aug2024/install/gazebo_ros2_control:/home/dkflippo/ros2_control_ws/install/ros2_controllers:/home/dkflippo/ros2_control_ws/install/velocity_controllers:/home/dkflippo/ros2_control_ws/install/tricycle_steering_controller:/home/dkflippo/ros2_control_ws/install/tricycle_controller:/home/dkflippo/ros2_control_ws/install/ros2_control:/home/dkflippo/ros2_control_ws/install/transmission_interface:/home/dkflippo/ros2_control_ws/install/bicycle_steering_controller:/home/dkflippo/ros2_control_ws/install/ackermann_steering_controller:/home/dkflippo/ros2_control_ws/install/steering_controllers_library:/home/dkflippo/ros2_control_ws/install/hardware_interface_testing:/home/dkflippo/ros2_control_ws/install/controller_manager:/home/dkflippo/ros2_control_ws/install/ros2_control_test_assets:/home/dkflippo/ros2_control_ws/install/range_sensor_broadcaster:/home/dkflippo/ros2_control_ws/install/position_controllers:/home/dkflippo/ros2_control_ws/install/pose_broadcaster:/home/dkflippo/ros2_control_ws/install/pid_controller:/home/dkflippo/ros2_control_ws/install/mecanum_drive_controller:/home/dkflippo/ros2_control_ws/install/joint_trajectory_controller:/home/dkflippo/ros2_control_ws/install/joint_state_broadcaster:/home/dkflippo/ros2_control_ws/install/joint_limits:/home/dkflippo/ros2_control_ws/install/imu_sensor_broadcaster:/home/dkflippo/ros2_control_ws/install/gripper_controllers:/home/dkflippo/ros2_control_ws/install/gpio_controllers:/home/dkflippo/ros2_control_ws/install/effort_controllers:/home/dkflippo/ros2_control_ws/install/forward_command_controller:/home/dkflippo/ros2_control_ws/install/force_torque_sensor_broadcaster:/home/dkflippo/ros2_control_ws/install/diff_drive_controller:/home/dkflippo/ros2_control_ws/install/admittance_controller:/home/dkflippo/ros2_control_ws/install/controller_interface:/home/dkflippo/ros2_control_ws/install/hardware_interface:/home/dkflippo/ros2_control_ws/install/controller_manager_msgs:/home/dkflippo/ros2_control_ws/install/rqt_joint_trajectory_controller:/home/dkflippo/ros2_control_ws/install/rqt_controller_manager:/home/dkflippo/ros2_control_ws/install/ros2controlcli:/home/dkflippo/ros2_control_ws/install/ros2_controllers_test_nodes:/opt/ros/humble /usr/bin/cmake --install /home/dkflippo/aug2024/build/aug_2024
[0.169s] -- Install configuration: ""
[0.169s] -- Up-to-date: /home/dkflippo/aug2024/install/aug_2024/share/aug_2024//config
[0.169s] -- Up-to-date: /home/dkflippo/aug2024/install/aug_2024/share/aug_2024//config/nav2_params.yaml
[0.169s] -- Up-to-date: /home/dkflippo/aug2024/install/aug_2024/share/aug_2024//config/backup
[0.169s] -- Up-to-date: /home/dkflippo/aug2024/install/aug_2024/share/aug_2024//config/backup/map1.pgm
[0.170s] -- Up-to-date: /home/dkflippo/aug2024/install/aug_2024/share/aug_2024//config/backup/map1.yaml
[0.170s] -- Up-to-date: /home/dkflippo/aug2024/install/aug_2024/share/aug_2024//config/amcl_config.yaml
[0.170s] -- Up-to-date: /home/dkflippo/aug2024/install/aug_2024/share/aug_2024//config/map1.pgm
[0.170s] -- Up-to-date: /home/dkflippo/aug2024/install/aug_2024/share/aug_2024//config/validate_yaml.py
[0.170s] -- Up-to-date: /home/dkflippo/aug2024/install/aug_2024/share/aug_2024//config/twist_mux.yaml
[0.171s] -- Up-to-date: /home/dkflippo/aug2024/install/aug_2024/share/aug_2024//config/updated_controllers.yaml
[0.171s] -- Up-to-date: /home/dkflippo/aug2024/install/aug_2024/share/aug_2024//config/direct_controllers.yaml
[0.171s] -- Up-to-date: /home/dkflippo/aug2024/install/aug_2024/share/aug_2024//config/map1.yaml
[0.171s] -- Up-to-date: /home/dkflippo/aug2024/install/aug_2024/share/aug_2024//config/gazebo_ros2_control_params.yaml
[0.171s] -- Up-to-date: /home/dkflippo/aug2024/install/aug_2024/share/aug_2024//config/flippo_controllers.yaml
[0.171s] -- Up-to-date: /home/dkflippo/aug2024/install/aug_2024/share/aug_2024//config/ekf.yaml
[0.171s] -- Up-to-date: /home/dkflippo/aug2024/install/aug_2024/share/aug_2024//description
[0.172s] -- Up-to-date: /home/dkflippo/aug2024/install/aug_2024/share/aug_2024//description/launch
[0.172s] -- Up-to-date: /home/dkflippo/aug2024/install/aug_2024/share/aug_2024//description/config
[0.172s] -- Up-to-date: /home/dkflippo/aug2024/install/aug_2024/share/aug_2024//description/config/aug_2024_joint_names.yaml
[0.172s] -- Up-to-date: /home/dkflippo/aug2024/install/aug_2024/share/aug_2024//description/config/ekf.yaml
[0.172s] -- Up-to-date: /home/dkflippo/aug2024/install/aug_2024/share/aug_2024//description/urdf
[0.172s] -- Up-to-date: /home/dkflippo/aug2024/install/aug_2024/share/aug_2024//description/urdf/aug_2024-cast.urdf
[0.173s] -- Up-to-date: /home/dkflippo/aug2024/install/aug_2024/share/aug_2024//description/urdf/aug_2024-nocaster.urdf
[0.173s] -- Up-to-date: /home/dkflippo/aug2024/install/aug_2024/share/aug_2024//description/urdf/aug_2024-1.xacro
[0.173s] -- Up-to-date: /home/dkflippo/aug2024/install/aug_2024/share/aug_2024//description/urdf/aug_2024_old.xacro
[0.173s] -- Up-to-date: /home/dkflippo/aug2024/install/aug_2024/share/aug_2024//description/urdf/aug_2024.urdf
[0.173s] -- Up-to-date: /home/dkflippo/aug2024/install/aug_2024/share/aug_2024//description/urdf/aug_2024 _no_caster.xacro
[0.173s] -- Up-to-date: /home/dkflippo/aug2024/install/aug_2024/share/aug_2024//description/rviz
[0.173s] -- Up-to-date: /home/dkflippo/aug2024/install/aug_2024/share/aug_2024//description/rviz/urdf_config.rviz
[0.173s] -- Up-to-date: /home/dkflippo/aug2024/install/aug_2024/share/aug_2024//description/meshes
[0.173s] -- Up-to-date: /home/dkflippo/aug2024/install/aug_2024/share/aug_2024//description/meshes/rear_right_wheel_link.STL
[0.174s] -- Up-to-date: /home/dkflippo/aug2024/install/aug_2024/share/aug_2024//description/meshes/front_right_wheel_link.STL
[0.174s] -- Up-to-date: /home/dkflippo/aug2024/install/aug_2024/share/aug_2024//description/meshes/rear_left_wheel_link.STL
[0.174s] -- Up-to-date: /home/dkflippo/aug2024/install/aug_2024/share/aug_2024//description/meshes/front_left_wheel_link.STL
[0.174s] -- Up-to-date: /home/dkflippo/aug2024/install/aug_2024/share/aug_2024//description/meshes/chassis_link.STL
[0.174s] -- Up-to-date: /home/dkflippo/aug2024/install/aug_2024/share/aug_2024//launch
[0.174s] -- Up-to-date: /home/dkflippo/aug2024/install/aug_2024/share/aug_2024//launch/aug_2024_launch.py
[0.175s] -- Up-to-date: /home/dkflippo/aug2024/install/aug_2024/share/aug_2024//launch/aug_2024_sim_launch.py
[0.175s] -- Up-to-date: /home/dkflippo/aug2024/install/aug_2024/share/aug_2024//launch/simple.py
[0.175s] -- Up-to-date: /home/dkflippo/aug2024/install/aug_2024/share/aug_2024//launch/joy.py
[0.175s] -- Up-to-date: /home/dkflippo/aug2024/install/aug_2024/share/aug_2024//launch/min_launch.py
[0.175s] -- Up-to-date: /home/dkflippo/aug2024/install/aug_2024/share/aug_2024//launch/aug_2024_rospi_launch.py
[0.175s] -- Up-to-date: /home/dkflippo/aug2024/install/aug_2024/share/aug_2024//launch/working_copy_version2.py
[0.176s] -- Up-to-date: /home/dkflippo/aug2024/install/aug_2024/share/aug_2024//launch/sllidar_a2m12_launch .py
[0.176s] -- Up-to-date: /home/dkflippo/aug2024/install/aug_2024/share/aug_2024//launch/aug_2024_sim_launch1.py
[0.177s] -- Up-to-date: /home/dkflippo/aug2024/install/aug_2024/share/aug_2024//launch/aug_2024_rospi_launch_broken.py
[0.177s] -- Up-to-date: /home/dkflippo/aug2024/install/aug_2024/share/aug_2024//launch/ros2_control_debug.launch.py
[0.177s] -- Up-to-date: /home/dkflippo/aug2024/install/aug_2024/share/aug_2024//worlds
[0.177s] -- Up-to-date: /home/dkflippo/aug2024/install/aug_2024/share/aug_2024//worlds/usda_rough_dim.sdf
[0.178s] -- Up-to-date: /home/dkflippo/aug2024/install/aug_2024/share/aug_2024//worlds/gaz_goof_001
[0.178s] -- Up-to-date: /home/dkflippo/aug2024/install/aug_2024/share/aug_2024//worlds/usda_build_full
[0.178s] -- Up-to-date: /home/dkflippo/aug2024/install/aug_2024/share/aug_2024//worlds/usda_build_full/model.config
[0.178s] -- Up-to-date: /home/dkflippo/aug2024/install/aug_2024/share/aug_2024//worlds/usda_build_full/model.sdf
[0.178s] -- Up-to-date: /home/dkflippo/aug2024/install/aug_2024/lib/aug_2024/gpio_controller
[0.178s] -- Up-to-date: /home/dkflippo/aug2024/install/aug_2024/share/ament_index/resource_index/package_run_dependencies/aug_2024
[0.178s] -- Up-to-date: /home/dkflippo/aug2024/install/aug_2024/share/ament_index/resource_index/parent_prefix_path/aug_2024
[0.178s] -- Up-to-date: /home/dkflippo/aug2024/install/aug_2024/share/aug_2024/environment/ament_prefix_path.sh
[0.179s] -- Up-to-date: /home/dkflippo/aug2024/install/aug_2024/share/aug_2024/environment/ament_prefix_path.dsv
[0.179s] -- Up-to-date: /home/dkflippo/aug2024/install/aug_2024/share/aug_2024/environment/path.sh
[0.179s] -- Up-to-date: /home/dkflippo/aug2024/install/aug_2024/share/aug_2024/environment/path.dsv
[0.179s] -- Up-to-date: /home/dkflippo/aug2024/install/aug_2024/share/aug_2024/local_setup.bash
[0.179s] -- Up-to-date: /home/dkflippo/aug2024/install/aug_2024/share/aug_2024/local_setup.sh
[0.179s] -- Up-to-date: /home/dkflippo/aug2024/install/aug_2024/share/aug_2024/local_setup.zsh
[0.179s] -- Up-to-date: /home/dkflippo/aug2024/install/aug_2024/share/aug_2024/local_setup.dsv
[0.179s] -- Installing: /home/dkflippo/aug2024/install/aug_2024/share/aug_2024/package.dsv
[0.179s] -- Up-to-date: /home/dkflippo/aug2024/install/aug_2024/share/ament_index/resource_index/packages/aug_2024
[0.180s] -- Up-to-date: /home/dkflippo/aug2024/install/aug_2024/share/aug_2024/cmake/aug_2024Config.cmake
[0.180s] -- Up-to-date: /home/dkflippo/aug2024/install/aug_2024/share/aug_2024/cmake/aug_2024Config-version.cmake
[0.180s] -- Up-to-date: /home/dkflippo/aug2024/install/aug_2024/share/aug_2024/package.xml
[0.180s] Invoked command in '/home/dkflippo/aug2024/build/aug_2024' returned '0': CMAKE_PREFIX_PATH=/home/dkflippo/aug2024/install/BMC_2024:/home/dkflippo/aug2024/install/sllidar_ros2:/home/dkflippo/aug2024/install/aug_2024:/home/dkflippo/aug2024/install/pigpio:/home/dkflippo/aug2024/install/my_robot_nav2:/home/dkflippo/aug2024/install/gazebo_ros2_control_demos:/home/dkflippo/aug2024/install/gazebo_ros2_control:/home/dkflippo/ros2_control_ws/install/ros2_controllers:/home/dkflippo/ros2_control_ws/install/velocity_controllers:/home/dkflippo/ros2_control_ws/install/tricycle_steering_controller:/home/dkflippo/ros2_control_ws/install/tricycle_controller:/home/dkflippo/ros2_control_ws/install/ros2_control:/home/dkflippo/ros2_control_ws/install/transmission_interface:/home/dkflippo/ros2_control_ws/install/bicycle_steering_controller:/home/dkflippo/ros2_control_ws/install/ackermann_steering_controller:/home/dkflippo/ros2_control_ws/install/steering_controllers_library:/home/dkflippo/ros2_control_ws/install/hardware_interface_testing:/home/dkflippo/ros2_control_ws/install/controller_manager:/home/dkflippo/ros2_control_ws/install/ros2_control_test_assets:/home/dkflippo/ros2_control_ws/install/range_sensor_broadcaster:/home/dkflippo/ros2_control_ws/install/position_controllers:/home/dkflippo/ros2_control_ws/install/pose_broadcaster:/home/dkflippo/ros2_control_ws/install/pid_controller:/home/dkflippo/ros2_control_ws/install/mecanum_drive_controller:/home/dkflippo/ros2_control_ws/install/joint_trajectory_controller:/home/dkflippo/ros2_control_ws/install/joint_state_broadcaster:/home/dkflippo/ros2_control_ws/install/joint_limits:/home/dkflippo/ros2_control_ws/install/imu_sensor_broadcaster:/home/dkflippo/ros2_control_ws/install/gripper_controllers:/home/dkflippo/ros2_control_ws/install/gpio_controllers:/home/dkflippo/ros2_control_ws/install/effort_controllers:/home/dkflippo/ros2_control_ws/install/forward_command_controller:/home/dkflippo/ros2_control_ws/install/force_torque_sensor_broadcaster:/home/dkflippo/ros2_control_ws/install/diff_drive_controller:/home/dkflippo/ros2_control_ws/install/admittance_controller:/home/dkflippo/ros2_control_ws/install/controller_interface:/home/dkflippo/ros2_control_ws/install/hardware_interface:/home/dkflippo/ros2_control_ws/install/controller_manager_msgs:/home/dkflippo/ros2_control_ws/install/rqt_joint_trajectory_controller:/home/dkflippo/ros2_control_ws/install/rqt_controller_manager:/home/dkflippo/ros2_control_ws/install/ros2controlcli:/home/dkflippo/ros2_control_ws/install/ros2_controllers_test_nodes:/opt/ros/humble /usr/bin/cmake --install /home/dkflippo/aug2024/build/aug_2024
