-- The C compiler identification is GNU 11.4.0
-- Detecting C compiler ABI info
-- Detecting C compiler ABI info - done
-- Check for working C compiler: /usr/bin/cc - skipped
-- Detecting C compile features
-- Detecting C compile features - done
-- Looking for pthread.h
-- Looking for pthread.h - found
-- Performing Test CMAKE_HAVE_LIBC_PTHREAD
-- Performing Test CMAKE_HAVE_LIBC_PTHREAD - Success
-- Found Threads: TRUE  
-- Found rt: /usr/lib/aarch64-linux-gnu/librt.a  
-- Performing Test COMPILER_HAS_HIDDEN_VISIBILITY
-- Performing Test COMPILER_HAS_HIDDEN_VISIBILITY - Success
-- Performing Test COMPILER_HAS_HIDDEN_INLINE_VISIBILITY
-- Performing Test COMPILER_HAS_HIDDEN_INLINE_VISIBILITY - Failed
-- Performing Test COMPILER_HAS_DEPRECATED_ATTR
-- Performing Test COMPILER_HAS_DEPRECATED_ATTR - Success
-- Configuring done
-- Generating done
-- Build files have been written to: /home/rospi/aug_2024/build/pigpio
[  4%] [32mBuilding C object CMakeFiles/pigpiod_if.dir/pigpiod_if.c.o[0m
[  8%] [32mBuilding C object CMakeFiles/pigpio.dir/pigpio.c.o[0m
[ 13%] [32mBuilding C object CMakeFiles/pigs.dir/pigs.c.o[0m
[ 17%] [32mBuilding C object CMakeFiles/pigpiod_if2.dir/pigpiod_if2.c.o[0m
[ 21%] [32mBuilding C object CMakeFiles/pigs.dir/command.c.o[0m
[ 26%] [32mBuilding C object CMakeFiles/pigpiod_if.dir/command.c.o[0m
[ 30%] [32mBuilding C object CMakeFiles/pigpiod_if2.dir/command.c.o[0m
[ 34%] [32m[1mLinking C executable pigs[0m
[ 39%] [32m[1mLinking C shared library libpigpiod_if.so[0m
[ 43%] [32m[1mLinking C shared library libpigpiod_if2.so[0m
[ 43%] Built target pigs
[ 43%] Built target pigpiod_if
[ 47%] [32mBuilding C object CMakeFiles/pig2vcd.dir/pig2vcd.c.o[0m
[ 52%] [32mBuilding C object CMakeFiles/x_pigpiod_if.dir/x_pigpiod_if.c.o[0m
[ 52%] Built target pigpiod_if2
[ 56%] [32mBuilding C object CMakeFiles/x_pigpiod_if2.dir/x_pigpiod_if2.c.o[0m
[ 60%] [32mBuilding C object CMakeFiles/pig2vcd.dir/command.c.o[0m
[ 65%] [32m[1mLinking C executable x_pigpiod_if[0m
[ 65%] Built target x_pigpiod_if
[ 69%] [32mBuilding C object CMakeFiles/pigpio.dir/command.c.o[0m
[ 73%] [32m[1mLinking C executable x_pigpiod_if2[0m
[ 78%] [32m[1mLinking C executable pig2vcd[0m
[ 78%] Built target x_pigpiod_if2
[ 78%] Built target pig2vcd
[ 82%] [32m[1mLinking C shared library libpigpio.so[0m
[ 82%] Built target pigpio
[ 86%] [32mBuilding C object CMakeFiles/x_pigpio.dir/x_pigpio.c.o[0m
[ 91%] [32mBuilding C object CMakeFiles/pigpiod.dir/pigpiod.c.o[0m
[ 95%] [32m[1mLinking C executable pigpiod[0m
[100%] [32m[1mLinking C executable x_pigpio[0m
[100%] Built target pigpiod
[100%] Built target x_pigpio
-- Install configuration: ""
-- Installing: /home/rospi/aug_2024/install/pigpio/lib/libpigpio.so
-- Installing: /home/rospi/aug_2024/install/pigpio/lib/libpigpiod_if.so
-- Installing: /home/rospi/aug_2024/install/pigpio/lib/libpigpiod_if2.so
-- Installing: /home/rospi/aug_2024/install/pigpio/bin/pig2vcd
-- Installing: /home/rospi/aug_2024/install/pigpio/bin/pigpiod
-- Set runtime path of "/home/rospi/aug_2024/install/pigpio/bin/pigpiod" to ""
-- Installing: /home/rospi/aug_2024/install/pigpio/bin/pigs
-- Installing: /home/rospi/aug_2024/install/pigpio/lib/cmake/pigpio/pigpioTargets.cmake
-- Installing: /home/rospi/aug_2024/install/pigpio/lib/cmake/pigpio/pigpioTargets-noconfig.cmake
-- Installing: /home/rospi/aug_2024/install/pigpio/lib/cmake/pigpio/pigpioConfig.cmake
-- Installing: /home/rospi/aug_2024/install/pigpio/lib/cmake/pigpio/pigpioConfigVersion.cmake
-- Installing: /home/rospi/aug_2024/install/pigpio/include/pigpio.h
-- Installing: /home/rospi/aug_2024/install/pigpio/include/pigpiod_if.h
-- Installing: /home/rospi/aug_2024/install/pigpio/include/pigpiod_if2.h
-- Installing: /home/rospi/aug_2024/install/pigpio/man/man1/pig2vcd.1
-- Installing: /home/rospi/aug_2024/install/pigpio/man/man1/pigpiod.1
-- Installing: /home/rospi/aug_2024/install/pigpio/man/man1/pigs.1
-- Installing: /home/rospi/aug_2024/install/pigpio/man/man3/pigpio.3
-- Installing: /home/rospi/aug_2024/install/pigpio/man/man3/pigpiod_if.3
-- Installing: /home/rospi/aug_2024/install/pigpio/man/man3/pigpiod_if2.3
running install
running build
running build_py
creating build
creating build/lib
copying /home/rospi/aug_2024/pigpio-master/pigpio.py -> build/lib
running install_lib
copying build/lib/pigpio.py -> /usr/local/lib/python3.10/dist-packages
