[0.077s] Invoking command in '/home/rospi/aug_2024/build/sllidar_ros2': CMAKE_PREFIX_PATH=${CMAKE_PREFIX_PATH}:/opt/ros/humble /usr/bin/cmake /home/rospi/aug_2024/src/sllidar_ros2 -DCMAKE_INSTALL_PREFIX=/home/rospi/aug_2024/install/sllidar_ros2
[0.452s] -- The C compiler identification is GNU 11.4.0
[0.857s] -- The CXX compiler identification is GNU 11.4.0
[0.890s] -- Detecting C compiler ABI info
[1.270s] -- Detecting C compiler ABI info - done
[1.300s] -- Check for working C compiler: /usr/bin/cc - skipped
[1.302s] -- Detecting C compile features
[1.302s] -- Detecting C compile features - done
[1.316s] -- Detecting CXX compiler ABI info
[1.752s] -- Detecting CXX compiler ABI info - done
[1.786s] -- Check for working CXX compiler: /usr/bin/c++ - skipped
[1.787s] -- Detecting CXX compile features
[1.790s] -- Detecting CXX compile features - done
[1.830s] -- Found ament_cmake: 1.3.11 (/opt/ros/humble/share/ament_cmake/cmake)
[2.978s] -- Found Python3: /usr/bin/python3 (found version "3.10.12") found components: Interpreter 
[3.832s] -- Found rclcpp: 16.0.12 (/opt/ros/humble/share/rclcpp/cmake)
[4.361s] -- Found rosidl_generator_c: 3.1.6 (/opt/ros/humble/share/rosidl_generator_c/cmake)
[4.441s] -- Found rosidl_adapter: 3.1.6 (/opt/ros/humble/share/rosidl_adapter/cmake)
[4.541s] -- Found rosidl_generator_cpp: 3.1.6 (/opt/ros/humble/share/rosidl_generator_cpp/cmake)
[4.711s] -- Using all available rosidl_typesupport_c: rosidl_typesupport_fastrtps_c;rosidl_typesupport_introspection_c
[4.880s] -- Using all available rosidl_typesupport_cpp: rosidl_typesupport_fastrtps_cpp;rosidl_typesupport_introspection_cpp
[5.324s] -- Found rmw_implementation_cmake: 6.1.2 (/opt/ros/humble/share/rmw_implementation_cmake/cmake)
[5.362s] -- Found rmw_fastrtps_cpp: 6.2.7 (/opt/ros/humble/share/rmw_fastrtps_cpp/cmake)
[6.065s] -- Found OpenSSL: /usr/lib/aarch64-linux-gnu/libcrypto.so (found version "3.0.2")  
[6.380s] -- Found FastRTPS: /opt/ros/humble/include  
[6.875s] -- Using RMW implementation 'rmw_fastrtps_cpp' as default
[6.993s] -- Looking for pthread.h
[7.354s] -- Looking for pthread.h - found
[7.356s] -- Performing Test CMAKE_HAVE_LIBC_PTHREAD
[7.730s] -- Performing Test CMAKE_HAVE_LIBC_PTHREAD - Success
[7.734s] -- Found Threads: TRUE  
[8.116s] -- Found sensor_msgs: 4.8.0 (/opt/ros/humble/share/sensor_msgs/cmake)
[8.307s] -- Found std_srvs: 4.8.0 (/opt/ros/humble/share/std_srvs/cmake)
[8.797s] -- Configuring done
[8.896s] -- Generating done
[8.921s] -- Build files have been written to: /home/rospi/aug_2024/build/sllidar_ros2
