[0.088s] Invoking command in '/home/rospi/aug_2024/build/sllidar_ros2': CMAKE_PREFIX_PATH=/opt/ros/humble /usr/bin/cmake --build /home/rospi/aug_2024/build/sllidar_ros2 -- -j4 -l4
[0.296s] [35m[1mConsolidate compiler generated dependencies of target sllidar_client[0m
[0.305s] [35m[1mConsolidate compiler generated dependencies of target sllidar_node[0m
[0.499s] [ 10%] Built target sllidar_client
[0.628s] [100%] Built target sllidar_node
[0.742s] Invoked command in '/home/rospi/aug_2024/build/sllidar_ros2' returned '0': CMAKE_PREFIX_PATH=/opt/ros/humble /usr/bin/cmake --build /home/rospi/aug_2024/build/sllidar_ros2 -- -j4 -l4
[0.758s] Invoking command in '/home/rospi/aug_2024/build/sllidar_ros2': CMAKE_PREFIX_PATH=/opt/ros/humble /usr/bin/cmake --install /home/rospi/aug_2024/build/sllidar_ros2
[0.819s] -- Install configuration: ""
[0.820s] -- Up-to-date: /home/rospi/aug_2024/install/sllidar_ros2/share/sllidar_ros2/launch
[0.825s] -- Up-to-date: /home/rospi/aug_2024/install/sllidar_ros2/share/sllidar_ros2/launch/view_sllidar_s1_tcp_launch.py
[0.826s] -- Up-to-date: /home/rospi/aug_2024/install/sllidar_ros2/share/sllidar_ros2/launch/sllidar_a2m12_launch .py
[0.827s] -- Up-to-date: /home/rospi/aug_2024/install/sllidar_ros2/share/sllidar_ros2/launch/view_sllidar_s1_launch.py
[0.827s] -- Up-to-date: /home/rospi/aug_2024/install/sllidar_ros2/share/sllidar_ros2/launch/sllidar_s3_launch.py
[0.828s] -- Up-to-date: /home/rospi/aug_2024/install/sllidar_ros2/share/sllidar_ros2/launch/view_sllidar_a2m7_launch.py
[0.829s] -- Up-to-date: /home/rospi/aug_2024/install/sllidar_ros2/share/sllidar_ros2/launch/sllidar_a2m8_launch.py
[0.829s] -- Up-to-date: /home/rospi/aug_2024/install/sllidar_ros2/share/sllidar_ros2/launch/view_sllidar_s2_launch.py
[0.830s] -- Up-to-date: /home/rospi/aug_2024/install/sllidar_ros2/share/sllidar_ros2/launch/view_sllidar_s2e_launch.py
[0.836s] -- Up-to-date: /home/rospi/aug_2024/install/sllidar_ros2/share/sllidar_ros2/launch/view_sllidar_a2m12_launch.py
[0.837s] -- Up-to-date: /home/rospi/aug_2024/install/sllidar_ros2/share/sllidar_ros2/launch/sllidar_s1_launch.py
[0.837s] -- Up-to-date: /home/rospi/aug_2024/install/sllidar_ros2/share/sllidar_ros2/launch/view_sllidar_s3_launch.py
[0.838s] -- Up-to-date: /home/rospi/aug_2024/install/sllidar_ros2/share/sllidar_ros2/launch/view_sllidar_a2m8_launch.py
[0.839s] -- Up-to-date: /home/rospi/aug_2024/install/sllidar_ros2/share/sllidar_ros2/launch/view_sllidar_t1_launch.py
[0.840s] -- Up-to-date: /home/rospi/aug_2024/install/sllidar_ros2/share/sllidar_ros2/launch/view_sllidar_a1_launch.py
[0.840s] -- Up-to-date: /home/rospi/aug_2024/install/sllidar_ros2/share/sllidar_ros2/launch/sllidar_s2_launch.py
[0.846s] -- Up-to-date: /home/rospi/aug_2024/install/sllidar_ros2/share/sllidar_ros2/launch/sllidar_t1_launch.py
[0.847s] -- Up-to-date: /home/rospi/aug_2024/install/sllidar_ros2/share/sllidar_ros2/launch/sllidar_a1_launch.py
[0.849s] -- Up-to-date: /home/rospi/aug_2024/install/sllidar_ros2/share/sllidar_ros2/launch/sllidar_c1_launch.py
[0.850s] -- Up-to-date: /home/rospi/aug_2024/install/sllidar_ros2/share/sllidar_ros2/launch/view_sllidar_c1_launch.py
[0.851s] -- Up-to-date: /home/rospi/aug_2024/install/sllidar_ros2/share/sllidar_ros2/launch/view_sllidar_a3_launch.py
[0.852s] -- Up-to-date: /home/rospi/aug_2024/install/sllidar_ros2/share/sllidar_ros2/launch/sllidar_s1_tcp_launch.py
[0.853s] -- Up-to-date: /home/rospi/aug_2024/install/sllidar_ros2/share/sllidar_ros2/launch/sllidar_a2m7_launch.py
[0.854s] -- Up-to-date: /home/rospi/aug_2024/install/sllidar_ros2/share/sllidar_ros2/launch/sllidar_a3_launch.py
[0.855s] -- Up-to-date: /home/rospi/aug_2024/install/sllidar_ros2/share/sllidar_ros2/launch/sllidar_s2e_launch.py
[0.855s] -- Up-to-date: /home/rospi/aug_2024/install/sllidar_ros2/share/sllidar_ros2/rviz
[0.857s] -- Up-to-date: /home/rospi/aug_2024/install/sllidar_ros2/share/sllidar_ros2/rviz/sllidar_ros2.rviz
[0.859s] -- Up-to-date: /home/rospi/aug_2024/install/sllidar_ros2/lib/sllidar_ros2/sllidar_node
[0.860s] -- Up-to-date: /home/rospi/aug_2024/install/sllidar_ros2/lib/sllidar_ros2/sllidar_client
[0.861s] -- Up-to-date: /home/rospi/aug_2024/install/sllidar_ros2/share/ament_index/resource_index/package_run_dependencies/sllidar_ros2
[0.861s] -- Up-to-date: /home/rospi/aug_2024/install/sllidar_ros2/share/ament_index/resource_index/parent_prefix_path/sllidar_ros2
[0.862s] -- Up-to-date: /home/rospi/aug_2024/install/sllidar_ros2/share/sllidar_ros2/environment/ament_prefix_path.sh
[0.863s] -- Up-to-date: /home/rospi/aug_2024/install/sllidar_ros2/share/sllidar_ros2/environment/ament_prefix_path.dsv
[0.863s] -- Up-to-date: /home/rospi/aug_2024/install/sllidar_ros2/share/sllidar_ros2/environment/path.sh
[0.864s] -- Up-to-date: /home/rospi/aug_2024/install/sllidar_ros2/share/sllidar_ros2/environment/path.dsv
[0.865s] -- Up-to-date: /home/rospi/aug_2024/install/sllidar_ros2/share/sllidar_ros2/local_setup.bash
[0.866s] -- Up-to-date: /home/rospi/aug_2024/install/sllidar_ros2/share/sllidar_ros2/local_setup.sh
[0.869s] -- Up-to-date: /home/rospi/aug_2024/install/sllidar_ros2/share/sllidar_ros2/local_setup.zsh
[0.873s] -- Up-to-date: /home/rospi/aug_2024/install/sllidar_ros2/share/sllidar_ros2/local_setup.dsv
[0.874s] -- Installing: /home/rospi/aug_2024/install/sllidar_ros2/share/sllidar_ros2/package.dsv
[0.876s] -- Up-to-date: /home/rospi/aug_2024/install/sllidar_ros2/share/ament_index/resource_index/packages/sllidar_ros2
[0.877s] -- Up-to-date: /home/rospi/aug_2024/install/sllidar_ros2/share/sllidar_ros2/cmake/ament_cmake_export_dependencies-extras.cmake
[0.878s] -- Up-to-date: /home/rospi/aug_2024/install/sllidar_ros2/share/sllidar_ros2/cmake/ament_cmake_export_include_directories-extras.cmake
[0.882s] -- Up-to-date: /home/rospi/aug_2024/install/sllidar_ros2/share/sllidar_ros2/cmake/sllidar_ros2Config.cmake
[0.883s] -- Up-to-date: /home/rospi/aug_2024/install/sllidar_ros2/share/sllidar_ros2/cmake/sllidar_ros2Config-version.cmake
[0.884s] -- Up-to-date: /home/rospi/aug_2024/install/sllidar_ros2/share/sllidar_ros2/package.xml
[0.884s] Invoked command in '/home/rospi/aug_2024/build/sllidar_ros2' returned '0': CMAKE_PREFIX_PATH=/opt/ros/humble /usr/bin/cmake --install /home/rospi/aug_2024/build/sllidar_ros2
