[0.069s] Invoking command in '/home/rospi/aug_2024/build/my_robot_nav2': CMAKE_PREFIX_PATH=${CMAKE_PREFIX_PATH}:/opt/ros/humble /usr/bin/cmake /home/rospi/aug_2024/src/my_robot_nav2 -DCMAKE_INSTALL_PREFIX=/home/rospi/aug_2024/install/my_robot_nav2
[0.390s] -- The C compiler identification is GNU 11.4.0
[0.673s] -- The CXX compiler identification is GNU 11.4.0
[0.702s] -- Detecting C compiler ABI info
[1.041s] -- Detecting C compiler ABI info - done
[1.069s] -- Check for working C compiler: /usr/bin/cc - skipped
[1.070s] -- Detecting C compile features
[1.072s] -- Detecting C compile features - done
[1.085s] -- Detecting CXX compiler ABI info
[1.464s] -- Detecting CXX compiler ABI info - done
[1.494s] -- Check for working CXX compiler: /usr/bin/c++ - skipped
[1.495s] -- Detecting CXX compile features
[1.497s] -- Detecting CXX compile features - done
[1.536s] -- Found ament_cmake: 1.3.11 (/opt/ros/humble/share/ament_cmake/cmake)
[2.433s] -- Found Python3: /usr/bin/python3 (found version "3.10.12") found components: Interpreter 
[3.266s] -- Found ament_lint_auto: 0.12.12 (/opt/ros/humble/share/ament_lint_auto/cmake)
[3.858s] -- Added test 'flake8' to check Python code syntax and style conventions
[3.872s] -- Added test 'lint_cmake' to check CMake code style
[3.881s] -- Added test 'pep257' to check Python code against some of the docstring style conventions in PEP 257
[3.938s] -- Added test 'xmllint' to check XML markup files
[3.946s] -- Configuring done
[3.969s] -- Generating done
[3.978s] -- Build files have been written to: /home/rospi/aug_2024/build/my_robot_nav2
[3.997s] Invoked command in '/home/rospi/aug_2024/build/my_robot_nav2' returned '0': CMAKE_PREFIX_PATH=${CMAKE_PREFIX_PATH}:/opt/ros/humble /usr/bin/cmake /home/rospi/aug_2024/src/my_robot_nav2 -DCMAKE_INSTALL_PREFIX=/home/rospi/aug_2024/install/my_robot_nav2
[4.007s] Invoking command in '/home/rospi/aug_2024/build/my_robot_nav2': CMAKE_PREFIX_PATH=${CMAKE_PREFIX_PATH}:/opt/ros/humble /usr/bin/cmake --build /home/rospi/aug_2024/build/my_robot_nav2 -- -j4 -l4
[4.175s] Invoked command in '/home/rospi/aug_2024/build/my_robot_nav2' returned '0': CMAKE_PREFIX_PATH=${CMAKE_PREFIX_PATH}:/opt/ros/humble /usr/bin/cmake --build /home/rospi/aug_2024/build/my_robot_nav2 -- -j4 -l4
[4.217s] Invoking command in '/home/rospi/aug_2024/build/my_robot_nav2': CMAKE_PREFIX_PATH=${CMAKE_PREFIX_PATH}:/opt/ros/humble /usr/bin/cmake --install /home/rospi/aug_2024/build/my_robot_nav2
[4.245s] -- Install configuration: ""
[4.245s] -- Installing: /home/rospi/aug_2024/install/my_robot_nav2/share/my_robot_nav2//config
[4.246s] -- Installing: /home/rospi/aug_2024/install/my_robot_nav2/share/my_robot_nav2//config/slam_toolbox_params.yaml
[4.247s] -- Installing: /home/rospi/aug_2024/install/my_robot_nav2/share/my_robot_nav2//config/nav2_params.yaml
[4.248s] -- Installing: /home/rospi/aug_2024/install/my_robot_nav2/share/my_robot_nav2//include
[4.249s] -- Installing: /home/rospi/aug_2024/install/my_robot_nav2/share/my_robot_nav2//launch
[4.249s] -- Installing: /home/rospi/aug_2024/install/my_robot_nav2/share/my_robot_nav2//launch/slam_toolbox.launch.py
[4.250s] -- Installing: /home/rospi/aug_2024/install/my_robot_nav2/share/my_robot_nav2//maps
[4.251s] -- Installing: /home/rospi/aug_2024/install/my_robot_nav2/share/my_robot_nav2//maps/simple_map.yaml
[4.253s] -- Installing: /home/rospi/aug_2024/install/my_robot_nav2/share/my_robot_nav2//maps/simple_map.pgm
[4.255s] -- Installing: /home/rospi/aug_2024/install/my_robot_nav2/share/ament_index/resource_index/package_run_dependencies/my_robot_nav2
[4.256s] -- Installing: /home/rospi/aug_2024/install/my_robot_nav2/share/ament_index/resource_index/parent_prefix_path/my_robot_nav2
[4.258s] -- Installing: /home/rospi/aug_2024/install/my_robot_nav2/share/my_robot_nav2/environment/ament_prefix_path.sh
[4.260s] -- Installing: /home/rospi/aug_2024/install/my_robot_nav2/share/my_robot_nav2/environment/ament_prefix_path.dsv
[4.261s] -- Installing: /home/rospi/aug_2024/install/my_robot_nav2/share/my_robot_nav2/environment/path.sh
[4.263s] -- Installing: /home/rospi/aug_2024/install/my_robot_nav2/share/my_robot_nav2/environment/path.dsv
[4.270s] -- Installing: /home/rospi/aug_2024/install/my_robot_nav2/share/my_robot_nav2/local_setup.bash
[4.271s] -- Installing: /home/rospi/aug_2024/install/my_robot_nav2/share/my_robot_nav2/local_setup.sh
[4.273s] -- Installing: /home/rospi/aug_2024/install/my_robot_nav2/share/my_robot_nav2/local_setup.zsh
[4.274s] -- Installing: /home/rospi/aug_2024/install/my_robot_nav2/share/my_robot_nav2/local_setup.dsv
[4.278s] -- Installing: /home/rospi/aug_2024/install/my_robot_nav2/share/my_robot_nav2/package.dsv
[4.279s] -- Installing: /home/rospi/aug_2024/install/my_robot_nav2/share/ament_index/resource_index/packages/my_robot_nav2
[4.286s] -- Installing: /home/rospi/aug_2024/install/my_robot_nav2/share/my_robot_nav2/cmake/my_robot_nav2Config.cmake
[4.288s] -- Installing: /home/rospi/aug_2024/install/my_robot_nav2/share/my_robot_nav2/cmake/my_robot_nav2Config-version.cmake
[4.290s] -- Installing: /home/rospi/aug_2024/install/my_robot_nav2/share/my_robot_nav2/package.xml
[4.312s] Invoked command in '/home/rospi/aug_2024/build/my_robot_nav2' returned '0': CMAKE_PREFIX_PATH=${CMAKE_PREFIX_PATH}:/opt/ros/humble /usr/bin/cmake --install /home/rospi/aug_2024/build/my_robot_nav2
