[0.090s] Invoking command in '/home/rospi/aug_2024/build/sllidar_ros2': CMAKE_PREFIX_PATH=${CMAKE_PREFIX_PATH}:/opt/ros/humble /usr/bin/cmake --build /home/rospi/aug_2024/build/sllidar_ros2 -- -j4 -l4
[0.312s] [35m[1mConsolidate compiler generated dependencies of target sllidar_client[0m
[0.328s] [35m[1mConsolidate compiler generated dependencies of target sllidar_node[0m
[0.463s] [ 10%] Built target sllidar_client
[0.593s] [100%] Built target sllidar_node
[0.652s] Invoked command in '/home/rospi/aug_2024/build/sllidar_ros2' returned '0': CMAKE_PREFIX_PATH=${CMAKE_PREFIX_PATH}:/opt/ros/humble /usr/bin/cmake --build /home/rospi/aug_2024/build/sllidar_ros2 -- -j4 -l4
[0.657s] Invoking command in '/home/rospi/aug_2024/build/sllidar_ros2': CMAKE_PREFIX_PATH=${CMAKE_PREFIX_PATH}:/opt/ros/humble /usr/bin/cmake --install /home/rospi/aug_2024/build/sllidar_ros2
[0.698s] -- Install configuration: ""
[0.700s] -- Installing: /home/rospi/aug_2024/install/sllidar_ros2/share/sllidar_ros2/launch
[0.701s] -- Installing: /home/rospi/aug_2024/install/sllidar_ros2/share/sllidar_ros2/launch/view_sllidar_s1_tcp_launch.py
[0.702s] -- Installing: /home/rospi/aug_2024/install/sllidar_ros2/share/sllidar_ros2/launch/sllidar_a2m12_launch .py
[0.703s] -- Installing: /home/rospi/aug_2024/install/sllidar_ros2/share/sllidar_ros2/launch/view_sllidar_s1_launch.py
[0.705s] -- Installing: /home/rospi/aug_2024/install/sllidar_ros2/share/sllidar_ros2/launch/sllidar_s3_launch.py
[0.706s] -- Installing: /home/rospi/aug_2024/install/sllidar_ros2/share/sllidar_ros2/launch/view_sllidar_a2m7_launch.py
[0.707s] -- Installing: /home/rospi/aug_2024/install/sllidar_ros2/share/sllidar_ros2/launch/sllidar_a2m8_launch.py
[0.708s] -- Installing: /home/rospi/aug_2024/install/sllidar_ros2/share/sllidar_ros2/launch/view_sllidar_s2_launch.py
[0.711s] -- Installing: /home/rospi/aug_2024/install/sllidar_ros2/share/sllidar_ros2/launch/view_sllidar_s2e_launch.py
[0.712s] -- Installing: /home/rospi/aug_2024/install/sllidar_ros2/share/sllidar_ros2/launch/view_sllidar_a2m12_launch.py
[0.713s] -- Installing: /home/rospi/aug_2024/install/sllidar_ros2/share/sllidar_ros2/launch/sllidar_s1_launch.py
[0.714s] -- Installing: /home/rospi/aug_2024/install/sllidar_ros2/share/sllidar_ros2/launch/view_sllidar_s3_launch.py
[0.716s] -- Installing: /home/rospi/aug_2024/install/sllidar_ros2/share/sllidar_ros2/launch/view_sllidar_a2m8_launch.py
[0.717s] -- Installing: /home/rospi/aug_2024/install/sllidar_ros2/share/sllidar_ros2/launch/view_sllidar_t1_launch.py
[0.719s] -- Installing: /home/rospi/aug_2024/install/sllidar_ros2/share/sllidar_ros2/launch/view_sllidar_a1_launch.py
[0.720s] -- Installing: /home/rospi/aug_2024/install/sllidar_ros2/share/sllidar_ros2/launch/sllidar_s2_launch.py
[0.721s] -- Installing: /home/rospi/aug_2024/install/sllidar_ros2/share/sllidar_ros2/launch/sllidar_t1_launch.py
[0.722s] -- Installing: /home/rospi/aug_2024/install/sllidar_ros2/share/sllidar_ros2/launch/sllidar_a1_launch.py
[0.723s] -- Installing: /home/rospi/aug_2024/install/sllidar_ros2/share/sllidar_ros2/launch/sllidar_c1_launch.py
[0.724s] -- Installing: /home/rospi/aug_2024/install/sllidar_ros2/share/sllidar_ros2/launch/view_sllidar_c1_launch.py
[0.726s] -- Installing: /home/rospi/aug_2024/install/sllidar_ros2/share/sllidar_ros2/launch/view_sllidar_a3_launch.py
[0.727s] -- Installing: /home/rospi/aug_2024/install/sllidar_ros2/share/sllidar_ros2/launch/sllidar_s1_tcp_launch.py
[0.728s] -- Installing: /home/rospi/aug_2024/install/sllidar_ros2/share/sllidar_ros2/launch/sllidar_a2m7_launch.py
[0.729s] -- Installing: /home/rospi/aug_2024/install/sllidar_ros2/share/sllidar_ros2/launch/sllidar_a3_launch.py
[0.730s] -- Installing: /home/rospi/aug_2024/install/sllidar_ros2/share/sllidar_ros2/launch/sllidar_s2e_launch.py
[0.732s] -- Installing: /home/rospi/aug_2024/install/sllidar_ros2/share/sllidar_ros2/rviz
[0.733s] -- Installing: /home/rospi/aug_2024/install/sllidar_ros2/share/sllidar_ros2/rviz/sllidar_ros2.rviz
[0.734s] -- Installing: /home/rospi/aug_2024/install/sllidar_ros2/lib/sllidar_ros2/sllidar_node
[0.753s] -- Set runtime path of "/home/rospi/aug_2024/install/sllidar_ros2/lib/sllidar_ros2/sllidar_node" to ""
[0.754s] -- Installing: /home/rospi/aug_2024/install/sllidar_ros2/lib/sllidar_ros2/sllidar_client
[0.785s] -- Set runtime path of "/home/rospi/aug_2024/install/sllidar_ros2/lib/sllidar_ros2/sllidar_client" to ""
[0.786s] -- Installing: /home/rospi/aug_2024/install/sllidar_ros2/share/ament_index/resource_index/package_run_dependencies/sllidar_ros2
[0.788s] -- Installing: /home/rospi/aug_2024/install/sllidar_ros2/share/ament_index/resource_index/parent_prefix_path/sllidar_ros2
[0.790s] -- Installing: /home/rospi/aug_2024/install/sllidar_ros2/share/sllidar_ros2/environment/ament_prefix_path.sh
[0.791s] -- Installing: /home/rospi/aug_2024/install/sllidar_ros2/share/sllidar_ros2/environment/ament_prefix_path.dsv
[0.793s] -- Installing: /home/rospi/aug_2024/install/sllidar_ros2/share/sllidar_ros2/environment/path.sh
[0.794s] -- Installing: /home/rospi/aug_2024/install/sllidar_ros2/share/sllidar_ros2/environment/path.dsv
[0.796s] -- Installing: /home/rospi/aug_2024/install/sllidar_ros2/share/sllidar_ros2/local_setup.bash
[0.797s] -- Installing: /home/rospi/aug_2024/install/sllidar_ros2/share/sllidar_ros2/local_setup.sh
[0.799s] -- Installing: /home/rospi/aug_2024/install/sllidar_ros2/share/sllidar_ros2/local_setup.zsh
[0.800s] -- Installing: /home/rospi/aug_2024/install/sllidar_ros2/share/sllidar_ros2/local_setup.dsv
[0.802s] -- Installing: /home/rospi/aug_2024/install/sllidar_ros2/share/sllidar_ros2/package.dsv
[0.803s] -- Installing: /home/rospi/aug_2024/install/sllidar_ros2/share/ament_index/resource_index/packages/sllidar_ros2
[0.805s] -- Installing: /home/rospi/aug_2024/install/sllidar_ros2/share/sllidar_ros2/cmake/ament_cmake_export_dependencies-extras.cmake
[0.807s] -- Installing: /home/rospi/aug_2024/install/sllidar_ros2/share/sllidar_ros2/cmake/ament_cmake_export_include_directories-extras.cmake
[0.808s] -- Installing: /home/rospi/aug_2024/install/sllidar_ros2/share/sllidar_ros2/cmake/sllidar_ros2Config.cmake
[0.810s] -- Installing: /home/rospi/aug_2024/install/sllidar_ros2/share/sllidar_ros2/cmake/sllidar_ros2Config-version.cmake
[0.811s] -- Installing: /home/rospi/aug_2024/install/sllidar_ros2/share/sllidar_ros2/package.xml
[0.822s] Invoked command in '/home/rospi/aug_2024/build/sllidar_ros2' returned '0': CMAKE_PREFIX_PATH=${CMAKE_PREFIX_PATH}:/opt/ros/humble /usr/bin/cmake --install /home/rospi/aug_2024/build/sllidar_ros2
