[0.037s] Invoking command in '/home/dkflippo/aug2024/build/gazebo_ros2_control': CMAKE_PREFIX_PATH=${CMAKE_PREFIX_PATH}:/home/dkflippo/ros2_control_ws/install/rqt_joint_trajectory_controller:/home/dkflippo/ros2_control_ws/install/rqt_controller_manager:/home/dkflippo/ros2_control_ws/install/ros2controlcli:/home/dkflippo/ros2_control_ws/install/ros2_controllers_test_nodes:/opt/ros/humble /usr/bin/cmake /home/dkflippo/aug2024/src/gazebo_ros2_control/gazebo_ros2_control -DCMAKE_INSTALL_PREFIX=/home/dkflippo/aug2024/install/gazebo_ros2_control
[0.131s] -- The C compiler identification is GNU 11.4.0
[0.195s] -- The CXX compiler identification is GNU 11.4.0
[0.206s] -- Detecting C compiler ABI info
[0.314s] -- Detecting C compiler ABI info - done
[0.331s] -- Check for working C compiler: /usr/bin/cc - skipped
[0.331s] -- Detecting C compile features
[0.332s] -- Detecting C compile features - done
[0.336s] -- Detecting CXX compiler ABI info
[0.449s] -- Detecting CXX compiler ABI info - done
[0.456s] -- Check for working CXX compiler: /usr/bin/c++ - skipped
[0.456s] -- Detecting CXX compile features
[0.456s] -- Detecting CXX compile features - done
[0.466s] -- Found ament_cmake: 1.3.11 (/opt/ros/humble/share/ament_cmake/cmake)
[0.640s] -- Found Python3: /usr/bin/python3 (found version "3.10.12") found components: Interpreter 
[0.835s] -- Found angles: 1.15.0 (/opt/ros/humble/share/angles/cmake)
[0.839s] -- Found controller_manager: 2.49.0 (/home/dkflippo/ros2_control_ws/install/controller_manager/share/controller_manager/cmake)
[0.984s] -- Found rosidl_generator_c: 3.1.6 (/opt/ros/humble/share/rosidl_generator_c/cmake)
[1.001s] -- Found rosidl_adapter: 3.1.6 (/opt/ros/humble/share/rosidl_adapter/cmake)
[1.023s] -- Found rosidl_generator_cpp: 3.1.6 (/opt/ros/humble/share/rosidl_generator_cpp/cmake)
[1.063s] -- Using all available rosidl_typesupport_c: rosidl_typesupport_fastrtps_c;rosidl_typesupport_introspection_c
[1.098s] -- Using all available rosidl_typesupport_cpp: rosidl_typesupport_fastrtps_cpp;rosidl_typesupport_introspection_cpp
[1.472s] -- Found rmw_implementation_cmake: 6.1.2 (/opt/ros/humble/share/rmw_implementation_cmake/cmake)
[1.482s] -- Found rmw_fastrtps_cpp: 6.2.7 (/opt/ros/humble/share/rmw_fastrtps_cpp/cmake)
[1.539s] -- Found TinyXML2 via Config file: TinyXML2_DIR-NOTFOUND
[1.625s] -- Found OpenSSL: /usr/lib/x86_64-linux-gnu/libcrypto.so (found version "3.0.2")  
[1.628s] -- Found TinyXML2 via Config file: TinyXML2_DIR-NOTFOUND
[1.647s] -- Found FastRTPS: /opt/ros/humble/include  
[1.650s] -- Found TinyXML2 via Config file: TinyXML2_DIR-NOTFOUND
[1.659s] -- Found TinyXML2 via Config file: TinyXML2_DIR-NOTFOUND
[1.671s] -- Using RMW implementation 'rmw_fastrtps_cpp' as default
[1.699s] -- Looking for pthread.h
[1.802s] -- Looking for pthread.h - found
[1.802s] -- Performing Test CMAKE_HAVE_LIBC_PTHREAD
[1.911s] -- Performing Test CMAKE_HAVE_LIBC_PTHREAD - Success
[1.912s] -- Found Threads: TRUE  
[2.053s] -- Found control_toolbox: 3.6.0 (/opt/ros/humble/share/control_toolbox/cmake)
[2.140s] -- Found gazebo_dev: 3.9.0 (/opt/ros/humble/share/gazebo_dev/cmake)
[2.155s] -- Found PkgConfig: /usr/bin/pkg-config (found version "0.29.2") 
[2.156s] -- Checking for module 'bullet>=2.82'
[2.177s] --   Found bullet, version 3.05
[2.355s] -- Found fcl: /usr/include (found suitable version "0.7.0", minimum required is "0.5.0") 
[2.444s] -- Found assimp: /usr/include (found version "5.2.0") 
[2.496s] -- Found DART: /usr/include (Required is at least version "6.6") found components: dart 
[2.563s] -- Found Boost: /usr/lib/x86_64-linux-gnu/cmake/Boost-1.74.0/BoostConfig.cmake (found suitable version "1.74.0", minimum required is "1.40.0") found components: thread system filesystem program_options regex iostreams date_time 
[2.582s] -- Found Protobuf: /usr/lib/x86_64-linux-gnu/libprotobuf.so (found version "3.12.4") 
[2.599s] -- Looking for ignition-math6 -- found version 6.15.1
[2.611s] -- Searching for dependencies of ignition-math6
[2.612s] -- Looking for OGRE...
[2.613s] -- OGRE_PREFIX_WATCH changed.
[2.619s] -- Checking for module 'OGRE'
[2.647s] --   Found OGRE, version 1.9.0
[2.704s] -- Found Ogre Ghadamon (1.9.0)
[2.717s] -- Found OGRE: optimized;/usr/lib/x86_64-linux-gnu/libOgreMain.so;debug;/usr/lib/x86_64-linux-gnu/libOgreMain.so
[2.728s] -- Looking for OGRE_Paging...
[2.739s] -- Found OGRE_Paging: optimized;/usr/lib/x86_64-linux-gnu/libOgrePaging.so;debug;/usr/lib/x86_64-linux-gnu/libOgrePaging.so
[2.739s] -- Looking for OGRE_Terrain...
[2.750s] -- Found OGRE_Terrain: optimized;/usr/lib/x86_64-linux-gnu/libOgreTerrain.so;debug;/usr/lib/x86_64-linux-gnu/libOgreTerrain.so
[2.751s] -- Looking for OGRE_Property...
[2.759s] -- Found OGRE_Property: optimized;/usr/lib/x86_64-linux-gnu/libOgreProperty.so;debug;/usr/lib/x86_64-linux-gnu/libOgreProperty.so
[2.759s] -- Looking for OGRE_RTShaderSystem...
[2.768s] -- Found OGRE_RTShaderSystem: optimized;/usr/lib/x86_64-linux-gnu/libOgreRTShaderSystem.so;debug;/usr/lib/x86_64-linux-gnu/libOgreRTShaderSystem.so
[2.768s] -- Looking for OGRE_Volume...
[2.776s] -- Found OGRE_Volume: optimized;/usr/lib/x86_64-linux-gnu/libOgreVolume.so;debug;/usr/lib/x86_64-linux-gnu/libOgreVolume.so
[2.776s] -- Looking for OGRE_Overlay...
[2.786s] -- Found OGRE_Overlay: optimized;/usr/lib/x86_64-linux-gnu/libOgreOverlay.so;debug;/usr/lib/x86_64-linux-gnu/libOgreOverlay.so
[3.011s] -- Looking for ignition-math6 -- found version 6.15.1
[3.020s] -- Looking for ignition-transport8 -- found version 8.2.1
[3.020s] -- Searching for dependencies of ignition-transport8
[3.050s] -- Found Protobuf: /usr/lib/x86_64-linux-gnu/libprotobuf.so (found suitable version "3.12.4", minimum required is "3") 
[3.069s] -- Config-file not installed for ZeroMQ -- checking for pkg-config
[3.075s] -- Checking for module 'libzmq >= 4'
[3.099s] --   Found libzmq , version 4.3.4
[3.160s] -- Found ZeroMQ: TRUE (Required is at least version "4") 
[3.167s] -- Checking for module 'uuid'
[3.188s] --   Found uuid, version 2.37.2
[3.244s] -- Found UUID: TRUE  
[3.256s] -- Looking for ignition-msgs5 -- found version 5.8.1
[3.257s] -- Searching for dependencies of ignition-msgs5
[3.287s] -- Looking for ignition-math6 -- found version 6.15.1
[3.293s] -- Checking for module 'tinyxml2'
[3.315s] --   Found tinyxml2, version 9.0.0
[3.372s] -- Looking for ignition-msgs5 -- found version 5.8.1
[3.381s] -- Looking for ignition-common3 -- found version 3.14.0
[3.381s] -- Searching for dependencies of ignition-common3
[3.382s] -- Looking for dlfcn.h - found
[3.383s] -- Looking for libdl - found
[3.385s] -- Found DL: TRUE  
[3.404s] -- Found tinyobjloader: /usr/lib/x86_64-linux-gnu/cmake/tinyobjloader/tinyobjloader-config.cmake (found version "2.0.0") 
[3.405s] -- Searching for <ignition-common3> component [graphics]
[3.413s] -- Looking for ignition-common3-graphics -- found version 3.14.0
[3.413s] -- Searching for dependencies of ignition-common3-graphics
[3.414s] -- Looking for ignition-math6 -- found version 6.15.1
[3.422s] -- Looking for ignition-fuel_tools4 -- found version 4.4.0
[3.423s] -- Searching for dependencies of ignition-fuel_tools4
[3.549s] -- Found CURL: /usr/lib/x86_64-linux-gnu/libcurl.so (found version "7.81.0")  
[3.566s] -- Checking for module 'jsoncpp'
[3.587s] --   Found jsoncpp, version 1.9.5
[3.642s] -- Found JSONCPP: TRUE  
[3.650s] -- Checking for module 'libzip'
[3.674s] --   Found libzip, version 1.7.3
[3.729s] -- Found ZIP: TRUE  
[3.730s] -- Looking for ignition-common3 -- found version 3.14.0
[3.730s] -- Looking for ignition-math6 -- found version 6.15.1
[3.731s] -- Looking for ignition-msgs5 -- found version 5.8.1
[3.741s] -- Gazebo version: 11.10
[3.741s] -- Checking for module 'tbb'
[3.765s] --   Found tbb, version 2021.5.0
[3.825s] -- Found gazebo_ros: 3.9.0 (/opt/ros/humble/share/gazebo_ros/cmake)
[3.837s] -- Found yaml_cpp_vendor: 8.0.2 (/opt/ros/humble/share/yaml_cpp_vendor/cmake)
[3.927s] -- Found ament_cmake_gtest: 1.3.11 (/opt/ros/humble/share/ament_cmake_gtest/cmake)
[3.935s] -- Found ament_lint_auto: 0.12.12 (/opt/ros/humble/share/ament_lint_auto/cmake)
[4.073s] -- Added test 'copyright' to check source files copyright and LICENSE
[4.075s] -- Added test 'cppcheck' to perform static code analysis on C / C++ code
[4.076s] -- Configured cppcheck include dirs: /home/dkflippo/aug2024/src/gazebo_ros2_control/gazebo_ros2_control/include
[4.076s] -- Configured cppcheck exclude dirs and/or files: 
[4.078s] -- Added test 'cpplint' to check C / C++ code against the Google style
[4.078s] -- Configured cpplint exclude dirs and/or files: 
[4.079s] -- Added test 'lint_cmake' to check CMake code style
[4.081s] -- Added test 'uncrustify' to check C / C++ code style
[4.081s] -- Configured uncrustify additional arguments: 
[4.082s] -- Added test 'xmllint' to check XML markup files
[4.086s] -- Configuring done
[4.194s] -- Generating done
[4.203s] -- Build files have been written to: /home/dkflippo/aug2024/build/gazebo_ros2_control
