[0.033s] Invoking command in '/home/dkflippo/aug2024/build/pigpio': /usr/bin/cmake --build /home/dkflippo/aug2024/build/pigpio -- -j12 -l12
[0.156s] [ 13%] Built target pigpio
[0.162s] [ 26%] Built target pigpiod_if2
[0.162s] [ 47%] Built target pigs
[0.163s] [ 52%] Built target pig2vcd
[0.176s] [ 65%] Built target pigpiod_if
[0.214s] [ 73%] Built target x_pigpio
[0.220s] [ 82%] Built target pigpiod
[0.226s] [ 91%] Built target x_pigpiod_if2
[0.234s] [100%] Built target x_pigpiod_if
[0.273s] Invoked command in '/home/dkflippo/aug2024/build/pigpio' returned '0': /usr/bin/cmake --build /home/dkflippo/aug2024/build/pigpio -- -j12 -l12
[0.275s] Invoking command in '/home/dkflippo/aug2024/build/pigpio': /usr/bin/cmake --install /home/dkflippo/aug2024/build/pigpio
[0.291s] -- Install configuration: ""
[0.292s] -- Up-to-date: /home/dkflippo/aug2024/install/pigpio/lib/libpigpio.so
[0.293s] -- Up-to-date: /home/dkflippo/aug2024/install/pigpio/lib/libpigpiod_if.so
[0.294s] -- Up-to-date: /home/dkflippo/aug2024/install/pigpio/lib/libpigpiod_if2.so
[0.294s] -- Up-to-date: /home/dkflippo/aug2024/install/pigpio/bin/pig2vcd
[0.295s] -- Up-to-date: /home/dkflippo/aug2024/install/pigpio/bin/pigpiod
[0.296s] -- Up-to-date: /home/dkflippo/aug2024/install/pigpio/bin/pigs
[0.296s] -- Up-to-date: /home/dkflippo/aug2024/install/pigpio/lib/cmake/pigpio/pigpioTargets.cmake
[0.297s] -- Up-to-date: /home/dkflippo/aug2024/install/pigpio/lib/cmake/pigpio/pigpioTargets-noconfig.cmake
[0.298s] -- Up-to-date: /home/dkflippo/aug2024/install/pigpio/lib/cmake/pigpio/pigpioConfig.cmake
[0.298s] -- Up-to-date: /home/dkflippo/aug2024/install/pigpio/lib/cmake/pigpio/pigpioConfigVersion.cmake
[0.299s] -- Up-to-date: /home/dkflippo/aug2024/install/pigpio/include/pigpio.h
[0.299s] -- Up-to-date: /home/dkflippo/aug2024/install/pigpio/include/pigpiod_if.h
[0.299s] -- Up-to-date: /home/dkflippo/aug2024/install/pigpio/include/pigpiod_if2.h
[0.299s] -- Up-to-date: /home/dkflippo/aug2024/install/pigpio/man/man1/libpigpio.so.1
[0.299s] -- Up-to-date: /home/dkflippo/aug2024/install/pigpio/man/man1/libpigpiod_if.so.1
[0.300s] -- Up-to-date: /home/dkflippo/aug2024/install/pigpio/man/man1/libpigpiod_if2.so.1
[0.300s] -- Up-to-date: /home/dkflippo/aug2024/install/pigpio/man/man1/pig2vcd.1
[0.300s] -- Up-to-date: /home/dkflippo/aug2024/install/pigpio/man/man1/pigpiod.1
[0.300s] -- Up-to-date: /home/dkflippo/aug2024/install/pigpio/man/man1/pigs.1
[0.301s] -- Up-to-date: /home/dkflippo/aug2024/install/pigpio/man/man3/pigpio.3
[0.301s] -- Up-to-date: /home/dkflippo/aug2024/install/pigpio/man/man3/pigpiod_if.3
[0.301s] -- Up-to-date: /home/dkflippo/aug2024/install/pigpio/man/man3/pigpiod_if2.3
[0.321s] /home/dkflippo/aug2024/build/pigpio/setup.py:3: DeprecationWarning: The distutils package is deprecated and slated for removal in Python 3.12. Use setuptools or check PEP 632 for potential alternatives
[0.322s]   from distutils.core import setup
[0.350s] running install
[0.350s] running build
[0.350s] running build_py
[0.351s] running install_lib
[0.352s] running install_egg_info
[0.352s] Writing /usr/local/lib/python3.10/dist-packages/pigpio-1.44.egg-info
[0.352s] error: [Errno 13] Permission denied: '/usr/local/lib/python3.10/dist-packages/pigpio-1.44.egg-info'
[0.367s] Invoked command in '/home/dkflippo/aug2024/build/pigpio' returned '0': /usr/bin/cmake --install /home/dkflippo/aug2024/build/pigpio
