[0.019s] Invoking command in '/home/dkflippo/aug2024/build/aug_2024': CMAKE_PREFIX_PATH=/home/dkflippo/aug2024/install/sllidar_ros2:/home/dkflippo/aug2024/install/BMC_2024:/home/dkflippo/aug2024/install/my_robot_nav2:/home/dkflippo/aug2024/install/gazebo_ros2_control_demos:/home/dkflippo/aug2024/install/aug_2024:/home/dkflippo/aug2024/install/gazebo_ros2_control:/home/dkflippo/ros2_control_ws/install/ros2_controllers:/home/dkflippo/ros2_control_ws/install/velocity_controllers:/home/dkflippo/ros2_control_ws/install/tricycle_steering_controller:/home/dkflippo/ros2_control_ws/install/tricycle_controller:/home/dkflippo/ros2_control_ws/install/ros2_control:/home/dkflippo/ros2_control_ws/install/transmission_interface:/home/dkflippo/ros2_control_ws/install/bicycle_steering_controller:/home/dkflippo/ros2_control_ws/install/ackermann_steering_controller:/home/dkflippo/ros2_control_ws/install/steering_controllers_library:/home/dkflippo/ros2_control_ws/install/hardware_interface_testing:/home/dkflippo/ros2_control_ws/install/controller_manager:/home/dkflippo/ros2_control_ws/install/ros2_control_test_assets:/home/dkflippo/ros2_control_ws/install/range_sensor_broadcaster:/home/dkflippo/ros2_control_ws/install/position_controllers:/home/dkflippo/ros2_control_ws/install/pose_broadcaster:/home/dkflippo/ros2_control_ws/install/pid_controller:/home/dkflippo/ros2_control_ws/install/mecanum_drive_controller:/home/dkflippo/ros2_control_ws/install/joint_trajectory_controller:/home/dkflippo/ros2_control_ws/install/joint_state_broadcaster:/home/dkflippo/ros2_control_ws/install/joint_limits:/home/dkflippo/ros2_control_ws/install/imu_sensor_broadcaster:/home/dkflippo/ros2_control_ws/install/gripper_controllers:/home/dkflippo/ros2_control_ws/install/gpio_controllers:/home/dkflippo/ros2_control_ws/install/effort_controllers:/home/dkflippo/ros2_control_ws/install/forward_command_controller:/home/dkflippo/ros2_control_ws/install/force_torque_sensor_broadcaster:/home/dkflippo/ros2_control_ws/install/diff_drive_controller:/home/dkflippo/ros2_control_ws/install/admittance_controller:/home/dkflippo/ros2_control_ws/install/controller_interface:/home/dkflippo/ros2_control_ws/install/hardware_interface:/home/dkflippo/ros2_control_ws/install/controller_manager_msgs:/home/dkflippo/ros2_control_ws/install/rqt_joint_trajectory_controller:/home/dkflippo/ros2_control_ws/install/rqt_controller_manager:/home/dkflippo/ros2_control_ws/install/ros2controlcli:/home/dkflippo/ros2_control_ws/install/ros2_controllers_test_nodes:/opt/ros/humble LD_LIBRARY_PATH=/home/dkflippo/aug2024/install/BMC_2024/lib:/home/dkflippo/ros2_control_ws/install/velocity_controllers/lib:/home/dkflippo/ros2_control_ws/install/tricycle_steering_controller/lib:/home/dkflippo/ros2_control_ws/install/tricycle_controller/lib:/home/dkflippo/ros2_control_ws/install/transmission_interface/lib:/home/dkflippo/ros2_control_ws/install/bicycle_steering_controller/lib:/home/dkflippo/ros2_control_ws/install/ackermann_steering_controller/lib:/home/dkflippo/ros2_control_ws/install/steering_controllers_library/lib:/home/dkflippo/ros2_control_ws/install/hardware_interface_testing/lib:/home/dkflippo/ros2_control_ws/install/controller_manager/lib:/home/dkflippo/ros2_control_ws/install/range_sensor_broadcaster/lib:/home/dkflippo/ros2_control_ws/install/position_controllers/lib:/home/dkflippo/ros2_control_ws/install/pose_broadcaster/lib:/home/dkflippo/ros2_control_ws/install/pid_controller/lib:/home/dkflippo/ros2_control_ws/install/mecanum_drive_controller/lib:/home/dkflippo/ros2_control_ws/install/joint_trajectory_controller/lib:/home/dkflippo/ros2_control_ws/install/joint_state_broadcaster/lib:/home/dkflippo/ros2_control_ws/install/joint_limits/lib:/home/dkflippo/ros2_control_ws/install/imu_sensor_broadcaster/lib:/home/dkflippo/ros2_control_ws/install/gripper_controllers/lib:/home/dkflippo/ros2_control_ws/install/gpio_controllers/lib:/home/dkflippo/ros2_control_ws/install/effort_controllers/lib:/home/dkflippo/ros2_control_ws/install/forward_command_controller/lib:/home/dkflippo/ros2_control_ws/install/force_torque_sensor_broadcaster/lib:/home/dkflippo/ros2_control_ws/install/diff_drive_controller/lib:/home/dkflippo/ros2_control_ws/install/admittance_controller/lib:/home/dkflippo/ros2_control_ws/install/controller_interface/lib:/home/dkflippo/ros2_control_ws/install/hardware_interface/lib:/home/dkflippo/ros2_control_ws/install/controller_manager_msgs/lib:/home/dkflippo/aug2024/install/gazebo_ros2_control/lib:/usr/lib/x86_64-linux-gnu/gazebo-11/plugins:/opt/ros/humble/opt/rviz_ogre_vendor/lib:/opt/ros/humble/lib/x86_64-linux-gnu:/opt/ros/humble/lib /usr/bin/cmake --build /home/dkflippo/aug2024/build/aug_2024 -- -j12 -l12
[0.061s] -- Found ament_cmake: 1.3.11 (/opt/ros/humble/share/ament_cmake/cmake)
[0.187s] -- Found rclcpp: 16.0.12 (/opt/ros/humble/share/rclcpp/cmake)
[0.216s] -- Found rosidl_generator_c: 3.1.6 (/opt/ros/humble/share/rosidl_generator_c/cmake)
[0.218s] -- Found rosidl_adapter: 3.1.6 (/opt/ros/humble/share/rosidl_adapter/cmake)
[0.223s] -- Found rosidl_generator_cpp: 3.1.6 (/opt/ros/humble/share/rosidl_generator_cpp/cmake)
[0.233s] -- Using all available rosidl_typesupport_c: rosidl_typesupport_fastrtps_c;rosidl_typesupport_introspection_c
[0.249s] -- Using all available rosidl_typesupport_cpp: rosidl_typesupport_fastrtps_cpp;rosidl_typesupport_introspection_cpp
[0.283s] -- Found rmw_implementation_cmake: 6.1.2 (/opt/ros/humble/share/rmw_implementation_cmake/cmake)
[0.285s] -- Found rmw_fastrtps_cpp: 6.2.7 (/opt/ros/humble/share/rmw_fastrtps_cpp/cmake)
[0.424s] -- Using RMW implementation 'rmw_fastrtps_cpp' as default
[0.473s] -- Found sensor_msgs: 4.8.0 (/opt/ros/humble/share/sensor_msgs/cmake)
[0.499s] -- Found robot_state_publisher: 3.0.3 (/opt/ros/humble/share/robot_state_publisher/cmake)
[0.503s] -- Found eigen3_cmake_module: 0.1.1 (/opt/ros/humble/share/eigen3_cmake_module/cmake)
[0.504s] -- Ensuring Eigen3 include directory is part of orocos-kdl CMake target
[0.611s] -- Found xacro: 2.0.13 (/opt/ros/humble/share/xacro/cmake)
[0.611s] -- Found controller_manager: 2.49.0 (/home/dkflippo/ros2_control_ws/install/controller_manager/share/controller_manager/cmake)
[0.698s] -- Found joint_state_broadcaster: 2.43.0 (/home/dkflippo/ros2_control_ws/install/joint_state_broadcaster/share/joint_state_broadcaster/cmake)
[0.718s] -- Found diff_drive_controller: 2.43.0 (/home/dkflippo/ros2_control_ws/install/diff_drive_controller/share/diff_drive_controller/cmake)
[0.748s] -- Found ros2_control: 2.49.0 (/home/dkflippo/ros2_control_ws/install/ros2_control/share/ros2_control/cmake)
[0.748s] -- Found ros2_controllers: 2.43.0 (/home/dkflippo/ros2_control_ws/install/ros2_controllers/share/ros2_controllers/cmake)
[0.748s] -- Found BMC_2024: 0.0.0 (/home/dkflippo/aug2024/install/BMC_2024/share/BMC_2024/cmake)
[0.755s] -- Found sllidar_ros2: 1.0.1 (/home/dkflippo/aug2024/install/sllidar_ros2/share/sllidar_ros2/cmake)
[0.757s] [33mCMake Warning at /home/dkflippo/aug2024/install/sllidar_ros2/share/sllidar_ros2/cmake/ament_cmake_export_include_directories-extras.cmake:11 (message):
[0.757s]   Package 'sllidar_ros2' exports the include directory
[0.757s]   '/home/dkflippo/aug2024/install/sllidar_ros2/share/sllidar_ros2/cmake/../../../include'
[0.758s]   which doesn't exist
[0.758s] Call Stack (most recent call first):
[0.758s]   /home/dkflippo/aug2024/install/sllidar_ros2/share/sllidar_ros2/cmake/sllidar_ros2Config.cmake:41 (include)
[0.758s]   CMakeLists.txt:32 (find_package)
[0.758s] 
[0.758s] [0m
[0.821s] -- Configuring done
[0.827s] -- Generating done
[0.831s] -- Build files have been written to: /home/dkflippo/aug2024/build/aug_2024
[0.876s] Invoked command in '/home/dkflippo/aug2024/build/aug_2024' returned '0': CMAKE_PREFIX_PATH=/home/dkflippo/aug2024/install/sllidar_ros2:/home/dkflippo/aug2024/install/BMC_2024:/home/dkflippo/aug2024/install/my_robot_nav2:/home/dkflippo/aug2024/install/gazebo_ros2_control_demos:/home/dkflippo/aug2024/install/aug_2024:/home/dkflippo/aug2024/install/gazebo_ros2_control:/home/dkflippo/ros2_control_ws/install/ros2_controllers:/home/dkflippo/ros2_control_ws/install/velocity_controllers:/home/dkflippo/ros2_control_ws/install/tricycle_steering_controller:/home/dkflippo/ros2_control_ws/install/tricycle_controller:/home/dkflippo/ros2_control_ws/install/ros2_control:/home/dkflippo/ros2_control_ws/install/transmission_interface:/home/dkflippo/ros2_control_ws/install/bicycle_steering_controller:/home/dkflippo/ros2_control_ws/install/ackermann_steering_controller:/home/dkflippo/ros2_control_ws/install/steering_controllers_library:/home/dkflippo/ros2_control_ws/install/hardware_interface_testing:/home/dkflippo/ros2_control_ws/install/controller_manager:/home/dkflippo/ros2_control_ws/install/ros2_control_test_assets:/home/dkflippo/ros2_control_ws/install/range_sensor_broadcaster:/home/dkflippo/ros2_control_ws/install/position_controllers:/home/dkflippo/ros2_control_ws/install/pose_broadcaster:/home/dkflippo/ros2_control_ws/install/pid_controller:/home/dkflippo/ros2_control_ws/install/mecanum_drive_controller:/home/dkflippo/ros2_control_ws/install/joint_trajectory_controller:/home/dkflippo/ros2_control_ws/install/joint_state_broadcaster:/home/dkflippo/ros2_control_ws/install/joint_limits:/home/dkflippo/ros2_control_ws/install/imu_sensor_broadcaster:/home/dkflippo/ros2_control_ws/install/gripper_controllers:/home/dkflippo/ros2_control_ws/install/gpio_controllers:/home/dkflippo/ros2_control_ws/install/effort_controllers:/home/dkflippo/ros2_control_ws/install/forward_command_controller:/home/dkflippo/ros2_control_ws/install/force_torque_sensor_broadcaster:/home/dkflippo/ros2_control_ws/install/diff_drive_controller:/home/dkflippo/ros2_control_ws/install/admittance_controller:/home/dkflippo/ros2_control_ws/install/controller_interface:/home/dkflippo/ros2_control_ws/install/hardware_interface:/home/dkflippo/ros2_control_ws/install/controller_manager_msgs:/home/dkflippo/ros2_control_ws/install/rqt_joint_trajectory_controller:/home/dkflippo/ros2_control_ws/install/rqt_controller_manager:/home/dkflippo/ros2_control_ws/install/ros2controlcli:/home/dkflippo/ros2_control_ws/install/ros2_controllers_test_nodes:/opt/ros/humble LD_LIBRARY_PATH=/home/dkflippo/aug2024/install/BMC_2024/lib:/home/dkflippo/ros2_control_ws/install/velocity_controllers/lib:/home/dkflippo/ros2_control_ws/install/tricycle_steering_controller/lib:/home/dkflippo/ros2_control_ws/install/tricycle_controller/lib:/home/dkflippo/ros2_control_ws/install/transmission_interface/lib:/home/dkflippo/ros2_control_ws/install/bicycle_steering_controller/lib:/home/dkflippo/ros2_control_ws/install/ackermann_steering_controller/lib:/home/dkflippo/ros2_control_ws/install/steering_controllers_library/lib:/home/dkflippo/ros2_control_ws/install/hardware_interface_testing/lib:/home/dkflippo/ros2_control_ws/install/controller_manager/lib:/home/dkflippo/ros2_control_ws/install/range_sensor_broadcaster/lib:/home/dkflippo/ros2_control_ws/install/position_controllers/lib:/home/dkflippo/ros2_control_ws/install/pose_broadcaster/lib:/home/dkflippo/ros2_control_ws/install/pid_controller/lib:/home/dkflippo/ros2_control_ws/install/mecanum_drive_controller/lib:/home/dkflippo/ros2_control_ws/install/joint_trajectory_controller/lib:/home/dkflippo/ros2_control_ws/install/joint_state_broadcaster/lib:/home/dkflippo/ros2_control_ws/install/joint_limits/lib:/home/dkflippo/ros2_control_ws/install/imu_sensor_broadcaster/lib:/home/dkflippo/ros2_control_ws/install/gripper_controllers/lib:/home/dkflippo/ros2_control_ws/install/gpio_controllers/lib:/home/dkflippo/ros2_control_ws/install/effort_controllers/lib:/home/dkflippo/ros2_control_ws/install/forward_command_controller/lib:/home/dkflippo/ros2_control_ws/install/force_torque_sensor_broadcaster/lib:/home/dkflippo/ros2_control_ws/install/diff_drive_controller/lib:/home/dkflippo/ros2_control_ws/install/admittance_controller/lib:/home/dkflippo/ros2_control_ws/install/controller_interface/lib:/home/dkflippo/ros2_control_ws/install/hardware_interface/lib:/home/dkflippo/ros2_control_ws/install/controller_manager_msgs/lib:/home/dkflippo/aug2024/install/gazebo_ros2_control/lib:/usr/lib/x86_64-linux-gnu/gazebo-11/plugins:/opt/ros/humble/opt/rviz_ogre_vendor/lib:/opt/ros/humble/lib/x86_64-linux-gnu:/opt/ros/humble/lib /usr/bin/cmake --build /home/dkflippo/aug2024/build/aug_2024 -- -j12 -l12
[0.877s] Invoking command in '/home/dkflippo/aug2024/build/aug_2024': CMAKE_PREFIX_PATH=/home/dkflippo/aug2024/install/sllidar_ros2:/home/dkflippo/aug2024/install/BMC_2024:/home/dkflippo/aug2024/install/my_robot_nav2:/home/dkflippo/aug2024/install/gazebo_ros2_control_demos:/home/dkflippo/aug2024/install/aug_2024:/home/dkflippo/aug2024/install/gazebo_ros2_control:/home/dkflippo/ros2_control_ws/install/ros2_controllers:/home/dkflippo/ros2_control_ws/install/velocity_controllers:/home/dkflippo/ros2_control_ws/install/tricycle_steering_controller:/home/dkflippo/ros2_control_ws/install/tricycle_controller:/home/dkflippo/ros2_control_ws/install/ros2_control:/home/dkflippo/ros2_control_ws/install/transmission_interface:/home/dkflippo/ros2_control_ws/install/bicycle_steering_controller:/home/dkflippo/ros2_control_ws/install/ackermann_steering_controller:/home/dkflippo/ros2_control_ws/install/steering_controllers_library:/home/dkflippo/ros2_control_ws/install/hardware_interface_testing:/home/dkflippo/ros2_control_ws/install/controller_manager:/home/dkflippo/ros2_control_ws/install/ros2_control_test_assets:/home/dkflippo/ros2_control_ws/install/range_sensor_broadcaster:/home/dkflippo/ros2_control_ws/install/position_controllers:/home/dkflippo/ros2_control_ws/install/pose_broadcaster:/home/dkflippo/ros2_control_ws/install/pid_controller:/home/dkflippo/ros2_control_ws/install/mecanum_drive_controller:/home/dkflippo/ros2_control_ws/install/joint_trajectory_controller:/home/dkflippo/ros2_control_ws/install/joint_state_broadcaster:/home/dkflippo/ros2_control_ws/install/joint_limits:/home/dkflippo/ros2_control_ws/install/imu_sensor_broadcaster:/home/dkflippo/ros2_control_ws/install/gripper_controllers:/home/dkflippo/ros2_control_ws/install/gpio_controllers:/home/dkflippo/ros2_control_ws/install/effort_controllers:/home/dkflippo/ros2_control_ws/install/forward_command_controller:/home/dkflippo/ros2_control_ws/install/force_torque_sensor_broadcaster:/home/dkflippo/ros2_control_ws/install/diff_drive_controller:/home/dkflippo/ros2_control_ws/install/admittance_controller:/home/dkflippo/ros2_control_ws/install/controller_interface:/home/dkflippo/ros2_control_ws/install/hardware_interface:/home/dkflippo/ros2_control_ws/install/controller_manager_msgs:/home/dkflippo/ros2_control_ws/install/rqt_joint_trajectory_controller:/home/dkflippo/ros2_control_ws/install/rqt_controller_manager:/home/dkflippo/ros2_control_ws/install/ros2controlcli:/home/dkflippo/ros2_control_ws/install/ros2_controllers_test_nodes:/opt/ros/humble LD_LIBRARY_PATH=/home/dkflippo/aug2024/install/BMC_2024/lib:/home/dkflippo/ros2_control_ws/install/velocity_controllers/lib:/home/dkflippo/ros2_control_ws/install/tricycle_steering_controller/lib:/home/dkflippo/ros2_control_ws/install/tricycle_controller/lib:/home/dkflippo/ros2_control_ws/install/transmission_interface/lib:/home/dkflippo/ros2_control_ws/install/bicycle_steering_controller/lib:/home/dkflippo/ros2_control_ws/install/ackermann_steering_controller/lib:/home/dkflippo/ros2_control_ws/install/steering_controllers_library/lib:/home/dkflippo/ros2_control_ws/install/hardware_interface_testing/lib:/home/dkflippo/ros2_control_ws/install/controller_manager/lib:/home/dkflippo/ros2_control_ws/install/range_sensor_broadcaster/lib:/home/dkflippo/ros2_control_ws/install/position_controllers/lib:/home/dkflippo/ros2_control_ws/install/pose_broadcaster/lib:/home/dkflippo/ros2_control_ws/install/pid_controller/lib:/home/dkflippo/ros2_control_ws/install/mecanum_drive_controller/lib:/home/dkflippo/ros2_control_ws/install/joint_trajectory_controller/lib:/home/dkflippo/ros2_control_ws/install/joint_state_broadcaster/lib:/home/dkflippo/ros2_control_ws/install/joint_limits/lib:/home/dkflippo/ros2_control_ws/install/imu_sensor_broadcaster/lib:/home/dkflippo/ros2_control_ws/install/gripper_controllers/lib:/home/dkflippo/ros2_control_ws/install/gpio_controllers/lib:/home/dkflippo/ros2_control_ws/install/effort_controllers/lib:/home/dkflippo/ros2_control_ws/install/forward_command_controller/lib:/home/dkflippo/ros2_control_ws/install/force_torque_sensor_broadcaster/lib:/home/dkflippo/ros2_control_ws/install/diff_drive_controller/lib:/home/dkflippo/ros2_control_ws/install/admittance_controller/lib:/home/dkflippo/ros2_control_ws/install/controller_interface/lib:/home/dkflippo/ros2_control_ws/install/hardware_interface/lib:/home/dkflippo/ros2_control_ws/install/controller_manager_msgs/lib:/home/dkflippo/aug2024/install/gazebo_ros2_control/lib:/usr/lib/x86_64-linux-gnu/gazebo-11/plugins:/opt/ros/humble/opt/rviz_ogre_vendor/lib:/opt/ros/humble/lib/x86_64-linux-gnu:/opt/ros/humble/lib /usr/bin/cmake --install /home/dkflippo/aug2024/build/aug_2024
[0.890s] -- Install configuration: ""
[0.890s] -- Up-to-date: /home/dkflippo/aug2024/install/aug_2024/share/aug_2024//config
[0.890s] -- Up-to-date: /home/dkflippo/aug2024/install/aug_2024/share/aug_2024//config/nav2_params.yaml
[0.891s] -- Up-to-date: /home/dkflippo/aug2024/install/aug_2024/share/aug_2024//config/backup
[0.891s] -- Up-to-date: /home/dkflippo/aug2024/install/aug_2024/share/aug_2024//config/backup/map1.pgm
[0.891s] -- Up-to-date: /home/dkflippo/aug2024/install/aug_2024/share/aug_2024//config/backup/map1.yaml
[0.891s] -- Up-to-date: /home/dkflippo/aug2024/install/aug_2024/share/aug_2024//config/amcl_config.yaml
[0.891s] -- Up-to-date: /home/dkflippo/aug2024/install/aug_2024/share/aug_2024//config/map1.pgm
[0.891s] -- Up-to-date: /home/dkflippo/aug2024/install/aug_2024/share/aug_2024//config/twist_mux.yaml
[0.891s] -- Up-to-date: /home/dkflippo/aug2024/install/aug_2024/share/aug_2024//config/direct_controllers.yaml
[0.891s] -- Up-to-date: /home/dkflippo/aug2024/install/aug_2024/share/aug_2024//config/map1.yaml
[0.892s] -- Up-to-date: /home/dkflippo/aug2024/install/aug_2024/share/aug_2024//config/gazebo_ros2_control_params.yaml
[0.892s] -- Up-to-date: /home/dkflippo/aug2024/install/aug_2024/share/aug_2024//config/flippo_controllers.yaml
[0.892s] -- Up-to-date: /home/dkflippo/aug2024/install/aug_2024/share/aug_2024//config/ekf.yaml
[0.892s] -- Up-to-date: /home/dkflippo/aug2024/install/aug_2024/share/aug_2024//description
[0.892s] -- Up-to-date: /home/dkflippo/aug2024/install/aug_2024/share/aug_2024//description/launch
[0.892s] -- Up-to-date: /home/dkflippo/aug2024/install/aug_2024/share/aug_2024//description/config
[0.892s] -- Up-to-date: /home/dkflippo/aug2024/install/aug_2024/share/aug_2024//description/config/aug_2024_joint_names.yaml
[0.892s] -- Up-to-date: /home/dkflippo/aug2024/install/aug_2024/share/aug_2024//description/config/ekf.yaml
[0.892s] -- Up-to-date: /home/dkflippo/aug2024/install/aug_2024/share/aug_2024//description/urdf
[0.893s] -- Up-to-date: /home/dkflippo/aug2024/install/aug_2024/share/aug_2024//description/urdf/aug_2024-cast.urdf
[0.893s] -- Up-to-date: /home/dkflippo/aug2024/install/aug_2024/share/aug_2024//description/urdf/aug_2024-nocaster.urdf
[0.893s] -- Up-to-date: /home/dkflippo/aug2024/install/aug_2024/share/aug_2024//description/urdf/aug_2024-1.xacro
[0.893s] -- Up-to-date: /home/dkflippo/aug2024/install/aug_2024/share/aug_2024//description/urdf/aug_2024_old.xacro
[0.893s] -- Up-to-date: /home/dkflippo/aug2024/install/aug_2024/share/aug_2024//description/urdf/aug_2024.urdf
[0.893s] -- Up-to-date: /home/dkflippo/aug2024/install/aug_2024/share/aug_2024//description/urdf/aug_2024 _no_caster.xacro
[0.893s] -- Up-to-date: /home/dkflippo/aug2024/install/aug_2024/share/aug_2024//description/rviz
[0.893s] -- Up-to-date: /home/dkflippo/aug2024/install/aug_2024/share/aug_2024//description/rviz/urdf_config.rviz
[0.893s] -- Up-to-date: /home/dkflippo/aug2024/install/aug_2024/share/aug_2024//description/meshes
[0.893s] -- Up-to-date: /home/dkflippo/aug2024/install/aug_2024/share/aug_2024//description/meshes/rear_right_wheel_link.STL
[0.893s] -- Up-to-date: /home/dkflippo/aug2024/install/aug_2024/share/aug_2024//description/meshes/front_right_wheel_link.STL
[0.893s] -- Up-to-date: /home/dkflippo/aug2024/install/aug_2024/share/aug_2024//description/meshes/rear_left_wheel_link.STL
[0.893s] -- Up-to-date: /home/dkflippo/aug2024/install/aug_2024/share/aug_2024//description/meshes/front_left_wheel_link.STL
[0.894s] -- Up-to-date: /home/dkflippo/aug2024/install/aug_2024/share/aug_2024//description/meshes/chassis_link.STL
[0.894s] -- Up-to-date: /home/dkflippo/aug2024/install/aug_2024/share/aug_2024//launch
[0.894s] -- Up-to-date: /home/dkflippo/aug2024/install/aug_2024/share/aug_2024//launch/aug_2024_launch.py
[0.894s] -- Up-to-date: /home/dkflippo/aug2024/install/aug_2024/share/aug_2024//launch/aug_2024_sim_launch.py
[0.894s] -- Up-to-date: /home/dkflippo/aug2024/install/aug_2024/share/aug_2024//launch/test_launch.py
[0.894s] -- Up-to-date: /home/dkflippo/aug2024/install/aug_2024/share/aug_2024//launch/min_launch.py
[0.894s] -- Up-to-date: /home/dkflippo/aug2024/install/aug_2024/share/aug_2024//launch/aug_2024_rospi_launch.py
[0.894s] -- Up-to-date: /home/dkflippo/aug2024/install/aug_2024/share/aug_2024//launch/sllidar_a2m12_launch .py
[0.894s] -- Up-to-date: /home/dkflippo/aug2024/install/aug_2024/share/aug_2024//launch/aug_2024_sim_launch1.py
[0.894s] -- Up-to-date: /home/dkflippo/aug2024/install/aug_2024/share/aug_2024//launch/ros2_control_debug.launch.py
[0.894s] -- Up-to-date: /home/dkflippo/aug2024/install/aug_2024/share/aug_2024//worlds
[0.895s] -- Up-to-date: /home/dkflippo/aug2024/install/aug_2024/share/aug_2024//worlds/usda_rough_dim.sdf
[0.895s] -- Up-to-date: /home/dkflippo/aug2024/install/aug_2024/share/aug_2024//worlds/gaz_goof_001
[0.895s] -- Up-to-date: /home/dkflippo/aug2024/install/aug_2024/share/aug_2024//worlds/usda_build_full
[0.895s] -- Up-to-date: /home/dkflippo/aug2024/install/aug_2024/share/aug_2024//worlds/usda_build_full/model.config
[0.896s] -- Up-to-date: /home/dkflippo/aug2024/install/aug_2024/share/aug_2024//worlds/usda_build_full/model.sdf
[0.896s] -- Installing: /home/dkflippo/aug2024/install/aug_2024/share/ament_index/resource_index/package_run_dependencies/aug_2024
[0.896s] -- Up-to-date: /home/dkflippo/aug2024/install/aug_2024/share/ament_index/resource_index/parent_prefix_path/aug_2024
[0.896s] -- Up-to-date: /home/dkflippo/aug2024/install/aug_2024/share/aug_2024/environment/ament_prefix_path.sh
[0.896s] -- Installing: /home/dkflippo/aug2024/install/aug_2024/share/aug_2024/environment/ament_prefix_path.dsv
[0.896s] -- Up-to-date: /home/dkflippo/aug2024/install/aug_2024/share/aug_2024/environment/path.sh
[0.897s] -- Installing: /home/dkflippo/aug2024/install/aug_2024/share/aug_2024/environment/path.dsv
[0.897s] -- Up-to-date: /home/dkflippo/aug2024/install/aug_2024/share/aug_2024/local_setup.bash
[0.897s] -- Up-to-date: /home/dkflippo/aug2024/install/aug_2024/share/aug_2024/local_setup.sh
[0.897s] -- Up-to-date: /home/dkflippo/aug2024/install/aug_2024/share/aug_2024/local_setup.zsh
[0.897s] -- Installing: /home/dkflippo/aug2024/install/aug_2024/share/aug_2024/local_setup.dsv
[0.897s] -- Installing: /home/dkflippo/aug2024/install/aug_2024/share/aug_2024/package.dsv
[0.897s] -- Up-to-date: /home/dkflippo/aug2024/install/aug_2024/share/ament_index/resource_index/packages/aug_2024
[0.897s] -- Up-to-date: /home/dkflippo/aug2024/install/aug_2024/share/aug_2024/cmake/aug_2024Config.cmake
[0.897s] -- Up-to-date: /home/dkflippo/aug2024/install/aug_2024/share/aug_2024/cmake/aug_2024Config-version.cmake
[0.897s] -- Installing: /home/dkflippo/aug2024/install/aug_2024/share/aug_2024/package.xml
[0.897s] Invoked command in '/home/dkflippo/aug2024/build/aug_2024' returned '0': CMAKE_PREFIX_PATH=/home/dkflippo/aug2024/install/sllidar_ros2:/home/dkflippo/aug2024/install/BMC_2024:/home/dkflippo/aug2024/install/my_robot_nav2:/home/dkflippo/aug2024/install/gazebo_ros2_control_demos:/home/dkflippo/aug2024/install/aug_2024:/home/dkflippo/aug2024/install/gazebo_ros2_control:/home/dkflippo/ros2_control_ws/install/ros2_controllers:/home/dkflippo/ros2_control_ws/install/velocity_controllers:/home/dkflippo/ros2_control_ws/install/tricycle_steering_controller:/home/dkflippo/ros2_control_ws/install/tricycle_controller:/home/dkflippo/ros2_control_ws/install/ros2_control:/home/dkflippo/ros2_control_ws/install/transmission_interface:/home/dkflippo/ros2_control_ws/install/bicycle_steering_controller:/home/dkflippo/ros2_control_ws/install/ackermann_steering_controller:/home/dkflippo/ros2_control_ws/install/steering_controllers_library:/home/dkflippo/ros2_control_ws/install/hardware_interface_testing:/home/dkflippo/ros2_control_ws/install/controller_manager:/home/dkflippo/ros2_control_ws/install/ros2_control_test_assets:/home/dkflippo/ros2_control_ws/install/range_sensor_broadcaster:/home/dkflippo/ros2_control_ws/install/position_controllers:/home/dkflippo/ros2_control_ws/install/pose_broadcaster:/home/dkflippo/ros2_control_ws/install/pid_controller:/home/dkflippo/ros2_control_ws/install/mecanum_drive_controller:/home/dkflippo/ros2_control_ws/install/joint_trajectory_controller:/home/dkflippo/ros2_control_ws/install/joint_state_broadcaster:/home/dkflippo/ros2_control_ws/install/joint_limits:/home/dkflippo/ros2_control_ws/install/imu_sensor_broadcaster:/home/dkflippo/ros2_control_ws/install/gripper_controllers:/home/dkflippo/ros2_control_ws/install/gpio_controllers:/home/dkflippo/ros2_control_ws/install/effort_controllers:/home/dkflippo/ros2_control_ws/install/forward_command_controller:/home/dkflippo/ros2_control_ws/install/force_torque_sensor_broadcaster:/home/dkflippo/ros2_control_ws/install/diff_drive_controller:/home/dkflippo/ros2_control_ws/install/admittance_controller:/home/dkflippo/ros2_control_ws/install/controller_interface:/home/dkflippo/ros2_control_ws/install/hardware_interface:/home/dkflippo/ros2_control_ws/install/controller_manager_msgs:/home/dkflippo/ros2_control_ws/install/rqt_joint_trajectory_controller:/home/dkflippo/ros2_control_ws/install/rqt_controller_manager:/home/dkflippo/ros2_control_ws/install/ros2controlcli:/home/dkflippo/ros2_control_ws/install/ros2_controllers_test_nodes:/opt/ros/humble LD_LIBRARY_PATH=/home/dkflippo/aug2024/install/BMC_2024/lib:/home/dkflippo/ros2_control_ws/install/velocity_controllers/lib:/home/dkflippo/ros2_control_ws/install/tricycle_steering_controller/lib:/home/dkflippo/ros2_control_ws/install/tricycle_controller/lib:/home/dkflippo/ros2_control_ws/install/transmission_interface/lib:/home/dkflippo/ros2_control_ws/install/bicycle_steering_controller/lib:/home/dkflippo/ros2_control_ws/install/ackermann_steering_controller/lib:/home/dkflippo/ros2_control_ws/install/steering_controllers_library/lib:/home/dkflippo/ros2_control_ws/install/hardware_interface_testing/lib:/home/dkflippo/ros2_control_ws/install/controller_manager/lib:/home/dkflippo/ros2_control_ws/install/range_sensor_broadcaster/lib:/home/dkflippo/ros2_control_ws/install/position_controllers/lib:/home/dkflippo/ros2_control_ws/install/pose_broadcaster/lib:/home/dkflippo/ros2_control_ws/install/pid_controller/lib:/home/dkflippo/ros2_control_ws/install/mecanum_drive_controller/lib:/home/dkflippo/ros2_control_ws/install/joint_trajectory_controller/lib:/home/dkflippo/ros2_control_ws/install/joint_state_broadcaster/lib:/home/dkflippo/ros2_control_ws/install/joint_limits/lib:/home/dkflippo/ros2_control_ws/install/imu_sensor_broadcaster/lib:/home/dkflippo/ros2_control_ws/install/gripper_controllers/lib:/home/dkflippo/ros2_control_ws/install/gpio_controllers/lib:/home/dkflippo/ros2_control_ws/install/effort_controllers/lib:/home/dkflippo/ros2_control_ws/install/forward_command_controller/lib:/home/dkflippo/ros2_control_ws/install/force_torque_sensor_broadcaster/lib:/home/dkflippo/ros2_control_ws/install/diff_drive_controller/lib:/home/dkflippo/ros2_control_ws/install/admittance_controller/lib:/home/dkflippo/ros2_control_ws/install/controller_interface/lib:/home/dkflippo/ros2_control_ws/install/hardware_interface/lib:/home/dkflippo/ros2_control_ws/install/controller_manager_msgs/lib:/home/dkflippo/aug2024/install/gazebo_ros2_control/lib:/usr/lib/x86_64-linux-gnu/gazebo-11/plugins:/opt/ros/humble/opt/rviz_ogre_vendor/lib:/opt/ros/humble/lib/x86_64-linux-gnu:/opt/ros/humble/lib /usr/bin/cmake --install /home/dkflippo/aug2024/build/aug_2024
