[0.068s] Invoking command in '/home/rospi/aug_2024/build/BMC_2024': CMAKE_PREFIX_PATH=/opt/ros/humble /usr/bin/cmake /home/rospi/aug_2024/src/BMC_2024 -DCMAKE_INSTALL_PREFIX=/home/rospi/aug_2024/install/BMC_2024
[0.449s] -- The C compiler identification is GNU 11.4.0
[0.800s] -- The CXX compiler identification is GNU 11.4.0
[0.835s] -- Detecting C compiler ABI info
[1.179s] -- Detecting C compiler ABI info - done
[1.208s] -- Check for working C compiler: /usr/bin/cc - skipped
[1.210s] -- Detecting C compile features
[1.211s] -- Detecting C compile features - done
[1.225s] -- Detecting CXX compiler ABI info
[1.688s] -- Detecting CXX compiler ABI info - done
[1.721s] -- Check for working CXX compiler: /usr/bin/c++ - skipped
[1.722s] -- Detecting CXX compile features
[1.724s] -- Detecting CXX compile features - done
[1.768s] -- Found ament_cmake: 1.3.11 (/opt/ros/humble/share/ament_cmake/cmake)
[2.690s] -- Found Python3: /usr/bin/python3 (found version "3.10.12") found components: Interpreter 
[3.526s] -- Found hardware_interface: 2.48.0 (/opt/ros/humble/share/hardware_interface/cmake)
[4.042s] -- Found rosidl_generator_c: 3.1.6 (/opt/ros/humble/share/rosidl_generator_c/cmake)
[4.111s] -- Found rosidl_adapter: 3.1.6 (/opt/ros/humble/share/rosidl_adapter/cmake)
[4.198s] -- Found rosidl_generator_cpp: 3.1.6 (/opt/ros/humble/share/rosidl_generator_cpp/cmake)
[4.310s] -- Using all available rosidl_typesupport_c: rosidl_typesupport_fastrtps_c;rosidl_typesupport_introspection_c
[4.471s] -- Using all available rosidl_typesupport_cpp: rosidl_typesupport_fastrtps_cpp;rosidl_typesupport_introspection_cpp
[6.240s] -- Found rmw_implementation_cmake: 6.1.2 (/opt/ros/humble/share/rmw_implementation_cmake/cmake)
[6.275s] -- Found rmw_fastrtps_cpp: 6.2.7 (/opt/ros/humble/share/rmw_fastrtps_cpp/cmake)
[6.506s] -- Found TinyXML2 via Config file: TinyXML2_DIR-NOTFOUND
[6.728s] -- Found OpenSSL: /usr/lib/aarch64-linux-gnu/libcrypto.so (found version "3.0.2")  
[6.744s] -- Found TinyXML2 via Config file: TinyXML2_DIR-NOTFOUND
[6.829s] -- Found FastRTPS: /opt/ros/humble/include  
[6.842s] -- Found TinyXML2 via Config file: TinyXML2_DIR-NOTFOUND
[6.879s] -- Found TinyXML2 via Config file: TinyXML2_DIR-NOTFOUND
[6.919s] -- Using RMW implementation 'rmw_fastrtps_cpp' as default
[7.030s] -- Looking for pthread.h
[7.396s] -- Looking for pthread.h - found
[7.397s] -- Performing Test CMAKE_HAVE_LIBC_PTHREAD
[7.740s] -- Performing Test CMAKE_HAVE_LIBC_PTHREAD - Success
[7.745s] -- Found Threads: TRUE  
[8.338s] WARNING: Package name "BMC_2024" does not follow the naming conventions. It should start with a lower case letter and only contain lower case letters, digits, underscores, and dashes.
[8.420s] -- Configuring done
[8.627s] -- Generating done
[8.649s] -- Build files have been written to: /home/rospi/aug_2024/build/BMC_2024
[8.693s] Invoked command in '/home/rospi/aug_2024/build/BMC_2024' returned '0': CMAKE_PREFIX_PATH=/opt/ros/humble /usr/bin/cmake /home/rospi/aug_2024/src/BMC_2024 -DCMAKE_INSTALL_PREFIX=/home/rospi/aug_2024/install/BMC_2024
[8.701s] Invoking command in '/home/rospi/aug_2024/build/BMC_2024': CMAKE_PREFIX_PATH=/opt/ros/humble /usr/bin/cmake --build /home/rospi/aug_2024/build/BMC_2024 -- -j4 -l4
[8.915s] [ 33%] [32mBuilding CXX object CMakeFiles/BMC_2024.dir/src/aug_2024_system.cpp.o[0m
[8.918s] [ 66%] [32mBuilding CXX object CMakeFiles/BMC_2024.dir/src/bmc_comms.cpp.o[0m
[8.989s] [01m[K/home/rospi/aug_2024/src/BMC_2024/src/bmc_comms.cpp:1:10:[m[K [01;31m[Kfatal error: [m[KBMC_2024/bmc_comms.hpp: No such file or directory
[8.989s]     1 | #include [01;31m[K"BMC_2024/bmc_comms.hpp"[m[K
[8.990s]       |          [01;31m[K^~~~~~~~~~~~~~~~~~~~~~~~[m[K
[8.990s] [01m[K/home/rospi/aug_2024/src/BMC_2024/src/aug_2024_system.cpp:15:10:[m[K [01;31m[Kfatal error: [m[KBMC_2024/aug_2024_system.hpp: No such file or directory
[8.991s]    15 | #include [01;31m[K"BMC_2024/aug_2024_system.hpp"[m[K
[8.991s]       |          [01;31m[K^~~~~~~~~~~~~~~~~~~~~~~~~~~~~~[m[K
[8.992s] compilation terminated.
[8.992s] compilation terminated.
[8.993s] gmake[2]: *** [CMakeFiles/BMC_2024.dir/build.make:76: CMakeFiles/BMC_2024.dir/src/aug_2024_system.cpp.o] Error 1
[8.993s] gmake[2]: *** Waiting for unfinished jobs....
[8.994s] gmake[2]: *** [CMakeFiles/BMC_2024.dir/build.make:90: CMakeFiles/BMC_2024.dir/src/bmc_comms.cpp.o] Error 1
[8.994s] gmake[1]: *** [CMakeFiles/Makefile2:137: CMakeFiles/BMC_2024.dir/all] Error 2
[8.995s] gmake: *** [Makefile:146: all] Error 2
[9.001s] Invoked command in '/home/rospi/aug_2024/build/BMC_2024' returned '2': CMAKE_PREFIX_PATH=/opt/ros/humble /usr/bin/cmake --build /home/rospi/aug_2024/build/BMC_2024 -- -j4 -l4
