[0.065s] Invoking command in '/home/rospi/aug_2024/build/BMC_2024': CMAKE_PREFIX_PATH=/opt/ros/humble /usr/bin/cmake /home/rospi/aug_2024/src/BMC_2024 -DCMAKE_INSTALL_PREFIX=/home/rospi/aug_2024/install/BMC_2024
[0.360s] -- The C compiler identification is GNU 11.4.0
[0.653s] -- The CXX compiler identification is GNU 11.4.0
[0.684s] -- Detecting C compiler ABI info
[1.026s] -- Detecting C compiler ABI info - done
[1.055s] -- Check for working C compiler: /usr/bin/cc - skipped
[1.056s] -- Detecting C compile features
[1.057s] -- Detecting C compile features - done
[1.071s] -- Detecting CXX compiler ABI info
[1.456s] -- Detecting CXX compiler ABI info - done
[1.485s] -- Check for working CXX compiler: /usr/bin/c++ - skipped
[1.486s] -- Detecting CXX compile features
[1.488s] -- Detecting CXX compile features - done
[1.527s] -- Found ament_cmake: 1.3.11 (/opt/ros/humble/share/ament_cmake/cmake)
[2.530s] -- Found Python3: /usr/bin/python3 (found version "3.10.12") found components: Interpreter 
[3.330s] -- Found hardware_interface: 2.48.0 (/opt/ros/humble/share/hardware_interface/cmake)
[3.838s] -- Found rosidl_generator_c: 3.1.6 (/opt/ros/humble/share/rosidl_generator_c/cmake)
[3.909s] -- Found rosidl_adapter: 3.1.6 (/opt/ros/humble/share/rosidl_adapter/cmake)
[3.993s] -- Found rosidl_generator_cpp: 3.1.6 (/opt/ros/humble/share/rosidl_generator_cpp/cmake)
[4.098s] -- Using all available rosidl_typesupport_c: rosidl_typesupport_fastrtps_c;rosidl_typesupport_introspection_c
[4.253s] -- Using all available rosidl_typesupport_cpp: rosidl_typesupport_fastrtps_cpp;rosidl_typesupport_introspection_cpp
[5.961s] -- Found rmw_implementation_cmake: 6.1.2 (/opt/ros/humble/share/rmw_implementation_cmake/cmake)
[5.995s] -- Found rmw_fastrtps_cpp: 6.2.7 (/opt/ros/humble/share/rmw_fastrtps_cpp/cmake)
[6.214s] -- Found TinyXML2 via Config file: TinyXML2_DIR-NOTFOUND
[6.429s] -- Found OpenSSL: /usr/lib/aarch64-linux-gnu/libcrypto.so (found version "3.0.2")  
[6.444s] -- Found TinyXML2 via Config file: TinyXML2_DIR-NOTFOUND
[6.528s] -- Found FastRTPS: /opt/ros/humble/include  
[6.541s] -- Found TinyXML2 via Config file: TinyXML2_DIR-NOTFOUND
[6.574s] -- Found TinyXML2 via Config file: TinyXML2_DIR-NOTFOUND
[6.610s] -- Using RMW implementation 'rmw_fastrtps_cpp' as default
[6.715s] -- Looking for pthread.h
[7.051s] -- Looking for pthread.h - found
[7.052s] -- Performing Test CMAKE_HAVE_LIBC_PTHREAD
[7.398s] -- Performing Test CMAKE_HAVE_LIBC_PTHREAD - Success
[7.403s] -- Found Threads: TRUE  
[7.989s] WARNING: Package name "BMC_2024" does not follow the naming conventions. It should start with a lower case letter and only contain lower case letters, digits, underscores, and dashes.
[8.067s] -- Configuring done
[8.246s] -- Generating done
[8.271s] -- Build files have been written to: /home/rospi/aug_2024/build/BMC_2024
[8.316s] Invoked command in '/home/rospi/aug_2024/build/BMC_2024' returned '0': CMAKE_PREFIX_PATH=/opt/ros/humble /usr/bin/cmake /home/rospi/aug_2024/src/BMC_2024 -DCMAKE_INSTALL_PREFIX=/home/rospi/aug_2024/install/BMC_2024
[8.324s] Invoking command in '/home/rospi/aug_2024/build/BMC_2024': CMAKE_PREFIX_PATH=/opt/ros/humble /usr/bin/cmake --build /home/rospi/aug_2024/build/BMC_2024 -- -j4 -l4
[8.540s] [ 33%] [32mBuilding CXX object CMakeFiles/BMC_2024.dir/src/aug_2024_system.cpp.o[0m
[8.544s] [ 66%] [32mBuilding CXX object CMakeFiles/BMC_2024.dir/src/bmc_comms.cpp.o[0m
[22.157s] [01m[K/home/rospi/aug_2024/src/BMC_2024/src/aug_2024_system.cpp:[m[K In member function ‘[01m[Kvirtual hardware_interface::return_type BMC_2024::AUG2024Hardware::read(const rclcpp::Time&, const rclcpp::Duration&)[m[K’:
[22.158s] [01m[K/home/rospi/aug_2024/src/BMC_2024/src/aug_2024_system.cpp:278:59:[m[K [01;35m[Kwarning: [m[Kunused parameter ‘[01m[Kperiod[m[K’ [[01;35m[K]8;;https://gcc.gnu.org/onlinedocs/gcc/Warning-Options.html#index-Wunused-parameter-Wunused-parameter]8;;[m[K]
[22.159s]   278 |   const rclcpp::Time & /*time*/, [01;35m[Kconst rclcpp::Duration & period[m[K)
[22.159s]       |                                  [01;35m[K~~~~~~~~~~~~~~~~~~~~~~~~~^~~~~~[m[K
[27.012s] [100%] [32m[1mLinking CXX shared library libBMC_2024.so[0m
[28.047s] [100%] Built target BMC_2024
[28.088s] Invoked command in '/home/rospi/aug_2024/build/BMC_2024' returned '0': CMAKE_PREFIX_PATH=/opt/ros/humble /usr/bin/cmake --build /home/rospi/aug_2024/build/BMC_2024 -- -j4 -l4
[28.096s] Invoking command in '/home/rospi/aug_2024/build/BMC_2024': CMAKE_PREFIX_PATH=/opt/ros/humble /usr/bin/cmake --install /home/rospi/aug_2024/build/BMC_2024
[28.127s] -- Install configuration: ""
[28.127s] -- Installing: /home/rospi/aug_2024/install/BMC_2024/lib/libBMC_2024.so
[28.135s] -- Set runtime path of "/home/rospi/aug_2024/install/BMC_2024/lib/libBMC_2024.so" to ""
[28.136s] -- Installing: /home/rospi/aug_2024/install/BMC_2024/include
[28.136s] -- Installing: /home/rospi/aug_2024/install/BMC_2024/include/BMC_2024
[28.137s] -- Installing: /home/rospi/aug_2024/install/BMC_2024/include/BMC_2024/aug_2024_system.hpp
[28.138s] -- Installing: /home/rospi/aug_2024/install/BMC_2024/include/BMC_2024/bmc_comms.hpp
[28.139s] -- Installing: /home/rospi/aug_2024/install/BMC_2024/include/BMC_2024/visibility_control.h
[28.140s] -- Installing: /home/rospi/aug_2024/install/BMC_2024/share/BMC_2024/aug_2024_hardware.xml
[28.143s] -- Up-to-date: /home/rospi/aug_2024/install/BMC_2024/lib/libBMC_2024.so
[28.145s] -- Installing: /home/rospi/aug_2024/install/BMC_2024/share/BMC_2024/environment/library_path.sh
[28.146s] -- Installing: /home/rospi/aug_2024/install/BMC_2024/share/BMC_2024/environment/library_path.dsv
[28.148s] -- Installing: /home/rospi/aug_2024/install/BMC_2024/share/ament_index/resource_index/package_run_dependencies/BMC_2024
[28.149s] -- Installing: /home/rospi/aug_2024/install/BMC_2024/share/ament_index/resource_index/parent_prefix_path/BMC_2024
[28.151s] -- Installing: /home/rospi/aug_2024/install/BMC_2024/share/BMC_2024/environment/ament_prefix_path.sh
[28.152s] -- Installing: /home/rospi/aug_2024/install/BMC_2024/share/BMC_2024/environment/ament_prefix_path.dsv
[28.154s] -- Installing: /home/rospi/aug_2024/install/BMC_2024/share/BMC_2024/environment/path.sh
[28.155s] -- Installing: /home/rospi/aug_2024/install/BMC_2024/share/BMC_2024/environment/path.dsv
[28.157s] -- Installing: /home/rospi/aug_2024/install/BMC_2024/share/BMC_2024/local_setup.bash
[28.158s] -- Installing: /home/rospi/aug_2024/install/BMC_2024/share/BMC_2024/local_setup.sh
[28.159s] -- Installing: /home/rospi/aug_2024/install/BMC_2024/share/BMC_2024/local_setup.zsh
[28.161s] -- Installing: /home/rospi/aug_2024/install/BMC_2024/share/BMC_2024/local_setup.dsv
[28.162s] -- Installing: /home/rospi/aug_2024/install/BMC_2024/share/BMC_2024/package.dsv
[28.164s] -- Installing: /home/rospi/aug_2024/install/BMC_2024/share/ament_index/resource_index/packages/BMC_2024
[28.166s] -- Installing: /home/rospi/aug_2024/install/BMC_2024/share/ament_index/resource_index/hardware_interface__pluginlib__plugin/BMC_2024
[28.168s] -- Installing: /home/rospi/aug_2024/install/BMC_2024/share/BMC_2024/cmake/ament_cmake_export_include_directories-extras.cmake
[28.169s] -- Installing: /home/rospi/aug_2024/install/BMC_2024/share/BMC_2024/cmake/ament_cmake_export_libraries-extras.cmake
[28.170s] -- Installing: /home/rospi/aug_2024/install/BMC_2024/share/BMC_2024/cmake/ament_cmake_export_dependencies-extras.cmake
[28.172s] -- Installing: /home/rospi/aug_2024/install/BMC_2024/share/BMC_2024/cmake/BMC_2024Config.cmake
[28.173s] -- Installing: /home/rospi/aug_2024/install/BMC_2024/share/BMC_2024/cmake/BMC_2024Config-version.cmake
[28.174s] -- Installing: /home/rospi/aug_2024/install/BMC_2024/share/BMC_2024/package.xml
[28.182s] Invoked command in '/home/rospi/aug_2024/build/BMC_2024' returned '0': CMAKE_PREFIX_PATH=/opt/ros/humble /usr/bin/cmake --install /home/rospi/aug_2024/build/BMC_2024
