[0.125s] Invoking command in '/home/rospi/aug_2024/build/sllidar_ros2': CMAKE_PREFIX_PATH=${CMAKE_PREFIX_PATH}:/opt/ros/humble /usr/bin/cmake --build /home/rospi/aug_2024/build/sllidar_ros2 -- -j4 -l4
[0.532s] [ 90%] Built target sllidar_node
[0.539s] [100%] Built target sllidar_client
[0.718s] Invoked command in '/home/rospi/aug_2024/build/sllidar_ros2' returned '0': CMAKE_PREFIX_PATH=${CMAKE_PREFIX_PATH}:/opt/ros/humble /usr/bin/cmake --build /home/rospi/aug_2024/build/sllidar_ros2 -- -j4 -l4
[0.724s] Invoking command in '/home/rospi/aug_2024/build/sllidar_ros2': CMAKE_PREFIX_PATH=${CMAKE_PREFIX_PATH}:/opt/ros/humble /usr/bin/cmake --install /home/rospi/aug_2024/build/sllidar_ros2
[0.772s] -- Install configuration: ""
[0.773s] -- Up-to-date: /home/rospi/aug_2024/install/sllidar_ros2/share/sllidar_ros2/launch
[0.775s] -- Up-to-date: /home/rospi/aug_2024/install/sllidar_ros2/share/sllidar_ros2/launch/view_sllidar_s1_tcp_launch.py
[0.776s] -- Up-to-date: /home/rospi/aug_2024/install/sllidar_ros2/share/sllidar_ros2/launch/sllidar_a2m12_launch .py
[0.778s] -- Up-to-date: /home/rospi/aug_2024/install/sllidar_ros2/share/sllidar_ros2/launch/view_sllidar_s1_launch.py
[0.780s] -- Up-to-date: /home/rospi/aug_2024/install/sllidar_ros2/share/sllidar_ros2/launch/sllidar_s3_launch.py
[0.781s] -- Up-to-date: /home/rospi/aug_2024/install/sllidar_ros2/share/sllidar_ros2/launch/view_sllidar_a2m7_launch.py
[0.782s] -- Up-to-date: /home/rospi/aug_2024/install/sllidar_ros2/share/sllidar_ros2/launch/sllidar_a2m8_launch.py
[0.783s] -- Up-to-date: /home/rospi/aug_2024/install/sllidar_ros2/share/sllidar_ros2/launch/view_sllidar_s2_launch.py
[0.785s] -- Up-to-date: /home/rospi/aug_2024/install/sllidar_ros2/share/sllidar_ros2/launch/view_sllidar_s2e_launch.py
[0.785s] -- Up-to-date: /home/rospi/aug_2024/install/sllidar_ros2/share/sllidar_ros2/launch/view_sllidar_a2m12_launch.py
[0.787s] -- Up-to-date: /home/rospi/aug_2024/install/sllidar_ros2/share/sllidar_ros2/launch/sllidar_s1_launch.py
[0.787s] -- Up-to-date: /home/rospi/aug_2024/install/sllidar_ros2/share/sllidar_ros2/launch/view_sllidar_s3_launch.py
[0.789s] -- Up-to-date: /home/rospi/aug_2024/install/sllidar_ros2/share/sllidar_ros2/launch/view_sllidar_a2m8_launch.py
[0.791s] -- Up-to-date: /home/rospi/aug_2024/install/sllidar_ros2/share/sllidar_ros2/launch/view_sllidar_t1_launch.py
[0.792s] -- Up-to-date: /home/rospi/aug_2024/install/sllidar_ros2/share/sllidar_ros2/launch/view_sllidar_a1_launch.py
[0.793s] -- Up-to-date: /home/rospi/aug_2024/install/sllidar_ros2/share/sllidar_ros2/launch/sllidar_s2_launch.py
[0.793s] -- Up-to-date: /home/rospi/aug_2024/install/sllidar_ros2/share/sllidar_ros2/launch/sllidar_t1_launch.py
[0.794s] -- Up-to-date: /home/rospi/aug_2024/install/sllidar_ros2/share/sllidar_ros2/launch/sllidar_a1_launch.py
[0.795s] -- Up-to-date: /home/rospi/aug_2024/install/sllidar_ros2/share/sllidar_ros2/launch/sllidar_c1_launch.py
[0.796s] -- Up-to-date: /home/rospi/aug_2024/install/sllidar_ros2/share/sllidar_ros2/launch/view_sllidar_c1_launch.py
[0.796s] -- Up-to-date: /home/rospi/aug_2024/install/sllidar_ros2/share/sllidar_ros2/launch/view_sllidar_a3_launch.py
[0.797s] -- Up-to-date: /home/rospi/aug_2024/install/sllidar_ros2/share/sllidar_ros2/launch/sllidar_s1_tcp_launch.py
[0.798s] -- Up-to-date: /home/rospi/aug_2024/install/sllidar_ros2/share/sllidar_ros2/launch/sllidar_a2m7_launch.py
[0.799s] -- Up-to-date: /home/rospi/aug_2024/install/sllidar_ros2/share/sllidar_ros2/launch/sllidar_a3_launch.py
[0.801s] -- Up-to-date: /home/rospi/aug_2024/install/sllidar_ros2/share/sllidar_ros2/launch/sllidar_s2e_launch.py
[0.801s] -- Up-to-date: /home/rospi/aug_2024/install/sllidar_ros2/share/sllidar_ros2/rviz
[0.802s] -- Up-to-date: /home/rospi/aug_2024/install/sllidar_ros2/share/sllidar_ros2/rviz/sllidar_ros2.rviz
[0.804s] -- Up-to-date: /home/rospi/aug_2024/install/sllidar_ros2/lib/sllidar_ros2/sllidar_node
[0.808s] -- Up-to-date: /home/rospi/aug_2024/install/sllidar_ros2/lib/sllidar_ros2/sllidar_client
[0.809s] -- Up-to-date: /home/rospi/aug_2024/install/sllidar_ros2/share/ament_index/resource_index/package_run_dependencies/sllidar_ros2
[0.809s] -- Up-to-date: /home/rospi/aug_2024/install/sllidar_ros2/share/ament_index/resource_index/parent_prefix_path/sllidar_ros2
[0.810s] -- Up-to-date: /home/rospi/aug_2024/install/sllidar_ros2/share/sllidar_ros2/environment/ament_prefix_path.sh
[0.810s] -- Up-to-date: /home/rospi/aug_2024/install/sllidar_ros2/share/sllidar_ros2/environment/ament_prefix_path.dsv
[0.811s] -- Up-to-date: /home/rospi/aug_2024/install/sllidar_ros2/share/sllidar_ros2/environment/path.sh
[0.812s] -- Up-to-date: /home/rospi/aug_2024/install/sllidar_ros2/share/sllidar_ros2/environment/path.dsv
[0.812s] -- Up-to-date: /home/rospi/aug_2024/install/sllidar_ros2/share/sllidar_ros2/local_setup.bash
[0.813s] -- Up-to-date: /home/rospi/aug_2024/install/sllidar_ros2/share/sllidar_ros2/local_setup.sh
[0.813s] -- Up-to-date: /home/rospi/aug_2024/install/sllidar_ros2/share/sllidar_ros2/local_setup.zsh
[0.814s] -- Up-to-date: /home/rospi/aug_2024/install/sllidar_ros2/share/sllidar_ros2/local_setup.dsv
[0.815s] -- Installing: /home/rospi/aug_2024/install/sllidar_ros2/share/sllidar_ros2/package.dsv
[0.815s] -- Up-to-date: /home/rospi/aug_2024/install/sllidar_ros2/share/ament_index/resource_index/packages/sllidar_ros2
[0.816s] -- Up-to-date: /home/rospi/aug_2024/install/sllidar_ros2/share/sllidar_ros2/cmake/ament_cmake_export_dependencies-extras.cmake
[0.817s] -- Up-to-date: /home/rospi/aug_2024/install/sllidar_ros2/share/sllidar_ros2/cmake/ament_cmake_export_include_directories-extras.cmake
[0.818s] -- Up-to-date: /home/rospi/aug_2024/install/sllidar_ros2/share/sllidar_ros2/cmake/sllidar_ros2Config.cmake
[0.819s] -- Up-to-date: /home/rospi/aug_2024/install/sllidar_ros2/share/sllidar_ros2/cmake/sllidar_ros2Config-version.cmake
[0.820s] -- Up-to-date: /home/rospi/aug_2024/install/sllidar_ros2/share/sllidar_ros2/package.xml
[0.821s] Invoked command in '/home/rospi/aug_2024/build/sllidar_ros2' returned '0': CMAKE_PREFIX_PATH=${CMAKE_PREFIX_PATH}:/opt/ros/humble /usr/bin/cmake --install /home/rospi/aug_2024/build/sllidar_ros2
